Archive member included to satisfy reference by file (symbol)

c:/atmel/studio/7.0/toolchain/avr8/avr8-gnu-toolchain/bin/../lib/gcc/avr/5.4.0/avr6\libgcc.a(_mulsi3.o)
                              obj\Release\arduino\WMath.o (__mulsi3)
c:/atmel/studio/7.0/toolchain/avr8/avr8-gnu-toolchain/bin/../lib/gcc/avr/5.4.0/avr6\libgcc.a(_udivmodsi4.o)
                              obj\Release\arduino\HardwareSerial.o (__udivmodsi4)
c:/atmel/studio/7.0/toolchain/avr8/avr8-gnu-toolchain/bin/../lib/gcc/avr/5.4.0/avr6\libgcc.a(_divmodsi4.o)
                              obj\Release\arduino\WMath.o (__divmodsi4)
c:/atmel/studio/7.0/toolchain/avr8/avr8-gnu-toolchain/bin/../lib/gcc/avr/5.4.0/avr6\libgcc.a(_negsi2.o)
                              c:/atmel/studio/7.0/toolchain/avr8/avr8-gnu-toolchain/bin/../lib/gcc/avr/5.4.0/avr6\libgcc.a(_divmodsi4.o) (__negsi2)
c:/atmel/studio/7.0/toolchain/avr8/avr8-gnu-toolchain/bin/../lib/gcc/avr/5.4.0/avr6\libgcc.a(_exit.o)
                              c:/atmel/studio/7.0/toolchain/avr8/avr8-gnu-toolchain/bin/../lib/gcc/avr/5.4.0/../../../../avr/lib/avr6/crtatmega2560.o (exit)
c:/atmel/studio/7.0/toolchain/avr8/avr8-gnu-toolchain/bin/../lib/gcc/avr/5.4.0/avr6\libgcc.a(_tablejump2.o)
                              obj\Release\arduino\WInterrupts.o (__tablejump2__)
c:/atmel/studio/7.0/toolchain/avr8/avr8-gnu-toolchain/bin/../lib/gcc/avr/5.4.0/avr6\libgcc.a(_copy_data.o)
                              obj\Release\arduino\HardwareSerial.o (__do_copy_data)
c:/atmel/studio/7.0/toolchain/avr8/avr8-gnu-toolchain/bin/../lib/gcc/avr/5.4.0/avr6\libgcc.a(_clear_bss.o)
                              obj\Release\arduino\HardwareSerial0.o (__do_clear_bss)
c:/atmel/studio/7.0/toolchain/avr8/avr8-gnu-toolchain/bin/../lib/gcc/avr/5.4.0/avr6\libgcc.a(_ctors.o)
                              obj\Release\arduino\HardwareSerial0.o (__do_global_ctors)
c:/atmel/studio/7.0/toolchain/avr8/avr8-gnu-toolchain/bin/../lib/gcc/avr/5.4.0/avr6\libgcc.a(_muluhisi3.o)
                              obj\Release\arduino\Stream.o (__muluhisi3)
c:/atmel/studio/7.0/toolchain/avr8/avr8-gnu-toolchain/bin/../lib/gcc/avr/5.4.0/avr6\libgcc.a(_umulhisi3.o)
                              c:/atmel/studio/7.0/toolchain/avr8/avr8-gnu-toolchain/bin/../lib/gcc/avr/5.4.0/avr6\libgcc.a(_muluhisi3.o) (__umulhisi3)
c:/atmel/studio/7.0/toolchain/avr8/avr8-gnu-toolchain/bin/../lib/gcc/avr/5.4.0/../../../../avr/lib/avr6\libm.a(addsf3.o)
                              obj\Release\arduino\Print.o (__subsf3)
c:/atmel/studio/7.0/toolchain/avr8/avr8-gnu-toolchain/bin/../lib/gcc/avr/5.4.0/../../../../avr/lib/avr6\libm.a(addsf3x.o)
                              c:/atmel/studio/7.0/toolchain/avr8/avr8-gnu-toolchain/bin/../lib/gcc/avr/5.4.0/../../../../avr/lib/avr6\libm.a(addsf3.o) (__addsf3x)
c:/atmel/studio/7.0/toolchain/avr8/avr8-gnu-toolchain/bin/../lib/gcc/avr/5.4.0/../../../../avr/lib/avr6\libm.a(cmpsf2.o)
                              obj\Release\arduino\Print.o (__ltsf2)
c:/atmel/studio/7.0/toolchain/avr8/avr8-gnu-toolchain/bin/../lib/gcc/avr/5.4.0/../../../../avr/lib/avr6\libm.a(divsf3.o)
                              obj\Release\arduino\Print.o (__divsf3)
c:/atmel/studio/7.0/toolchain/avr8/avr8-gnu-toolchain/bin/../lib/gcc/avr/5.4.0/../../../../avr/lib/avr6\libm.a(divsf3x.o)
                              c:/atmel/studio/7.0/toolchain/avr8/avr8-gnu-toolchain/bin/../lib/gcc/avr/5.4.0/../../../../avr/lib/avr6\libm.a(divsf3.o) (__divsf3x)
c:/atmel/studio/7.0/toolchain/avr8/avr8-gnu-toolchain/bin/../lib/gcc/avr/5.4.0/../../../../avr/lib/avr6\libm.a(fixunssfsi.o)
                              obj\Release\arduino\Print.o (__fixunssfsi)
c:/atmel/studio/7.0/toolchain/avr8/avr8-gnu-toolchain/bin/../lib/gcc/avr/5.4.0/../../../../avr/lib/avr6\libm.a(floatsisf.o)
                              obj\Release\arduino\Print.o (__floatunsisf)
c:/atmel/studio/7.0/toolchain/avr8/avr8-gnu-toolchain/bin/../lib/gcc/avr/5.4.0/../../../../avr/lib/avr6\libm.a(fp_cmp.o)
                              c:/atmel/studio/7.0/toolchain/avr8/avr8-gnu-toolchain/bin/../lib/gcc/avr/5.4.0/../../../../avr/lib/avr6\libm.a(cmpsf2.o) (__fp_cmp)
c:/atmel/studio/7.0/toolchain/avr8/avr8-gnu-toolchain/bin/../lib/gcc/avr/5.4.0/../../../../avr/lib/avr6\libm.a(fp_inf.o)
                              c:/atmel/studio/7.0/toolchain/avr8/avr8-gnu-toolchain/bin/../lib/gcc/avr/5.4.0/../../../../avr/lib/avr6\libm.a(addsf3x.o) (__fp_inf)
c:/atmel/studio/7.0/toolchain/avr8/avr8-gnu-toolchain/bin/../lib/gcc/avr/5.4.0/../../../../avr/lib/avr6\libm.a(fp_nan.o)
                              c:/atmel/studio/7.0/toolchain/avr8/avr8-gnu-toolchain/bin/../lib/gcc/avr/5.4.0/../../../../avr/lib/avr6\libm.a(addsf3x.o) (__fp_nan)
c:/atmel/studio/7.0/toolchain/avr8/avr8-gnu-toolchain/bin/../lib/gcc/avr/5.4.0/../../../../avr/lib/avr6\libm.a(fp_pscA.o)
                              c:/atmel/studio/7.0/toolchain/avr8/avr8-gnu-toolchain/bin/../lib/gcc/avr/5.4.0/../../../../avr/lib/avr6\libm.a(addsf3x.o) (__fp_pscA)
[...]
Memory Configuration

Name             Origin             Length             Attributes
text             0x00000000         0x00100000         xr
data             0x00800200         0x0000fe00         rw !x
eeprom           0x00810000         0x00010000         rw !x
fuse             0x00820000         0x00000003         rw !x
lock             0x00830000         0x00000400         rw !x
signature        0x00840000         0x00000400         rw !x
user_signatures  0x00850000         0x00000400         rw !x
*default*        0x00000000         0xffffffff

Linker script and memory map

Address of section .data set to 0x800200
LOAD c:/atmel/studio/7.0/toolchain/avr8/avr8-gnu-toolchain/bin/../lib/gcc/avr/5.4.0/../../../../avr/lib/avr6/crtatmega2560.o
LOAD obj\Release\arduino\abi.o
LOAD obj\Release\arduino\CDC.o
LOAD obj\Release\arduino\HardwareSerial.o
LOAD obj\Release\arduino\HardwareSerial0.o
LOAD obj\Release\arduino\HardwareSerial1.o
LOAD obj\Release\arduino\HardwareSerial2.o
LOAD obj\Release\arduino\HardwareSerial3.o
LOAD obj\Release\arduino\hooks.o
LOAD obj\Release\arduino\IPAddress.o
LOAD obj\Release\arduino\main.o
LOAD obj\Release\arduino\new.o
LOAD obj\Release\arduino\PluggableUSB.o
LOAD obj\Release\arduino\Print.o
LOAD obj\Release\arduino\Stream.o
LOAD obj\Release\arduino\Tone.o
LOAD obj\Release\arduino\USBCore.o
LOAD obj\Release\arduino\WInterrupts.o
LOAD obj\Release\arduino\wiring.o
LOAD obj\Release\arduino\wiring_analog.o
LOAD obj\Release\arduino\wiring_digital.o
LOAD obj\Release\arduino\wiring_pulse.o
LOAD obj\Release\arduino\wiring_shift.o
LOAD obj\Release\arduino\WMath.o
LOAD obj\Release\arduino\WString.o
LOAD obj\Release\HWInputs.o
LOAD obj\Release\HWOutputs.o
LOAD obj\Release\Logic.o
LOAD obj\Release\SmartHome.o
LOAD obj\Release\SWInputs.o
LOAD obj\Release\SWOutputs.o
LOAD c:/atmel/studio/7.0/toolchain/avr8/avr8-gnu-toolchain/bin/../lib/gcc/avr/5.4.0/avr6\libgcc.a
LOAD c:/atmel/studio/7.0/toolchain/avr8/avr8-gnu-toolchain/bin/../lib/gcc/avr/5.4.0/../../../../avr/lib/avr6\libm.a
START GROUP
LOAD c:/atmel/studio/7.0/toolchain/avr8/avr8-gnu-toolchain/bin/../lib/gcc/avr/5.4.0/avr6\libgcc.a
LOAD c:/atmel/studio/7.0/toolchain/avr8/avr8-gnu-toolchain/bin/../lib/gcc/avr/5.4.0/../../../../avr/lib/avr6\libm.a
LOAD c:/atmel/studio/7.0/toolchain/avr8/avr8-gnu-toolchain/bin/../lib/gcc/avr/5.4.0/../../../../avr/lib/avr6\libc.a
LOAD c:/atmel/studio/7.0/toolchain/avr8/avr8-gnu-toolchain/bin/../lib/gcc/avr/5.4.0/../../../../avr/lib/avr6\libatmega2560.a
END GROUP
                0x00100000                __TEXT_REGION_LENGTH__ = DEFINED (__TEXT_REGION_LENGTH__)?__TEXT_REGION_LENGTH__:0x100000
                0x0000fe00                __DATA_REGION_LENGTH__ = DEFINED (__DATA_REGION_LENGTH__)?__DATA_REGION_LENGTH__:0xfe00
                0x00010000                __EEPROM_REGION_LENGTH__ = DEFINED (__EEPROM_REGION_LENGTH__)?__EEPROM_REGION_LENGTH__:0x10000
                [0x00000003]                __FUSE_REGION_LENGTH__ = DEFINED (__FUSE_REGION_LENGTH__)?__FUSE_REGION_LENGTH__:0x400
                0x00000400                __LOCK_REGION_LENGTH__ = DEFINED (__LOCK_REGION_LENGTH__)?__LOCK_REGION_LENGTH__:0x400
                0x00000400                __SIGNATURE_REGION_LENGTH__ = DEFINED (__SIGNATURE_REGION_LENGTH__)?__SIGNATURE_REGION_LENGTH__:0x400
                0x00000400                __USER_SIGNATURE_REGION_LENGTH__ = DEFINED (__USER_SIGNATURE_REGION_LENGTH__)?__USER_SIGNATURE_REGION_LENGTH__:0x400

.hash
 *(.hash)

.dynsym
 *(.dynsym)

.dynstr
 *(.dynstr)

.gnu.version
 *(.gnu.version)

.gnu.version_d
 *(.gnu.version_d)

.gnu.version_r
 *(.gnu.version_r)

.rel.init
 *(.rel.init)

.rela.init
 *(.rela.init)

.rel.text
 *(.rel.text)
 *(.rel.text.*)
 *(.rel.gnu.linkonce.t*)

.rela.text
 *(.rela.text)
 *(.rela.text.*)
 *(.rela.gnu.linkonce.t*)

.rel.fini
 *(.rel.fini)

.rela.fini
 *(.rela.fini)

.rel.rodata
 *(.rel.rodata)
 *(.rel.rodata.*)
 *(.rel.gnu.linkonce.r*)

.rela.rodata
 *(.rela.rodata)
 *(.rela.rodata.*)
 *(.rela.gnu.linkonce.r*)

.rel.data
 *(.rel.data)
 *(.rel.data.*)
 *(.rel.gnu.linkonce.d*)

.rela.data
 *(.rela.data)
 *(.rela.data.*)
 *(.rela.gnu.linkonce.d*)

.rel.ctors
 *(.rel.ctors)

.rela.ctors
 *(.rela.ctors)

.rel.dtors
 *(.rel.dtors)

.rela.dtors
 *(.rela.dtors)

.rel.got
 *(.rel.got)

.rela.got
 *(.rela.got)

.rel.bss
 *(.rel.bss)

.rela.bss
 *(.rela.bss)

.rel.plt
 *(.rel.plt)

.rela.plt
 *(.rela.plt)

.text           0x00000000     0x5edc
 *(.vectors)
 .vectors       0x00000000       0xe4 c:/atmel/studio/7.0/toolchain/avr8/avr8-gnu-toolchain/bin/../lib/gcc/avr/5.4.0/../../../../avr/lib/avr6/crtatmega2560.o
                0x00000000                __vector_default
                0x00000000                __vectors
 *(.vectors)
 *(.progmem.gcc*)
 .progmem.gcc_sw_table
                0x000000e4       0x1c obj\Release\arduino\WInterrupts.o
 .progmem.gcc_sw_table
                0x00000100       0x24 obj\Release\arduino\wiring_analog.o
 .progmem.gcc_sw_table
                0x00000124       0x24 obj\Release\arduino\wiring_digital.o
                0x00000148                . = ALIGN (0x2)
                0x00000148                __trampolines_start = .
 *(.trampolines)
 .trampolines   0x00000148      0x114 linker stubs
 *(.trampolines*)
                0x0000025c                __trampolines_end = .
 *libprintf_flt.a:*(.progmem.data)
 *libc.a:*(.progmem.data)
 .progmem.data  0x0000025c       0x3b c:/atmel/studio/7.0/toolchain/avr8/avr8-gnu-toolchain/bin/../lib/gcc/avr/5.4.0/../../../../avr/lib/avr6\libc.a(strtod.o)
 .progmem.data  0x00000297       0xfa c:/atmel/studio/7.0/toolchain/avr8/avr8-gnu-toolchain/bin/../lib/gcc/avr/5.4.0/../../../../avr/lib/avr6\libc.a(ftoa_engine.o)
 *(.progmem*)
 .progmem.data  0x00000391        0x1 obj\Release\arduino\Tone.o
 .progmem.data  0x00000392       0x5a obj\Release\arduino\wiring_digital.o
                0x00000392                digital_pin_to_timer_PGM
                0x000003a6                digital_pin_to_bit_mask_PGM
                0x000003ba                digital_pin_to_port_PGM
                0x000003ce                port_to_input_PGM
                0x000003d8                port_to_output_PGM
                0x000003e2                port_to_mode_PGM
                0x000003ec                . = ALIGN (0x2)
 *(.jumptables)
 *(.jumptables*)
 *(.lowtext)
 *(.lowtext*)
                0x000003ec                __ctors_start = .
 *(.ctors)
 .ctors         0x000003ec        0x2 obj\Release\arduino\HardwareSerial0.o
 .ctors         0x000003ee        0x2 obj\Release\arduino\HardwareSerial1.o
 .ctors         0x000003f0        0x2 obj\Release\arduino\HardwareSerial2.o
 .ctors         0x000003f2        0x2 obj\Release\arduino\HardwareSerial3.o
                0x000003f4                __ctors_end = .
                0x000003f4                __dtors_start = .
 *(.dtors)
                0x000003f4                __dtors_end = .
 SORT(*)(.ctors)
 SORT(*)(.dtors)
 *(.init0)
 .init0         0x000003f4        0x0 c:/atmel/studio/7.0/toolchain/avr8/avr8-gnu-toolchain/bin/../lib/gcc/avr/5.4.0/../../../../avr/lib/avr6/crtatmega2560.o
                0x000003f4                __init
 *(.init0)
 *(.init1)
 *(.init1)
 *(.init2)
 .init2         0x000003f4       0x10 c:/atmel/studio/7.0/toolchain/avr8/avr8-gnu-toolchain/bin/../lib/gcc/avr/5.4.0/../../../../avr/lib/avr6/crtatmega2560.o
 *(.init2)
 *(.init3)
 *(.init3)
 *(.init4)
 .init4         0x00000404       0x1a c:/atmel/studio/7.0/toolchain/avr8/avr8-gnu-toolchain/bin/../lib/gcc/avr/5.4.0/avr6\libgcc.a(_copy_data.o)
                0x00000404                __do_copy_data
 .init4         0x0000041e       0x10 c:/atmel/studio/7.0/toolchain/avr8/avr8-gnu-toolchain/bin/../lib/gcc/avr/5.4.0/avr6\libgcc.a(_clear_bss.o)
                0x0000041e                __do_clear_bss
 *(.init4)
 *(.init5)
 *(.init5)
 *(.init6)
 .init6         0x0000042e       0x20 c:/atmel/studio/7.0/toolchain/avr8/avr8-gnu-toolchain/bin/../lib/gcc/avr/5.4.0/avr6\libgcc.a(_ctors.o)
                0x0000042e                __do_global_ctors
 *(.init6)
 *(.init7)
 *(.init7)
 *(.init8)
 *(.init8)
 *(.init9)
 .init9         0x0000044e        0x8 c:/atmel/studio/7.0/toolchain/avr8/avr8-gnu-toolchain/bin/../lib/gcc/avr/5.4.0/../../../../avr/lib/avr6/crtatmega2560.o
 *(.init9)
 *(.text)
 .text          0x00000456        0x4 c:/atmel/studio/7.0/toolchain/avr8/avr8-gnu-toolchain/bin/../lib/gcc/avr/5.4.0/../../../../avr/lib/avr6/crtatmega2560.o
                0x00000456                __vector_38
                0x00000456                __vector_22
                0x00000456                __vector_28
                0x00000456                __vector_32
                0x00000456                __vector_34
                0x00000456                __vector_24
                0x00000456                __vector_12
                0x00000456                __vector_46
                0x00000456                __bad_interrupt
                0x00000456                __vector_31
                0x00000456                __vector_35
                0x00000456                __vector_39
                0x00000456                __vector_30
                0x00000456                __vector_45
                0x00000456                __vector_11
                0x00000456                __vector_17
                0x00000456                __vector_19
                0x00000456                __vector_56
                0x00000456                __vector_49
                0x00000456                __vector_41
                0x00000456                __vector_43
                0x00000456                __vector_27
                0x00000456                __vector_33
                0x00000456                __vector_47
                0x00000456                __vector_44
                0x00000456                __vector_9
                0x00000456                __vector_21
                0x00000456                __vector_15
                0x00000456                __vector_29
                0x00000456                __vector_40
                0x00000456                __vector_48
                0x00000456                __vector_14
                0x00000456                __vector_53
                0x00000456                __vector_10
                0x00000456                __vector_50
                0x00000456                __vector_16
                0x00000456                __vector_18
                0x00000456                __vector_20
                0x00000456                __vector_42
 .text          0x0000045a        0x8 obj\Release\arduino\abi.o
                0x0000045a                __cxa_pure_virtual
                0x0000045e                __cxa_deleted_virtual
 .text          0x00000462        0x0 obj\Release\arduino\CDC.o
 .text          0x00000462      0x324 obj\Release\arduino\HardwareSerial.o
                0x00000462                _ZN14HardwareSerial9availableEv
                0x0000047a                _ZN14HardwareSerial4peekEv
                0x00000496                _ZN14HardwareSerial4readEv
                0x000004be                _ZN14HardwareSerial17availableForWriteEv
                0x000004dc                _Z14serialEventRunv
                0x00000556                _ZN14HardwareSerial17_tx_udr_empty_irqEv
                0x0000059a                _ZN14HardwareSerial5writeEh
                0x00000634                _ZN14HardwareSerial5flushEv
                0x00000678                _ZN14HardwareSerial5beginEmh
                0x00000742                _ZN14HardwareSerial3endEv
 .text          0x00000786       0xd4 obj\Release\arduino\HardwareSerial0.o
                0x00000786                __vector_25
                0x000007f2                __vector_26
                0x00000846                _Z17Serial0_availablev
 .text          0x0000085a       0xd4 obj\Release\arduino\HardwareSerial1.o
                0x0000085a                __vector_36
                0x000008c6                __vector_37
                0x0000091a                _Z17Serial1_availablev
 .text          0x0000092e       0xd4 obj\Release\arduino\HardwareSerial2.o
                0x0000092e                __vector_51
                0x0000099a                __vector_52
                0x000009ee                _Z17Serial2_availablev
 .text          0x00000a02       0xd4 obj\Release\arduino\HardwareSerial3.o
                0x00000a02                __vector_54
                0x00000a6e                __vector_55
                0x00000ac2                _Z17Serial3_availablev
 .text          0x00000ad6        0x2 obj\Release\arduino\hooks.o
                0x00000ad6                yield
 .text          0x00000ad8      0x17e obj\Release\arduino\IPAddress.o
                0x00000ad8                _ZNK9IPAddress7printToER5Print
                0x00000b5c                _ZN9IPAddressC2Ev
                0x00000b5c                _ZN9IPAddressC1Ev
                0x00000b70                _ZN9IPAddressC2Ehhhh
                0x00000b70                _ZN9IPAddressC1Ehhhh
                0x00000b88                _ZN9IPAddressC2Em
                0x00000b88                _ZN9IPAddressC1Em
                0x00000b9c                _ZN9IPAddressC1EPKh
                0x00000b9c                _ZN9IPAddressC2EPKh
                0x00000bb4                _ZN9IPAddress10fromStringEPKc
                0x00000c1a                _ZN9IPAddressaSEPKh
                0x00000c2c                _ZN9IPAddressaSEm
                0x00000c38                _ZNK9IPAddresseqEPKh
 .text          0x00000c56        0xa obj\Release\arduino\main.o
                0x00000c56                atexit
                0x00000c5c                initVariant
                0x00000c5e                _Z8setupUSBv
 .text          0x00000c60       0x10 obj\Release\arduino\new.o
                0x00000c60                _Znwj
                0x00000c64                _Znaj
                0x00000c68                _ZdlPv
                0x00000c6c                _ZdaPv
 .text          0x00000c70        0x0 obj\Release\arduino\PluggableUSB.o
 .text          0x00000c70      0x590 obj\Release\arduino\Print.o
                0x00000c70                _ZN5Print5writeEPKhj
                0x00000cc4                _ZN5Print5printEPK19__FlashStringHelper
                0x00000d0c                _ZN5Print5printERK6String
                0x00000d28                _ZN5Print5printEPKc
                0x00000d2c                _ZN5Print5printEc
                0x00000d3a                _ZN5Print5printERK9Printable
                0x00000d4e                _ZN5Print7printlnEv
                0x00000d56                _ZN5Print7printlnEPK19__FlashStringHelper
                0x00000d7a                _ZN5Print7printlnERK6String
                0x00000d9e                _ZN5Print7printlnEPKc
                0x00000dc2                _ZN5Print7printlnEc
                0x00000de6                _ZN5Print7printlnERK9Printable
                0x00000e0a                _ZN5Print11printNumberEmh
                0x00000e9c                _ZN5Print5printEmi
                0x00000eb6                _ZN5Print5printEhi
                0x00000ec4                _ZN5Print7printlnEhi
                0x00000ee8                _ZN5Print5printEji
                0x00000ef4                _ZN5Print7printlnEji
                0x00000f18                _ZN5Print7printlnEmi
                0x00000f3c                _ZN5Print5printEli
                0x00000fcc                _ZN5Print5printEii
                0x00000fda                _ZN5Print7printlnEii
                0x00000ffe                _ZN5Print7printlnEli
                0x00001022                _ZN5Print10printFloatEdh
                0x000011d8                _ZN5Print5printEdi
                0x000011dc                _ZN5Print7printlnEdi
 .text          0x00001200      0x6c0 obj\Release\arduino\Stream.o
                0x00001200                _ZN6Stream9timedReadEv
                0x00001260                _ZN6Stream9timedPeekEv
                0x000012c0                _ZN6Stream13peekNextDigitE13LookaheadModeb
                0x00001340                _ZN6Stream10setTimeoutEm
                0x0000134c                _ZN6Stream8parseIntE13LookaheadModec
                0x0000141c                _ZN6Stream10parseFloatE13LookaheadModec
                0x0000154a                _ZN6Stream9readBytesEPcj
                0x00001594                _ZN6Stream14readBytesUntilEcPcj
                0x000015fe                _ZN6Stream10readStringEv
                0x00001632                _ZN6Stream15readStringUntilEc
                0x00001682                _ZN6Stream9findMultiEPNS_11MultiTargetEi
                0x00001804                _ZN6Stream4findEPcj
                0x00001808                _ZN6Stream4findEPc
                0x0000181c                _ZN6Stream9findUntilEPcjS0_j
                0x00001890                _ZN6Stream9findUntilEPcS0_
 .text          0x000018c0      0x854 obj\Release\arduino\Tone.o
                0x000018c0                _Z4tonehjm
                0x00001fb6                _Z12disableTimerh
                0x0000202a                _Z6noToneh
                0x00002054                __vector_13
 .text          0x00002114        0x0 obj\Release\arduino\USBCore.o
 .text          0x00002114      0x3ee obj\Release\arduino\WInterrupts.o
                0x00002116                attachInterrupt
                0x000021fe                detachInterrupt
                0x00002252                __vector_1
                0x000022a8                __vector_2
                0x000022fe                __vector_3
                0x00002354                __vector_4
                0x000023aa                __vector_5
                0x00002400                __vector_6
                0x00002456                __vector_7
                0x000024ac                __vector_8
 .text          0x00002502      0x248 obj\Release\arduino\wiring.o
                0x00002502                __vector_23
                0x00002596                millis
                0x000025ae                micros
                0x000025f8                delay
                0x00002670                delayMicroseconds
                0x00002686                init
 .text          0x0000274a      0x1e2 obj\Release\arduino\wiring_analog.o
                0x0000274a                analogReference
                0x00002750                analogRead
                0x0000279a                analogWrite
 .text          0x0000292c      0x1d4 obj\Release\arduino\wiring_digital.o
                0x000029d8                pinMode
                0x00002a50                digitalWrite
                0x00002aae                digitalRead
 .text          0x00002b00      0x1e2 obj\Release\arduino\wiring_pulse.o
                0x00002b00                pulseInLong
                0x00002c0a                countPulseASM
                0x00002c7e                pulseIn
 .text          0x00002ce2       0xe8 obj\Release\arduino\wiring_shift.o
                0x00002ce2                shiftIn
                0x00002d58                shiftOut
 .text          0x00002dca      0x116 obj\Release\arduino\WMath.o
                0x00002dca                _Z10randomSeedm
                0x00002dda                _Z6randoml
                0x00002e0e                _Z6randomll
                0x00002e52                _Z3maplllll
                0x00002ed4                _Z8makeWordj
                0x00002ed6                _Z8makeWordhh
 .text          0x00002ee0     0x128a obj\Release\arduino\WString.o
                0x00002ee0                _ZN6StringD2Ev
                0x00002ee0                _ZN6StringD1Ev
                0x00002eea                _ZN6String10invalidateEv
                0x00002f0e                _ZN6String12changeBufferEj
                0x00002f42                _ZN6String7reserveEj
                0x00002f7a                _ZN6String4copyEPKcj
                0x00002fbc                _ZN6StringC2EPKc
                0x00002fbc                _ZN6StringC1EPKc
                0x00002fe6                _ZN6String4copyEPK19__FlashStringHelperj
                0x00003028                _ZN6StringaSERKS_
                0x00003056                _ZN6StringC2ERKS_
                0x00003056                _ZN6StringC1ERKS_
                0x00003068                _ZN6StringaSEPKc
                0x00003096                _ZN6StringC1Ec
                0x00003096                _ZN6StringC2Ec
                0x000030c8                _ZN6StringC1Ehh
                0x000030c8                _ZN6StringC2Ehh
                0x00003122                _ZN6StringC1Eih
                0x00003122                _ZN6StringC2Eih
                0x0000317a                _ZN6StringC2Ejh
                0x0000317a                _ZN6StringC1Ejh
                0x000031d2                _ZN6StringC2Elh
                0x000031d2                _ZN6StringC1Elh
                0x0000322c                _ZN6StringC1Emh
                0x0000322c                _ZN6StringC2Emh
                0x00003286                _ZN6StringC2Efh
                0x00003286                _ZN6StringC1Efh
                0x000032e6                _ZN6StringC1Edh
                0x000032e6                _ZN6StringC2Edh
                0x00003346                _ZN6StringaSEPK19__FlashStringHelper
                0x0000337a                _ZN6StringC1EPK19__FlashStringHelper
                0x0000337a                _ZN6StringC2EPK19__FlashStringHelper
                0x0000338c                _ZN6String6concatEPKcj
                0x000033e8                _ZN6String6concatERKS_
                0x000033f6                _ZN6String6concatEPKc
                0x00003414                _ZN6String6concatEc
                0x0000343c                _ZN6String6concatEh
                0x00003494                _ZN6String6concatEi
                0x000034f6                _ZN6String6concatEj
                0x00003558                _ZN6String6concatEl
                0x000035bc                _ZN6String6concatEm
                0x00003620                _ZN6String6concatEf
                0x00003682                _ZN6String6concatEd
                0x000036e4                _ZN6String6concatEPK19__FlashStringHelper
                0x00003744                _ZplRK15StringSumHelperRK6String
                0x0000376a                _ZplRK15StringSumHelperPKc
                0x0000379c                _ZplRK15StringSumHelperc
                0x000037b8                _ZplRK15StringSumHelperh
                0x000037d4                _ZplRK15StringSumHelperi
                0x000037f0                _ZplRK15StringSumHelperj
                0x0000380c                _ZplRK15StringSumHelperl
                0x00003828                _ZplRK15StringSumHelperm
                0x00003844                _ZplRK15StringSumHelperf
                0x00003860                _ZplRK15StringSumHelperd
                0x0000387c                _ZplRK15StringSumHelperPK19__FlashStringHelper
                0x00003898                _ZNK6String9compareToERKS_
                0x000038f8                _ZNK6String6equalsERKS_
                0x0000391a                _ZNK6String6equalsEPKc
                0x00003958                _ZNK6StringltERKS_
                0x00003966                _ZNK6StringgtERKS_
                0x00003978                _ZNK6StringleERKS_
                0x0000398a                _ZNK6StringgeERKS_
                0x0000399a                _ZNK6String16equalsIgnoreCaseERKS_
                0x00003a08                _ZNK6String10startsWithERKS_j
                0x00003a54                _ZNK6String10startsWithERKS_
                0x00003a72                _ZNK6String8endsWithERKS_
                0x00003ab2                _ZN6String9setCharAtEjc
                0x00003acc                _ZN6StringixEj
                0x00003af0                _ZNK6StringixEj
                0x00003b12                _ZNK6String6charAtEj
                0x00003b16                _ZNK6String8getBytesEPhjj
                0x00003b74                _ZNK6String7indexOfEcj
                0x00003bac                _ZNK6String7indexOfEc
                0x00003bb4                _ZNK6String7indexOfERKS_j
                0x00003bee                _ZNK6String7indexOfERKS_
                0x00003bf6                _ZNK6String11lastIndexOfEcj
                0x00003c64                _ZNK6String11lastIndexOfEc
                0x00003c72                _ZNK6String11lastIndexOfERKS_j
                0x00003d0e                _ZNK6String11lastIndexOfERKS_
                0x00003d22                _ZNK6String9substringEjj
                0x00003dac                _ZN6String7replaceEcc
                0x00003dc8                _ZN6String7replaceERKS_S1_
                0x00003fbc                _ZN6String6removeEjj
                0x00004022                _ZN6String6removeEj
                0x0000402a                _ZN6String11toLowerCaseEv
                0x00004052                _ZN6String11toUpperCaseEv
                0x0000407a                _ZN6String4trimEv
                0x0000413a                _ZNK6String5toIntEv
                0x00004150                _ZNK6String8toDoubleEv
                0x00004166                _ZNK6String7toFloatEv
 .text          0x0000416a        0xa obj\Release\HWInputs.o
                0x0000416a                _Z12HWReadInputsPh
 .text          0x00004174       0x10 obj\Release\HWOutputs.o
                0x00004174                _Z14HWWriteOutputsPh
 .text          0x00004184       0x10 obj\Release\Logic.o
                0x00004184                _Z12MainFunctionv
 .text          0x00004194       0x22 obj\Release\SmartHome.o
                0x00004194                setup
                0x000041a6                loop
 .text          0x000041b6        0xa obj\Release\SWInputs.o
                0x000041b6                SWReadInputs
 .text          0x000041c0       0x1e obj\Release\SWOutputs.o
                0x000041c0                SWWriteOutputs
 .text          0x000041de        0x0 c:/atmel/studio/7.0/toolchain/avr8/avr8-gnu-toolchain/bin/../lib/gcc/avr/5.4.0/avr6\libgcc.a(_mulsi3.o)
 .text          0x000041de        0x0 c:/atmel/studio/7.0/toolchain/avr8/avr8-gnu-toolchain/bin/../lib/gcc/avr/5.4.0/avr6\libgcc.a(_udivmodsi4.o)
 .text          0x000041de        0x0 c:/atmel/studio/7.0/toolchain/avr8/avr8-gnu-toolchain/bin/../lib/gcc/avr/5.4.0/avr6\libgcc.a(_divmodsi4.o)
 .text          0x000041de        0x0 c:/atmel/studio/7.0/toolchain/avr8/avr8-gnu-toolchain/bin/../lib/gcc/avr/5.4.0/avr6\libgcc.a(_negsi2.o)
 .text          0x000041de        0x0 c:/atmel/studio/7.0/toolchain/avr8/avr8-gnu-toolchain/bin/../lib/gcc/avr/5.4.0/avr6\libgcc.a(_exit.o)
 .text          0x000041de        0x0 c:/atmel/studio/7.0/toolchain/avr8/avr8-gnu-toolchain/bin/../lib/gcc/avr/5.4.0/avr6\libgcc.a(_tablejump2.o)
 .text          0x000041de        0x0 c:/atmel/studio/7.0/toolchain/avr8/avr8-gnu-toolchain/bin/../lib/gcc/avr/5.4.0/avr6\libgcc.a(_copy_data.o)
 .text          0x000041de        0x0 c:/atmel/studio/7.0/toolchain/avr8/avr8-gnu-toolchain/bin/../lib/gcc/avr/5.4.0/avr6\libgcc.a(_clear_bss.o)
 .text          0x000041de        0x0 c:/atmel/studio/7.0/toolchain/avr8/avr8-gnu-toolchain/bin/../lib/gcc/avr/5.4.0/avr6\libgcc.a(_ctors.o)
 .text          0x000041de        0x0 c:/atmel/studio/7.0/toolchain/avr8/avr8-gnu-toolchain/bin/../lib/gcc/avr/5.4.0/avr6\libgcc.a(_muluhisi3.o)
 .text          0x000041de        0x0 c:/atmel/studio/7.0/toolchain/avr8/avr8-gnu-toolchain/bin/../lib/gcc/avr/5.4.0/avr6\libgcc.a(_umulhisi3.o)
 .text          0x000041de        0x0 c:/atmel/studio/7.0/toolchain/avr8/avr8-gnu-toolchain/bin/../lib/gcc/avr/5.4.0/../../../../avr/lib/avr6\libm.a(addsf3.o)
 .text          0x000041de        0x0 c:/atmel/studio/7.0/toolchain/avr8/avr8-gnu-toolchain/bin/../lib/gcc/avr/5.4.0/../../../../avr/lib/avr6\libm.a(addsf3x.o)
 .text          0x000041de        0x0 c:/atmel/studio/7.0/toolchain/avr8/avr8-gnu-toolchain/bin/../lib/gcc/avr/5.4.0/../../../../avr/lib/avr6\libm.a(cmpsf2.o)
 .text          0x000041de        0x0 c:/atmel/studio/7.0/toolchain/avr8/avr8-gnu-toolchain/bin/../lib/gcc/avr/5.4.0/../../../../avr/lib/avr6\libm.a(divsf3.o)
 .text          0x000041de        0x0 c:/atmel/studio/7.0/toolchain/avr8/avr8-gnu-toolchain/bin/../lib/gcc/avr/5.4.0/../../../../avr/lib/avr6\libm.a(divsf3x.o)
 .text          0x000041de        0x0 c:/atmel/studio/7.0/toolchain/avr8/avr8-gnu-toolchain/bin/../lib/gcc/avr/5.4.0/../../../../avr/lib/avr6\libm.a(fixunssfsi.o)
 .text          0x000041de        0x0 c:/atmel/studio/7.0/toolchain/avr8/avr8-gnu-toolchain/bin/../lib/gcc/avr/5.4.0/../../../../avr/lib/avr6\libm.a(floatsisf.o)
 .text          0x000041de        0x0 c:/atmel/studio/7.0/toolchain/avr8/avr8-gnu-toolchain/bin/../lib/gcc/avr/5.4.0/../../../../avr/lib/avr6\libm.a(fp_cmp.o)
 .text          0x000041de        0x0 c:/atmel/studio/7.0/toolchain/avr8/avr8-gnu-toolchain/bin/../lib/gcc/avr/5.4.0/../../../../avr/lib/avr6\libm.a(fp_inf.o)
 .text          0x000041de        0x0 c:/atmel/studio/7.0/toolchain/avr8/avr8-gnu-toolchain/bin/../lib/gcc/avr/5.4.0/../../../../avr/lib/avr6\libm.a(fp_nan.o)
 .text          0x000041de        0x0 c:/atmel/studio/7.0/toolchain/avr8/avr8-gnu-toolchain/bin/../lib/gcc/avr/5.4.0/../../../../avr/lib/avr6\libm.a(fp_pscA.o)
 .text          0x000041de        0x0 c:/atmel/studio/7.0/toolchain/avr8/avr8-gnu-toolchain/bin/../lib/gcc/avr/5.4.0/../../../../avr/lib/avr6\libm.a(fp_pscB.o)
 .text          0x000041de        0x0 c:/atmel/studio/7.0/toolchain/avr8/avr8-gnu-toolchain/bin/../lib/gcc/avr/5.4.0/../../../../avr/lib/avr6\libm.a(fp_round.o)
 .text          0x000041de        0x0 c:/atmel/studio/7.0/toolchain/avr8/avr8-gnu-toolchain/bin/../lib/gcc/avr/5.4.0/../../../../avr/lib/avr6\libm.a(fp_split3.o)
 .text          0x000041de        0x0 c:/atmel/studio/7.0/toolchain/avr8/avr8-gnu-toolchain/bin/../lib/gcc/avr/5.4.0/../../../../avr/lib/avr6\libm.a(fp_zero.o)
 .text          0x000041de        0x0 c:/atmel/studio/7.0/toolchain/avr8/avr8-gnu-toolchain/bin/../lib/gcc/avr/5.4.0/../../../../avr/lib/avr6\libm.a(gesf2.o)
 .text          0x000041de        0x0 c:/atmel/studio/7.0/toolchain/avr8/avr8-gnu-toolchain/bin/../lib/gcc/avr/5.4.0/../../../../avr/lib/avr6\libm.a(mulsf3.o)
 .text          0x000041de        0x0 c:/atmel/studio/7.0/toolchain/avr8/avr8-gnu-toolchain/bin/../lib/gcc/avr/5.4.0/../../../../avr/lib/avr6\libm.a(mulsf3x.o)
 .text          0x000041de        0x0 c:/atmel/studio/7.0/toolchain/avr8/avr8-gnu-toolchain/bin/../lib/gcc/avr/5.4.0/../../../../avr/lib/avr6\libm.a(unordsf2.o)
 .text          0x000041de        0x0 c:/atmel/studio/7.0/toolchain/avr8/avr8-gnu-toolchain/bin/../lib/gcc/avr/5.4.0/../../../../avr/lib/avr6\libc.a(dtostrf.o)
 .text          0x000041de        0x0 c:/atmel/studio/7.0/toolchain/avr8/avr8-gnu-toolchain/bin/../lib/gcc/avr/5.4.0/../../../../avr/lib/avr6\libc.a(malloc.o)
 .text          0x000041de        0x0 c:/atmel/studio/7.0/toolchain/avr8/avr8-gnu-toolchain/bin/../lib/gcc/avr/5.4.0/../../../../avr/lib/avr6\libc.a(random.o)
 .text          0x000041de        0x0 c:/atmel/studio/7.0/toolchain/avr8/avr8-gnu-toolchain/bin/../lib/gcc/avr/5.4.0/../../../../avr/lib/avr6\libc.a(realloc.o)
 .text          0x000041de        0x0 c:/atmel/studio/7.0/toolchain/avr8/avr8-gnu-toolchain/bin/../lib/gcc/avr/5.4.0/../../../../avr/lib/avr6\libc.a(abort.o)
 .text          0x000041de        0x0 c:/atmel/studio/7.0/toolchain/avr8/avr8-gnu-toolchain/bin/../lib/gcc/avr/5.4.0/../../../../avr/lib/avr6\libc.a(atof.o)
 .text          0x000041de        0x0 c:/atmel/studio/7.0/toolchain/avr8/avr8-gnu-toolchain/bin/../lib/gcc/avr/5.4.0/../../../../avr/lib/avr6\libc.a(atol.o)
 .text          0x000041de        0x0 c:/atmel/studio/7.0/toolchain/avr8/avr8-gnu-toolchain/bin/../lib/gcc/avr/5.4.0/../../../../avr/lib/avr6\libc.a(isspace.o)
 .text          0x000041de        0x0 c:/atmel/studio/7.0/toolchain/avr8/avr8-gnu-toolchain/bin/../lib/gcc/avr/5.4.0/../../../../avr/lib/avr6\libc.a(tolower.o)
 .text          0x000041de        0x0 c:/atmel/studio/7.0/toolchain/avr8/avr8-gnu-toolchain/bin/../lib/gcc/avr/5.4.0/../../../../avr/lib/avr6\libc.a(toupper.o)
 .text          0x000041de        0x0 c:/atmel/studio/7.0/toolchain/avr8/avr8-gnu-toolchain/bin/../lib/gcc/avr/5.4.0/../../../../avr/lib/avr6\libc.a(strcpy_P.o)
 .text          0x000041de        0x0 c:/atmel/studio/7.0/toolchain/avr8/avr8-gnu-toolchain/bin/../lib/gcc/avr/5.4.0/../../../../avr/lib/avr6\libc.a(strlen_P.o)
 .text          0x000041de        0x0 c:/atmel/studio/7.0/toolchain/avr8/avr8-gnu-toolchain/bin/../lib/gcc/avr/5.4.0/../../../../avr/lib/avr6\libc.a(memcmp.o)
 .text          0x000041de        0x0 c:/atmel/studio/7.0/toolchain/avr8/avr8-gnu-toolchain/bin/../lib/gcc/avr/5.4.0/../../../../avr/lib/avr6\libc.a(memcpy.o)
 .text          0x000041de        0x0 c:/atmel/studio/7.0/toolchain/avr8/avr8-gnu-toolchain/bin/../lib/gcc/avr/5.4.0/../../../../avr/lib/avr6\libc.a(memmove.o)
 .text          0x000041de        0x0 c:/atmel/studio/7.0/toolchain/avr8/avr8-gnu-toolchain/bin/../lib/gcc/avr/5.4.0/../../../../avr/lib/avr6\libc.a(strchr.o)
 .text          0x000041de        0x0 c:/atmel/studio/7.0/toolchain/avr8/avr8-gnu-toolchain/bin/../lib/gcc/avr/5.4.0/../../../../avr/lib/avr6\libc.a(strcmp.o)
 .text          0x000041de        0x0 c:/atmel/studio/7.0/toolchain/avr8/avr8-gnu-toolchain/bin/../lib/gcc/avr/5.4.0/../../../../avr/lib/avr6\libc.a(strcpy.o)
 .text          0x000041de        0x0 c:/atmel/studio/7.0/toolchain/avr8/avr8-gnu-toolchain/bin/../lib/gcc/avr/5.4.0/../../../../avr/lib/avr6\libc.a(strncmp.o)
 .text          0x000041de        0x0 c:/atmel/studio/7.0/toolchain/avr8/avr8-gnu-toolchain/bin/../lib/gcc/avr/5.4.0/../../../../avr/lib/avr6\libc.a(strncpy.o)
 .text          0x000041de        0x0 c:/atmel/studio/7.0/toolchain/avr8/avr8-gnu-toolchain/bin/../lib/gcc/avr/5.4.0/../../../../avr/lib/avr6\libc.a(strrchr.o)
 .text          0x000041de        0x0 c:/atmel/studio/7.0/toolchain/avr8/avr8-gnu-toolchain/bin/../lib/gcc/avr/5.4.0/../../../../avr/lib/avr6\libc.a(strstr.o)
 .text          0x000041de        0x0 c:/atmel/studio/7.0/toolchain/avr8/avr8-gnu-toolchain/bin/../lib/gcc/avr/5.4.0/../../../../avr/lib/avr6\libc.a(itoa.o)
 .text          0x000041de        0x0 c:/atmel/studio/7.0/toolchain/avr8/avr8-gnu-toolchain/bin/../lib/gcc/avr/5.4.0/../../../../avr/lib/avr6\libc.a(itoa_ncheck.o)
 .text          0x000041de        0x0 c:/atmel/studio/7.0/toolchain/avr8/avr8-gnu-toolchain/bin/../lib/gcc/avr/5.4.0/../../../../avr/lib/avr6\libc.a(ltoa.o)
 .text          0x000041de        0x0 c:/atmel/studio/7.0/toolchain/avr8/avr8-gnu-toolchain/bin/../lib/gcc/avr/5.4.0/../../../../avr/lib/avr6\libc.a(ltoa_ncheck.o)
 .text          0x000041de        0x0 c:/atmel/studio/7.0/toolchain/avr8/avr8-gnu-toolchain/bin/../lib/gcc/avr/5.4.0/../../../../avr/lib/avr6\libc.a(mulsi10.o)
 .text          0x000041de        0x0 c:/atmel/studio/7.0/toolchain/avr8/avr8-gnu-toolchain/bin/../lib/gcc/avr/5.4.0/../../../../avr/lib/avr6\libc.a(ultoa.o)
 .text          0x000041de        0x0 c:/atmel/studio/7.0/toolchain/avr8/avr8-gnu-toolchain/bin/../lib/gcc/avr/5.4.0/../../../../avr/lib/avr6\libc.a(ultoa_ncheck.o)
 .text          0x000041de        0x0 c:/atmel/studio/7.0/toolchain/avr8/avr8-gnu-toolchain/bin/../lib/gcc/avr/5.4.0/../../../../avr/lib/avr6\libc.a(utoa.o)
 .text          0x000041de        0x0 c:/atmel/studio/7.0/toolchain/avr8/avr8-gnu-toolchain/bin/../lib/gcc/avr/5.4.0/../../../../avr/lib/avr6\libc.a(utoa_ncheck.o)
 .text          0x000041de        0x0 c:/atmel/studio/7.0/toolchain/avr8/avr8-gnu-toolchain/bin/../lib/gcc/avr/5.4.0/../../../../avr/lib/avr6\libc.a(printf.o)
 .text          0x000041de        0x0 c:/atmel/studio/7.0/toolchain/avr8/avr8-gnu-toolchain/bin/../lib/gcc/avr/5.4.0/../../../../avr/lib/avr6\libc.a(vfprintf_std.o)
 .text          0x000041de        0x0 c:/atmel/studio/7.0/toolchain/avr8/avr8-gnu-toolchain/bin/../lib/gcc/avr/5.4.0/../../../../avr/lib/avr6\libc.a(dtoa_prf.o)
 .text          0x000041de        0x0 c:/atmel/studio/7.0/toolchain/avr8/avr8-gnu-toolchain/bin/../lib/gcc/avr/5.4.0/../../../../avr/lib/avr6\libc.a(strtod.o)
 .text          0x000041de        0x0 c:/atmel/studio/7.0/toolchain/avr8/avr8-gnu-toolchain/bin/../lib/gcc/avr/5.4.0/../../../../avr/lib/avr6\libc.a(ftoa_engine.o)
 .text          0x000041de        0x0 c:/atmel/studio/7.0/toolchain/avr8/avr8-gnu-toolchain/bin/../lib/gcc/avr/5.4.0/../../../../avr/lib/avr6\libc.a(cty_isfalse.o)
 .text          0x000041de        0x0 c:/atmel/studio/7.0/toolchain/avr8/avr8-gnu-toolchain/bin/../lib/gcc/avr/5.4.0/../../../../avr/lib/avr6\libc.a(strncasecmp_P.o)
 .text          0x000041de        0x0 c:/atmel/studio/7.0/toolchain/avr8/avr8-gnu-toolchain/bin/../lib/gcc/avr/5.4.0/../../../../avr/lib/avr6\libc.a(strnlen_P.o)
 .text          0x000041de        0x0 c:/atmel/studio/7.0/toolchain/avr8/avr8-gnu-toolchain/bin/../lib/gcc/avr/5.4.0/../../../../avr/lib/avr6\libc.a(strnlen.o)
 .text          0x000041de        0x0 c:/atmel/studio/7.0/toolchain/avr8/avr8-gnu-toolchain/bin/../lib/gcc/avr/5.4.0/../../../../avr/lib/avr6\libc.a(strrev.o)
 .text          0x000041de        0x0 c:/atmel/studio/7.0/toolchain/avr8/avr8-gnu-toolchain/bin/../lib/gcc/avr/5.4.0/../../../../avr/lib/avr6\libc.a(fputc.o)
 .text          0x000041de        0x0 c:/atmel/studio/7.0/toolchain/avr8/avr8-gnu-toolchain/bin/../lib/gcc/avr/5.4.0/../../../../avr/lib/avr6\libc.a(iob.o)
 .text          0x000041de        0x0 c:/atmel/studio/7.0/toolchain/avr8/avr8-gnu-toolchain/bin/../lib/gcc/avr/5.4.0/../../../../avr/lib/avr6\libc.a(ultoa_invert.o)
 .text          0x000041de        0x0 c:/atmel/studio/7.0/toolchain/avr8/avr8-gnu-toolchain/bin/../lib/gcc/avr/5.4.0/../../../../avr/lib/avr6\libc.a(errno.o)
 .text          0x000041de        0x0 c:/atmel/studio/7.0/toolchain/avr8/avr8-gnu-toolchain/bin/../lib/gcc/avr/5.4.0/avr6\libgcc.a(_mulshisi3.o)
                0x000041de                . = ALIGN (0x2)
 *(.text.*)
 .text._ZN5Print17availableForWriteEv
                0x000041de        0x6 obj\Release\arduino\HardwareSerial0.o
                0x000041de                _ZN5Print17availableForWriteEv
 .text._ZN5Print5flushEv
                0x000041e4        0x2 obj\Release\arduino\HardwareSerial0.o
                0x000041e4                _ZN5Print5flushEv
 .text.startup  0x000041e6       0x5a obj\Release\arduino\HardwareSerial0.o
 .text.startup  0x00004240       0x5a obj\Release\arduino\HardwareSerial1.o
 .text.startup  0x0000429a       0x5a obj\Release\arduino\HardwareSerial2.o
 .text.startup  0x000042f4       0x5a obj\Release\arduino\HardwareSerial3.o
 .text.startup  0x0000434e        0x2 obj\Release\arduino\IPAddress.o
 .text.startup  0x00004350       0x1e obj\Release\arduino\main.o
                0x00004350                main
 .text._ZN5Print5writeEPKc
                0x0000436e       0x2a obj\Release\arduino\Print.o
                0x0000436e                _ZN5Print5writeEPKc
 .text.itoa     0x00004398        0x4 obj\Release\arduino\WString.o
 .text.ltoa     0x0000439c        0x4 obj\Release\arduino\WString.o
 .text.utoa     0x000043a0        0x4 obj\Release\arduino\WString.o
 .text.ultoa    0x000043a4        0x4 obj\Release\arduino\WString.o
 .text.libgcc.mul
                0x000043a8       0x20 c:/atmel/studio/7.0/toolchain/avr8/avr8-gnu-toolchain/bin/../lib/gcc/avr/5.4.0/avr6\libgcc.a(_mulsi3.o)
                0x000043a8                __mulsi3
 .text.libgcc.div
                0x000043c8        0x0 c:/atmel/studio/7.0/toolchain/avr8/avr8-gnu-toolchain/bin/../lib/gcc/avr/5.4.0/avr6\libgcc.a(_mulsi3.o)
 .text.libgcc   0x000043c8        0x0 c:/atmel/studio/7.0/toolchain/avr8/avr8-gnu-toolchain/bin/../lib/gcc/avr/5.4.0/avr6\libgcc.a(_mulsi3.o)
 .text.libgcc.prologue
                0x000043c8        0x0 c:/atmel/studio/7.0/toolchain/avr8/avr8-gnu-toolchain/bin/../lib/gcc/avr/5.4.0/avr6\libgcc.a(_mulsi3.o)
 .text.libgcc.builtins
                0x000043c8        0x0 c:/atmel/studio/7.0/toolchain/avr8/avr8-gnu-toolchain/bin/../lib/gcc/avr/5.4.0/avr6\libgcc.a(_mulsi3.o)
 .text.libgcc.fmul
                0x000043c8        0x0 c:/atmel/studio/7.0/toolchain/avr8/avr8-gnu-toolchain/bin/../lib/gcc/avr/5.4.0/avr6\libgcc.a(_mulsi3.o)
 .text.libgcc.fixed
                0x000043c8        0x0 c:/atmel/studio/7.0/toolchain/avr8/avr8-gnu-toolchain/bin/../lib/gcc/avr/5.4.0/avr6\libgcc.a(_mulsi3.o)
 .text.libgcc.mul
                0x000043c8        0x0 c:/atmel/studio/7.0/toolchain/avr8/avr8-gnu-toolchain/bin/../lib/gcc/avr/5.4.0/avr6\libgcc.a(_udivmodsi4.o)
 .text.libgcc.div
                0x000043c8       0x44 c:/atmel/studio/7.0/toolchain/avr8/avr8-gnu-toolchain/bin/../lib/gcc/avr/5.4.0/avr6\libgcc.a(_udivmodsi4.o)
                0x000043c8                __udivmodsi4
 .text.libgcc   0x0000440c        0x0 c:/atmel/studio/7.0/toolchain/avr8/avr8-gnu-toolchain/bin/../lib/gcc/avr/5.4.0/avr6\libgcc.a(_udivmodsi4.o)
 .text.libgcc.prologue
                0x0000440c        0x0 c:/atmel/studio/7.0/toolchain/avr8/avr8-gnu-toolchain/bin/../lib/gcc/avr/5.4.0/avr6\libgcc.a(_udivmodsi4.o)
 .text.libgcc.builtins
                0x0000440c        0x0 c:/atmel/studio/7.0/toolchain/avr8/avr8-gnu-toolchain/bin/../lib/gcc/avr/5.4.0/avr6\libgcc.a(_udivmodsi4.o)
 .text.libgcc.fmul
                0x0000440c        0x0 c:/atmel/studio/7.0/toolchain/avr8/avr8-gnu-toolchain/bin/../lib/gcc/avr/5.4.0/avr6\libgcc.a(_udivmodsi4.o)
 .text.libgcc.fixed
                0x0000440c        0x0 c:/atmel/studio/7.0/toolchain/avr8/avr8-gnu-toolchain/bin/../lib/gcc/avr/5.4.0/avr6\libgcc.a(_udivmodsi4.o)
 .text.libgcc.mul
                0x0000440c        0x0 c:/atmel/studio/7.0/toolchain/avr8/avr8-gnu-toolchain/bin/../lib/gcc/avr/5.4.0/avr6\libgcc.a(_divmodsi4.o)
 .text.libgcc.div
                0x0000440c       0x2e c:/atmel/studio/7.0/toolchain/avr8/avr8-gnu-toolchain/bin/../lib/gcc/avr/5.4.0/avr6\libgcc.a(_divmodsi4.o)
                0x0000440c                __divmodsi4
 .text.libgcc   0x0000443a        0x0 c:/atmel/studio/7.0/toolchain/avr8/avr8-gnu-toolchain/bin/../lib/gcc/avr/5.4.0/avr6\libgcc.a(_divmodsi4.o)
 .text.libgcc.prologue
                0x0000443a        0x0 c:/atmel/studio/7.0/toolchain/avr8/avr8-gnu-toolchain/bin/../lib/gcc/avr/5.4.0/avr6\libgcc.a(_divmodsi4.o)
 .text.libgcc.builtins
                0x0000443a        0x0 c:/atmel/studio/7.0/toolchain/avr8/avr8-gnu-toolchain/bin/../lib/gcc/avr/5.4.0/avr6\libgcc.a(_divmodsi4.o)
 .text.libgcc.fmul
                0x0000443a        0x0 c:/atmel/studio/7.0/toolchain/avr8/avr8-gnu-toolchain/bin/../lib/gcc/avr/5.4.0/avr6\libgcc.a(_divmodsi4.o)
 .text.libgcc.fixed
                0x0000443a        0x0 c:/atmel/studio/7.0/toolchain/avr8/avr8-gnu-toolchain/bin/../lib/gcc/avr/5.4.0/avr6\libgcc.a(_divmodsi4.o)
 .text.libgcc.mul
                0x0000443a        0x0 c:/atmel/studio/7.0/toolchain/avr8/avr8-gnu-toolchain/bin/../lib/gcc/avr/5.4.0/avr6\libgcc.a(_negsi2.o)
 .text.libgcc.div
                0x0000443a       0x10 c:/atmel/studio/7.0/toolchain/avr8/avr8-gnu-toolchain/bin/../lib/gcc/avr/5.4.0/avr6\libgcc.a(_negsi2.o)
                0x0000443a                __negsi2
 .text.libgcc   0x0000444a        0x0 c:/atmel/studio/7.0/toolchain/avr8/avr8-gnu-toolchain/bin/../lib/gcc/avr/5.4.0/avr6\libgcc.a(_negsi2.o)
 .text.libgcc.prologue
                0x0000444a        0x0 c:/atmel/studio/7.0/toolchain/avr8/avr8-gnu-toolchain/bin/../lib/gcc/avr/5.4.0/avr6\libgcc.a(_negsi2.o)
 .text.libgcc.builtins
                0x0000444a        0x0 c:/atmel/studio/7.0/toolchain/avr8/avr8-gnu-toolchain/bin/../lib/gcc/avr/5.4.0/avr6\libgcc.a(_negsi2.o)
 .text.libgcc.fmul
                0x0000444a        0x0 c:/atmel/studio/7.0/toolchain/avr8/avr8-gnu-toolchain/bin/../lib/gcc/avr/5.4.0/avr6\libgcc.a(_negsi2.o)
 .text.libgcc.fixed
                0x0000444a        0x0 c:/atmel/studio/7.0/toolchain/avr8/avr8-gnu-toolchain/bin/../lib/gcc/avr/5.4.0/avr6\libgcc.a(_negsi2.o)
 .text.libgcc.mul
                0x0000444a        0x0 c:/atmel/studio/7.0/toolchain/avr8/avr8-gnu-toolchain/bin/../lib/gcc/avr/5.4.0/avr6\libgcc.a(_exit.o)
 .text.libgcc.div
                0x0000444a        0x0 c:/atmel/studio/7.0/toolchain/avr8/avr8-gnu-toolchain/bin/../lib/gcc/avr/5.4.0/avr6\libgcc.a(_exit.o)
 .text.libgcc   0x0000444a        0x0 c:/atmel/studio/7.0/toolchain/avr8/avr8-gnu-toolchain/bin/../lib/gcc/avr/5.4.0/avr6\libgcc.a(_exit.o)
 .text.libgcc.prologue
                0x0000444a        0x0 c:/atmel/studio/7.0/toolchain/avr8/avr8-gnu-toolchain/bin/../lib/gcc/avr/5.4.0/avr6\libgcc.a(_exit.o)
 .text.libgcc.builtins
                0x0000444a        0x0 c:/atmel/studio/7.0/toolchain/avr8/avr8-gnu-toolchain/bin/../lib/gcc/avr/5.4.0/avr6\libgcc.a(_exit.o)
 .text.libgcc.fmul
                0x0000444a        0x0 c:/atmel/studio/7.0/toolchain/avr8/avr8-gnu-toolchain/bin/../lib/gcc/avr/5.4.0/avr6\libgcc.a(_exit.o)
 .text.libgcc.fixed
                0x0000444a        0x0 c:/atmel/studio/7.0/toolchain/avr8/avr8-gnu-toolchain/bin/../lib/gcc/avr/5.4.0/avr6\libgcc.a(_exit.o)
 .text.libgcc.mul
                0x0000444a        0x0 c:/atmel/studio/7.0/toolchain/avr8/avr8-gnu-toolchain/bin/../lib/gcc/avr/5.4.0/avr6\libgcc.a(_tablejump2.o)
 .text.libgcc.div
                0x0000444a        0x0 c:/atmel/studio/7.0/toolchain/avr8/avr8-gnu-toolchain/bin/../lib/gcc/avr/5.4.0/avr6\libgcc.a(_tablejump2.o)
 .text.libgcc   0x0000444a       0x10 c:/atmel/studio/7.0/toolchain/avr8/avr8-gnu-toolchain/bin/../lib/gcc/avr/5.4.0/avr6\libgcc.a(_tablejump2.o)
                0x0000444a                __tablejump2__
 .text.libgcc.prologue
                0x0000445a        0x0 c:/atmel/studio/7.0/toolchain/avr8/avr8-gnu-toolchain/bin/../lib/gcc/avr/5.4.0/avr6\libgcc.a(_tablejump2.o)
 .text.libgcc.builtins
                0x0000445a        0x0 c:/atmel/studio/7.0/toolchain/avr8/avr8-gnu-toolchain/bin/../lib/gcc/avr/5.4.0/avr6\libgcc.a(_tablejump2.o)
 .text.libgcc.fmul
                0x0000445a        0x0 c:/atmel/studio/7.0/toolchain/avr8/avr8-gnu-toolchain/bin/../lib/gcc/avr/5.4.0/avr6\libgcc.a(_tablejump2.o)
 .text.libgcc.fixed
                0x0000445a        0x0 c:/atmel/studio/7.0/toolchain/avr8/avr8-gnu-toolchain/bin/../lib/gcc/avr/5.4.0/avr6\libgcc.a(_tablejump2.o)
 .text.libgcc.mul
                0x0000445a        0x0 c:/atmel/studio/7.0/toolchain/avr8/avr8-gnu-toolchain/bin/../lib/gcc/avr/5.4.0/avr6\libgcc.a(_copy_data.o)
 .text.libgcc.div
                0x0000445a        0x0 c:/atmel/studio/7.0/toolchain/avr8/avr8-gnu-toolchain/bin/../lib/gcc/avr/5.4.0/avr6\libgcc.a(_copy_data.o)
 .text.libgcc   0x0000445a        0x0 c:/atmel/studio/7.0/toolchain/avr8/avr8-gnu-toolchain/bin/../lib/gcc/avr/5.4.0/avr6\libgcc.a(_copy_data.o)
 .text.libgcc.prologue
                0x0000445a        0x0 c:/atmel/studio/7.0/toolchain/avr8/avr8-gnu-toolchain/bin/../lib/gcc/avr/5.4.0/avr6\libgcc.a(_copy_data.o)
 .text.libgcc.builtins
                0x0000445a        0x0 c:/atmel/studio/7.0/toolchain/avr8/avr8-gnu-toolchain/bin/../lib/gcc/avr/5.4.0/avr6\libgcc.a(_copy_data.o)
 .text.libgcc.fmul
                0x0000445a        0x0 c:/atmel/studio/7.0/toolchain/avr8/avr8-gnu-toolchain/bin/../lib/gcc/avr/5.4.0/avr6\libgcc.a(_copy_data.o)
 .text.libgcc.fixed
                0x0000445a        0x0 c:/atmel/studio/7.0/toolchain/avr8/avr8-gnu-toolchain/bin/../lib/gcc/avr/5.4.0/avr6\libgcc.a(_copy_data.o)
 .text.libgcc.mul
                0x0000445a        0x0 c:/atmel/studio/7.0/toolchain/avr8/avr8-gnu-toolchain/bin/../lib/gcc/avr/5.4.0/avr6\libgcc.a(_clear_bss.o)
 .text.libgcc.div
                0x0000445a        0x0 c:/atmel/studio/7.0/toolchain/avr8/avr8-gnu-toolchain/bin/../lib/gcc/avr/5.4.0/avr6\libgcc.a(_clear_bss.o)
 .text.libgcc   0x0000445a        0x0 c:/atmel/studio/7.0/toolchain/avr8/avr8-gnu-toolchain/bin/../lib/gcc/avr/5.4.0/avr6\libgcc.a(_clear_bss.o)
 .text.libgcc.prologue
                0x0000445a        0x0 c:/atmel/studio/7.0/toolchain/avr8/avr8-gnu-toolchain/bin/../lib/gcc/avr/5.4.0/avr6\libgcc.a(_clear_bss.o)
 .text.libgcc.builtins
                0x0000445a        0x0 c:/atmel/studio/7.0/toolchain/avr8/avr8-gnu-toolchain/bin/../lib/gcc/avr/5.4.0/avr6\libgcc.a(_clear_bss.o)
 .text.libgcc.fmul
                0x0000445a        0x0 c:/atmel/studio/7.0/toolchain/avr8/avr8-gnu-toolchain/bin/../lib/gcc/avr/5.4.0/avr6\libgcc.a(_clear_bss.o)
 .text.libgcc.fixed
                0x0000445a        0x0 c:/atmel/studio/7.0/toolchain/avr8/avr8-gnu-toolchain/bin/../lib/gcc/avr/5.4.0/avr6\libgcc.a(_clear_bss.o)
 .text.libgcc.mul
                0x0000445a        0x0 c:/atmel/studio/7.0/toolchain/avr8/avr8-gnu-toolchain/bin/../lib/gcc/avr/5.4.0/avr6\libgcc.a(_ctors.o)
 .text.libgcc.div
                0x0000445a        0x0 c:/atmel/studio/7.0/toolchain/avr8/avr8-gnu-toolchain/bin/../lib/gcc/avr/5.4.0/avr6\libgcc.a(_ctors.o)
 .text.libgcc   0x0000445a        0x0 c:/atmel/studio/7.0/toolchain/avr8/avr8-gnu-toolchain/bin/../lib/gcc/avr/5.4.0/avr6\libgcc.a(_ctors.o)
 .text.libgcc.prologue
                0x0000445a        0x0 c:/atmel/studio/7.0/toolchain/avr8/avr8-gnu-toolchain/bin/../lib/gcc/avr/5.4.0/avr6\libgcc.a(_ctors.o)
 .text.libgcc.builtins
                0x0000445a        0x0 c:/atmel/studio/7.0/toolchain/avr8/avr8-gnu-toolchain/bin/../lib/gcc/avr/5.4.0/avr6\libgcc.a(_ctors.o)
 .text.libgcc.fmul
                0x0000445a        0x0 c:/atmel/studio/7.0/toolchain/avr8/avr8-gnu-toolchain/bin/../lib/gcc/avr/5.4.0/avr6\libgcc.a(_ctors.o)
 .text.libgcc.fixed
                0x0000445a        0x0 c:/atmel/studio/7.0/toolchain/avr8/avr8-gnu-toolchain/bin/../lib/gcc/avr/5.4.0/avr6\libgcc.a(_ctors.o)
 .text.libgcc.mul
                0x0000445a       0x16 c:/atmel/studio/7.0/toolchain/avr8/avr8-gnu-toolchain/bin/../lib/gcc/avr/5.4.0/avr6\libgcc.a(_muluhisi3.o)
                0x0000445a                __muluhisi3
 .text.libgcc.div
                0x00004470        0x0 c:/atmel/studio/7.0/toolchain/avr8/avr8-gnu-toolchain/bin/../lib/gcc/avr/5.4.0/avr6\libgcc.a(_muluhisi3.o)
 .text.libgcc   0x00004470        0x0 c:/atmel/studio/7.0/toolchain/avr8/avr8-gnu-toolchain/bin/../lib/gcc/avr/5.4.0/avr6\libgcc.a(_muluhisi3.o)
 .text.libgcc.prologue
                0x00004470        0x0 c:/atmel/studio/7.0/toolchain/avr8/avr8-gnu-toolchain/bin/../lib/gcc/avr/5.4.0/avr6\libgcc.a(_muluhisi3.o)
 .text.libgcc.builtins
                0x00004470        0x0 c:/atmel/studio/7.0/toolchain/avr8/avr8-gnu-toolchain/bin/../lib/gcc/avr/5.4.0/avr6\libgcc.a(_muluhisi3.o)
 .text.libgcc.fmul
                0x00004470        0x0 c:/atmel/studio/7.0/toolchain/avr8/avr8-gnu-toolchain/bin/../lib/gcc/avr/5.4.0/avr6\libgcc.a(_muluhisi3.o)
 .text.libgcc.fixed
                0x00004470        0x0 c:/atmel/studio/7.0/toolchain/avr8/avr8-gnu-toolchain/bin/../lib/gcc/avr/5.4.0/avr6\libgcc.a(_muluhisi3.o)
 .text.libgcc.mul
                0x00004470       0x1e c:/atmel/studio/7.0/toolchain/avr8/avr8-gnu-toolchain/bin/../lib/gcc/avr/5.4.0/avr6\libgcc.a(_umulhisi3.o)
                0x00004470                __umulhisi3
 .text.libgcc.div
                0x0000448e        0x0 c:/atmel/studio/7.0/toolchain/avr8/avr8-gnu-toolchain/bin/../lib/gcc/avr/5.4.0/avr6\libgcc.a(_umulhisi3.o)
 .text.libgcc   0x0000448e        0x0 c:/atmel/studio/7.0/toolchain/avr8/avr8-gnu-toolchain/bin/../lib/gcc/avr/5.4.0/avr6\libgcc.a(_umulhisi3.o)
 .text.libgcc.prologue
                0x0000448e        0x0 c:/atmel/studio/7.0/toolchain/avr8/avr8-gnu-toolchain/bin/../lib/gcc/avr/5.4.0/avr6\libgcc.a(_umulhisi3.o)
 .text.libgcc.builtins
                0x0000448e        0x0 c:/atmel/studio/7.0/toolchain/avr8/avr8-gnu-toolchain/bin/../lib/gcc/avr/5.4.0/avr6\libgcc.a(_umulhisi3.o)
 .text.libgcc.fmul
                0x0000448e        0x0 c:/atmel/studio/7.0/toolchain/avr8/avr8-gnu-toolchain/bin/../lib/gcc/avr/5.4.0/avr6\libgcc.a(_umulhisi3.o)
 .text.libgcc.fixed
                0x0000448e        0x0 c:/atmel/studio/7.0/toolchain/avr8/avr8-gnu-toolchain/bin/../lib/gcc/avr/5.4.0/avr6\libgcc.a(_umulhisi3.o)
 .text.avr-libc.fplib
                0x0000448e        0xe c:/atmel/studio/7.0/toolchain/avr8/avr8-gnu-toolchain/bin/../lib/gcc/avr/5.4.0/../../../../avr/lib/avr6\libm.a(addsf3.o)
                0x0000448e                __subsf3
                0x00004490                __addsf3
 .text.avr-libc.fplib
                0x0000449c       0xcc c:/atmel/studio/7.0/toolchain/avr8/avr8-gnu-toolchain/bin/../lib/gcc/avr/5.4.0/../../../../avr/lib/avr6\libm.a(addsf3x.o)
                0x000044be                __addsf3x
 .text.avr-libc.fplib
                0x00004568        0xa c:/atmel/studio/7.0/toolchain/avr8/avr8-gnu-toolchain/bin/../lib/gcc/avr/5.4.0/../../../../avr/lib/avr6\libm.a(cmpsf2.o)
                0x00004568                __nesf2
                0x00004568                __eqsf2
                0x00004568                __cmpsf2
                0x00004568                __ltsf2
                0x00004568                __lesf2
 .text.avr-libc.fplib
                0x00004572        0x8 c:/atmel/studio/7.0/toolchain/avr8/avr8-gnu-toolchain/bin/../lib/gcc/avr/5.4.0/../../../../avr/lib/avr6\libm.a(divsf3.o)
                0x00004572                __divsf3
 .text.avr-libc.fplib
                0x0000457a       0xdc c:/atmel/studio/7.0/toolchain/avr8/avr8-gnu-toolchain/bin/../lib/gcc/avr/5.4.0/../../../../avr/lib/avr6\libm.a(divsf3x.o)
                0x0000459a                __divsf3x
                0x000045a0                __divsf3_pse
 .text.avr-libc.fplib
                0x00004656       0x5e c:/atmel/studio/7.0/toolchain/avr8/avr8-gnu-toolchain/bin/../lib/gcc/avr/5.4.0/../../../../avr/lib/avr6\libm.a(fixunssfsi.o)
                0x00004656                __fixunssfsi
 .text.avr-libc.fplib
                0x000046b4       0x7a c:/atmel/studio/7.0/toolchain/avr8/avr8-gnu-toolchain/bin/../lib/gcc/avr/5.4.0/../../../../avr/lib/avr6\libm.a(floatsisf.o)
                0x000046b4                __floatunsisf
                0x000046b8                __floatsisf
 .text.avr-libc.fplib
                0x0000472e       0x48 c:/atmel/studio/7.0/toolchain/avr8/avr8-gnu-toolchain/bin/../lib/gcc/avr/5.4.0/../../../../avr/lib/avr6\libm.a(fp_cmp.o)
                0x0000472e                __fp_cmp
 .text.avr-libc.fplib
                0x00004776        0xc c:/atmel/studio/7.0/toolchain/avr8/avr8-gnu-toolchain/bin/../lib/gcc/avr/5.4.0/../../../../avr/lib/avr6\libm.a(fp_inf.o)
                0x00004776                __fp_inf
 .text.avr-libc.fplib
                0x00004782        0x6 c:/atmel/studio/7.0/toolchain/avr8/avr8-gnu-toolchain/bin/../lib/gcc/avr/5.4.0/../../../../avr/lib/avr6\libm.a(fp_nan.o)
                0x00004782                __fp_nan
 .text.avr-libc.fplib
                0x00004788        0xe c:/atmel/studio/7.0/toolchain/avr8/avr8-gnu-toolchain/bin/../lib/gcc/avr/5.4.0/../../../../avr/lib/avr6\libm.a(fp_pscA.o)
                0x00004788                __fp_pscA
 .text.avr-libc.fplib
                0x00004796        0xe c:/atmel/studio/7.0/toolchain/avr8/avr8-gnu-toolchain/bin/../lib/gcc/avr/5.4.0/../../../../avr/lib/avr6\libm.a(fp_pscB.o)
                0x00004796                __fp_pscB
 .text.avr-libc.fplib
                0x000047a4       0x22 c:/atmel/studio/7.0/toolchain/avr8/avr8-gnu-toolchain/bin/../lib/gcc/avr/5.4.0/../../../../avr/lib/avr6\libm.a(fp_round.o)
                0x000047a4                __fp_round
 .text.avr-libc.fplib
                0x000047c6       0x44 c:/atmel/studio/7.0/toolchain/avr8/avr8-gnu-toolchain/bin/../lib/gcc/avr/5.4.0/../../../../avr/lib/avr6\libm.a(fp_split3.o)
                0x000047c6                __fp_split3
                0x000047d6                __fp_splitA
 .text.avr-libc.fplib
                0x0000480a        0xe c:/atmel/studio/7.0/toolchain/avr8/avr8-gnu-toolchain/bin/../lib/gcc/avr/5.4.0/../../../../avr/lib/avr6\libm.a(fp_zero.o)
                0x0000480a                __fp_zero
                0x0000480c                __fp_szero
 .text.avr-libc.fplib
                0x00004818        0xa c:/atmel/studio/7.0/toolchain/avr8/avr8-gnu-toolchain/bin/../lib/gcc/avr/5.4.0/../../../../avr/lib/avr6\libm.a(gesf2.o)
                0x00004818                __gesf2
                0x00004818                __gtsf2
 .text.avr-libc.fplib
                0x00004822        0x8 c:/atmel/studio/7.0/toolchain/avr8/avr8-gnu-toolchain/bin/../lib/gcc/avr/5.4.0/../../../../avr/lib/avr6\libm.a(mulsf3.o)
                0x00004822                __mulsf3
 .text.avr-libc.fplib
                0x0000482a       0xd2 c:/atmel/studio/7.0/toolchain/avr8/avr8-gnu-toolchain/bin/../lib/gcc/avr/5.4.0/../../../../avr/lib/avr6\libm.a(mulsf3x.o)
                0x00004848                __mulsf3x
                0x0000484e                __mulsf3_pse
 .text.avr-libc.fplib
                0x000048fc        0xa c:/atmel/studio/7.0/toolchain/avr8/avr8-gnu-toolchain/bin/../lib/gcc/avr/5.4.0/../../../../avr/lib/avr6\libm.a(unordsf2.o)
                0x000048fc                __unordsf2
 .text.avr-libc
                0x00004906       0x40 c:/atmel/studio/7.0/toolchain/avr8/avr8-gnu-toolchain/bin/../lib/gcc/avr/5.4.0/../../../../avr/lib/avr6\libc.a(dtostrf.o)
                0x00004906                dtostrf
 .text.avr-libc
                0x00004946      0x242 c:/atmel/studio/7.0/toolchain/avr8/avr8-gnu-toolchain/bin/../lib/gcc/avr/5.4.0/../../../../avr/lib/avr6\libc.a(malloc.o)
                0x00004946                malloc
                0x00004a76                free
 .text.avr-libc
                0x00004b88      0x144 c:/atmel/studio/7.0/toolchain/avr8/avr8-gnu-toolchain/bin/../lib/gcc/avr/5.4.0/../../../../avr/lib/avr6\libc.a(random.o)
                0x00004b88                random_r
                0x00004c1e                random
                0x00004cba                srandom
 .text.avr-libc
                0x00004ccc      0x1ca c:/atmel/studio/7.0/toolchain/avr8/avr8-gnu-toolchain/bin/../lib/gcc/avr/5.4.0/../../../../avr/lib/avr6\libc.a(realloc.o)
                0x00004ccc                realloc
 .text.avr-libc
                0x00004e96        0xa c:/atmel/studio/7.0/toolchain/avr8/avr8-gnu-toolchain/bin/../lib/gcc/avr/5.4.0/../../../../avr/lib/avr6\libc.a(abort.o)
                0x00004e96                abort
 .text.avr-libc
                0x00004ea0        0x8 c:/atmel/studio/7.0/toolchain/avr8/avr8-gnu-toolchain/bin/../lib/gcc/avr/5.4.0/../../../../avr/lib/avr6\libc.a(atof.o)
                0x00004ea0                atof
 .text.avr-libc
                0x00004ea8       0x4e c:/atmel/studio/7.0/toolchain/avr8/avr8-gnu-toolchain/bin/../lib/gcc/avr/5.4.0/../../../../avr/lib/avr6\libc.a(atol.o)
                0x00004ea8                atol
 .text.avr-libc
                0x00004ef6       0x12 c:/atmel/studio/7.0/toolchain/avr8/avr8-gnu-toolchain/bin/../lib/gcc/avr/5.4.0/../../../../avr/lib/avr6\libc.a(isspace.o)
                0x00004ef6                isspace
 .text.avr-libc
                0x00004f08       0x10 c:/atmel/studio/7.0/toolchain/avr8/avr8-gnu-toolchain/bin/../lib/gcc/avr/5.4.0/../../../../avr/lib/avr6\libc.a(tolower.o)
                0x00004f08                tolower
 .text.avr-libc
                0x00004f18       0x10 c:/atmel/studio/7.0/toolchain/avr8/avr8-gnu-toolchain/bin/../lib/gcc/avr/5.4.0/../../../../avr/lib/avr6\libc.a(toupper.o)
                0x00004f18                toupper
 .text.avr-libc
                0x00004f28        0xe c:/atmel/studio/7.0/toolchain/avr8/avr8-gnu-toolchain/bin/../lib/gcc/avr/5.4.0/../../../../avr/lib/avr6\libc.a(strcpy_P.o)
                0x00004f28                strcpy_P
 .text.avr-libc
                0x00004f36       0x12 c:/atmel/studio/7.0/toolchain/avr8/avr8-gnu-toolchain/bin/../lib/gcc/avr/5.4.0/../../../../avr/lib/avr6\libc.a(strlen_P.o)
                0x00004f36                __strlen_P
 .text.avr-libc
                0x00004f48       0x1a c:/atmel/studio/7.0/toolchain/avr8/avr8-gnu-toolchain/bin/../lib/gcc/avr/5.4.0/../../../../avr/lib/avr6\libc.a(memcmp.o)
                0x00004f48                memcmp
 .text.avr-libc
                0x00004f62       0x12 c:/atmel/studio/7.0/toolchain/avr8/avr8-gnu-toolchain/bin/../lib/gcc/avr/5.4.0/../../../../avr/lib/avr6\libc.a(memcpy.o)
                0x00004f62                memcpy
 .text.avr-libc
                0x00004f74       0x24 c:/atmel/studio/7.0/toolchain/avr8/avr8-gnu-toolchain/bin/../lib/gcc/avr/5.4.0/../../../../avr/lib/avr6\libc.a(memmove.o)
                0x00004f74                memmove
 .text.avr-libc
                0x00004f98       0x16 c:/atmel/studio/7.0/toolchain/avr8/avr8-gnu-toolchain/bin/../lib/gcc/avr/5.4.0/../../../../avr/lib/avr6\libc.a(strchr.o)
                0x00004f98                strchr
 .text.avr-libc
                0x00004fae       0x12 c:/atmel/studio/7.0/toolchain/avr8/avr8-gnu-toolchain/bin/../lib/gcc/avr/5.4.0/../../../../avr/lib/avr6\libc.a(strcmp.o)
                0x00004fae                strcmp
 .text.avr-libc
                0x00004fc0        0xe c:/atmel/studio/7.0/toolchain/avr8/avr8-gnu-toolchain/bin/../lib/gcc/avr/5.4.0/../../../../avr/lib/avr6\libc.a(strcpy.o)
                0x00004fc0                strcpy
 .text.avr-libc
                0x00004fce       0x1c c:/atmel/studio/7.0/toolchain/avr8/avr8-gnu-toolchain/bin/../lib/gcc/avr/5.4.0/../../../../avr/lib/avr6\libc.a(strncmp.o)
                0x00004fce                strncmp
 .text.avr-libc
                0x00004fea       0x1e c:/atmel/studio/7.0/toolchain/avr8/avr8-gnu-toolchain/bin/../lib/gcc/avr/5.4.0/../../../../avr/lib/avr6\libc.a(strncpy.o)
                0x00004fea                strncpy
 .text.avr-libc
                0x00005008       0x16 c:/atmel/studio/7.0/toolchain/avr8/avr8-gnu-toolchain/bin/../lib/gcc/avr/5.4.0/../../../../avr/lib/avr6\libc.a(strrchr.o)
                0x00005008                strrchr
 .text.avr-libc
                0x0000501e       0x34 c:/atmel/studio/7.0/toolchain/avr8/avr8-gnu-toolchain/bin/../lib/gcc/avr/5.4.0/../../../../avr/lib/avr6\libc.a(strstr.o)
                0x0000501e                strstr
 .text.avr-libc
                0x00005052       0x16 c:/atmel/studio/7.0/toolchain/avr8/avr8-gnu-toolchain/bin/../lib/gcc/avr/5.4.0/../../../../avr/lib/avr6\libc.a(itoa.o)
                0x00005052                __itoa
                0x00005052                itoa
 .text.avr-libc
                0x00005068       0x16 c:/atmel/studio/7.0/toolchain/avr8/avr8-gnu-toolchain/bin/../lib/gcc/avr/5.4.0/../../../../avr/lib/avr6\libc.a(itoa_ncheck.o)
                0x00005068                __itoa_ncheck
 .text.avr-libc
                0x0000507e       0x16 c:/atmel/studio/7.0/toolchain/avr8/avr8-gnu-toolchain/bin/../lib/gcc/avr/5.4.0/../../../../avr/lib/avr6\libc.a(ltoa.o)
                0x0000507e                ltoa
                0x0000507e                __ltoa
 .text.avr-libc
                0x00005094       0x1e c:/atmel/studio/7.0/toolchain/avr8/avr8-gnu-toolchain/bin/../lib/gcc/avr/5.4.0/../../../../avr/lib/avr6\libc.a(ltoa_ncheck.o)
                0x00005094                __ltoa_ncheck
 .text.avr-libc
                0x000050b2       0x2a c:/atmel/studio/7.0/toolchain/avr8/avr8-gnu-toolchain/bin/../lib/gcc/avr/5.4.0/../../../../avr/lib/avr6\libc.a(mulsi10.o)
                0x000050b2                __mulsi_const_10
 .text.avr-libc
                0x000050dc       0x16 c:/atmel/studio/7.0/toolchain/avr8/avr8-gnu-toolchain/bin/../lib/gcc/avr/5.4.0/../../../../avr/lib/avr6\libc.a(ultoa.o)
                0x000050dc                ultoa
                0x000050dc                __ultoa
 .text.avr-libc
                0x000050f2       0x44 c:/atmel/studio/7.0/toolchain/avr8/avr8-gnu-toolchain/bin/../lib/gcc/avr/5.4.0/../../../../avr/lib/avr6\libc.a(ultoa_ncheck.o)
                0x000050f2                __ultoa_ncheck
                0x000050f4                __ultoa_common
 .text.avr-libc
                0x00005136       0x16 c:/atmel/studio/7.0/toolchain/avr8/avr8-gnu-toolchain/bin/../lib/gcc/avr/5.4.0/../../../../avr/lib/avr6\libc.a(utoa.o)
                0x00005136                __utoa
                0x00005136                utoa
 .text.avr-libc
                0x0000514c       0x34 c:/atmel/studio/7.0/toolchain/avr8/avr8-gnu-toolchain/bin/../lib/gcc/avr/5.4.0/../../../../avr/lib/avr6\libc.a(utoa_ncheck.o)
                0x0000514c                __utoa_ncheck
                0x0000514e                __utoa_common
 .text.avr-libc
                0x00005180       0x28 c:/atmel/studio/7.0/toolchain/avr8/avr8-gnu-toolchain/bin/../lib/gcc/avr/5.4.0/../../../../avr/lib/avr6\libc.a(printf.o)
                0x00005180                printf
 .text.avr-libc
                0x000051a8      0x414 c:/atmel/studio/7.0/toolchain/avr8/avr8-gnu-toolchain/bin/../lib/gcc/avr/5.4.0/../../../../avr/lib/avr6\libc.a(vfprintf_std.o)
                0x000051a8                vfprintf
 .text.avr-libc
                0x000055bc      0x2ee c:/atmel/studio/7.0/toolchain/avr8/avr8-gnu-toolchain/bin/../lib/gcc/avr/5.4.0/../../../../avr/lib/avr6\libc.a(dtoa_prf.o)
                0x000055bc                dtoa_prf
 .text.avr-libc
                0x000058aa      0x2b8 c:/atmel/studio/7.0/toolchain/avr8/avr8-gnu-toolchain/bin/../lib/gcc/avr/5.4.0/../../../../avr/lib/avr6\libc.a(strtod.o)
                0x000058aa                strtod
 .text.avr-libc
                0x00005b62      0x1b0 c:/atmel/studio/7.0/toolchain/avr8/avr8-gnu-toolchain/bin/../lib/gcc/avr/5.4.0/../../../../avr/lib/avr6\libc.a(ftoa_engine.o)
                0x00005b62                __ftoa_engine
 .text.avr-libc
                0x00005d12        0x6 c:/atmel/studio/7.0/toolchain/avr8/avr8-gnu-toolchain/bin/../lib/gcc/avr/5.4.0/../../../../avr/lib/avr6\libc.a(cty_isfalse.o)
                0x00005d12                __ctype_isfalse
                0x00005d16                __ctype_istrue
 .text.avr-libc
                0x00005d18       0x30 c:/atmel/studio/7.0/toolchain/avr8/avr8-gnu-toolchain/bin/../lib/gcc/avr/5.4.0/../../../../avr/lib/avr6\libc.a(strncasecmp_P.o)
                0x00005d18                strncasecmp_P
 .text.avr-libc
                0x00005d48       0x16 c:/atmel/studio/7.0/toolchain/avr8/avr8-gnu-toolchain/bin/../lib/gcc/avr/5.4.0/../../../../avr/lib/avr6\libc.a(strnlen_P.o)
                0x00005d48                strnlen_P
 .text.avr-libc
                0x00005d5e       0x16 c:/atmel/studio/7.0/toolchain/avr8/avr8-gnu-toolchain/bin/../lib/gcc/avr/5.4.0/../../../../avr/lib/avr6\libc.a(strnlen.o)
                0x00005d5e                strnlen
 .text.avr-libc
                0x00005d74       0x20 c:/atmel/studio/7.0/toolchain/avr8/avr8-gnu-toolchain/bin/../lib/gcc/avr/5.4.0/../../../../avr/lib/avr6\libc.a(strrev.o)
                0x00005d74                strrev
 .text.avr-libc
                0x00005d94       0x78 c:/atmel/studio/7.0/toolchain/avr8/avr8-gnu-toolchain/bin/../lib/gcc/avr/5.4.0/../../../../avr/lib/avr6\libc.a(fputc.o)
                0x00005d94                fputc
 .text.avr-libc
                0x00005e0c       0xbc c:/atmel/studio/7.0/toolchain/avr8/avr8-gnu-toolchain/bin/../lib/gcc/avr/5.4.0/../../../../avr/lib/avr6\libc.a(ultoa_invert.o)
                0x00005e0c                __ultoa_invert
 .text.libgcc.mul
                0x00005ec8       0x10 c:/atmel/studio/7.0/toolchain/avr8/avr8-gnu-toolchain/bin/../lib/gcc/avr/5.4.0/avr6\libgcc.a(_mulshisi3.o)
                0x00005ec8                __mulshisi3
                0x00005ece                __mulohisi3
 .text.libgcc.div
                0x00005ed8        0x0 c:/atmel/studio/7.0/toolchain/avr8/avr8-gnu-toolchain/bin/../lib/gcc/avr/5.4.0/avr6\libgcc.a(_mulshisi3.o)
 .text.libgcc   0x00005ed8        0x0 c:/atmel/studio/7.0/toolchain/avr8/avr8-gnu-toolchain/bin/../lib/gcc/avr/5.4.0/avr6\libgcc.a(_mulshisi3.o)
 .text.libgcc.prologue
                0x00005ed8        0x0 c:/atmel/studio/7.0/toolchain/avr8/avr8-gnu-toolchain/bin/../lib/gcc/avr/5.4.0/avr6\libgcc.a(_mulshisi3.o)
 .text.libgcc.builtins
                0x00005ed8        0x0 c:/atmel/studio/7.0/toolchain/avr8/avr8-gnu-toolchain/bin/../lib/gcc/avr/5.4.0/avr6\libgcc.a(_mulshisi3.o)
 .text.libgcc.fmul
                0x00005ed8        0x0 c:/atmel/studio/7.0/toolchain/avr8/avr8-gnu-toolchain/bin/../lib/gcc/avr/5.4.0/avr6\libgcc.a(_mulshisi3.o)
 .text.libgcc.fixed
                0x00005ed8        0x0 c:/atmel/studio/7.0/toolchain/avr8/avr8-gnu-toolchain/bin/../lib/gcc/avr/5.4.0/avr6\libgcc.a(_mulshisi3.o)
                0x00005ed8                . = ALIGN (0x2)
 *(.fini9)
 .fini9         0x00005ed8        0x0 c:/atmel/studio/7.0/toolchain/avr8/avr8-gnu-toolchain/bin/../lib/gcc/avr/5.4.0/avr6\libgcc.a(_exit.o)
                0x00005ed8                _exit
                0x00005ed8                exit
 *(.fini9)
 *(.fini8)
 *(.fini8)
 *(.fini7)
 *(.fini7)
 *(.fini6)
 *(.fini6)
 *(.fini5)
 *(.fini5)
 *(.fini4)
 *(.fini4)
 *(.fini3)
 *(.fini3)
 *(.fini2)
 *(.fini2)
 *(.fini1)
 *(.fini1)
 *(.fini0)
 .fini0         0x00005ed8        0x4 c:/atmel/studio/7.0/toolchain/avr8/avr8-gnu-toolchain/bin/../lib/gcc/avr/5.4.0/avr6\libgcc.a(_exit.o)
 *(.fini0)
                0x00005edc                _etext = .

.data           0x00800200       0x54 load address 0x00005edc
                0x00800200                PROVIDE (__data_start, .)
 *(.data)
 .data          0x00800200        0x0 c:/atmel/studio/7.0/toolchain/avr8/avr8-gnu-toolchain/bin/../lib/gcc/avr/5.4.0/../../../../avr/lib/avr6/crtatmega2560.o
 .data          0x00800200        0x0 obj\Release\arduino\abi.o
 .data          0x00800200        0x0 obj\Release\arduino\CDC.o
 .data          0x00800200        0x0 obj\Release\arduino\HardwareSerial.o
 .data          0x00800200        0x0 obj\Release\arduino\HardwareSerial0.o
 .data          0x00800200        0x0 obj\Release\arduino\HardwareSerial1.o
 .data          0x00800200        0x0 obj\Release\arduino\HardwareSerial2.o
 .data          0x00800200        0x0 obj\Release\arduino\HardwareSerial3.o
 .data          0x00800200        0x0 obj\Release\arduino\hooks.o
 .data          0x00800200        0x0 obj\Release\arduino\IPAddress.o
 .data          0x00800200        0x0 obj\Release\arduino\main.o
 .data          0x00800200        0x0 obj\Release\arduino\new.o
 .data          0x00800200        0x0 obj\Release\arduino\PluggableUSB.o
 .data          0x00800200        0x0 obj\Release\arduino\Print.o
 .data          0x00800200        0x0 obj\Release\arduino\Stream.o
 .data          0x00800200        0x1 obj\Release\arduino\Tone.o
 .data          0x00800201        0x0 obj\Release\arduino\USBCore.o
 .data          0x00800201       0x10 obj\Release\arduino\WInterrupts.o
 .data          0x00800211        0x0 obj\Release\arduino\wiring.o
 .data          0x00800211        0x1 obj\Release\arduino\wiring_analog.o
                0x00800211                analog_reference
 .data          0x00800212        0x0 obj\Release\arduino\wiring_digital.o
 .data          0x00800212        0x0 obj\Release\arduino\wiring_pulse.o
 .data          0x00800212        0x0 obj\Release\arduino\wiring_shift.o
 .data          0x00800212        0x0 obj\Release\arduino\WMath.o
 .data          0x00800212        0x0 obj\Release\arduino\WString.o
 .data          0x00800212        0x0 obj\Release\HWInputs.o
 .data          0x00800212        0x0 obj\Release\HWOutputs.o
 .data          0x00800212        0x1 obj\Release\Logic.o
                0x00800212                input
 .data          0x00800213        0x0 obj\Release\SmartHome.o
 .data          0x00800213        0x0 obj\Release\SWInputs.o
 .data          0x00800213        0x0 obj\Release\SWOutputs.o
 .data          0x00800213        0x0 c:/atmel/studio/7.0/toolchain/avr8/avr8-gnu-toolchain/bin/../lib/gcc/avr/5.4.0/avr6\libgcc.a(_mulsi3.o)
 .data          0x00800213        0x0 c:/atmel/studio/7.0/toolchain/avr8/avr8-gnu-toolchain/bin/../lib/gcc/avr/5.4.0/avr6\libgcc.a(_udivmodsi4.o)
 .data          0x00800213        0x0 c:/atmel/studio/7.0/toolchain/avr8/avr8-gnu-toolchain/bin/../lib/gcc/avr/5.4.0/avr6\libgcc.a(_divmodsi4.o)
 .data          0x00800213        0x0 c:/atmel/studio/7.0/toolchain/avr8/avr8-gnu-toolchain/bin/../lib/gcc/avr/5.4.0/avr6\libgcc.a(_negsi2.o)
 .data          0x00800213        0x0 c:/atmel/studio/7.0/toolchain/avr8/avr8-gnu-toolchain/bin/../lib/gcc/avr/5.4.0/avr6\libgcc.a(_exit.o)
 .data          0x00800213        0x0 c:/atmel/studio/7.0/toolchain/avr8/avr8-gnu-toolchain/bin/../lib/gcc/avr/5.4.0/avr6\libgcc.a(_tablejump2.o)
 .data          0x00800213        0x0 c:/atmel/studio/7.0/toolchain/avr8/avr8-gnu-toolchain/bin/../lib/gcc/avr/5.4.0/avr6\libgcc.a(_copy_data.o)
 .data          0x00800213        0x0 c:/atmel/studio/7.0/toolchain/avr8/avr8-gnu-toolchain/bin/../lib/gcc/avr/5.4.0/avr6\libgcc.a(_clear_bss.o)
 .data          0x00800213        0x0 c:/atmel/studio/7.0/toolchain/avr8/avr8-gnu-toolchain/bin/../lib/gcc/avr/5.4.0/avr6\libgcc.a(_ctors.o)
 .data          0x00800213        0x0 c:/atmel/studio/7.0/toolchain/avr8/avr8-gnu-toolchain/bin/../lib/gcc/avr/5.4.0/avr6\libgcc.a(_muluhisi3.o)
 .data          0x00800213        0x0 c:/atmel/studio/7.0/toolchain/avr8/avr8-gnu-toolchain/bin/../lib/gcc/avr/5.4.0/avr6\libgcc.a(_umulhisi3.o)
 .data          0x00800213        0x0 c:/atmel/studio/7.0/toolchain/avr8/avr8-gnu-toolchain/bin/../lib/gcc/avr/5.4.0/../../../../avr/lib/avr6\libm.a(addsf3.o)
 .data          0x00800213        0x0 c:/atmel/studio/7.0/toolchain/avr8/avr8-gnu-toolchain/bin/../lib/gcc/avr/5.4.0/../../../../avr/lib/avr6\libm.a(addsf3x.o)
 .data          0x00800213        0x0 c:/atmel/studio/7.0/toolchain/avr8/avr8-gnu-toolchain/bin/../lib/gcc/avr/5.4.0/../../../../avr/lib/avr6\libm.a(cmpsf2.o)
 .data          0x00800213        0x0 c:/atmel/studio/7.0/toolchain/avr8/avr8-gnu-toolchain/bin/../lib/gcc/avr/5.4.0/../../../../avr/lib/avr6\libm.a(divsf3.o)
 .data          0x00800213        0x0 c:/atmel/studio/7.0/toolchain/avr8/avr8-gnu-toolchain/bin/../lib/gcc/avr/5.4.0/../../../../avr/lib/avr6\libm.a(divsf3x.o)
 .data          0x00800213        0x0 c:/atmel/studio/7.0/toolchain/avr8/avr8-gnu-toolchain/bin/../lib/gcc/avr/5.4.0/../../../../avr/lib/avr6\libm.a(fixunssfsi.o)
 .data          0x00800213        0x0 c:/atmel/studio/7.0/toolchain/avr8/avr8-gnu-toolchain/bin/../lib/gcc/avr/5.4.0/../../../../avr/lib/avr6\libm.a(floatsisf.o)
 .data          0x00800213        0x0 c:/atmel/studio/7.0/toolchain/avr8/avr8-gnu-toolchain/bin/../lib/gcc/avr/5.4.0/../../../../avr/lib/avr6\libm.a(fp_cmp.o)
 .data          0x00800213        0x0 c:/atmel/studio/7.0/toolchain/avr8/avr8-gnu-toolchain/bin/../lib/gcc/avr/5.4.0/../../../../avr/lib/avr6\libm.a(fp_inf.o)
 .data          0x00800213        0x0 c:/atmel/studio/7.0/toolchain/avr8/avr8-gnu-toolchain/bin/../lib/gcc/avr/5.4.0/../../../../avr/lib/avr6\libm.a(fp_nan.o)
 .data          0x00800213        0x0 c:/atmel/studio/7.0/toolchain/avr8/avr8-gnu-toolchain/bin/../lib/gcc/avr/5.4.0/../../../../avr/lib/avr6\libm.a(fp_pscA.o)
 .data          0x00800213        0x0 c:/atmel/studio/7.0/toolchain/avr8/avr8-gnu-toolchain/bin/../lib/gcc/avr/5.4.0/../../../../avr/lib/avr6\libm.a(fp_pscB.o)
 .data          0x00800213        0x0 c:/atmel/studio/7.0/toolchain/avr8/avr8-gnu-toolchain/bin/../lib/gcc/avr/5.4.0/../../../../avr/lib/avr6\libm.a(fp_round.o)
 .data          0x00800213        0x0 c:/atmel/studio/7.0/toolchain/avr8/avr8-gnu-toolchain/bin/../lib/gcc/avr/5.4.0/../../../../avr/lib/avr6\libm.a(fp_split3.o)
 .data          0x00800213        0x0 c:/atmel/studio/7.0/toolchain/avr8/avr8-gnu-toolchain/bin/../lib/gcc/avr/5.4.0/../../../../avr/lib/avr6\libm.a(fp_zero.o)
 .data          0x00800213        0x0 c:/atmel/studio/7.0/toolchain/avr8/avr8-gnu-toolchain/bin/../lib/gcc/avr/5.4.0/../../../../avr/lib/avr6\libm.a(gesf2.o)
 .data          0x00800213        0x0 c:/atmel/studio/7.0/toolchain/avr8/avr8-gnu-toolchain/bin/../lib/gcc/avr/5.4.0/../../../../avr/lib/avr6\libm.a(mulsf3.o)
 .data          0x00800213        0x0 c:/atmel/studio/7.0/toolchain/avr8/avr8-gnu-toolchain/bin/../lib/gcc/avr/5.4.0/../../../../avr/lib/avr6\libm.a(mulsf3x.o)
 .data          0x00800213        0x0 c:/atmel/studio/7.0/toolchain/avr8/avr8-gnu-toolchain/bin/../lib/gcc/avr/5.4.0/../../../../avr/lib/avr6\libm.a(unordsf2.o)
 .data          0x00800213        0x0 c:/atmel/studio/7.0/toolchain/avr8/avr8-gnu-toolchain/bin/../lib/gcc/avr/5.4.0/../../../../avr/lib/avr6\libc.a(dtostrf.o)
 .data          0x00800213        0x6 c:/atmel/studio/7.0/toolchain/avr8/avr8-gnu-toolchain/bin/../lib/gcc/avr/5.4.0/../../../../avr/lib/avr6\libc.a(malloc.o)
                0x00800213                __malloc_heap_end
                0x00800215                __malloc_heap_start
                0x00800217                __malloc_margin
 .data          0x00800219        0x4 c:/atmel/studio/7.0/toolchain/avr8/avr8-gnu-toolchain/bin/../lib/gcc/avr/5.4.0/../../../../avr/lib/avr6\libc.a(random.o)
 .data          0x0080021d        0x0 c:/atmel/studio/7.0/toolchain/avr8/avr8-gnu-toolchain/bin/../lib/gcc/avr/5.4.0/../../../../avr/lib/avr6\libc.a(realloc.o)
 .data          0x0080021d        0x0 c:/atmel/studio/7.0/toolchain/avr8/avr8-gnu-toolchain/bin/../lib/gcc/avr/5.4.0/../../../../avr/lib/avr6\libc.a(abort.o)
 .data          0x0080021d        0x0 c:/atmel/studio/7.0/toolchain/avr8/avr8-gnu-toolchain/bin/../lib/gcc/avr/5.4.0/../../../../avr/lib/avr6\libc.a(atof.o)
 .data          0x0080021d        0x0 c:/atmel/studio/7.0/toolchain/avr8/avr8-gnu-toolchain/bin/../lib/gcc/avr/5.4.0/../../../../avr/lib/avr6\libc.a(atol.o)
 .data          0x0080021d        0x0 c:/atmel/studio/7.0/toolchain/avr8/avr8-gnu-toolchain/bin/../lib/gcc/avr/5.4.0/../../../../avr/lib/avr6\libc.a(isspace.o)
 .data          0x0080021d        0x0 c:/atmel/studio/7.0/toolchain/avr8/avr8-gnu-toolchain/bin/../lib/gcc/avr/5.4.0/../../../../avr/lib/avr6\libc.a(tolower.o)
 .data          0x0080021d        0x0 c:/atmel/studio/7.0/toolchain/avr8/avr8-gnu-toolchain/bin/../lib/gcc/avr/5.4.0/../../../../avr/lib/avr6\libc.a(toupper.o)
 .data          0x0080021d        0x0 c:/atmel/studio/7.0/toolchain/avr8/avr8-gnu-toolchain/bin/../lib/gcc/avr/5.4.0/../../../../avr/lib/avr6\libc.a(strcpy_P.o)
 .data          0x0080021d        0x0 c:/atmel/studio/7.0/toolchain/avr8/avr8-gnu-toolchain/bin/../lib/gcc/avr/5.4.0/../../../../avr/lib/avr6\libc.a(strlen_P.o)
 .data          0x0080021d        0x0 c:/atmel/studio/7.0/toolchain/avr8/avr8-gnu-toolchain/bin/../lib/gcc/avr/5.4.0/../../../../avr/lib/avr6\libc.a(memcmp.o)
 .data          0x0080021d        0x0 c:/atmel/studio/7.0/toolchain/avr8/avr8-gnu-toolchain/bin/../lib/gcc/avr/5.4.0/../../../../avr/lib/avr6\libc.a(memcpy.o)
 .data          0x0080021d        0x0 c:/atmel/studio/7.0/toolchain/avr8/avr8-gnu-toolchain/bin/../lib/gcc/avr/5.4.0/../../../../avr/lib/avr6\libc.a(memmove.o)
 .data          0x0080021d        0x0 c:/atmel/studio/7.0/toolchain/avr8/avr8-gnu-toolchain/bin/../lib/gcc/avr/5.4.0/../../../../avr/lib/avr6\libc.a(strchr.o)
 .data          0x0080021d        0x0 c:/atmel/studio/7.0/toolchain/avr8/avr8-gnu-toolchain/bin/../lib/gcc/avr/5.4.0/../../../../avr/lib/avr6\libc.a(strcmp.o)
 .data          0x0080021d        0x0 c:/atmel/studio/7.0/toolchain/avr8/avr8-gnu-toolchain/bin/../lib/gcc/avr/5.4.0/../../../../avr/lib/avr6\libc.a(strcpy.o)
 .data          0x0080021d        0x0 c:/atmel/studio/7.0/toolchain/avr8/avr8-gnu-toolchain/bin/../lib/gcc/avr/5.4.0/../../../../avr/lib/avr6\libc.a(strncmp.o)
 .data          0x0080021d        0x0 c:/atmel/studio/7.0/toolchain/avr8/avr8-gnu-toolchain/bin/../lib/gcc/avr/5.4.0/../../../../avr/lib/avr6\libc.a(strncpy.o)
 .data          0x0080021d        0x0 c:/atmel/studio/7.0/toolchain/avr8/avr8-gnu-toolchain/bin/../lib/gcc/avr/5.4.0/../../../../avr/lib/avr6\libc.a(strrchr.o)
 .data          0x0080021d        0x0 c:/atmel/studio/7.0/toolchain/avr8/avr8-gnu-toolchain/bin/../lib/gcc/avr/5.4.0/../../../../avr/lib/avr6\libc.a(strstr.o)
 .data          0x0080021d        0x0 c:/atmel/studio/7.0/toolchain/avr8/avr8-gnu-toolchain/bin/../lib/gcc/avr/5.4.0/../../../../avr/lib/avr6\libc.a(itoa.o)
 .data          0x0080021d        0x0 c:/atmel/studio/7.0/toolchain/avr8/avr8-gnu-toolchain/bin/../lib/gcc/avr/5.4.0/../../../../avr/lib/avr6\libc.a(itoa_ncheck.o)
 .data          0x0080021d        0x0 c:/atmel/studio/7.0/toolchain/avr8/avr8-gnu-toolchain/bin/../lib/gcc/avr/5.4.0/../../../../avr/lib/avr6\libc.a(ltoa.o)
 .data          0x0080021d        0x0 c:/atmel/studio/7.0/toolchain/avr8/avr8-gnu-toolchain/bin/../lib/gcc/avr/5.4.0/../../../../avr/lib/avr6\libc.a(ltoa_ncheck.o)
 .data          0x0080021d        0x0 c:/atmel/studio/7.0/toolchain/avr8/avr8-gnu-toolchain/bin/../lib/gcc/avr/5.4.0/../../../../avr/lib/avr6\libc.a(mulsi10.o)
 .data          0x0080021d        0x0 c:/atmel/studio/7.0/toolchain/avr8/avr8-gnu-toolchain/bin/../lib/gcc/avr/5.4.0/../../../../avr/lib/avr6\libc.a(ultoa.o)
 .data          0x0080021d        0x0 c:/atmel/studio/7.0/toolchain/avr8/avr8-gnu-toolchain/bin/../lib/gcc/avr/5.4.0/../../../../avr/lib/avr6\libc.a(ultoa_ncheck.o)
 .data          0x0080021d        0x0 c:/atmel/studio/7.0/toolchain/avr8/avr8-gnu-toolchain/bin/../lib/gcc/avr/5.4.0/../../../../avr/lib/avr6\libc.a(utoa.o)
 .data          0x0080021d        0x0 c:/atmel/studio/7.0/toolchain/avr8/avr8-gnu-toolchain/bin/../lib/gcc/avr/5.4.0/../../../../avr/lib/avr6\libc.a(utoa_ncheck.o)
 .data          0x0080021d        0x0 c:/atmel/studio/7.0/toolchain/avr8/avr8-gnu-toolchain/bin/../lib/gcc/avr/5.4.0/../../../../avr/lib/avr6\libc.a(printf.o)
 .data          0x0080021d        0x0 c:/atmel/studio/7.0/toolchain/avr8/avr8-gnu-toolchain/bin/../lib/gcc/avr/5.4.0/../../../../avr/lib/avr6\libc.a(vfprintf_std.o)
 .data          0x0080021d        0x0 c:/atmel/studio/7.0/toolchain/avr8/avr8-gnu-toolchain/bin/../lib/gcc/avr/5.4.0/../../../../avr/lib/avr6\libc.a(dtoa_prf.o)
 .data          0x0080021d        0x0 c:/atmel/studio/7.0/toolchain/avr8/avr8-gnu-toolchain/bin/../lib/gcc/avr/5.4.0/../../../../avr/lib/avr6\libc.a(strtod.o)
 .data          0x0080021d        0x0 c:/atmel/studio/7.0/toolchain/avr8/avr8-gnu-toolchain/bin/../lib/gcc/avr/5.4.0/../../../../avr/lib/avr6\libc.a(ftoa_engine.o)
 .data          0x0080021d        0x0 c:/atmel/studio/7.0/toolchain/avr8/avr8-gnu-toolchain/bin/../lib/gcc/avr/5.4.0/../../../../avr/lib/avr6\libc.a(cty_isfalse.o)
 .data          0x0080021d        0x0 c:/atmel/studio/7.0/toolchain/avr8/avr8-gnu-toolchain/bin/../lib/gcc/avr/5.4.0/../../../../avr/lib/avr6\libc.a(strncasecmp_P.o)
 .data          0x0080021d        0x0 c:/atmel/studio/7.0/toolchain/avr8/avr8-gnu-toolchain/bin/../lib/gcc/avr/5.4.0/../../../../avr/lib/avr6\libc.a(strnlen_P.o)
 .data          0x0080021d        0x0 c:/atmel/studio/7.0/toolchain/avr8/avr8-gnu-toolchain/bin/../lib/gcc/avr/5.4.0/../../../../avr/lib/avr6\libc.a(strnlen.o)
 .data          0x0080021d        0x0 c:/atmel/studio/7.0/toolchain/avr8/avr8-gnu-toolchain/bin/../lib/gcc/avr/5.4.0/../../../../avr/lib/avr6\libc.a(strrev.o)
 .data          0x0080021d        0x0 c:/atmel/studio/7.0/toolchain/avr8/avr8-gnu-toolchain/bin/../lib/gcc/avr/5.4.0/../../../../avr/lib/avr6\libc.a(fputc.o)
 .data          0x0080021d        0x0 c:/atmel/studio/7.0/toolchain/avr8/avr8-gnu-toolchain/bin/../lib/gcc/avr/5.4.0/../../../../avr/lib/avr6\libc.a(iob.o)
 .data          0x0080021d        0x0 c:/atmel/studio/7.0/toolchain/avr8/avr8-gnu-toolchain/bin/../lib/gcc/avr/5.4.0/../../../../avr/lib/avr6\libc.a(ultoa_invert.o)
 .data          0x0080021d        0x0 c:/atmel/studio/7.0/toolchain/avr8/avr8-gnu-toolchain/bin/../lib/gcc/avr/5.4.0/../../../../avr/lib/avr6\libc.a(errno.o)
 .data          0x0080021d        0x0 c:/atmel/studio/7.0/toolchain/avr8/avr8-gnu-toolchain/bin/../lib/gcc/avr/5.4.0/avr6\libgcc.a(_mulshisi3.o)
 *(.data*)
 *(.gnu.linkonce.d*)
 *(.rodata)
 *(.rodata*)
 .rodata._ZTV14HardwareSerial
                0x0080021d       0x12 obj\Release\arduino\HardwareSerial.o
                0x0080021d                _ZTV14HardwareSerial
 .rodata._ZTV9IPAddress
                0x0080022f        0x6 obj\Release\arduino\IPAddress.o
                0x0080022f                _ZTV9IPAddress
 .rodata.str1.1
                0x00800235        0xf obj\Release\arduino\Print.o
 .rodata._ZTV5Print
                0x00800244        0xc obj\Release\arduino\Print.o
                0x00800244                _ZTV5Print
 .rodata.str1.1
                0x00800250        0xf obj\Release\arduino\Stream.o
                                  0x1 (size before relaxing)
 .rodata.str1.1
                0x00800250        0x1 obj\Release\arduino\WString.o
 .rodata.str1.1
                0x00800250        0x4 obj\Release\SWOutputs.o
 *(.gnu.linkonce.r*)
                0x00800260                . = ALIGN (0x2)
                0x00800260                _edata = .
                0x00800260                PROVIDE (__data_end, .)

.bss            0x00800254      0x2b4
                0x00800254                PROVIDE (__bss_start, .)
 *(.bss)
 .bss           0x00800254        0x0 c:/atmel/studio/7.0/toolchain/avr8/avr8-gnu-toolchain/bin/../lib/gcc/avr/5.4.0/../../../../avr/lib/avr6/crtatmega2560.o
 .bss           0x00800254        0x0 obj\Release\arduino\abi.o
 .bss           0x00800254        0x0 obj\Release\arduino\CDC.o
 .bss           0x00800254        0x0 obj\Release\arduino\HardwareSerial.o
 .bss           0x00800254       0x9d obj\Release\arduino\HardwareSerial0.o
                0x00800254                Serial
 .bss           0x008002f1       0x9d obj\Release\arduino\HardwareSerial1.o
                0x008002f1                Serial1
 .bss           0x0080038e       0x9d obj\Release\arduino\HardwareSerial2.o
                0x0080038e                Serial2
 .bss           0x0080042b       0x9d obj\Release\arduino\HardwareSerial3.o
                0x0080042b                Serial3
 .bss           0x008004c8        0x0 obj\Release\arduino\hooks.o
 .bss           0x008004c8        0x0 obj\Release\arduino\IPAddress.o
 .bss           0x008004c8        0x0 obj\Release\arduino\main.o
 .bss           0x008004c8        0x0 obj\Release\arduino\new.o
 .bss           0x008004c8        0x0 obj\Release\arduino\PluggableUSB.o
 .bss           0x008004c8        0x0 obj\Release\arduino\Print.o
 .bss           0x008004c8        0x0 obj\Release\arduino\Stream.o
 .bss           0x008004c8       0x2a obj\Release\arduino\Tone.o
                0x008004c8                timer5_pin_mask
                0x008004c9                timer5_pin_port
                0x008004cb                timer5_toggle_count
                0x008004cf                timer4_pin_mask
                0x008004d0                timer4_pin_port
                0x008004d2                timer4_toggle_count
                0x008004d6                timer3_pin_mask
                0x008004d7                timer3_pin_port
                0x008004d9                timer3_toggle_count
                0x008004dd                timer2_pin_mask
                0x008004de                timer2_pin_port
                0x008004e0                timer2_toggle_count
                0x008004e4                timer1_pin_mask
                0x008004e5                timer1_pin_port
                0x008004e7                timer1_toggle_count
                0x008004eb                timer0_pin_mask
                0x008004ec                timer0_pin_port
                0x008004ee                timer0_toggle_count
 .bss           0x008004f2        0x0 obj\Release\arduino\USBCore.o
 .bss           0x008004f2        0x0 obj\Release\arduino\WInterrupts.o
 .bss           0x008004f2        0x9 obj\Release\arduino\wiring.o
                0x008004f2                timer0_millis
                0x008004f6                timer0_overflow_count
 .bss           0x008004fb        0x0 obj\Release\arduino\wiring_analog.o
 .bss           0x008004fb        0x0 obj\Release\arduino\wiring_digital.o
 .bss           0x008004fb        0x0 obj\Release\arduino\wiring_pulse.o
 .bss           0x008004fb        0x0 obj\Release\arduino\wiring_shift.o
 .bss           0x008004fb        0x0 obj\Release\arduino\WMath.o
 .bss           0x008004fb        0x1 obj\Release\arduino\WString.o
 .bss           0x008004fc        0x0 obj\Release\HWInputs.o
 .bss           0x008004fc        0x0 obj\Release\HWOutputs.o
 .bss           0x008004fc        0x0 obj\Release\Logic.o
 .bss           0x008004fc        0x0 obj\Release\SmartHome.o
 .bss           0x008004fc        0x0 obj\Release\SWInputs.o
 .bss           0x008004fc        0x0 obj\Release\SWOutputs.o
 .bss           0x008004fc        0x0 c:/atmel/studio/7.0/toolchain/avr8/avr8-gnu-toolchain/bin/../lib/gcc/avr/5.4.0/avr6\libgcc.a(_mulsi3.o)
 .bss           0x008004fc        0x0 c:/atmel/studio/7.0/toolchain/avr8/avr8-gnu-toolchain/bin/../lib/gcc/avr/5.4.0/avr6\libgcc.a(_udivmodsi4.o)
 .bss           0x008004fc        0x0 c:/atmel/studio/7.0/toolchain/avr8/avr8-gnu-toolchain/bin/../lib/gcc/avr/5.4.0/avr6\libgcc.a(_divmodsi4.o)
 .bss           0x008004fc        0x0 c:/atmel/studio/7.0/toolchain/avr8/avr8-gnu-toolchain/bin/../lib/gcc/avr/5.4.0/avr6\libgcc.a(_negsi2.o)
 .bss           0x008004fc        0x0 c:/atmel/studio/7.0/toolchain/avr8/avr8-gnu-toolchain/bin/../lib/gcc/avr/5.4.0/avr6\libgcc.a(_exit.o)
 .bss           0x008004fc        0x0 c:/atmel/studio/7.0/toolchain/avr8/avr8-gnu-toolchain/bin/../lib/gcc/avr/5.4.0/avr6\libgcc.a(_tablejump2.o)
 .bss           0x008004fc        0x0 c:/atmel/studio/7.0/toolchain/avr8/avr8-gnu-toolchain/bin/../lib/gcc/avr/5.4.0/avr6\libgcc.a(_copy_data.o)
 .bss           0x008004fc        0x0 c:/atmel/studio/7.0/toolchain/avr8/avr8-gnu-toolchain/bin/../lib/gcc/avr/5.4.0/avr6\libgcc.a(_clear_bss.o)
 .bss           0x008004fc        0x0 c:/atmel/studio/7.0/toolchain/avr8/avr8-gnu-toolchain/bin/../lib/gcc/avr/5.4.0/avr6\libgcc.a(_ctors.o)
 .bss           0x008004fc        0x0 c:/atmel/studio/7.0/toolchain/avr8/avr8-gnu-toolchain/bin/../lib/gcc/avr/5.4.0/avr6\libgcc.a(_muluhisi3.o)
 .bss           0x008004fc        0x0 c:/atmel/studio/7.0/toolchain/avr8/avr8-gnu-toolchain/bin/../lib/gcc/avr/5.4.0/avr6\libgcc.a(_umulhisi3.o)
 .bss           0x008004fc        0x0 c:/atmel/studio/7.0/toolchain/avr8/avr8-gnu-toolchain/bin/../lib/gcc/avr/5.4.0/../../../../avr/lib/avr6\libm.a(addsf3.o)
 .bss           0x008004fc        0x0 c:/atmel/studio/7.0/toolchain/avr8/avr8-gnu-toolchain/bin/../lib/gcc/avr/5.4.0/../../../../avr/lib/avr6\libm.a(addsf3x.o)
 .bss           0x008004fc        0x0 c:/atmel/studio/7.0/toolchain/avr8/avr8-gnu-toolchain/bin/../lib/gcc/avr/5.4.0/../../../../avr/lib/avr6\libm.a(cmpsf2.o)
 .bss           0x008004fc        0x0 c:/atmel/studio/7.0/toolchain/avr8/avr8-gnu-toolchain/bin/../lib/gcc/avr/5.4.0/../../../../avr/lib/avr6\libm.a(divsf3.o)
 .bss           0x008004fc        0x0 c:/atmel/studio/7.0/toolchain/avr8/avr8-gnu-toolchain/bin/../lib/gcc/avr/5.4.0/../../../../avr/lib/avr6\libm.a(divsf3x.o)
 .bss           0x008004fc        0x0 c:/atmel/studio/7.0/toolchain/avr8/avr8-gnu-toolchain/bin/../lib/gcc/avr/5.4.0/../../../../avr/lib/avr6\libm.a(fixunssfsi.o)
 .bss           0x008004fc        0x0 c:/atmel/studio/7.0/toolchain/avr8/avr8-gnu-toolchain/bin/../lib/gcc/avr/5.4.0/../../../../avr/lib/avr6\libm.a(floatsisf.o)
 .bss           0x008004fc        0x0 c:/atmel/studio/7.0/toolchain/avr8/avr8-gnu-toolchain/bin/../lib/gcc/avr/5.4.0/../../../../avr/lib/avr6\libm.a(fp_cmp.o)
 .bss           0x008004fc        0x0 c:/atmel/studio/7.0/toolchain/avr8/avr8-gnu-toolchain/bin/../lib/gcc/avr/5.4.0/../../../../avr/lib/avr6\libm.a(fp_inf.o)
 .bss           0x008004fc        0x0 c:/atmel/studio/7.0/toolchain/avr8/avr8-gnu-toolchain/bin/../lib/gcc/avr/5.4.0/../../../../avr/lib/avr6\libm.a(fp_nan.o)
 .bss           0x008004fc        0x0 c:/atmel/studio/7.0/toolchain/avr8/avr8-gnu-toolchain/bin/../lib/gcc/avr/5.4.0/../../../../avr/lib/avr6\libm.a(fp_pscA.o)
 .bss           0x008004fc        0x0 c:/atmel/studio/7.0/toolchain/avr8/avr8-gnu-toolchain/bin/../lib/gcc/avr/5.4.0/../../../../avr/lib/avr6\libm.a(fp_pscB.o)
 .bss           0x008004fc        0x0 c:/atmel/studio/7.0/toolchain/avr8/avr8-gnu-toolchain/bin/../lib/gcc/avr/5.4.0/../../../../avr/lib/avr6\libm.a(fp_round.o)
 .bss           0x008004fc        0x0 c:/atmel/studio/7.0/toolchain/avr8/avr8-gnu-toolchain/bin/../lib/gcc/avr/5.4.0/../../../../avr/lib/avr6\libm.a(fp_split3.o)
 .bss           0x008004fc        0x0 c:/atmel/studio/7.0/toolchain/avr8/avr8-gnu-toolchain/bin/../lib/gcc/avr/5.4.0/../../../../avr/lib/avr6\libm.a(fp_zero.o)
 .bss           0x008004fc        0x0 c:/atmel/studio/7.0/toolchain/avr8/avr8-gnu-toolchain/bin/../lib/gcc/avr/5.4.0/../../../../avr/lib/avr6\libm.a(gesf2.o)
 .bss           0x008004fc        0x0 c:/atmel/studio/7.0/toolchain/avr8/avr8-gnu-toolchain/bin/../lib/gcc/avr/5.4.0/../../../../avr/lib/avr6\libm.a(mulsf3.o)
 .bss           0x008004fc        0x0 c:/atmel/studio/7.0/toolchain/avr8/avr8-gnu-toolchain/bin/../lib/gcc/avr/5.4.0/../../../../avr/lib/avr6\libm.a(mulsf3x.o)
 .bss           0x008004fc        0x0 c:/atmel/studio/7.0/toolchain/avr8/avr8-gnu-toolchain/bin/../lib/gcc/avr/5.4.0/../../../../avr/lib/avr6\libm.a(unordsf2.o)
 .bss           0x008004fc        0x0 c:/atmel/studio/7.0/toolchain/avr8/avr8-gnu-toolchain/bin/../lib/gcc/avr/5.4.0/../../../../avr/lib/avr6\libc.a(dtostrf.o)
 .bss           0x008004fc        0x0 c:/atmel/studio/7.0/toolchain/avr8/avr8-gnu-toolchain/bin/../lib/gcc/avr/5.4.0/../../../../avr/lib/avr6\libc.a(malloc.o)
 .bss           0x008004fc        0x0 c:/atmel/studio/7.0/toolchain/avr8/avr8-gnu-toolchain/bin/../lib/gcc/avr/5.4.0/../../../../avr/lib/avr6\libc.a(random.o)
 .bss           0x008004fc        0x0 c:/atmel/studio/7.0/toolchain/avr8/avr8-gnu-toolchain/bin/../lib/gcc/avr/5.4.0/../../../../avr/lib/avr6\libc.a(realloc.o)
 .bss           0x008004fc        0x0 c:/atmel/studio/7.0/toolchain/avr8/avr8-gnu-toolchain/bin/../lib/gcc/avr/5.4.0/../../../../avr/lib/avr6\libc.a(abort.o)
 .bss           0x008004fc        0x0 c:/atmel/studio/7.0/toolchain/avr8/avr8-gnu-toolchain/bin/../lib/gcc/avr/5.4.0/../../../../avr/lib/avr6\libc.a(atof.o)
 .bss           0x008004fc        0x0 c:/atmel/studio/7.0/toolchain/avr8/avr8-gnu-toolchain/bin/../lib/gcc/avr/5.4.0/../../../../avr/lib/avr6\libc.a(atol.o)
 .bss           0x008004fc        0x0 c:/atmel/studio/7.0/toolchain/avr8/avr8-gnu-toolchain/bin/../lib/gcc/avr/5.4.0/../../../../avr/lib/avr6\libc.a(isspace.o)