Archive member included to satisfy reference by file (symbol)

c:/program files (x86)/atmel/studio/7.0/toolchain/avr8/avr8-gnu-toolchain/bin/../lib/gcc/avr/5.4.0/avr6\libgcc.a(_mulsi3.o)
                              obj\Release\arduino\WMath.o (__mulsi3)
c:/program files (x86)/atmel/studio/7.0/toolchain/avr8/avr8-gnu-toolchain/bin/../lib/gcc/avr/5.4.0/avr6\libgcc.a(_udivmodqi4.o)
                              obj\Release\arduino\Servo.o (__udivmodqi4)
c:/program files (x86)/atmel/studio/7.0/toolchain/avr8/avr8-gnu-toolchain/bin/../lib/gcc/avr/5.4.0/avr6\libgcc.a(_udivmodsi4.o)
                              obj\Release\arduino\HardwareSerial.o (__udivmodsi4)
c:/program files (x86)/atmel/studio/7.0/toolchain/avr8/avr8-gnu-toolchain/bin/../lib/gcc/avr/5.4.0/avr6\libgcc.a(_divmodsi4.o)
                              obj\Release\arduino\WMath.o (__divmodsi4)
c:/program files (x86)/atmel/studio/7.0/toolchain/avr8/avr8-gnu-toolchain/bin/../lib/gcc/avr/5.4.0/avr6\libgcc.a(_negsi2.o)
                              c:/program files (x86)/atmel/studio/7.0/toolchain/avr8/avr8-gnu-toolchain/bin/../lib/gcc/avr/5.4.0/avr6\libgcc.a(_divmodsi4.o) (__negsi2)
c:/program files (x86)/atmel/studio/7.0/toolchain/avr8/avr8-gnu-toolchain/bin/../lib/gcc/avr/5.4.0/avr6\libgcc.a(_exit.o)
                              c:/program files (x86)/atmel/studio/7.0/toolchain/avr8/avr8-gnu-toolchain/bin/../lib/gcc/avr/5.4.0/../../../../avr/lib/avr6/crtatmega2560.o (exit)
c:/program files (x86)/atmel/studio/7.0/toolchain/avr8/avr8-gnu-toolchain/bin/../lib/gcc/avr/5.4.0/avr6\libgcc.a(_tablejump2.o)
                              obj\Release\arduino\WInterrupts.o (__tablejump2__)
c:/program files (x86)/atmel/studio/7.0/toolchain/avr8/avr8-gnu-toolchain/bin/../lib/gcc/avr/5.4.0/avr6\libgcc.a(_copy_data.o)
                              obj\Release\arduino\HardwareSerial.o (__do_copy_data)
c:/program files (x86)/atmel/studio/7.0/toolchain/avr8/avr8-gnu-toolchain/bin/../lib/gcc/avr/5.4.0/avr6\libgcc.a(_clear_bss.o)
                              obj\Release\arduino\HardwareSerial0.o (__do_clear_bss)
c:/program files (x86)/atmel/studio/7.0/toolchain/avr8/avr8-gnu-toolchain/bin/../lib/gcc/avr/5.4.0/avr6\libgcc.a(_ctors.o)
                              obj\Release\arduino\HardwareSerial0.o (__do_global_ctors)
c:/program files (x86)/atmel/studio/7.0/toolchain/avr8/avr8-gnu-toolchain/bin/../lib/gcc/avr/5.4.0/avr6\libgcc.a(_dtors.o)
                              obj\Release\WifiConn.o (__do_global_dtors)
c:/program files (x86)/atmel/studio/7.0/toolchain/avr8/avr8-gnu-toolchain/bin/../lib/gcc/avr/5.4.0/avr6\libgcc.a(_muluhisi3.o)
                              obj\Release\arduino\Stream.o (__muluhisi3)
c:/program files (x86)/atmel/studio/7.0/toolchain/avr8/avr8-gnu-toolchain/bin/../lib/gcc/avr/5.4.0/avr6\libgcc.a(_umulhisi3.o)
                              c:/program files (x86)/atmel/studio/7.0/toolchain/avr8/avr8-gnu-toolchain/bin/../lib/gcc/avr/5.4.0/avr6\libgcc.a(_muluhisi3.o) (__umulhisi3)
c:/program files (x86)/atmel/studio/7.0/toolchain/avr8/avr8-gnu-toolchain/bin/../lib/gcc/avr/5.4.0/../../../../avr/lib/avr6\libm.a(addsf3.o)
                              obj\Release\arduino\Print.o (__subsf3)
c:/program files (x86)/atmel/studio/7.0/toolchain/avr8/avr8-gnu-toolchain/bin/../lib/gcc/avr/5.4.0/../../../../avr/lib/avr6\libm.a(addsf3x.o)
                              c:/program files (x86)/atmel/studio/7.0/toolchain/avr8/avr8-gnu-toolchain/bin/../lib/gcc/avr/5.4.0/../../../../avr/lib/avr6\libm.a(addsf3.o) (__addsf3x)
c:/program files (x86)/atmel/studio/7.0/toolchain/avr8/avr8-gnu-toolchain/bin/../lib/gcc/avr/5.4.0/../../../../avr/lib/avr6\libm.a(cmpsf2.o)
                              obj\Release\arduino\Print.o (__ltsf2)
c:/program files (x86)/atmel/studio/7.0/toolchain/avr8/avr8-gnu-toolchain/bin/../lib/gcc/avr/5.4.0/../../../../avr/lib/avr6\libm.a(divsf3.o)
                              obj\Release\arduino\Print.o (__divsf3)
c:/program files (x86)/atmel/studio/7.0/toolchain/avr8/avr8-gnu-toolchain/bin/../lib/gcc/avr/5.4.0/../../../../avr/lib/avr6\libm.a(divsf3x.o)
                              c:/program files (x86)/atmel/studio/7.0/toolchain/avr8/avr8-gnu-toolchain/bin/../lib/gcc/avr/5.4.0/../../../../avr/lib/avr6\libm.a(divsf3.o) (__divsf3x)
c:/program files (x86)/atmel/studio/7.0/toolchain/avr8/avr8-gnu-toolchain/bin/../lib/gcc/avr/5.4.0/../../../../avr/lib/avr6\libm.a(fixsfsi.o)
                              obj\Release\Comfort.o (__fixsfsi)
c:/program files (x86)/atmel/studio/7.0/toolchain/avr8/avr8-gnu-toolchain/bin/../lib/gcc/avr/5.4.0/../../../../avr/lib/avr6\libm.a(fixunssfsi.o)
                              obj\Release\arduino\Print.o (__fixunssfsi)
c:/program files (x86)/atmel/studio/7.0/toolchain/avr8/avr8-gnu-toolchain/bin/../lib/gcc/avr/5.4.0/../../../../avr/lib/avr6\libm.a(floatsisf.o)
                              obj\Release\arduino\dht.o (__floatunsisf)
[...]
Memory Configuration

Name             Origin             Length             Attributes
text             0x00000000         0x00040000         xr
data             0x00800200         0x00002000         rw !x
eeprom           0x00810000         0x00001000         rw !x
fuse             0x00820000         0x00000003         rw !x
lock             0x00830000         0x00000400         rw !x
signature        0x00840000         0x00000400         rw !x
user_signatures  0x00850000         0x00000400         rw !x
*default*        0x00000000         0xffffffff

Linker script and memory map

Address of section .data set to 0x800200
LOAD c:/program files (x86)/atmel/studio/7.0/toolchain/avr8/avr8-gnu-toolchain/bin/../lib/gcc/avr/5.4.0/../../../../avr/lib/avr6/crtatmega2560.o
LOAD obj\Release\arduino\abi.o
LOAD obj\Release\arduino\CDC.o
LOAD obj\Release\arduino\dht.o
LOAD obj\Release\arduino\HardwareSerial.o
LOAD obj\Release\arduino\HardwareSerial0.o
LOAD obj\Release\arduino\HardwareSerial1.o
LOAD obj\Release\arduino\HardwareSerial2.o
LOAD obj\Release\arduino\HardwareSerial3.o
LOAD obj\Release\arduino\hooks.o
LOAD obj\Release\arduino\IPAddress.o
LOAD obj\Release\arduino\Key.o
LOAD obj\Release\arduino\Keypad.o
LOAD obj\Release\arduino\LiquidCrystal_I2C.o
LOAD obj\Release\arduino\main.o
LOAD obj\Release\arduino\new.o
LOAD obj\Release\arduino\Password.o
LOAD obj\Release\arduino\PluggableUSB.o
LOAD obj\Release\arduino\Print.o
LOAD obj\Release\arduino\Servo.o
LOAD obj\Release\arduino\Stream.o
LOAD obj\Release\arduino\Tone.o
LOAD obj\Release\arduino\USBCore.o
LOAD obj\Release\arduino\utility\twi.o
LOAD obj\Release\arduino\WInterrupts.o
LOAD obj\Release\arduino\Wire.o
LOAD obj\Release\arduino\wiring.o
LOAD obj\Release\arduino\wiring_analog.o
LOAD obj\Release\arduino\wiring_digital.o
LOAD obj\Release\arduino\wiring_pulse.o
LOAD obj\Release\arduino\wiring_shift.o
LOAD obj\Release\arduino\WMath.o
LOAD obj\Release\arduino\WString.o
LOAD obj\Release\Comfort.o
LOAD obj\Release\Doorlock.o
LOAD obj\Release\HWInputs.o
LOAD obj\Release\HWOutputs.o
LOAD obj\Release\Lights.o
LOAD obj\Release\Logic.o
LOAD obj\Release\Security.o
LOAD obj\Release\SmartHome.o
LOAD obj\Release\SWInputs.o
LOAD obj\Release\SWOutputs.o
LOAD obj\Release\WifiConn.o
LOAD c:/program files (x86)/atmel/studio/7.0/toolchain/avr8/avr8-gnu-toolchain/bin/../lib/gcc/avr/5.4.0/avr6\libgcc.a
LOAD c:/program files (x86)/atmel/studio/7.0/toolchain/avr8/avr8-gnu-toolchain/bin/../lib/gcc/avr/5.4.0/../../../../avr/lib/avr6\libm.a
START GROUP
LOAD c:/program files (x86)/atmel/studio/7.0/toolchain/avr8/avr8-gnu-toolchain/bin/../lib/gcc/avr/5.4.0/avr6\libgcc.a
LOAD c:/program files (x86)/atmel/studio/7.0/toolchain/avr8/avr8-gnu-toolchain/bin/../lib/gcc/avr/5.4.0/../../../../avr/lib/avr6\libm.a
LOAD c:/program files (x86)/atmel/studio/7.0/toolchain/avr8/avr8-gnu-toolchain/bin/../lib/gcc/avr/5.4.0/../../../../avr/lib/avr6\libc.a
LOAD c:/program files (x86)/atmel/studio/7.0/toolchain/avr8/avr8-gnu-toolchain/bin/../lib/gcc/avr/5.4.0/../../../../avr/lib/avr6\libatmega2560.a
END GROUP
                0x00000000                __TEXT_REGION_ORIGIN__ = DEFINED (__TEXT_REGION_ORIGIN__)?__TEXT_REGION_ORIGIN__:0x0
                [0x00800200]                __DATA_REGION_ORIGIN__ = DEFINED (__DATA_REGION_ORIGIN__)?__DATA_REGION_ORIGIN__:0x800200
                [0x00040000]                __TEXT_REGION_LENGTH__ = DEFINED (__TEXT_REGION_LENGTH__)?__TEXT_REGION_LENGTH__:0x100000
                [0x00002000]                __DATA_REGION_LENGTH__ = DEFINED (__DATA_REGION_LENGTH__)?__DATA_REGION_LENGTH__:0xfe00
                [0x00001000]                __EEPROM_REGION_LENGTH__ = DEFINED (__EEPROM_REGION_LENGTH__)?__EEPROM_REGION_LENGTH__:0x10000
                [0x00000003]                __FUSE_REGION_LENGTH__ = DEFINED (__FUSE_REGION_LENGTH__)?__FUSE_REGION_LENGTH__:0x400
                0x00000400                __LOCK_REGION_LENGTH__ = DEFINED (__LOCK_REGION_LENGTH__)?__LOCK_REGION_LENGTH__:0x400
                0x00000400                __SIGNATURE_REGION_LENGTH__ = DEFINED (__SIGNATURE_REGION_LENGTH__)?__SIGNATURE_REGION_LENGTH__:0x400
                0x00000400                __USER_SIGNATURE_REGION_LENGTH__ = DEFINED (__USER_SIGNATURE_REGION_LENGTH__)?__USER_SIGNATURE_REGION_LENGTH__:0x400

.hash
 *(.hash)

.dynsym
 *(.dynsym)

.dynstr
 *(.dynstr)

.gnu.version
 *(.gnu.version)

.gnu.version_d
 *(.gnu.version_d)

.gnu.version_r
 *(.gnu.version_r)

.rel.init
 *(.rel.init)

.rela.init
 *(.rela.init)

.rel.text
 *(.rel.text)
 *(.rel.text.*)
 *(.rel.gnu.linkonce.t*)

.rela.text
 *(.rela.text)
 *(.rela.text.*)
 *(.rela.gnu.linkonce.t*)

.rel.fini
 *(.rel.fini)

.rela.fini
 *(.rela.fini)

.rel.rodata
 *(.rel.rodata)
 *(.rel.rodata.*)
 *(.rel.gnu.linkonce.r*)

.rela.rodata
 *(.rela.rodata)
 *(.rela.rodata.*)
 *(.rela.gnu.linkonce.r*)

.rel.data
 *(.rel.data)
 *(.rel.data.*)
 *(.rel.gnu.linkonce.d*)

.rela.data
 *(.rela.data)
 *(.rela.data.*)
 *(.rela.gnu.linkonce.d*)

.rel.ctors
 *(.rel.ctors)

.rela.ctors
 *(.rela.ctors)

.rel.dtors
 *(.rel.dtors)

.rela.dtors
 *(.rela.dtors)

.rel.got
 *(.rel.got)

.rela.got
 *(.rela.got)

.rel.bss
 *(.rel.bss)

.rela.bss
 *(.rela.bss)

.rel.plt
 *(.rel.plt)

.rela.plt
 *(.rela.plt)

.text           0x00000000     0x948c
 *(.vectors)
 .vectors       0x00000000       0xe4 c:/program files (x86)/atmel/studio/7.0/toolchain/avr8/avr8-gnu-toolchain/bin/../lib/gcc/avr/5.4.0/../../../../avr/lib/avr6/crtatmega2560.o
                0x00000000                __vector_default
                0x00000000                __vectors
 *(.vectors)
 *(.progmem.gcc*)
 .progmem.gcc_sw_table
                0x000000e4       0x1c obj\Release\arduino\WInterrupts.o
 .progmem.gcc_sw_table
                0x00000100       0x24 obj\Release\arduino\wiring_analog.o
 .progmem.gcc_sw_table
                0x00000124       0x24 obj\Release\arduino\wiring_digital.o
                0x00000148                . = ALIGN (0x2)
                0x00000148                __trampolines_start = .
 *(.trampolines)
 .trampolines   0x00000148      0x15c linker stubs
 *(.trampolines*)
                0x000002a4                __trampolines_end = .
 *libprintf_flt.a:*(.progmem.data)
 *libc.a:*(.progmem.data)
 .progmem.data  0x000002a4       0x3b c:/program files (x86)/atmel/studio/7.0/toolchain/avr8/avr8-gnu-toolchain/bin/../lib/gcc/avr/5.4.0/../../../../avr/lib/avr6\libc.a(strtod.o)
 .progmem.data  0x000002df       0xfa c:/program files (x86)/atmel/studio/7.0/toolchain/avr8/avr8-gnu-toolchain/bin/../lib/gcc/avr/5.4.0/../../../../avr/lib/avr6\libc.a(ftoa_engine.o)
 *(.progmem*)
 .progmem.data  0x000003d9        0x1 obj\Release\arduino\Tone.o
 .progmem.data  0x000003da      0x120 obj\Release\arduino\wiring_digital.o
                0x000003da                digital_pin_to_timer_PGM
                0x00000420                digital_pin_to_bit_mask_PGM
                0x00000466                digital_pin_to_port_PGM
                0x000004ac                port_to_input_PGM
                0x000004c6                port_to_output_PGM
                0x000004e0                port_to_mode_PGM
                0x000004fa                . = ALIGN (0x2)
 *(.jumptables)
 *(.jumptables*)
 *(.lowtext)
 *(.lowtext*)
                0x000004fa                __ctors_start = .
 *(.ctors)
 .ctors         0x000004fa        0x2 obj\Release\arduino\HardwareSerial0.o
 .ctors         0x000004fc        0x2 obj\Release\arduino\HardwareSerial1.o
 .ctors         0x000004fe        0x2 obj\Release\arduino\HardwareSerial2.o
 .ctors         0x00000500        0x2 obj\Release\arduino\HardwareSerial3.o
 .ctors         0x00000502        0x2 obj\Release\arduino\Wire.o
 .ctors         0x00000504        0x2 obj\Release\HWInputs.o
 .ctors         0x00000506        0x2 obj\Release\WifiConn.o
                0x00000508                __ctors_end = .
                0x00000508                __dtors_start = .
 *(.dtors)
 .dtors         0x00000508        0x2 obj\Release\WifiConn.o
                0x0000050a                __dtors_end = .
 SORT(*)(.ctors)
 SORT(*)(.dtors)
 *(.init0)
 .init0         0x0000050a        0x0 c:/program files (x86)/atmel/studio/7.0/toolchain/avr8/avr8-gnu-toolchain/bin/../lib/gcc/avr/5.4.0/../../../../avr/lib/avr6/crtatmega2560.o
                0x0000050a                __init
 *(.init0)
 *(.init1)
 *(.init1)
 *(.init2)
 .init2         0x0000050a       0x10 c:/program files (x86)/atmel/studio/7.0/toolchain/avr8/avr8-gnu-toolchain/bin/../lib/gcc/avr/5.4.0/../../../../avr/lib/avr6/crtatmega2560.o
 *(.init2)
 *(.init3)
 *(.init3)
 *(.init4)
 .init4         0x0000051a       0x1a c:/program files (x86)/atmel/studio/7.0/toolchain/avr8/avr8-gnu-toolchain/bin/../lib/gcc/avr/5.4.0/avr6\libgcc.a(_copy_data.o)
                0x0000051a                __do_copy_data
 .init4         0x00000534       0x10 c:/program files (x86)/atmel/studio/7.0/toolchain/avr8/avr8-gnu-toolchain/bin/../lib/gcc/avr/5.4.0/avr6\libgcc.a(_clear_bss.o)
                0x00000534                __do_clear_bss
 *(.init4)
 *(.init5)
 *(.init5)
 *(.init6)
 .init6         0x00000544       0x20 c:/program files (x86)/atmel/studio/7.0/toolchain/avr8/avr8-gnu-toolchain/bin/../lib/gcc/avr/5.4.0/avr6\libgcc.a(_ctors.o)
                0x00000544                __do_global_ctors
 *(.init6)
 *(.init7)
 *(.init7)
 *(.init8)
 *(.init8)
 *(.init9)
 .init9         0x00000564        0x8 c:/program files (x86)/atmel/studio/7.0/toolchain/avr8/avr8-gnu-toolchain/bin/../lib/gcc/avr/5.4.0/../../../../avr/lib/avr6/crtatmega2560.o
 *(.init9)
 *(.text)
 .text          0x0000056c        0x4 c:/program files (x86)/atmel/studio/7.0/toolchain/avr8/avr8-gnu-toolchain/bin/../lib/gcc/avr/5.4.0/../../../../avr/lib/avr6/crtatmega2560.o
                0x0000056c                __vector_38
                0x0000056c                __vector_22
                0x0000056c                __vector_28
                0x0000056c                __vector_34
                0x0000056c                __vector_24
                0x0000056c                __vector_12
                0x0000056c                __vector_46
                0x0000056c                __bad_interrupt
                0x0000056c                __vector_31
                0x0000056c                __vector_35
                0x0000056c                __vector_30
                0x0000056c                __vector_45
                0x0000056c                __vector_11
                0x0000056c                __vector_19
                0x0000056c                __vector_56
                0x0000056c                __vector_49
                0x0000056c                __vector_41
                0x0000056c                __vector_43
                0x0000056c                __vector_27
                0x0000056c                __vector_33
                0x0000056c                __vector_44
                0x0000056c                __vector_9
                0x0000056c                __vector_21
                0x0000056c                __vector_15
                0x0000056c                __vector_29
                0x0000056c                __vector_40
                0x0000056c                __vector_48
                0x0000056c                __vector_14
                0x0000056c                __vector_53
                0x0000056c                __vector_10
                0x0000056c                __vector_50
                0x0000056c                __vector_16
                0x0000056c                __vector_18
                0x0000056c                __vector_20
 .text          0x00000570        0x8 obj\Release\arduino\abi.o
                0x00000570                __cxa_pure_virtual
                0x00000574                __cxa_deleted_virtual
 .text          0x00000578        0x0 obj\Release\arduino\CDC.o
 .text          0x00000578      0x266 obj\Release\arduino\dht.o
                0x00000578                _ZN3dht4readEh
                0x000006d0                _ZN3dht6read11Eh
                0x0000072e                _ZN3dht6read22Eh
 .text          0x000007de      0x324 obj\Release\arduino\HardwareSerial.o
                0x000007de                _ZN14HardwareSerial9availableEv
                0x000007f6                _ZN14HardwareSerial4peekEv
                0x00000812                _ZN14HardwareSerial4readEv
                0x0000083a                _ZN14HardwareSerial17availableForWriteEv
                0x00000858                _Z14serialEventRunv
                0x000008d2                _ZN14HardwareSerial17_tx_udr_empty_irqEv
                0x00000916                _ZN14HardwareSerial5writeEh
                0x000009b0                _ZN14HardwareSerial5flushEv
                0x000009f4                _ZN14HardwareSerial5beginEmh
                0x00000abe                _ZN14HardwareSerial3endEv
 .text          0x00000b02       0xd4 obj\Release\arduino\HardwareSerial0.o
                0x00000b02                __vector_25
                0x00000b6e                __vector_26
                0x00000bc2                _Z17Serial0_availablev
 .text          0x00000bd6       0xd4 obj\Release\arduino\HardwareSerial1.o
                0x00000bd6                __vector_36
                0x00000c42                __vector_37
                0x00000c96                _Z17Serial1_availablev
 .text          0x00000caa       0xd4 obj\Release\arduino\HardwareSerial2.o
                0x00000caa                __vector_51
                0x00000d16                __vector_52
                0x00000d6a                _Z17Serial2_availablev
 .text          0x00000d7e       0xd4 obj\Release\arduino\HardwareSerial3.o
                0x00000d7e                __vector_54
                0x00000dea                __vector_55
                0x00000e3e                _Z17Serial3_availablev
 .text          0x00000e52        0x2 obj\Release\arduino\hooks.o
                0x00000e52                yield
 .text          0x00000e54      0x17e obj\Release\arduino\IPAddress.o
                0x00000e54                _ZNK9IPAddress7printToER5Print
                0x00000ed8                _ZN9IPAddressC2Ev
                0x00000ed8                _ZN9IPAddressC1Ev
                0x00000eec                _ZN9IPAddressC2Ehhhh
                0x00000eec                _ZN9IPAddressC1Ehhhh
                0x00000f04                _ZN9IPAddressC2Em
                0x00000f04                _ZN9IPAddressC1Em
                0x00000f18                _ZN9IPAddressC1EPKh
                0x00000f18                _ZN9IPAddressC2EPKh
                0x00000f30                _ZN9IPAddress10fromStringEPKc
                0x00000f96                _ZN9IPAddressaSEPKh
                0x00000fa8                _ZN9IPAddressaSEm
                0x00000fb4                _ZNK9IPAddresseqEPKh
 .text          0x00000fd2       0x2c obj\Release\arduino\Key.o
                0x00000fd2                _ZN3KeyC2Ev
                0x00000fd2                _ZN3KeyC1Ev
                0x00000fde                _ZN3KeyC1Ec
                0x00000fde                _ZN3KeyC2Ec
                0x00000ff2                _ZN3Key10key_updateEc8KeyStateb
 .text          0x00000ffe      0x6d4 obj\Release\arduino\Keypad.o
                0x00000ffe                _ZN6KeypadC2EPcPhS1_hh
                0x00000ffe                _ZN6KeypadC1EPcPhS1_hh
                0x000010b8                _ZN6Keypad5beginEPc
                0x000010c4                _ZN6Keypad8scanKeysEv
                0x000012b8                _ZN6Keypad9isPressedEc
                0x000012e0                _ZN6Keypad10findInListEc
                0x000012fc                _ZN6Keypad10findInListEi
                0x0000131c                _ZN6Keypad8getStateEv
                0x00001324                _ZN6Keypad15keyStateChangedEv
                0x0000132a                _ZN6Keypad7numKeysEv
                0x0000132e                _ZN6Keypad15setDebounceTimeEj
                0x0000134a                _ZN6Keypad11setHoldTimeEj
                0x00001356                _ZN6Keypad16addEventListenerEPFvcE
                0x00001362                _ZN6Keypad12transitionToEh8KeyState
                0x000013aa                _ZN6Keypad12nextKeyStateEhb
                0x00001476                _ZN6Keypad10updateListEv
                0x00001600                _ZN6Keypad7getKeysEv
                0x0000167a                _ZN6Keypad6getKeyEv
                0x000016bc                _ZN6Keypad10waitForKeyEv
 .text          0x000016d2      0x346 obj\Release\arduino\LiquidCrystal_I2C.o
                0x000016d2                _ZN17LiquidCrystal_I2CC2Ehhh
                0x000016d2                _ZN17LiquidCrystal_I2CC1Ehhh
                0x000016ea                _ZN17LiquidCrystal_I2C8printstrEPKc
                0x000016ee                _ZN17LiquidCrystal_I2C3offEv
                0x000016f0                _ZN17LiquidCrystal_I2C2onEv
                0x000016f2                _ZN17LiquidCrystal_I2C8setDelayEii
                0x000016f4                _ZN17LiquidCrystal_I2C6statusEv
                0x000016f8                _ZN17LiquidCrystal_I2C6keypadEv
                0x000016fc                _ZN17LiquidCrystal_I2C13init_bargraphEh
                0x00001700                _ZN17LiquidCrystal_I2C21draw_horizontal_graphEhhhh
                0x00001702                _ZN17LiquidCrystal_I2C19draw_vertical_graphEhhhh
                0x00001704                _ZN17LiquidCrystal_I2C11setContrastEh
                0x00001706                _ZN17LiquidCrystal_I2C13expanderWriteEh
                0x00001734                _ZN17LiquidCrystal_I2C11noBacklightEv
                0x0000173e                _ZN17LiquidCrystal_I2C9backlightEv
                0x0000174a                _ZN17LiquidCrystal_I2C12setBacklightEh
                0x00001754                _ZN17LiquidCrystal_I2C11pulseEnableEh
                0x00001784                _ZN17LiquidCrystal_I2C10write4bitsEh
                0x000017a0                _ZN17LiquidCrystal_I2C4sendEhh
                0x000017ce                _ZN17LiquidCrystal_I2C5clearEv
                0x000017dc                _ZN17LiquidCrystal_I2C4homeEv
                0x000017ea                _ZN17LiquidCrystal_I2C9setCursorEhh
                0x00001846                _ZN17LiquidCrystal_I2C9noDisplayEv
                0x00001854                _ZN17LiquidCrystal_I2C7displayEv
                0x00001864                _ZN17LiquidCrystal_I2C8noCursorEv
                0x00001872                _ZN17LiquidCrystal_I2C10cursor_offEv
                0x00001876                _ZN17LiquidCrystal_I2C6cursorEv
                0x00001886                _ZN17LiquidCrystal_I2C9cursor_onEv
                0x0000188a                _ZN17LiquidCrystal_I2C7noBlinkEv
                0x00001898                _ZN17LiquidCrystal_I2C9blink_offEv
                0x0000189c                _ZN17LiquidCrystal_I2C5blinkEv
                0x000018ac                _ZN17LiquidCrystal_I2C8blink_onEv
                0x000018b0                _ZN17LiquidCrystal_I2C17scrollDisplayLeftEv
                0x000018b6                _ZN17LiquidCrystal_I2C18scrollDisplayRightEv
                0x000018bc                _ZN17LiquidCrystal_I2C11leftToRightEv
                0x000018cc                _ZN17LiquidCrystal_I2C11rightToLeftEv
                0x000018da                _ZN17LiquidCrystal_I2C10autoscrollEv
                0x000018ea                _ZN17LiquidCrystal_I2C12noAutoscrollEv
                0x000018f8                _ZN17LiquidCrystal_I2C10createCharEhPh
                0x00001948                _ZN17LiquidCrystal_I2C21load_custom_characterEhPh
                0x0000194c                _ZN17LiquidCrystal_I2C5beginEhhh
                0x000019f4                _ZN17LiquidCrystal_I2C9init_privEv
                0x00001a14                _ZN17LiquidCrystal_I2C4initEv
 .text          0x00001a18        0xa obj\Release\arduino\main.o
                0x00001a18                atexit
                0x00001a1e                initVariant
                0x00001a20                _Z8setupUSBv
 .text          0x00001a22       0x10 obj\Release\arduino\new.o
                0x00001a22                _Znwj
                0x00001a26                _Znaj
                0x00001a2a                _ZdlPv
                0x00001a2e                _ZdaPv
 .text          0x00001a32       0xc4 obj\Release\arduino\Password.o
                0x00001a32                _ZN8PasswordC2EPc
                0x00001a32                _ZN8PasswordC1EPc
                0x00001a3e                _ZN8Password3setEPc
                0x00001a46                _ZN8Password6appendEc
                0x00001a6a                _ZN8Password5resetEv
                0x00001a72                _ZN8Password8evaluateEv
                0x00001aa2                _ZN8Password2isEPc
                0x00001ace                _ZN8PasswordaSEPc
                0x00001ad6                _ZN8PasswordeqEPc
                0x00001ada                _ZN8PasswordneEPc
                0x00001ae4                _ZN8PasswordlsEc
 .text          0x00001af6        0x0 obj\Release\arduino\PluggableUSB.o
 .text          0x00001af6      0x590 obj\Release\arduino\Print.o
                0x00001af6                _ZN5Print5writeEPKhj
                0x00001b4a                _ZN5Print5printEPK19__FlashStringHelper
                0x00001b92                _ZN5Print5printERK6String
                0x00001bae                _ZN5Print5printEPKc
                0x00001bb2                _ZN5Print5printEc
                0x00001bc0                _ZN5Print5printERK9Printable
                0x00001bd4                _ZN5Print7printlnEv
                0x00001bdc                _ZN5Print7printlnEPK19__FlashStringHelper
                0x00001c00                _ZN5Print7printlnERK6String
                0x00001c24                _ZN5Print7printlnEPKc
                0x00001c48                _ZN5Print7printlnEc
                0x00001c6c                _ZN5Print7printlnERK9Printable
                0x00001c90                _ZN5Print11printNumberEmh
                0x00001d22                _ZN5Print5printEmi
                0x00001d3c                _ZN5Print5printEhi
                0x00001d4a                _ZN5Print7printlnEhi
                0x00001d6e                _ZN5Print5printEji
                0x00001d7a                _ZN5Print7printlnEji
                0x00001d9e                _ZN5Print7printlnEmi
                0x00001dc2                _ZN5Print5printEli
                0x00001e52                _ZN5Print5printEii
                0x00001e60                _ZN5Print7printlnEii
                0x00001e84                _ZN5Print7printlnEli
                0x00001ea8                _ZN5Print10printFloatEdh
                0x0000205e                _ZN5Print5printEdi
                0x00002062                _ZN5Print7printlnEdi
 .text          0x00002086      0x724 obj\Release\arduino\Servo.o
                0x00002214                __vector_17
                0x00002270                __vector_32
                0x000022cc                __vector_42
                0x00002328                __vector_47
                0x00002384                _ZN5ServoC2Ev
                0x00002384                _ZN5ServoC1Ev
                0x000023bc                _ZN5Servo6attachEiii
                0x00002514                _ZN5Servo6attachEi
                0x00002520                _ZN5Servo6detachEv
                0x0000253c                _ZN5Servo17writeMicrosecondsEi
                0x000025cc                _ZN5Servo5writeEi
                0x00002684                _ZN5Servo16readMicrosecondsEv
                0x000026c0                _ZN5Servo4readEv
                0x0000278a                _ZN5Servo8attachedEv
 .text          0x000027aa      0x6c0 obj\Release\arduino\Stream.o
                0x000027aa                _ZN6Stream9timedReadEv
                0x0000280a                _ZN6Stream9timedPeekEv
                0x0000286a                _ZN6Stream13peekNextDigitE13LookaheadModeb
                0x000028ea                _ZN6Stream10setTimeoutEm
                0x000028f6                _ZN6Stream8parseIntE13LookaheadModec
                0x000029c6                _ZN6Stream10parseFloatE13LookaheadModec
                0x00002af4                _ZN6Stream9readBytesEPcj
                0x00002b3e                _ZN6Stream14readBytesUntilEcPcj
                0x00002ba8                _ZN6Stream10readStringEv
                0x00002bdc                _ZN6Stream15readStringUntilEc
                0x00002c2c                _ZN6Stream9findMultiEPNS_11MultiTargetEi
                0x00002dae                _ZN6Stream4findEPcj
                0x00002db2                _ZN6Stream4findEPc
                0x00002dc6                _ZN6Stream9findUntilEPcjS0_j
                0x00002e3a                _ZN6Stream9findUntilEPcS0_
 .text          0x00002e6a      0x854 obj\Release\arduino\Tone.o
                0x00002e6a                _Z4tonehjm
                0x00003560                _Z12disableTimerh
                0x000035d4                _Z6noToneh
                0x000035fe                __vector_13
 .text          0x000036be        0x0 obj\Release\arduino\USBCore.o
 .text          0x000036be      0x4b8 obj\Release\arduino\utility\twi.o
                0x000036be                twi_init
                0x000036fa                twi_disable
                0x00003714                twi_setAddress
                0x0000371c                twi_setFrequency
                0x00003744                twi_readFrom
                0x000037d4                twi_writeTo
                0x00003880                twi_transmit
                0x000038d0                twi_attachSlaveRxEvent
                0x000038da                twi_attachSlaveTxEvent
                0x000038e4                twi_reply
                0x000038f4                twi_stop
                0x00003908                twi_releaseBus
                0x00003914                __vector_39
 .text          0x00003b76      0x3ee obj\Release\arduino\WInterrupts.o
                0x00003b78                attachInterrupt
                0x00003c60                detachInterrupt
                0x00003cb4                __vector_1
                0x00003d0a                __vector_2
                0x00003d60                __vector_3
                0x00003db6                __vector_4
                0x00003e0c                __vector_5
                0x00003e62                __vector_6
                0x00003eb8                __vector_7
                0x00003f0e                __vector_8
 .text          0x00003f64      0x310 obj\Release\arduino\Wire.o
                0x00003f64                _ZN7TwoWire9availableEv
                0x00003f74                _ZN7TwoWire4readEv
                0x00003f9c                _ZN7TwoWire4peekEv
                0x00003fba                _ZN7TwoWire5flushEv
                0x00003fbc                _ZN7TwoWire16onReceiveServiceEPhi
                0x00004010                _ZN7TwoWire16onRequestServiceEv
                0x00004028                _ZN7TwoWire5writeEPKhj
                0x00004082                _ZN7TwoWire5writeEh
                0x000040e0                _ZN7TwoWireC2Ev
                0x000040e0                _ZN7TwoWireC1Ev
                0x00004100                _ZN7TwoWire5beginEv
                0x00004124                _ZN7TwoWire5beginEh
                0x00004134                _ZN7TwoWire5beginEi
                0x00004138                _ZN7TwoWire3endEv
                0x0000413c                _ZN7TwoWire8setClockEm
                0x00004144                _ZN7TwoWire17beginTransmissionEh
                0x00004158                _ZN7TwoWire17beginTransmissionEi
                0x0000415c                _ZN7TwoWire15endTransmissionEh
                0x00004182                _ZN7TwoWire11requestFromEhhmhh
                0x0000422a                _ZN7TwoWire11requestFromEhhh
                0x0000424a                _ZN7TwoWire11requestFromEhh
                0x00004250                _ZN7TwoWire11requestFromEii
                0x00004256                _ZN7TwoWire11requestFromEiii
                0x0000425a                _ZN7TwoWire15endTransmissionEv
                0x00004260                _ZN7TwoWire9onReceiveEPFviE
                0x0000426a                _ZN7TwoWire9onRequestEPFvvE
 .text          0x00004274      0x248 obj\Release\arduino\wiring.o
                0x00004274                __vector_23
                0x00004308                millis
                0x00004320                micros
                0x0000436a                delay
                0x000043e2                delayMicroseconds
                0x000043f8                init
 .text          0x000044bc      0x1e2 obj\Release\arduino\wiring_analog.o
                0x000044bc                analogReference
                0x000044c2                analogRead
                0x0000450c                analogWrite
 .text          0x0000469e      0x1d4 obj\Release\arduino\wiring_digital.o
                0x0000474a                pinMode
                0x000047c2                digitalWrite
                0x00004820                digitalRead
 .text          0x00004872      0x1e2 obj\Release\arduino\wiring_pulse.o
                0x00004872                pulseInLong
                0x0000497c                countPulseASM
                0x000049f0                pulseIn
 .text          0x00004a54       0xe8 obj\Release\arduino\wiring_shift.o
                0x00004a54                shiftIn
                0x00004aca                shiftOut
 .text          0x00004b3c      0x116 obj\Release\arduino\WMath.o
                0x00004b3c                _Z10randomSeedm
                0x00004b4c                _Z6randoml
                0x00004b80                _Z6randomll
                0x00004bc4                _Z3maplllll
                0x00004c46                _Z8makeWordj
                0x00004c48                _Z8makeWordhh
 .text          0x00004c52     0x128a obj\Release\arduino\WString.o
                0x00004c52                _ZN6StringD2Ev
                0x00004c52                _ZN6StringD1Ev
                0x00004c5c                _ZN6String10invalidateEv
                0x00004c80                _ZN6String12changeBufferEj
                0x00004cb4                _ZN6String7reserveEj
                0x00004cec                _ZN6String4copyEPKcj
                0x00004d2e                _ZN6StringC2EPKc
                0x00004d2e                _ZN6StringC1EPKc
                0x00004d58                _ZN6String4copyEPK19__FlashStringHelperj
                0x00004d9a                _ZN6StringaSERKS_
                0x00004dc8                _ZN6StringC2ERKS_
                0x00004dc8                _ZN6StringC1ERKS_
                0x00004dda                _ZN6StringaSEPKc
                0x00004e08                _ZN6StringC1Ec
                0x00004e08                _ZN6StringC2Ec
                0x00004e3a                _ZN6StringC1Ehh
                0x00004e3a                _ZN6StringC2Ehh
                0x00004e94                _ZN6StringC1Eih
                0x00004e94                _ZN6StringC2Eih
                0x00004eec                _ZN6StringC2Ejh
                0x00004eec                _ZN6StringC1Ejh
                0x00004f44                _ZN6StringC2Elh
                0x00004f44                _ZN6StringC1Elh
                0x00004f9e                _ZN6StringC1Emh
                0x00004f9e                _ZN6StringC2Emh
                0x00004ff8                _ZN6StringC2Efh
                0x00004ff8                _ZN6StringC1Efh
                0x00005058                _ZN6StringC1Edh
                0x00005058                _ZN6StringC2Edh
                0x000050b8                _ZN6StringaSEPK19__FlashStringHelper
                0x000050ec                _ZN6StringC1EPK19__FlashStringHelper
                0x000050ec                _ZN6StringC2EPK19__FlashStringHelper
                0x000050fe                _ZN6String6concatEPKcj
                0x0000515a                _ZN6String6concatERKS_
                0x00005168                _ZN6String6concatEPKc
                0x00005186                _ZN6String6concatEc
                0x000051ae                _ZN6String6concatEh
                0x00005206                _ZN6String6concatEi
                0x00005268                _ZN6String6concatEj
                0x000052ca                _ZN6String6concatEl
                0x0000532e                _ZN6String6concatEm
                0x00005392                _ZN6String6concatEf
                0x000053f4                _ZN6String6concatEd
                0x00005456                _ZN6String6concatEPK19__FlashStringHelper
                0x000054b6                _ZplRK15StringSumHelperRK6String
                0x000054dc                _ZplRK15StringSumHelperPKc
                0x0000550e                _ZplRK15StringSumHelperc
                0x0000552a                _ZplRK15StringSumHelperh
                0x00005546                _ZplRK15StringSumHelperi
                0x00005562                _ZplRK15StringSumHelperj
                0x0000557e                _ZplRK15StringSumHelperl
                0x0000559a                _ZplRK15StringSumHelperm
                0x000055b6                _ZplRK15StringSumHelperf
                0x000055d2                _ZplRK15StringSumHelperd
                0x000055ee                _ZplRK15StringSumHelperPK19__FlashStringHelper
                0x0000560a                _ZNK6String9compareToERKS_
                0x0000566a                _ZNK6String6equalsERKS_
                0x0000568c                _ZNK6String6equalsEPKc
                0x000056ca                _ZNK6StringltERKS_
                0x000056d8                _ZNK6StringgtERKS_
                0x000056ea                _ZNK6StringleERKS_
                0x000056fc                _ZNK6StringgeERKS_
                0x0000570c                _ZNK6String16equalsIgnoreCaseERKS_
                0x0000577a                _ZNK6String10startsWithERKS_j
                0x000057c6                _ZNK6String10startsWithERKS_
                0x000057e4                _ZNK6String8endsWithERKS_
                0x00005824                _ZN6String9setCharAtEjc
                0x0000583e                _ZN6StringixEj
                0x00005862                _ZNK6StringixEj
                0x00005884                _ZNK6String6charAtEj
                0x00005888                _ZNK6String8getBytesEPhjj
                0x000058e6                _ZNK6String7indexOfEcj
                0x0000591e                _ZNK6String7indexOfEc
                0x00005926                _ZNK6String7indexOfERKS_j
                0x00005960                _ZNK6String7indexOfERKS_
                0x00005968                _ZNK6String11lastIndexOfEcj
                0x000059d6                _ZNK6String11lastIndexOfEc
                0x000059e4                _ZNK6String11lastIndexOfERKS_j
                0x00005a80                _ZNK6String11lastIndexOfERKS_
                0x00005a94                _ZNK6String9substringEjj
                0x00005b1e                _ZN6String7replaceEcc
                0x00005b3a                _ZN6String7replaceERKS_S1_
                0x00005d2e                _ZN6String6removeEjj
                0x00005d94                _ZN6String6removeEj
                0x00005d9c                _ZN6String11toLowerCaseEv
                0x00005dc4                _ZN6String11toUpperCaseEv
                0x00005dec                _ZN6String4trimEv
                0x00005eac                _ZNK6String5toIntEv
                0x00005ec2                _ZNK6String8toDoubleEv
                0x00005ed8                _ZNK6String7toFloatEv
 .text          0x00005edc      0x4e2 obj\Release\Comfort.o
                0x00005edc                _Z11ComfortInitv
                0x000060b8                _Z19ComfortMainFunctionv
 .text          0x000063be       0xc2 obj\Release\Doorlock.o
                0x000063be                _Z12DoorlockInitv
                0x00006444                _Z20DoorlockMainFunctionv
 .text          0x00006480      0xb40 obj\Release\HWInputs.o
                0x00006480                _Z12HWReadInputsPh
                0x0000648a                _Z13HWDigitalReadh
                0x000064c6                _Z9HWReadDHTPdS_
                0x00006516                _Z10lcdRefreshv
                0x00006894                _Z16passwordevaluatePc
                0x000068ce                _Z13checkpasswordv
                0x00006a44                _Z15checkpassworddlv
                0x00006c34                _Z16open_all_thetimev
                0x00006c9c                _Z6closedv
                0x00006cf0                _Z17unlock_door_eventc
                0x00006e00                _Z16motion_detectionv
                0x00006e32                _Z8disarmedv
                0x00006e7a                _Z5armedv
                0x00006ec4                _Z11keypadEventc
 .text          0x00006fc0       0x32 obj\Release\HWOutputs.o
                0x00006fc0                _Z7HWPrintPc
                0x00006fca                _Z8HWDPrintd
                0x00006fda                _Z14HWWriteOutputsPh
                0x00006fea                _Z13HWDigitalModehh
                0x00006fee                _Z14HWDigitalWritehh
 .text          0x00006ff2       0xc0 obj\Release\Lights.o
                0x00006ff2                _Z10LightsInitv
                0x00007052                _Z18LightsMainFunctionv
 .text          0x000070b2        0xc obj\Release\Logic.o
                0x000070b2                _Z12MainFunctionv
 .text          0x000070be       0xc0 obj\Release\Security.o
                0x000070be                _Z12SecurityInitv
                0x0000712e                _Z20SecurityMainFunctionv
 .text          0x0000717e       0x2e obj\Release\SmartHome.o
                0x0000717e                setup
                0x0000719c                loop
 .text          0x000071ac       0x5c obj\Release\SWInputs.o
                0x000071ac                SWReadInputs
                0x000071b6                SWDigitalRead
                0x000071da                SWReadDHT
 .text          0x00007208       0x88 obj\Release\SWOutputs.o
                0x00007208                SWPrint
                0x0000720c                SWDPrint
                0x0000722e                SWDigitalWrite
                0x00007250                SWDigitalMode
                0x00007272                SWWriteOutputs
 .text          0x00007290      0x38a obj\Release\WifiConn.o
                0x00007290                _Z10uploadDatav
                0x00007338                _Z14infoPgSecurityv
                0x00007414                _Z12infoPgLightsv
                0x000074f0                _Z13infoPgConfortv
                0x000075cc                _Z10connToWifiv
 .text          0x0000761a        0x0 c:/program files (x86)/atmel/studio/7.0/toolchain/avr8/avr8-gnu-toolchain/bin/../lib/gcc/avr/5.4.0/avr6\libgcc.a(_mulsi3.o)
 .text          0x0000761a        0x0 c:/program files (x86)/atmel/studio/7.0/toolchain/avr8/avr8-gnu-toolchain/bin/../lib/gcc/avr/5.4.0/avr6\libgcc.a(_udivmodqi4.o)
 .text          0x0000761a        0x0 c:/program files (x86)/atmel/studio/7.0/toolchain/avr8/avr8-gnu-toolchain/bin/../lib/gcc/avr/5.4.0/avr6\libgcc.a(_udivmodsi4.o)
 .text          0x0000761a        0x0 c:/program files (x86)/atmel/studio/7.0/toolchain/avr8/avr8-gnu-toolchain/bin/../lib/gcc/avr/5.4.0/avr6\libgcc.a(_divmodsi4.o)
 .text          0x0000761a        0x0 c:/program files (x86)/atmel/studio/7.0/toolchain/avr8/avr8-gnu-toolchain/bin/../lib/gcc/avr/5.4.0/avr6\libgcc.a(_negsi2.o)
 .text          0x0000761a        0x0 c:/program files (x86)/atmel/studio/7.0/toolchain/avr8/avr8-gnu-toolchain/bin/../lib/gcc/avr/5.4.0/avr6\libgcc.a(_exit.o)
 .text          0x0000761a        0x0 c:/program files (x86)/atmel/studio/7.0/toolchain/avr8/avr8-gnu-toolchain/bin/../lib/gcc/avr/5.4.0/avr6\libgcc.a(_tablejump2.o)
 .text          0x0000761a        0x0 c:/program files (x86)/atmel/studio/7.0/toolchain/avr8/avr8-gnu-toolchain/bin/../lib/gcc/avr/5.4.0/avr6\libgcc.a(_copy_data.o)
 .text          0x0000761a        0x0 c:/program files (x86)/atmel/studio/7.0/toolchain/avr8/avr8-gnu-toolchain/bin/../lib/gcc/avr/5.4.0/avr6\libgcc.a(_clear_bss.o)
 .text          0x0000761a        0x0 c:/program files (x86)/atmel/studio/7.0/toolchain/avr8/avr8-gnu-toolchain/bin/../lib/gcc/avr/5.4.0/avr6\libgcc.a(_ctors.o)
 .text          0x0000761a        0x0 c:/program files (x86)/atmel/studio/7.0/toolchain/avr8/avr8-gnu-toolchain/bin/../lib/gcc/avr/5.4.0/avr6\libgcc.a(_dtors.o)
 .text          0x0000761a        0x0 c:/program files (x86)/atmel/studio/7.0/toolchain/avr8/avr8-gnu-toolchain/bin/../lib/gcc/avr/5.4.0/avr6\libgcc.a(_muluhisi3.o)
 .text          0x0000761a        0x0 c:/program files (x86)/atmel/studio/7.0/toolchain/avr8/avr8-gnu-toolchain/bin/../lib/gcc/avr/5.4.0/avr6\libgcc.a(_umulhisi3.o)
 .text          0x0000761a        0x0 c:/program files (x86)/atmel/studio/7.0/toolchain/avr8/avr8-gnu-toolchain/bin/../lib/gcc/avr/5.4.0/../../../../avr/lib/avr6\libm.a(addsf3.o)
 .text          0x0000761a        0x0 c:/program files (x86)/atmel/studio/7.0/toolchain/avr8/avr8-gnu-toolchain/bin/../lib/gcc/avr/5.4.0/../../../../avr/lib/avr6\libm.a(addsf3x.o)
 .text          0x0000761a        0x0 c:/program files (x86)/atmel/studio/7.0/toolchain/avr8/avr8-gnu-toolchain/bin/../lib/gcc/avr/5.4.0/../../../../avr/lib/avr6\libm.a(cmpsf2.o)
 .text          0x0000761a        0x0 c:/program files (x86)/atmel/studio/7.0/toolchain/avr8/avr8-gnu-toolchain/bin/../lib/gcc/avr/5.4.0/../../../../avr/lib/avr6\libm.a(divsf3.o)
 .text          0x0000761a        0x0 c:/program files (x86)/atmel/studio/7.0/toolchain/avr8/avr8-gnu-toolchain/bin/../lib/gcc/avr/5.4.0/../../../../avr/lib/avr6\libm.a(divsf3x.o)
 .text          0x0000761a        0x0 c:/program files (x86)/atmel/studio/7.0/toolchain/avr8/avr8-gnu-toolchain/bin/../lib/gcc/avr/5.4.0/../../../../avr/lib/avr6\libm.a(fixsfsi.o)
 .text          0x0000761a        0x0 c:/program files (x86)/atmel/studio/7.0/toolchain/avr8/avr8-gnu-toolchain/bin/../lib/gcc/avr/5.4.0/../../../../avr/lib/avr6\libm.a(fixunssfsi.o)
 .text          0x0000761a        0x0 c:/program files (x86)/atmel/studio/7.0/toolchain/avr8/avr8-gnu-toolchain/bin/../lib/gcc/avr/5.4.0/../../../../avr/lib/avr6\libm.a(floatsisf.o)
 .text          0x0000761a        0x0 c:/program files (x86)/atmel/studio/7.0/toolchain/avr8/avr8-gnu-toolchain/bin/../lib/gcc/avr/5.4.0/../../../../avr/lib/avr6\libm.a(fp_cmp.o)
 .text          0x0000761a        0x0 c:/program files (x86)/atmel/studio/7.0/toolchain/avr8/avr8-gnu-toolchain/bin/../lib/gcc/avr/5.4.0/../../../../avr/lib/avr6\libm.a(fp_inf.o)
 .text          0x0000761a        0x0 c:/program files (x86)/atmel/studio/7.0/toolchain/avr8/avr8-gnu-toolchain/bin/../lib/gcc/avr/5.4.0/../../../../avr/lib/avr6\libm.a(fp_nan.o)
 .text          0x0000761a        0x0 c:/program files (x86)/atmel/studio/7.0/toolchain/avr8/avr8-gnu-toolchain/bin/../lib/gcc/avr/5.4.0/../../../../avr/lib/avr6\libm.a(fp_pscA.o)
 .text          0x0000761a        0x0 c:/program files (x86)/atmel/studio/7.0/toolchain/avr8/avr8-gnu-toolchain/bin/../lib/gcc/avr/5.4.0/../../../../avr/lib/avr6\libm.a(fp_pscB.o)
 .text          0x0000761a        0x0 c:/program files (x86)/atmel/studio/7.0/toolchain/avr8/avr8-gnu-toolchain/bin/../lib/gcc/avr/5.4.0/../../../../avr/lib/avr6\libm.a(fp_round.o)
 .text          0x0000761a        0x0 c:/program files (x86)/atmel/studio/7.0/toolchain/avr8/avr8-gnu-toolchain/bin/../lib/gcc/avr/5.4.0/../../../../avr/lib/avr6\libm.a(fp_split3.o)
 .text          0x0000761a        0x0 c:/program files (x86)/atmel/studio/7.0/toolchain/avr8/avr8-gnu-toolchain/bin/../lib/gcc/avr/5.4.0/../../../../avr/lib/avr6\libm.a(fp_zero.o)
 .text          0x0000761a        0x0 c:/program files (x86)/atmel/studio/7.0/toolchain/avr8/avr8-gnu-toolchain/bin/../lib/gcc/avr/5.4.0/../../../../avr/lib/avr6\libm.a(gesf2.o)
 .text          0x0000761a        0x0 c:/program files (x86)/atmel/studio/7.0/toolchain/avr8/avr8-gnu-toolchain/bin/../lib/gcc/avr/5.4.0/../../../../avr/lib/avr6\libm.a(mulsf3.o)
 .text          0x0000761a        0x0 c:/program files (x86)/atmel/studio/7.0/toolchain/avr8/avr8-gnu-toolchain/bin/../lib/gcc/avr/5.4.0/../../../../avr/lib/avr6\libm.a(mulsf3x.o)
 .text          0x0000761a        0x0 c:/program files (x86)/atmel/studio/7.0/toolchain/avr8/avr8-gnu-toolchain/bin/../lib/gcc/avr/5.4.0/../../../../avr/lib/avr6\libm.a(unordsf2.o)
 .text          0x0000761a        0x0 c:/program files (x86)/atmel/studio/7.0/toolchain/avr8/avr8-gnu-toolchain/bin/../lib/gcc/avr/5.4.0/../../../../avr/lib/avr6\libc.a(dtostrf.o)
 .text          0x0000761a        0x0 c:/program files (x86)/atmel/studio/7.0/toolchain/avr8/avr8-gnu-toolchain/bin/../lib/gcc/avr/5.4.0/../../../../avr/lib/avr6\libc.a(malloc.o)
 .text          0x0000761a        0x0 c:/program files (x86)/atmel/studio/7.0/toolchain/avr8/avr8-gnu-toolchain/bin/../lib/gcc/avr/5.4.0/../../../../avr/lib/avr6\libc.a(random.o)
 .text          0x0000761a        0x0 c:/program files (x86)/atmel/studio/7.0/toolchain/avr8/avr8-gnu-toolchain/bin/../lib/gcc/avr/5.4.0/../../../../avr/lib/avr6\libc.a(realloc.o)
 .text          0x0000761a        0x0 c:/program files (x86)/atmel/studio/7.0/toolchain/avr8/avr8-gnu-toolchain/bin/../lib/gcc/avr/5.4.0/../../../../avr/lib/avr6\libc.a(abort.o)
 .text          0x0000761a        0x0 c:/program files (x86)/atmel/studio/7.0/toolchain/avr8/avr8-gnu-toolchain/bin/../lib/gcc/avr/5.4.0/../../../../avr/lib/avr6\libc.a(atof.o)
 .text          0x0000761a        0x0 c:/program files (x86)/atmel/studio/7.0/toolchain/avr8/avr8-gnu-toolchain/bin/../lib/gcc/avr/5.4.0/../../../../avr/lib/avr6\libc.a(atol.o)
 .text          0x0000761a        0x0 c:/program files (x86)/atmel/studio/7.0/toolchain/avr8/avr8-gnu-toolchain/bin/../lib/gcc/avr/5.4.0/../../../../avr/lib/avr6\libc.a(isspace.o)
 .text          0x0000761a        0x0 c:/program files (x86)/atmel/studio/7.0/toolchain/avr8/avr8-gnu-toolchain/bin/../lib/gcc/avr/5.4.0/../../../../avr/lib/avr6\libc.a(tolower.o)
 .text          0x0000761a        0x0 c:/program files (x86)/atmel/studio/7.0/toolchain/avr8/avr8-gnu-toolchain/bin/../lib/gcc/avr/5.4.0/../../../../avr/lib/avr6\libc.a(toupper.o)
 .text          0x0000761a        0x0 c:/program files (x86)/atmel/studio/7.0/toolchain/avr8/avr8-gnu-toolchain/bin/../lib/gcc/avr/5.4.0/../../../../avr/lib/avr6\libc.a(strcpy_P.o)
 .text          0x0000761a        0x0 c:/program files (x86)/atmel/studio/7.0/toolchain/avr8/avr8-gnu-toolchain/bin/../lib/gcc/avr/5.4.0/../../../../avr/lib/avr6\libc.a(strlen_P.o)
 .text          0x0000761a        0x0 c:/program files (x86)/atmel/studio/7.0/toolchain/avr8/avr8-gnu-toolchain/bin/../lib/gcc/avr/5.4.0/../../../../avr/lib/avr6\libc.a(memcmp.o)
 .text          0x0000761a        0x0 c:/program files (x86)/atmel/studio/7.0/toolchain/avr8/avr8-gnu-toolchain/bin/../lib/gcc/avr/5.4.0/../../../../avr/lib/avr6\libc.a(memcpy.o)
 .text          0x0000761a        0x0 c:/program files (x86)/atmel/studio/7.0/toolchain/avr8/avr8-gnu-toolchain/bin/../lib/gcc/avr/5.4.0/../../../../avr/lib/avr6\libc.a(memmove.o)
 .text          0x0000761a        0x0 c:/program files (x86)/atmel/studio/7.0/toolchain/avr8/avr8-gnu-toolchain/bin/../lib/gcc/avr/5.4.0/../../../../avr/lib/avr6\libc.a(strchr.o)
 .text          0x0000761a        0x0 c:/program files (x86)/atmel/studio/7.0/toolchain/avr8/avr8-gnu-toolchain/bin/../lib/gcc/avr/5.4.0/../../../../avr/lib/avr6\libc.a(strcmp.o)
 .text          0x0000761a        0x0 c:/program files (x86)/atmel/studio/7.0/toolchain/avr8/avr8-gnu-toolchain/bin/../lib/gcc/avr/5.4.0/../../../../avr/lib/avr6\libc.a(strcpy.o)
 .text          0x0000761a        0x0 c:/program files (x86)/atmel/studio/7.0/toolchain/avr8/avr8-gnu-toolchain/bin/../lib/gcc/avr/5.4.0/../../../../avr/lib/avr6\libc.a(strncmp.o)
 .text          0x0000761a        0x0 c:/program files (x86)/atmel/studio/7.0/toolchain/avr8/avr8-gnu-toolchain/bin/../lib/gcc/avr/5.4.0/../../../../avr/lib/avr6\libc.a(strncpy.o)
 .text          0x0000761a        0x0 c:/program files (x86)/atmel/studio/7.0/toolchain/avr8/avr8-gnu-toolchain/bin/../lib/gcc/avr/5.4.0/../../../../avr/lib/avr6\libc.a(strrchr.o)
 .text          0x0000761a        0x0 c:/program files (x86)/atmel/studio/7.0/toolchain/avr8/avr8-gnu-toolchain/bin/../lib/gcc/avr/5.4.0/../../../../avr/lib/avr6\libc.a(strstr.o)
 .text          0x0000761a        0x0 c:/program files (x86)/atmel/studio/7.0/toolchain/avr8/avr8-gnu-toolchain/bin/../lib/gcc/avr/5.4.0/../../../../avr/lib/avr6\libc.a(itoa.o)
 .text          0x0000761a        0x0 c:/program files (x86)/atmel/studio/7.0/toolchain/avr8/avr8-gnu-toolchain/bin/../lib/gcc/avr/5.4.0/../../../../avr/lib/avr6\libc.a(itoa_ncheck.o)
 .text          0x0000761a        0x0 c:/program files (x86)/atmel/studio/7.0/toolchain/avr8/avr8-gnu-toolchain/bin/../lib/gcc/avr/5.4.0/../../../../avr/lib/avr6\libc.a(ltoa.o)
 .text          0x0000761a        0x0 c:/program files (x86)/atmel/studio/7.0/toolchain/avr8/avr8-gnu-toolchain/bin/../lib/gcc/avr/5.4.0/../../../../avr/lib/avr6\libc.a(ltoa_ncheck.o)
 .text          0x0000761a        0x0 c:/program files (x86)/atmel/studio/7.0/toolchain/avr8/avr8-gnu-toolchain/bin/../lib/gcc/avr/5.4.0/../../../../avr/lib/avr6\libc.a(mulsi10.o)
 .text          0x0000761a        0x0 c:/program files (x86)/atmel/studio/7.0/toolchain/avr8/avr8-gnu-toolchain/bin/../lib/gcc/avr/5.4.0/../../../../avr/lib/avr6\libc.a(ultoa.o)
 .text          0x0000761a        0x0 c:/program files (x86)/atmel/studio/7.0/toolchain/avr8/avr8-gnu-toolchain/bin/../lib/gcc/avr/5.4.0/../../../../avr/lib/avr6\libc.a(ultoa_ncheck.o)
 .text          0x0000761a        0x0 c:/program files (x86)/atmel/studio/7.0/toolchain/avr8/avr8-gnu-toolchain/bin/../lib/gcc/avr/5.4.0/../../../../avr/lib/avr6\libc.a(utoa.o)
 .text          0x0000761a        0x0 c:/program files (x86)/atmel/studio/7.0/toolchain/avr8/avr8-gnu-toolchain/bin/../lib/gcc/avr/5.4.0/../../../../avr/lib/avr6\libc.a(utoa_ncheck.o)
 .text          0x0000761a        0x0 c:/program files (x86)/atmel/studio/7.0/toolchain/avr8/avr8-gnu-toolchain/bin/../lib/gcc/avr/5.4.0/../../../../avr/lib/avr6\libc.a(printf.o)
 .text          0x0000761a        0x0 c:/program files (x86)/atmel/studio/7.0/toolchain/avr8/avr8-gnu-toolchain/bin/../lib/gcc/avr/5.4.0/../../../../avr/lib/avr6\libc.a(puts.o)
 .text          0x0000761a        0x0 c:/program files (x86)/atmel/studio/7.0/toolchain/avr8/avr8-gnu-toolchain/bin/../lib/gcc/avr/5.4.0/../../../../avr/lib/avr6\libc.a(vfprintf_std.o)
 .text          0x0000761a        0x0 c:/program files (x86)/atmel/studio/7.0/toolchain/avr8/avr8-gnu-toolchain/bin/../lib/gcc/avr/5.4.0/../../../../avr/lib/avr6\libc.a(dtoa_prf.o)
 .text          0x0000761a        0x0 c:/program files (x86)/atmel/studio/7.0/toolchain/avr8/avr8-gnu-toolchain/bin/../lib/gcc/avr/5.4.0/../../../../avr/lib/avr6\libc.a(strtod.o)
 .text          0x0000761a        0x0 c:/program files (x86)/atmel/studio/7.0/toolchain/avr8/avr8-gnu-toolchain/bin/../lib/gcc/avr/5.4.0/../../../../avr/lib/avr6\libc.a(ftoa_engine.o)
 .text          0x0000761a        0x0 c:/program files (x86)/atmel/studio/7.0/toolchain/avr8/avr8-gnu-toolchain/bin/../lib/gcc/avr/5.4.0/../../../../avr/lib/avr6\libc.a(cty_isfalse.o)
 .text          0x0000761a        0x0 c:/program files (x86)/atmel/studio/7.0/toolchain/avr8/avr8-gnu-toolchain/bin/../lib/gcc/avr/5.4.0/../../../../avr/lib/avr6\libc.a(strncasecmp_P.o)
 .text          0x0000761a        0x0 c:/program files (x86)/atmel/studio/7.0/toolchain/avr8/avr8-gnu-toolchain/bin/../lib/gcc/avr/5.4.0/../../../../avr/lib/avr6\libc.a(strnlen_P.o)
 .text          0x0000761a        0x0 c:/program files (x86)/atmel/studio/7.0/toolchain/avr8/avr8-gnu-toolchain/bin/../lib/gcc/avr/5.4.0/../../../../avr/lib/avr6\libc.a(strnlen.o)
 .text          0x0000761a        0x0 c:/program files (x86)/atmel/studio/7.0/toolchain/avr8/avr8-gnu-toolchain/bin/../lib/gcc/avr/5.4.0/../../../../avr/lib/avr6\libc.a(strrev.o)
 .text          0x0000761a        0x0 c:/program files (x86)/atmel/studio/7.0/toolchain/avr8/avr8-gnu-toolchain/bin/../lib/gcc/avr/5.4.0/../../../../avr/lib/avr6\libc.a(fputc.o)
 .text          0x0000761a        0x0 c:/program files (x86)/atmel/studio/7.0/toolchain/avr8/avr8-gnu-toolchain/bin/../lib/gcc/avr/5.4.0/../../../../avr/lib/avr6\libc.a(iob.o)
 .text          0x0000761a        0x0 c:/program files (x86)/atmel/studio/7.0/toolchain/avr8/avr8-gnu-toolchain/bin/../lib/gcc/avr/5.4.0/../../../../avr/lib/avr6\libc.a(ultoa_invert.o)
 .text          0x0000761a        0x0 c:/program files (x86)/atmel/studio/7.0/toolchain/avr8/avr8-gnu-toolchain/bin/../lib/gcc/avr/5.4.0/../../../../avr/lib/avr6\libc.a(errno.o)
 .text          0x0000761a        0x0 c:/program files (x86)/atmel/studio/7.0/toolchain/avr8/avr8-gnu-toolchain/bin/../lib/gcc/avr/5.4.0/avr6\libgcc.a(_mulshisi3.o)
                0x0000761a                . = ALIGN (0x2)
 *(.text.*)
 .text._ZN5Print17availableForWriteEv
                0x0000761a        0x6 obj\Release\arduino\HardwareSerial0.o
                0x0000761a                _ZN5Print17availableForWriteEv
 .text._ZN5Print5flushEv
                0x00007620        0x2 obj\Release\arduino\HardwareSerial0.o
                0x00007620                _ZN5Print5flushEv
 .text.startup  0x00007622       0x5a obj\Release\arduino\HardwareSerial0.o
 .text.startup  0x0000767c       0x5a obj\Release\arduino\HardwareSerial1.o
 .text.startup  0x000076d6       0x5a obj\Release\arduino\HardwareSerial2.o
 .text.startup  0x00007730       0x5a obj\Release\arduino\HardwareSerial3.o
 .text.startup  0x0000778a        0x2 obj\Release\arduino\IPAddress.o
 .text._ZN6Keypad8pin_readEh
                0x0000778c        0x6 obj\Release\arduino\Keypad.o
                0x0000778c                _ZN6Keypad8pin_readEh
 .text._ZN6Keypad9pin_writeEhb
                0x00007792        0x8 obj\Release\arduino\Keypad.o
                0x00007792                _ZN6Keypad9pin_writeEhb
 .text._ZN6Keypad8pin_modeEhh
                0x0000779a        0x8 obj\Release\arduino\Keypad.o
                0x0000779a                _ZN6Keypad8pin_modeEhh
 .text._ZN17LiquidCrystal_I2C7commandEh
                0x000077a2        0x6 obj\Release\arduino\LiquidCrystal_I2C.o
                0x000077a2                _ZN17LiquidCrystal_I2C7commandEh
 .text._ZN17LiquidCrystal_I2C5writeEh
                0x000077a8        0xc obj\Release\arduino\LiquidCrystal_I2C.o
                0x000077a8                _ZN17LiquidCrystal_I2C5writeEh
 .text.startup  0x000077b4       0x1e obj\Release\arduino\main.o
                0x000077b4                main
 .text._ZN5Print5writeEPKc
                0x000077d2       0x2a obj\Release\arduino\Print.o
                0x000077d2                _ZN5Print5writeEPKc
 .text.startup  0x000077fc        0x8 obj\Release\arduino\Wire.o
 .text.itoa     0x00007804        0x4 obj\Release\arduino\WString.o
 .text.ltoa     0x00007808        0x4 obj\Release\arduino\WString.o
 .text.utoa     0x0000780c        0x4 obj\Release\arduino\WString.o
 .text.ultoa    0x00007810        0x4 obj\Release\arduino\WString.o
 .text.startup  0x00007814       0x76 obj\Release\HWInputs.o
 .text.startup  0x0000788a       0x18 obj\Release\WifiConn.o
 .text.exit     0x000078a2       0x10 obj\Release\WifiConn.o
 .text.libgcc.mul
                0x000078b2       0x20 c:/program files (x86)/atmel/studio/7.0/toolchain/avr8/avr8-gnu-toolchain/bin/../lib/gcc/avr/5.4.0/avr6\libgcc.a(_mulsi3.o)
                0x000078b2                __mulsi3
 .text.libgcc.div
                0x000078d2        0x0 c:/program files (x86)/atmel/studio/7.0/toolchain/avr8/avr8-gnu-toolchain/bin/../lib/gcc/avr/5.4.0/avr6\libgcc.a(_mulsi3.o)
 .text.libgcc   0x000078d2        0x0 c:/program files (x86)/atmel/studio/7.0/toolchain/avr8/avr8-gnu-toolchain/bin/../lib/gcc/avr/5.4.0/avr6\libgcc.a(_mulsi3.o)
 .text.libgcc.prologue
                0x000078d2        0x0 c:/program files (x86)/atmel/studio/7.0/toolchain/avr8/avr8-gnu-toolchain/bin/../lib/gcc/avr/5.4.0/avr6\libgcc.a(_mulsi3.o)
 .text.libgcc.builtins
                0x000078d2        0x0 c:/program files (x86)/atmel/studio/7.0/toolchain/avr8/avr8-gnu-toolchain/bin/../lib/gcc/avr/5.4.0/avr6\libgcc.a(_mulsi3.o)
 .text.libgcc.fmul
                0x000078d2        0x0 c:/program files (x86)/atmel/studio/7.0/toolchain/avr8/avr8-gnu-toolchain/bin/../lib/gcc/avr/5.4.0/avr6\libgcc.a(_mulsi3.o)
 .text.libgcc.fixed
                0x000078d2        0x0 c:/program files (x86)/atmel/studio/7.0/toolchain/avr8/avr8-gnu-toolchain/bin/../lib/gcc/avr/5.4.0/avr6\libgcc.a(_mulsi3.o)
 .text.libgcc.mul
                0x000078d2        0x0 c:/program files (x86)/atmel/studio/7.0/toolchain/avr8/avr8-gnu-toolchain/bin/../lib/gcc/avr/5.4.0/avr6\libgcc.a(_udivmodqi4.o)
 .text.libgcc.div
                0x000078d2       0x18 c:/program files (x86)/atmel/studio/7.0/toolchain/avr8/avr8-gnu-toolchain/bin/../lib/gcc/avr/5.4.0/avr6\libgcc.a(_udivmodqi4.o)
                0x000078d2                __udivmodqi4
 .text.libgcc   0x000078ea        0x0 c:/program files (x86)/atmel/studio/7.0/toolchain/avr8/avr8-gnu-toolchain/bin/../lib/gcc/avr/5.4.0/avr6\libgcc.a(_udivmodqi4.o)
 .text.libgcc.prologue
                0x000078ea        0x0 c:/program files (x86)/atmel/studio/7.0/toolchain/avr8/avr8-gnu-toolchain/bin/../lib/gcc/avr/5.4.0/avr6\libgcc.a(_udivmodqi4.o)
 .text.libgcc.builtins
                0x000078ea        0x0 c:/program files (x86)/atmel/studio/7.0/toolchain/avr8/avr8-gnu-toolchain/bin/../lib/gcc/avr/5.4.0/avr6\libgcc.a(_udivmodqi4.o)
 .text.libgcc.fmul
                0x000078ea        0x0 c:/program files (x86)/atmel/studio/7.0/toolchain/avr8/avr8-gnu-toolchain/bin/../lib/gcc/avr/5.4.0/avr6\libgcc.a(_udivmodqi4.o)
 .text.libgcc.fixed
                0x000078ea        0x0 c:/program files (x86)/atmel/studio/7.0/toolchain/avr8/avr8-gnu-toolchain/bin/../lib/gcc/avr/5.4.0/avr6\libgcc.a(_udivmodqi4.o)
 .text.libgcc.mul
                0x000078ea        0x0 c:/program files (x86)/atmel/studio/7.0/toolchain/avr8/avr8-gnu-toolchain/bin/../lib/gcc/avr/5.4.0/avr6\libgcc.a(_udivmodsi4.o)
 .text.libgcc.div
                0x000078ea       0x44 c:/program files (x86)/atmel/studio/7.0/toolchain/avr8/avr8-gnu-toolchain/bin/../lib/gcc/avr/5.4.0/avr6\libgcc.a(_udivmodsi4.o)
                0x000078ea                __udivmodsi4
 .text.libgcc   0x0000792e        0x0 c:/program files (x86)/atmel/studio/7.0/toolchain/avr8/avr8-gnu-toolchain/bin/../lib/gcc/avr/5.4.0/avr6\libgcc.a(_udivmodsi4.o)
 .text.libgcc.prologue
                0x0000792e        0x0 c:/program files (x86)/atmel/studio/7.0/toolchain/avr8/avr8-gnu-toolchain/bin/../lib/gcc/avr/5.4.0/avr6\libgcc.a(_udivmodsi4.o)
 .text.libgcc.builtins
                0x0000792e        0x0 c:/program files (x86)/atmel/studio/7.0/toolchain/avr8/avr8-gnu-toolchain/bin/../lib/gcc/avr/5.4.0/avr6\libgcc.a(_udivmodsi4.o)
 .text.libgcc.fmul
                0x0000792e        0x0 c:/program files (x86)/atmel/studio/7.0/toolchain/avr8/avr8-gnu-toolchain/bin/../lib/gcc/avr/5.4.0/avr6\libgcc.a(_udivmodsi4.o)
 .text.libgcc.fixed
                0x0000792e        0x0 c:/program files (x86)/atmel/studio/7.0/toolchain/avr8/avr8-gnu-toolchain/bin/../lib/gcc/avr/5.4.0/avr6\libgcc.a(_udivmodsi4.o)
 .text.libgcc.mul
                0x0000792e        0x0 c:/program files (x86)/atmel/studio/7.0/toolchain/avr8/avr8-gnu-toolchain/bin/../lib/gcc/avr/5.4.0/avr6\libgcc.a(_divmodsi4.o)
 .text.libgcc.div
                0x0000792e       0x2e c:/program files (x86)/atmel/studio/7.0/toolchain/avr8/avr8-gnu-toolchain/bin/../lib/gcc/avr/5.4.0/avr6\libgcc.a(_divmodsi4.o)
                0x0000792e                __divmodsi4
 .text.libgcc   0x0000795c        0x0 c:/program files (x86)/atmel/studio/7.0/toolchain/avr8/avr8-gnu-toolchain/bin/../lib/gcc/avr/5.4.0/avr6\libgcc.a(_divmodsi4.o)
 .text.libgcc.prologue
                0x0000795c        0x0 c:/program files (x86)/atmel/studio/7.0/toolchain/avr8/avr8-gnu-toolchain/bin/../lib/gcc/avr/5.4.0/avr6\libgcc.a(_divmodsi4.o)
 .text.libgcc.builtins
                0x0000795c        0x0 c:/program files (x86)/atmel/studio/7.0/toolchain/avr8/avr8-gnu-toolchain/bin/../lib/gcc/avr/5.4.0/avr6\libgcc.a(_divmodsi4.o)
 .text.libgcc.fmul
                0x0000795c        0x0 c:/program files (x86)/atmel/studio/7.0/toolchain/avr8/avr8-gnu-toolchain/bin/../lib/gcc/avr/5.4.0/avr6\libgcc.a(_divmodsi4.o)
 .text.libgcc.fixed
                0x0000795c        0x0 c:/program files (x86)/atmel/studio/7.0/toolchain/avr8/avr8-gnu-toolchain/bin/../lib/gcc/avr/5.4.0/avr6\libgcc.a(_divmodsi4.o)
 .text.libgcc.mul
                0x0000795c        0x0 c:/program files (x86)/atmel/studio/7.0/toolchain/avr8/avr8-gnu-toolchain/bin/../lib/gcc/avr/5.4.0/avr6\libgcc.a(_negsi2.o)
 .text.libgcc.div
                0x0000795c       0x10 c:/program files (x86)/atmel/studio/7.0/toolchain/avr8/avr8-gnu-toolchain/bin/../lib/gcc/avr/5.4.0/avr6\libgcc.a(_negsi2.o)
                0x0000795c                __negsi2
 .text.libgcc   0x0000796c        0x0 c:/program files (x86)/atmel/studio/7.0/toolchain/avr8/avr8-gnu-toolchain/bin/../lib/gcc/avr/5.4.0/avr6\libgcc.a(_negsi2.o)
 .text.libgcc.prologue
                0x0000796c        0x0 c:/program files (x86)/atmel/studio/7.0/toolchain/avr8/avr8-gnu-toolchain/bin/../lib/gcc/avr/5.4.0/avr6\libgcc.a(_negsi2.o)
 .text.libgcc.builtins
                0x0000796c        0x0 c:/program files (x86)/atmel/studio/7.0/toolchain/avr8/avr8-gnu-toolchain/bin/../lib/gcc/avr/5.4.0/avr6\libgcc.a(_negsi2.o)
 .text.libgcc.fmul
                0x0000796c        0x0 c:/program files (x86)/atmel/studio/7.0/toolchain/avr8/avr8-gnu-toolchain/bin/../lib/gcc/avr/5.4.0/avr6\libgcc.a(_negsi2.o)
 .text.libgcc.fixed
                0x0000796c        0x0 c:/program files (x86)/atmel/studio/7.0/toolchain/avr8/avr8-gnu-toolchain/bin/../lib/gcc/avr/5.4.0/avr6\libgcc.a(_negsi2.o)
 .text.libgcc.mul
                0x0000796c        0x0 c:/program files (x86)/atmel/studio/7.0/toolchain/avr8/avr8-gnu-toolchain/bin/../lib/gcc/avr/5.4.0/avr6\libgcc.a(_exit.o)
 .text.libgcc.div
                0x0000796c        0x0 c:/program files (x86)/atmel/studio/7.0/toolchain/avr8/avr8-gnu-toolchain/bin/../lib/gcc/avr/5.4.0/avr6\libgcc.a(_exit.o)
 .text.libgcc   0x0000796c        0x0 c:/program files (x86)/atmel/studio/7.0/toolchain/avr8/avr8-gnu-toolchain/bin/../lib/gcc/avr/5.4.0/avr6\libgcc.a(_exit.o)
 .text.libgcc.prologue
                0x0000796c        0x0 c:/program files (x86)/atmel/studio/7.0/toolchain/avr8/avr8-gnu-toolchain/bin/../lib/gcc/avr/5.4.0/avr6\libgcc.a(_exit.o)
 .text.libgcc.builtins
                0x0000796c        0x0 c:/program files (x86)/atmel/studio/7.0/toolchain/avr8/avr8-gnu-toolchain/bin/../lib/gcc/avr/5.4.0/avr6\libgcc.a(_exit.o)
 .text.libgcc.fmul
                0x0000796c        0x0 c:/program files (x86)/atmel/studio/7.0/toolchain/avr8/avr8-gnu-toolchain/bin/../lib/gcc/avr/5.4.0/avr6\libgcc.a(_exit.o)
 .text.libgcc.fixed
                0x0000796c        0x0 c:/program files (x86)/atmel/studio/7.0/toolchain/avr8/avr8-gnu-toolchain/bin/../lib/gcc/avr/5.4.0/avr6\libgcc.a(_exit.o)
 .text.libgcc.mul
                0x0000796c        0x0 c:/program files (x86)/atmel/studio/7.0/toolchain/avr8/avr8-gnu-toolchain/bin/../lib/gcc/avr/5.4.0/avr6\libgcc.a(_tablejump2.o)
 .text.libgcc.div
                0x0000796c        0x0 c:/program files (x86)/atmel/studio/7.0/toolchain/avr8/avr8-gnu-toolchain/bin/../lib/gcc/avr/5.4.0/avr6\libgcc.a(_tablejump2.o)
 .text.libgcc   0x0000796c       0x10 c:/program files (x86)/atmel/studio/7.0/toolchain/avr8/avr8-gnu-toolchain/bin/../lib/gcc/avr/5.4.0/avr6\libgcc.a(_tablejump2.o)
                0x0000796c                __tablejump2__
 .text.libgcc.prologue
                0x0000797c        0x0 c:/program files (x86)/atmel/studio/7.0/toolchain/avr8/avr8-gnu-toolchain/bin/../lib/gcc/avr/5.4.0/avr6\libgcc.a(_tablejump2.o)
 .text.libgcc.builtins
                0x0000797c        0x0 c:/program files (x86)/atmel/studio/7.0/toolchain/avr8/avr8-gnu-toolchain/bin/../lib/gcc/avr/5.4.0/avr6\libgcc.a(_tablejump2.o)
 .text.libgcc.fmul
                0x0000797c        0x0 c:/program files (x86)/atmel/studio/7.0/toolchain/avr8/avr8-gnu-toolchain/bin/../lib/gcc/avr/5.4.0/avr6\libgcc.a(_tablejump2.o)
 .text.libgcc.fixed
                0x0000797c        0x0 c:/program files (x86)/atmel/studio/7.0/toolchain/avr8/avr8-gnu-toolchain/bin/../lib/gcc/avr/5.4.0/avr6\libgcc.a(_tablejump2.o)
 .text.libgcc.mul
                0x0000797c        0x0 c:/program files (x86)/atmel/studio/7.0/toolchain/avr8/avr8-gnu-toolchain/bin/../lib/gcc/avr/5.4.0/avr6\libgcc.a(_copy_data.o)
 .text.libgcc.div
                0x0000797c        0x0 c:/program files (x86)/atmel/studio/7.0/toolchain/avr8/avr8-gnu-toolchain/bin/../lib/gcc/avr/5.4.0/avr6\libgcc.a(_copy_data.o)
 .text.libgcc   0x0000797c        0x0 c:/program files (x86)/atmel/studio/7.0/toolchain/avr8/avr8-gnu-toolchain/bin/../lib/gcc/avr/5.4.0/avr6\libgcc.a(_copy_data.o)
 .text.libgcc.prologue
                0x0000797c        0x0 c:/program files (x86)/atmel/studio/7.0/toolchain/avr8/avr8-gnu-toolchain/bin/../lib/gcc/avr/5.4.0/avr6\libgcc.a(_copy_data.o)
 .text.libgcc.builtins
                0x0000797c        0x0 c:/program files (x86)/atmel/studio/7.0/toolchain/avr8/avr8-gnu-toolchain/bin/../lib/gcc/avr/5.4.0/avr6\libgcc.a(_copy_data.o)
 .text.libgcc.fmul
                0x0000797c        0x0 c:/program files (x86)/atmel/studio/7.0/toolchain/avr8/avr8-gnu-toolchain/bin/../lib/gcc/avr/5.4.0/avr6\libgcc.a(_copy_data.o)
 .text.libgcc.fixed
                0x0000797c        0x0 c:/program files (x86)/atmel/studio/7.0/toolchain/avr8/avr8-gnu-toolchain/bin/../lib/gcc/avr/5.4.0/avr6\libgcc.a(_copy_data.o)
 .text.libgcc.mul
                0x0000797c        0x0 c:/program files (x86)/atmel/studio/7.0/toolchain/avr8/avr8-gnu-toolchain/bin/../lib/gcc/avr/5.4.0/avr6\libgcc.a(_clear_bss.o)
 .text.libgcc.div
                0x0000797c        0x0 c:/program files (x86)/atmel/studio/7.0/toolchain/avr8/avr8-gnu-toolchain/bin/../lib/gcc/avr/5.4.0/avr6\libgcc.a(_clear_bss.o)
 .text.libgcc   0x0000797c        0x0 c:/program files (x86)/atmel/studio/7.0/toolchain/avr8/avr8-gnu-toolchain/bin/../lib/gcc/avr/5.4.0/avr6\libgcc.a(_clear_bss.o)
 .text.libgcc.prologue
                0x0000797c        0x0 c:/program files (x86)/atmel/studio/7.0/toolchain/avr8/avr8-gnu-toolchain/bin/../lib/gcc/avr/5.4.0/avr6\libgcc.a(_clear_bss.o)
 .text.libgcc.builtins
                0x0000797c        0x0 c:/program files (x86)/atmel/studio/7.0/toolchain/avr8/avr8-gnu-toolchain/bin/../lib/gcc/avr/5.4.0/avr6\libgcc.a(_clear_bss.o)
 .text.libgcc.fmul
                0x0000797c        0x0 c:/program files (x86)/atmel/studio/7.0/toolchain/avr8/avr8-gnu-toolchain/bin/../lib/gcc/avr/5.4.0/avr6\libgcc.a(_clear_bss.o)
 .text.libgcc.fixed
                0x0000797c        0x0 c:/program files (x86)/atmel/studio/7.0/toolchain/avr8/avr8-gnu-toolchain/bin/../lib/gcc/avr/5.4.0/avr6\libgcc.a(_clear_bss.o)
 .text.libgcc.mul
                0x0000797c        0x0 c:/program files (x86)/atmel/studio/7.0/toolchain/avr8/avr8-gnu-toolchain/bin/../lib/gcc/avr/5.4.0/avr6\libgcc.a(_ctors.o)
 .text.libgcc.div
                0x0000797c        0x0 c:/program files (x86)/atmel/studio/7.0/toolchain/avr8/avr8-gnu-toolchain/bin/../lib/gcc/avr/5.4.0/avr6\libgcc.a(_ctors.o)
 .text.libgcc   0x0000797c        0x0 c:/program files (x86)/atmel/studio/7.0/toolchain/avr8/avr8-gnu-toolchain/bin/../lib/gcc/avr/5.4.0/avr6\libgcc.a(_ctors.o)
 .text.libgcc.prologue
                0x0000797c        0x0 c:/program files (x86)/atmel/studio/7.0/toolchain/avr8/avr8-gnu-toolchain/bin/../lib/gcc/avr/5.4.0/avr6\libgcc.a(_ctors.o)
 .text.libgcc.builtins
                0x0000797c        0x0 c:/program files (x86)/atmel/studio/7.0/toolchain/avr8/avr8-gnu-toolchain/bin/../lib/gcc/avr/5.4.0/avr6\libgcc.a(_ctors.o)
 .text.libgcc.fmul
                0x0000797c        0x0 c:/program files (x86)/atmel/studio/7.0/toolchain/avr8/avr8-gnu-toolchain/bin/../lib/gcc/avr/5.4.0/avr6\libgcc.a(_ctors.o)
 .text.libgcc.fixed
                0x0000797c        0x0 c:/program files (x86)/atmel/studio/7.0/toolchain/avr8/avr8-gnu-toolchain/bin/../lib/gcc/avr/5.4.0/avr6\libgcc.a(_ctors.o)
 .text.libgcc.mul
                0x0000797c        0x0 c:/program files (x86)/atmel/studio/7.0/toolchain/avr8/avr8-gnu-toolchain/bin/../lib/gcc/avr/5.4.0/avr6\libgcc.a(_dtors.o)
 .text.libgcc.div
                0x0000797c        0x0 c:/program files (x86)/atmel/studio/7.0/toolchain/avr8/avr8-gnu-toolchain/bin/../lib/gcc/avr/5.4.0/avr6\libgcc.a(_dtors.o)
 .text.libgcc   0x0000797c        0x0 c:/program files (x86)/atmel/studio/7.0/toolchain/avr8/avr8-gnu-toolchain/bin/../lib/gcc/avr/5.4.0/avr6\libgcc.a(_dtors.o)
 .text.libgcc.prologue
                0x0000797c        0x0 c:/program files (x86)/atmel/studio/7.0/toolchain/avr8/avr8-gnu-toolchain/bin/../lib/gcc/avr/5.4.0/avr6\libgcc.a(_dtors.o)
 .text.libgcc.builtins
                0x0000797c        0x0 c:/program files (x86)/atmel/studio/7.0/toolchain/avr8/avr8-gnu-toolchain/bin/../lib/gcc/avr/5.4.0/avr6\libgcc.a(_dtors.o)
 .text.libgcc.fmul
                0x0000797c        0x0 c:/program files (x86)/atmel/studio/7.0/toolchain/avr8/avr8-gnu-toolchain/bin/../lib/gcc/avr/5.4.0/avr6\libgcc.a(_dtors.o)
 .text.libgcc.fixed
                0x0000797c        0x0 c:/program files (x86)/atmel/studio/7.0/toolchain/avr8/avr8-gnu-toolchain/bin/../lib/gcc/avr/5.4.0/avr6\libgcc.a(_dtors.o)
 .text.libgcc.mul
                0x0000797c       0x16 c:/program files (x86)/atmel/studio/7.0/toolchain/avr8/avr8-gnu-toolchain/bin/../lib/gcc/avr/5.4.0/avr6\libgcc.a(_muluhisi3.o)
                0x0000797c                __muluhisi3
 .text.libgcc.div
                0x00007992        0x0 c:/program files (x86)/atmel/studio/7.0/toolchain/avr8/avr8-gnu-toolchain/bin/../lib/gcc/avr/5.4.0/avr6\libgcc.a(_muluhisi3.o)
 .text.libgcc   0x00007992        0x0 c:/program files (x86)/atmel/studio/7.0/toolchain/avr8/avr8-gnu-toolchain/bin/../lib/gcc/avr/5.4.0/avr6\libgcc.a(_muluhisi3.o)
 .text.libgcc.prologue
                0x00007992        0x0 c:/program files (x86)/atmel/studio/7.0/toolchain/avr8/avr8-gnu-toolchain/bin/../lib/gcc/avr/5.4.0/avr6\libgcc.a(_muluhisi3.o)
 .text.libgcc.builtins
                0x00007992        0x0 c:/program files (x86)/atmel/studio/7.0/toolchain/avr8/avr8-gnu-toolchain/bin/../lib/gcc/avr/5.4.0/avr6\libgcc.a(_muluhisi3.o)
 .text.libgcc.fmul
                0x00007992        0x0 c:/program files (x86)/atmel/studio/7.0/toolchain/avr8/avr8-gnu-toolchain/bin/../lib/gcc/avr/5.4.0/avr6\libgcc.a(_muluhisi3.o)
 .text.libgcc.fixed
                0x00007992        0x0 c:/program files (x86)/atmel/studio/7.0/toolchain/avr8/avr8-gnu-toolchain/bin/../lib/gcc/avr/5.4.0/avr6\libgcc.a(_muluhisi3.o)
 .text.libgcc.mul
                0x00007992       0x1e c:/program files (x86)/atmel/studio/7.0/toolchain/avr8/avr8-gnu-toolchain/bin/../lib/gcc/avr/5.4.0/avr6\libgcc.a(_umulhisi3.o)
                0x00007992                __umulhisi3
 .text.libgcc.div
                0x000079b0        0x0 c:/program files (x86)/atmel/studio/7.0/toolchain/avr8/avr8-gnu-toolchain/bin/../lib/gcc/avr/5.4.0/avr6\libgcc.a(_umulhisi3.o)
 .text.libgcc   0x000079b0        0x0 c:/program files (x86)/atmel/studio/7.0/toolchain/avr8/avr8-gnu-toolchain/bin/../lib/gcc/avr/5.4.0/avr6\libgcc.a(_umulhisi3.o)
 .text.libgcc.prologue
                0x000079b0        0x0 c:/program files (x86)/atmel/studio/7.0/toolchain/avr8/avr8-gnu-toolchain/bin/../lib/gcc/avr/5.4.0/avr6\libgcc.a(_umulhisi3.o)
 .text.libgcc.builtins
                0x000079b0        0x0 c:/program files (x86)/atmel/studio/7.0/toolchain/avr8/avr8-gnu-toolchain/bin/../lib/gcc/avr/5.4.0/avr6\libgcc.a(_umulhisi3.o)
 .text.libgcc.fmul
                0x000079b0        0x0 c:/program files (x86)/atmel/studio/7.0/toolchain/avr8/avr8-gnu-toolchain/bin/../lib/gcc/avr/5.4.0/avr6\libgcc.a(_umulhisi3.o)
 .text.libgcc.fixed
                0x000079b0        0x0 c:/program files (x86)/atmel/studio/7.0/toolchain/avr8/avr8-gnu-toolchain/bin/../lib/gcc/avr/5.4.0/avr6\libgcc.a(_umulhisi3.o)
 .text.avr-libc.fplib
                0x000079b0        0xe c:/program files (x86)/atmel/studio/7.0/toolchain/avr8/avr8-gnu-toolchain/bin/../lib/gcc/avr/5.4.0/../../../../avr/lib/avr6\libm.a(addsf3.o)
                0x000079b0                __subsf3
                0x000079b2                __addsf3
 .text.avr-libc.fplib
                0x000079be       0xcc c:/program files (x86)/atmel/studio/7.0/toolchain/avr8/avr8-gnu-toolchain/bin/../lib/gcc/avr/5.4.0/../../../../avr/lib/avr6\libm.a(addsf3x.o)
                0x000079e0                __addsf3x
 .text.avr-libc.fplib
                0x00007a8a        0xa c:/program files (x86)/atmel/studio/7.0/toolchain/avr8/avr8-gnu-toolchain/bin/../lib/gcc/avr/5.4.0/../../../../avr/lib/avr6\libm.a(cmpsf2.o)
                0x00007a8a                __nesf2
                0x00007a8a                __eqsf2
                0x00007a8a                __cmpsf2
                0x00007a8a                __ltsf2
                0x00007a8a                __lesf2
 .text.avr-libc.fplib
                0x00007a94        0x8 c:/program files (x86)/atmel/studio/7.0/toolchain/avr8/avr8-gnu-toolchain/bin/../lib/gcc/avr/5.4.0/../../../../avr/lib/avr6\libm.a(divsf3.o)
                0x00007a94                __divsf3
 .text.avr-libc.fplib
                0x00007a9c       0xdc c:/program files (x86)/atmel/studio/7.0/toolchain/avr8/avr8-gnu-toolchain/bin/../lib/gcc/avr/5.4.0/../../../../avr/lib/avr6\libm.a(divsf3x.o)
                0x00007abc                __divsf3x
                0x00007ac2                __divsf3_pse
 .text.avr-libc.fplib
                0x00007b78        0xe c:/program files (x86)/atmel/studio/7.0/toolchain/avr8/avr8-gnu-toolchain/bin/../lib/gcc/avr/5.4.0/../../../../avr/lib/avr6\libm.a(fixsfsi.o)
                0x00007b78                __fixsfsi
 .text.avr-libc.fplib
                0x00007b86       0x5e c:/program files (x86)/atmel/studio/7.0/toolchain/avr8/avr8-gnu-toolchain/bin/../lib/gcc/avr/5.4.0/../../../../avr/lib/avr6\libm.a(fixunssfsi.o)
                0x00007b86                __fixunssfsi
 .text.avr-libc.fplib
                0x00007be4       0x7a c:/program files (x86)/atmel/studio/7.0/toolchain/avr8/avr8-gnu-toolchain/bin/../lib/gcc/avr/5.4.0/../../../../avr/lib/avr6\libm.a(floatsisf.o)
                0x00007be4                __floatunsisf
                0x00007be8                __floatsisf
 .text.avr-libc.fplib
                0x00007c5e       0x48 c:/program files (x86)/atmel/studio/7.0/toolchain/avr8/avr8-gnu-toolchain/bin/../lib/gcc/avr/5.4.0/../../../../avr/lib/avr6\libm.a(fp_cmp.o)
                0x00007c5e                __fp_cmp
 .text.avr-libc.fplib
                0x00007ca6        0xc c:/program files (x86)/atmel/studio/7.0/toolchain/avr8/avr8-gnu-toolchain/bin/../lib/gcc/avr/5.4.0/../../../../avr/lib/avr6\libm.a(fp_inf.o)
                0x00007ca6                __fp_inf
 .text.avr-libc.fplib
                0x00007cb2        0x6 c:/program files (x86)/atmel/studio/7.0/toolchain/avr8/avr8-gnu-toolchain/bin/../lib/gcc/avr/5.4.0/../../../../avr/lib/avr6\libm.a(fp_nan.o)
                0x00007cb2                __fp_nan
 .text.avr-libc.fplib
                0x00007cb8        0xe c:/program files (x86)/atmel/studio/7.0/toolchain/avr8/avr8-gnu-toolchain/bin/../lib/gcc/avr/5.4.0/../../../../avr/lib/avr6\libm.a(fp_pscA.o)
                0x00007cb8                __fp_pscA
 .text.avr-libc.fplib
                0x00007cc6        0xe c:/program files (x86)/atmel/studio/7.0/toolchain/avr8/avr8-gnu-toolchain/bin/../lib/gcc/avr/5.4.0/../../../../avr/lib/avr6\libm.a(fp_pscB.o)
                0x00007cc6                __fp_pscB
 .text.avr-libc.fplib
                0x00007cd4       0x22 c:/program files (x86)/atmel/studio/7.0/toolchain/avr8/avr8-gnu-toolchain/bin/../lib/gcc/avr/5.4.0/../../../../avr/lib/avr6\libm.a(fp_round.o)
                0x00007cd4                __fp_round
 .text.avr-libc.fplib
                0x00007cf6       0x44 c:/program files (x86)/atmel/studio/7.0/toolchain/avr8/avr8-gnu-toolchain/bin/../lib/gcc/avr/5.4.0/../../../../avr/lib/avr6\libm.a(fp_split3.o)
                0x00007cf6                __fp_split3
                0x00007d06                __fp_splitA
 .text.avr-libc.fplib
                0x00007d3a        0xe c:/program files (x86)/atmel/studio/7.0/toolchain/avr8/avr8-gnu-toolchain/bin/../lib/gcc/avr/5.4.0/../../../../avr/lib/avr6\libm.a(fp_zero.o)
                0x00007d3a                __fp_zero
                0x00007d3c                __fp_szero
 .text.avr-libc.fplib
                0x00007d48        0xa c:/program files (x86)/atmel/studio/7.0/toolchain/avr8/avr8-gnu-toolchain/bin/../lib/gcc/avr/5.4.0/../../../../avr/lib/avr6\libm.a(gesf2.o)
                0x00007d48                __gesf2
                0x00007d48                __gtsf2
 .text.avr-libc.fplib
                0x00007d52        0x8 c:/program files (x86)/atmel/studio/7.0/toolchain/avr8/avr8-gnu-toolchain/bin/../lib/gcc/avr/5.4.0/../../../../avr/lib/avr6\libm.a(mulsf3.o)
                0x00007d52                __mulsf3
 .text.avr-libc.fplib
                0x00007d5a       0xd2 c:/program files (x86)/atmel/studio/7.0/toolchain/avr8/avr8-gnu-toolchain/bin/../lib/gcc/avr/5.4.0/../../../../avr/lib/avr6\libm.a(mulsf3x.o)
                0x00007d78                __mulsf3x
                0x00007d7e                __mulsf3_pse
 .text.avr-libc.fplib
                0x00007e2c        0xa c:/program files (x86)/atmel/studio/7.0/toolchain/avr8/avr8-gnu-toolchain/bin/../lib/gcc/avr/5.4.0/../../../../avr/lib/avr6\libm.a(unordsf2.o)
                0x00007e2c                __unordsf2
 .text.avr-libc
                0x00007e36       0x40 c:/program files (x86)/atmel/studio/7.0/toolchain/avr8/avr8-gnu-toolchain/bin/../lib/gcc/avr/5.4.0/../../../../avr/lib/avr6\libc.a(dtostrf.o)
                0x00007e36                dtostrf
 .text.avr-libc
                0x00007e76      0x242 c:/program files (x86)/atmel/studio/7.0/toolchain/avr8/avr8-gnu-toolchain/bin/../lib/gcc/avr/5.4.0/../../../../avr/lib/avr6\libc.a(malloc.o)
                0x00007e76                malloc
                0x00007fa6                free
 .text.avr-libc
                0x000080b8      0x144 c:/program files (x86)/atmel/studio/7.0/toolchain/avr8/avr8-gnu-toolchain/bin/../lib/gcc/avr/5.4.0/../../../../avr/lib/avr6\libc.a(random.o)
                0x000080b8                random_r
                0x0000814e                random
                0x000081ea                srandom
 .text.avr-libc
                0x000081fc      0x1ca c:/program files (x86)/atmel/studio/7.0/toolchain/avr8/avr8-gnu-toolchain/bin/../lib/gcc/avr/5.4.0/../../../../avr/lib/avr6\libc.a(realloc.o)
                0x000081fc                realloc
 .text.avr-libc
                0x000083c6        0xa c:/program files (x86)/atmel/studio/7.0/toolchain/avr8/avr8-gnu-toolchain/bin/../lib/gcc/avr/5.4.0/../../../../avr/lib/avr6\libc.a(abort.o)
                0x000083c6                abort
 .text.avr-libc
                0x000083d0        0x8 c:/program files (x86)/atmel/studio/7.0/toolchain/avr8/avr8-gnu-toolchain/bin/../lib/gcc/avr/5.4.0/../../../../avr/lib/avr6\libc.a(atof.o)
                0x000083d0                atof
 .text.avr-libc
                0x000083d8       0x4e c:/program files (x86)/atmel/studio/7.0/toolchain/avr8/avr8-gnu-toolchain/bin/../lib/gcc/avr/5.4.0/../../../../avr/lib/avr6\libc.a(atol.o)
                0x000083d8                atol
 .text.avr-libc
                0x00008426       0x12 c:/program files (x86)/atmel/studio/7.0/toolchain/avr8/avr8-gnu-toolchain/bin/../lib/gcc/avr/5.4.0/../../../../avr/lib/avr6\libc.a(isspace.o)
                0x00008426                isspace
 .text.avr-libc
                0x00008438       0x10 c:/program files (x86)/atmel/studio/7.0/toolchain/avr8/avr8-gnu-toolchain/bin/../lib/gcc/avr/5.4.0/../../../../avr/lib/avr6\libc.a(tolower.o)
                0x00008438                tolower
 .text.avr-libc
                0x00008448       0x10 c:/program files (x86)/atmel/studio/7.0/toolchain/avr8/avr8-gnu-toolchain/bin/../lib/gcc/avr/5.4.0/../../../../avr/lib/avr6\libc.a(toupper.o)
                0x00008448                toupper
 .text.avr-libc
                0x00008458        0xe c:/program files (x86)/atmel/studio/7.0/toolchain/avr8/avr8-gnu-toolchain/bin/../lib/gcc/avr/5.4.0/../../../../avr/lib/avr6\libc.a(strcpy_P.o)
                0x00008458                strcpy_P
 .text.avr-libc
                0x00008466       0x12 c:/program files (x86)/atmel/studio/7.0/toolchain/avr8/avr8-gnu-toolchain/bin/../lib/gcc/avr/5.4.0/../../../../avr/lib/avr6\libc.a(strlen_P.o)
                0x00008466                __strlen_P
 .text.avr-libc
                0x00008478       0x1a c:/program files (x86)/atmel/studio/7.0/toolchain/avr8/avr8-gnu-toolchain/bin/../lib/gcc/avr/5.4.0/../../../../avr/lib/avr6\libc.a(memcmp.o)
                0x00008478                memcmp
 .text.avr-libc
                0x00008492       0x12 c:/program files (x86)/atmel/studio/7.0/toolchain/avr8/avr8-gnu-toolchain/bin/../lib/gcc/avr/5.4.0/../../../../avr/lib/avr6\libc.a(memcpy.o)
                0x00008492                memcpy
 .text.avr-libc
                0x000084a4       0x24 c:/program files (x86)/atmel/studio/7.0/toolchain/avr8/avr8-gnu-toolchain/bin/../lib/gcc/avr/5.4.0/../../../../avr/lib/avr6\libc.a(memmove.o)
                0x000084a4                memmove
 .text.avr-libc
                0x000084c8       0x16 c:/program files (x86)/atmel/studio/7.0/toolchain/avr8/avr8-gnu-toolchain/bin/../lib/gcc/avr/5.4.0/../../../../avr/lib/avr6\libc.a(strchr.o)
                0x000084c8                strchr
 .text.avr-libc
                0x000084de       0x12 c:/program files (x86)/atmel/studio/7.0/toolchain/avr8/avr8-gnu-toolchain/bin/../lib/gcc/avr/5.4.0/../../../../avr/lib/avr6\libc.a(strcmp.o)
                0x000084de                strcmp
 .text.avr-libc
                0x000084f0        0xe c:/program files (x86)/atmel/studio/7.0/toolchain/avr8/avr8-gnu-toolchain/bin/../lib/gcc/avr/5.4.0/../../../../avr/lib/avr6\libc.a(strcpy.o)
                0x000084f0                strcpy
 .text.avr-libc
                0x000084fe       0x1c c:/program files (x86)/atmel/studio/7.0/toolchain/avr8/avr8-gnu-toolchain/bin/../lib/gcc/avr/5.4.0/../../../../avr/lib/avr6\libc.a(strncmp.o)
                0x000084fe                strncmp
 .text.avr-libc
                0x0000851a       0x1e c:/program files (x86)/atmel/studio/7.0/toolchain/avr8/avr8-gnu-toolchain/bin/../lib/gcc/avr/5.4.0/../../../../avr/lib/avr6\libc.a(strncpy.o)
                0x0000851a                strncpy
 .text.avr-libc
                0x00008538       0x16 c:/program files (x86)/atmel/studio/7.0/toolchain/avr8/avr8-gnu-toolchain/bin/../lib/gcc/avr/5.4.0/../../../../avr/lib/avr6\libc.a(strrchr.o)
                0x00008538                strrchr
 .text.avr-libc
                0x0000854e       0x34 c:/program files (x86)/atmel/studio/7.0/toolchain/avr8/avr8-gnu-toolchain/bin/../lib/gcc/avr/5.4.0/../../../../avr/lib/avr6\libc.a(strstr.o)
                0x0000854e                strstr
 .text.avr-libc
                0x00008582       0x16 c:/program files (x86)/atmel/studio/7.0/toolchain/avr8/avr8-gnu-toolchain/bin/../lib/gcc/avr/5.4.0/../../../../avr/lib/avr6\libc.a(itoa.o)
                0x00008582                __itoa
                0x00008582                itoa
 .text.avr-libc
                0x00008598       0x16 c:/program files (x86)/atmel/studio/7.0/toolchain/avr8/avr8-gnu-toolchain/bin/../lib/gcc/avr/5.4.0/../../../../avr/lib/avr6\libc.a(itoa_ncheck.o)
                0x00008598                __itoa_ncheck
 .text.avr-libc
                0x000085ae       0x16 c:/program files (x86)/atmel/studio/7.0/toolchain/avr8/avr8-gnu-toolchain/bin/../lib/gcc/avr/5.4.0/../../../../avr/lib/avr6\libc.a(ltoa.o)
                0x000085ae                ltoa
                0x000085ae                __ltoa
 .text.avr-libc
                0x000085c4       0x1e c:/program files (x86)/atmel/studio/7.0/toolchain/avr8/avr8-gnu-toolchain/bin/../lib/gcc/avr/5.4.0/../../../../avr/lib/avr6\libc.a(ltoa_ncheck.o)
                0x000085c4                __ltoa_ncheck
 .text.avr-libc
                0x000085e2       0x2a c:/program files (x86)/atmel/studio/7.0/toolchain/avr8/avr8-gnu-toolchain/bin/../lib/gcc/avr/5.4.0/../../../../avr/lib/avr6\libc.a(mulsi10.o)
                0x000085e2                __mulsi_const_10
 .text.avr-libc
                0x0000860c       0x16 c:/program files (x86)/atmel/studio/7.0/toolchain/avr8/avr8-gnu-toolchain/bin/../lib/gcc/avr/5.4.0/../../../../avr/lib/avr6\libc.a(ultoa.o)
                0x0000860c                ultoa
                0x0000860c                __ultoa
 .text.avr-libc
                0x00008622       0x44 c:/program files (x86)/atmel/studio/7.0/toolchain/avr8/avr8-gnu-toolchain/bin/../lib/gcc/avr/5.4.0/../../../../avr/lib/avr6\libc.a(ultoa_ncheck.o)
                0x00008622                __ultoa_ncheck
                0x00008624                __ultoa_common
 .text.avr-libc
                0x00008666       0x16 c:/program files (x86)/atmel/studio/7.0/toolchain/avr8/avr8-gnu-toolchain/bin/../lib/gcc/avr/5.4.0/../../../../avr/lib/avr6\libc.a(utoa.o)
                0x00008666                __utoa
                0x00008666                utoa
 .text.avr-libc
                0x0000867c       0x34 c:/program files (x86)/atmel/studio/7.0/toolchain/avr8/avr8-gnu-toolchain/bin/../lib/gcc/avr/5.4.0/../../../../avr/lib/avr6\libc.a(utoa_ncheck.o)
                0x0000867c                __utoa_ncheck
                0x0000867e                __utoa_common
 .text.avr-libc
                0x000086b0       0x28 c:/program files (x86)/atmel/studio/7.0/toolchain/avr8/avr8-gnu-toolchain/bin/../lib/gcc/avr/5.4.0/../../../../avr/lib/avr6\libc.a(printf.o)
                0x000086b0                printf
 .text.avr-libc
                0x000086d8       0x60 c:/program files (x86)/atmel/studio/7.0/toolchain/avr8/avr8-gnu-toolchain/bin/../lib/gcc/avr/5.4.0/../../../../avr/lib/avr6\libc.a(puts.o)
                0x000086d8                puts
 .text.avr-libc
                0x00008738      0x414 c:/program files (x86)/atmel/studio/7.0/toolchain/avr8/avr8-gnu-toolchain/bin/../lib/gcc/avr/5.4.0/../../../../avr/lib/avr6\libc.a(vfprintf_std.o)
                0x00008738                vfprintf
 .text.avr-libc
                0x00008b4c      0x2ee c:/program files (x86)/atmel/studio/7.0/toolchain/avr8/avr8-gnu-toolchain/bin/../lib/gcc/avr/5.4.0/../../../../avr/lib/avr6\libc.a(dtoa_prf.o)
                0x00008b4c                dtoa_prf
 .text.avr-libc
                0x00008e3a      0x2b8 c:/program files (x86)/atmel/studio/7.0/toolchain/avr8/avr8-gnu-toolchain/bin/../lib/gcc/avr/5.4.0/../../../../avr/lib/avr6\libc.a(strtod.o)
                0x00008e3a                strtod
 .text.avr-libc
                0x000090f2      0x1b0 c:/program files (x86)/atmel/studio/7.0/toolchain/avr8/avr8-gnu-toolchain/bin/../lib/gcc/avr/5.4.0/../../../../avr/lib/avr6\libc.a(ftoa_engine.o)
                0x000090f2                __ftoa_engine
 .text.avr-libc
                0x000092a2        0x6 c:/program files (x86)/atmel/studio/7.0/toolchain/avr8/avr8-gnu-toolchain/bin/../lib/gcc/avr/5.4.0/../../../../avr/lib/avr6\libc.a(cty_isfalse.o)
                0x000092a2                __ctype_isfalse
                0x000092a6                __ctype_istrue
 .text.avr-libc
                0x000092a8       0x30 c:/program files (x86)/atmel/studio/7.0/toolchain/avr8/avr8-gnu-toolchain/bin/../lib/gcc/avr/5.4.0/../../../../avr/lib/avr6\libc.a(strncasecmp_P.o)
                0x000092a8                strncasecmp_P
 .text.avr-libc
                0x000092d8       0x16 c:/program files (x86)/atmel/studio/7.0/toolchain/avr8/avr8-gnu-toolchain/bin/../lib/gcc/avr/5.4.0/../../../../avr/lib/avr6\libc.a(strnlen_P.o)
                0x000092d8                strnlen_P
 .text.avr-libc
                0x000092ee       0x16 c:/program files (x86)/atmel/studio/7.0/toolchain/avr8/avr8-gnu-toolchain/bin/../lib/gcc/avr/5.4.0/../../../../avr/lib/avr6\libc.a(strnlen.o)
                0x000092ee                strnlen
 .text.avr-libc
                0x00009304       0x20 c:/program files (x86)/atmel/studio/7.0/toolchain/avr8/avr8-gnu-toolchain/bin/../lib/gcc/avr/5.4.0/../../../../avr/lib/avr6\libc.a(strrev.o)
                0x00009304                strrev
 .text.avr-libc
                0x00009324       0x78 c:/program files (x86)/atmel/studio/7.0/toolchain/avr8/avr8-gnu-toolchain/bin/../lib/gcc/avr/5.4.0/../../../../avr/lib/avr6\libc.a(fputc.o)
                0x00009324                fputc
 .text.avr-libc
                0x0000939c       0xbc c:/program files (x86)/atmel/studio/7.0/toolchain/avr8/avr8-gnu-toolchain/bin/../lib/gcc/avr/5.4.0/../../../../avr/lib/avr6\libc.a(ultoa_invert.o)
                0x0000939c                __ultoa_invert
 .text.libgcc.mul
                0x00009458       0x10 c:/program files (x86)/atmel/studio/7.0/toolchain/avr8/avr8-gnu-toolchain/bin/../lib/gcc/avr/5.4.0/avr6\libgcc.a(_mulshisi3.o)
                0x00009458                __mulshisi3
                0x0000945e                __mulohisi3
 .text.libgcc.div
                0x00009468        0x0 c:/program files (x86)/atmel/studio/7.0/toolchain/avr8/avr8-gnu-toolchain/bin/../lib/gcc/avr/5.4.0/avr6\libgcc.a(_mulshisi3.o)
 .text.libgcc   0x00009468        0x0 c:/program files (x86)/atmel/studio/7.0/toolchain/avr8/avr8-gnu-toolchain/bin/../lib/gcc/avr/5.4.0/avr6\libgcc.a(_mulshisi3.o)
 .text.libgcc.prologue
                0x00009468        0x0 c:/program files (x86)/atmel/studio/7.0/toolchain/avr8/avr8-gnu-toolchain/bin/../lib/gcc/avr/5.4.0/avr6\libgcc.a(_mulshisi3.o)
 .text.libgcc.builtins
                0x00009468        0x0 c:/program files (x86)/atmel/studio/7.0/toolchain/avr8/avr8-gnu-toolchain/bin/../lib/gcc/avr/5.4.0/avr6\libgcc.a(_mulshisi3.o)
 .text.libgcc.fmul
                0x00009468        0x0 c:/program files (x86)/atmel/studio/7.0/toolchain/avr8/avr8-gnu-toolchain/bin/../lib/gcc/avr/5.4.0/avr6\libgcc.a(_mulshisi3.o)
 .text.libgcc.fixed
                0x00009468        0x0 c:/program files (x86)/atmel/studio/7.0/toolchain/avr8/avr8-gnu-toolchain/bin/../lib/gcc/avr/5.4.0/avr6\libgcc.a(_mulshisi3.o)
                0x00009468                . = ALIGN (0x2)
 *(.fini9)
 .fini9         0x00009468        0x0 c:/program files (x86)/atmel/studio/7.0/toolchain/avr8/avr8-gnu-toolchain/bin/../lib/gcc/avr/5.4.0/avr6\libgcc.a(_exit.o)
                0x00009468                _exit
                0x00009468                exit
 *(.fini9)
 *(.fini8)
 *(.fini8)
 *(.fini7)
 *(.fini7)
 *(.fini6)
 .fini6         0x00009468       0x20 c:/program files (x86)/atmel/studio/7.0/toolchain/avr8/avr8-gnu-toolchain/bin/../lib/gcc/avr/5.4.0/avr6\libgcc.a(_dtors.o)
                0x00009468                __do_global_dtors
 *(.fini6)
 *(.fini5)
 *(.fini5)
 *(.fini4)
 *(.fini4)
 *(.fini3)
 *(.fini3)
 *(.fini2)
 *(.fini2)
 *(.fini1)
 *(.fini1)
 *(.fini0)
 .fini0         0x00009488        0x4 c:/program files (x86)/atmel/studio/7.0/toolchain/avr8/avr8-gnu-toolchain/bin/../lib/gcc/avr/5.4.0/avr6\libgcc.a(_exit.o)
 *(.fini0)
                0x0000948c                _etext = .

.data           0x00800200      0x4ae load address 0x0000948c
                0x00800200                PROVIDE (__data_start, .)
 *(.data)
 .data          0x00800200        0x0 c:/program files (x86)/atmel/studio/7.0/toolchain/avr8/avr8-gnu-toolchain/bin/../lib/gcc/avr/5.4.0/../../../../avr/lib/avr6/crtatmega2560.o
 .data          0x00800200        0x0 obj\Release\arduino\abi.o
 .data          0x00800200        0x0 obj\Release\arduino\CDC.o
 .data          0x00800200        0x0 obj\Release\arduino\dht.o
 .data          0x00800200        0x0 obj\Release\arduino\HardwareSerial.o
 .data          0x00800200        0x0 obj\Release\arduino\HardwareSerial0.o
 .data          0x00800200        0x0 obj\Release\arduino\HardwareSerial1.o
 .data          0x00800200        0x0 obj\Release\arduino\HardwareSerial2.o
 .data          0x00800200        0x0 obj\Release\arduino\HardwareSerial3.o
 .data          0x00800200        0x0 obj\Release\arduino\hooks.o
 .data          0x00800200        0x0 obj\Release\arduino\IPAddress.o
 .data          0x00800200        0x0 obj\Release\arduino\Key.o
 .data          0x00800200        0x0 obj\Release\arduino\Keypad.o
 .data          0x00800200        0x0 obj\Release\arduino\LiquidCrystal_I2C.o
 .data          0x00800200        0x0 obj\Release\arduino\main.o
 .data          0x00800200        0x0 obj\Release\arduino\new.o
 .data          0x00800200        0x0 obj\Release\arduino\Password.o
 .data          0x00800200        0x0 obj\Release\arduino\PluggableUSB.o
 .data          0x00800200        0x0 obj\Release\arduino\Print.o
 .data          0x00800200        0x0 obj\Release\arduino\Servo.o
 .data          0x00800200        0x0 obj\Release\arduino\Stream.o
 .data          0x00800200        0x1 obj\Release\arduino\Tone.o
 .data          0x00800201        0x0 obj\Release\arduino\USBCore.o
 .data          0x00800201        0x0 obj\Release\arduino\utility\twi.o
 .data          0x00800201       0x10 obj\Release\arduino\WInterrupts.o
 .data          0x00800211        0x0 obj\Release\arduino\Wire.o
 .data          0x00800211        0x0 obj\Release\arduino\wiring.o
 .data          0x00800211        0x1 obj\Release\arduino\wiring_analog.o
                0x00800211                analog_reference
 .data          0x00800212        0x0 obj\Release\arduino\wiring_digital.o
 .data          0x00800212        0x0 obj\Release\arduino\wiring_pulse.o
 .data          0x00800212        0x0 obj\Release\arduino\wiring_shift.o
 .data          0x00800212        0x0 obj\Release\arduino\WMath.o
 .data          0x00800212        0x0 obj\Release\arduino\WString.o