Archive member included to satisfy reference by file (symbol)

c:/program files (x86)/atmel/studio/7.0/toolchain/avr8/avr8-gnu-toolchain/bin/../lib/gcc/avr/5.4.0/avr6\libgcc.a(_mulsi3.o)
                              obj\Release\arduino\WMath.o (__mulsi3)
c:/program files (x86)/atmel/studio/7.0/toolchain/avr8/avr8-gnu-toolchain/bin/../lib/gcc/avr/5.4.0/avr6\libgcc.a(_udivmodsi4.o)
                              obj\Release\arduino\HardwareSerial.o (__udivmodsi4)
c:/program files (x86)/atmel/studio/7.0/toolchain/avr8/avr8-gnu-toolchain/bin/../lib/gcc/avr/5.4.0/avr6\libgcc.a(_divmodsi4.o)
                              obj\Release\arduino\WMath.o (__divmodsi4)
c:/program files (x86)/atmel/studio/7.0/toolchain/avr8/avr8-gnu-toolchain/bin/../lib/gcc/avr/5.4.0/avr6\libgcc.a(_negsi2.o)
                              c:/program files (x86)/atmel/studio/7.0/toolchain/avr8/avr8-gnu-toolchain/bin/../lib/gcc/avr/5.4.0/avr6\libgcc.a(_divmodsi4.o) (__negsi2)
c:/program files (x86)/atmel/studio/7.0/toolchain/avr8/avr8-gnu-toolchain/bin/../lib/gcc/avr/5.4.0/avr6\libgcc.a(_exit.o)
                              c:/program files (x86)/atmel/studio/7.0/toolchain/avr8/avr8-gnu-toolchain/bin/../lib/gcc/avr/5.4.0/../../../../avr/lib/avr6/crtatmega2560.o (exit)
c:/program files (x86)/atmel/studio/7.0/toolchain/avr8/avr8-gnu-toolchain/bin/../lib/gcc/avr/5.4.0/avr6\libgcc.a(_tablejump2.o)
                              obj\Release\arduino\WInterrupts.o (__tablejump2__)
c:/program files (x86)/atmel/studio/7.0/toolchain/avr8/avr8-gnu-toolchain/bin/../lib/gcc/avr/5.4.0/avr6\libgcc.a(_copy_data.o)
                              obj\Release\arduino\HardwareSerial.o (__do_copy_data)
c:/program files (x86)/atmel/studio/7.0/toolchain/avr8/avr8-gnu-toolchain/bin/../lib/gcc/avr/5.4.0/avr6\libgcc.a(_clear_bss.o)
                              obj\Release\arduino\HardwareSerial0.o (__do_clear_bss)
c:/program files (x86)/atmel/studio/7.0/toolchain/avr8/avr8-gnu-toolchain/bin/../lib/gcc/avr/5.4.0/avr6\libgcc.a(_ctors.o)
                              obj\Release\arduino\HardwareSerial0.o (__do_global_ctors)
c:/program files (x86)/atmel/studio/7.0/toolchain/avr8/avr8-gnu-toolchain/bin/../lib/gcc/avr/5.4.0/avr6\libgcc.a(_muluhisi3.o)
                              obj\Release\arduino\Stream.o (__muluhisi3)
c:/program files (x86)/atmel/studio/7.0/toolchain/avr8/avr8-gnu-toolchain/bin/../lib/gcc/avr/5.4.0/avr6\libgcc.a(_umulhisi3.o)
                              c:/program files (x86)/atmel/studio/7.0/toolchain/avr8/avr8-gnu-toolchain/bin/../lib/gcc/avr/5.4.0/avr6\libgcc.a(_muluhisi3.o) (__umulhisi3)
c:/program files (x86)/atmel/studio/7.0/toolchain/avr8/avr8-gnu-toolchain/bin/../lib/gcc/avr/5.4.0/../../../../avr/lib/avr6\libm.a(addsf3.o)
                              obj\Release\arduino\Print.o (__subsf3)
c:/program files (x86)/atmel/studio/7.0/toolchain/avr8/avr8-gnu-toolchain/bin/../lib/gcc/avr/5.4.0/../../../../avr/lib/avr6\libm.a(addsf3x.o)
                              c:/program files (x86)/atmel/studio/7.0/toolchain/avr8/avr8-gnu-toolchain/bin/../lib/gcc/avr/5.4.0/../../../../avr/lib/avr6\libm.a(addsf3.o) (__addsf3x)
c:/program files (x86)/atmel/studio/7.0/toolchain/avr8/avr8-gnu-toolchain/bin/../lib/gcc/avr/5.4.0/../../../../avr/lib/avr6\libm.a(cmpsf2.o)
                              obj\Release\arduino\Print.o (__ltsf2)
c:/program files (x86)/atmel/studio/7.0/toolchain/avr8/avr8-gnu-toolchain/bin/../lib/gcc/avr/5.4.0/../../../../avr/lib/avr6\libm.a(divsf3.o)
                              obj\Release\arduino\Print.o (__divsf3)
c:/program files (x86)/atmel/studio/7.0/toolchain/avr8/avr8-gnu-toolchain/bin/../lib/gcc/avr/5.4.0/../../../../avr/lib/avr6\libm.a(divsf3x.o)
                              c:/program files (x86)/atmel/studio/7.0/toolchain/avr8/avr8-gnu-toolchain/bin/../lib/gcc/avr/5.4.0/../../../../avr/lib/avr6\libm.a(divsf3.o) (__divsf3x)
c:/program files (x86)/atmel/studio/7.0/toolchain/avr8/avr8-gnu-toolchain/bin/../lib/gcc/avr/5.4.0/../../../../avr/lib/avr6\libm.a(fixunssfsi.o)
                              obj\Release\arduino\Print.o (__fixunssfsi)
c:/program files (x86)/atmel/studio/7.0/toolchain/avr8/avr8-gnu-toolchain/bin/../lib/gcc/avr/5.4.0/../../../../avr/lib/avr6\libm.a(floatsisf.o)
                              obj\Release\arduino\dht.o (__floatunsisf)
c:/program files (x86)/atmel/studio/7.0/toolchain/avr8/avr8-gnu-toolchain/bin/../lib/gcc/avr/5.4.0/../../../../avr/lib/avr6\libm.a(fp_cmp.o)
                              c:/program files (x86)/atmel/studio/7.0/toolchain/avr8/avr8-gnu-toolchain/bin/../lib/gcc/avr/5.4.0/../../../../avr/lib/avr6\libm.a(cmpsf2.o) (__fp_cmp)
c:/program files (x86)/atmel/studio/7.0/toolchain/avr8/avr8-gnu-toolchain/bin/../lib/gcc/avr/5.4.0/../../../../avr/lib/avr6\libm.a(fp_inf.o)
                              c:/program files (x86)/atmel/studio/7.0/toolchain/avr8/avr8-gnu-toolchain/bin/../lib/gcc/avr/5.4.0/../../../../avr/lib/avr6\libm.a(addsf3x.o) (__fp_inf)
[...]
Memory Configuration

Name             Origin             Length             Attributes
text             0x00000000         0x00040000         xr
data             0x00800200         0x00002000         rw !x
eeprom           0x00810000         0x00001000         rw !x
fuse             0x00820000         0x00000003         rw !x
lock             0x00830000         0x00000400         rw !x
signature        0x00840000         0x00000400         rw !x
user_signatures  0x00850000         0x00000400         rw !x
*default*        0x00000000         0xffffffff

Linker script and memory map

Address of section .data set to 0x800200
LOAD c:/program files (x86)/atmel/studio/7.0/toolchain/avr8/avr8-gnu-toolchain/bin/../lib/gcc/avr/5.4.0/../../../../avr/lib/avr6/crtatmega2560.o
LOAD obj\Release\arduino\abi.o
LOAD obj\Release\arduino\CDC.o
LOAD obj\Release\arduino\dht.o
LOAD obj\Release\arduino\HardwareSerial.o
LOAD obj\Release\arduino\HardwareSerial0.o
LOAD obj\Release\arduino\HardwareSerial1.o
LOAD obj\Release\arduino\HardwareSerial2.o
LOAD obj\Release\arduino\HardwareSerial3.o
LOAD obj\Release\arduino\hooks.o
LOAD obj\Release\arduino\IPAddress.o
LOAD obj\Release\arduino\Key.o
LOAD obj\Release\arduino\Keypad.o
LOAD obj\Release\arduino\LiquidCrystal_I2C.o
LOAD obj\Release\arduino\main.o
LOAD obj\Release\arduino\new.o
LOAD obj\Release\arduino\Password.o
LOAD obj\Release\arduino\PluggableUSB.o
LOAD obj\Release\arduino\Print.o
LOAD obj\Release\arduino\Stream.o
LOAD obj\Release\arduino\Tone.o
LOAD obj\Release\arduino\USBCore.o
LOAD obj\Release\arduino\utility\twi.o
LOAD obj\Release\arduino\WInterrupts.o
LOAD obj\Release\arduino\Wire.o
LOAD obj\Release\arduino\wiring.o
LOAD obj\Release\arduino\wiring_analog.o
LOAD obj\Release\arduino\wiring_digital.o
LOAD obj\Release\arduino\wiring_pulse.o
LOAD obj\Release\arduino\wiring_shift.o
LOAD obj\Release\arduino\WMath.o
LOAD obj\Release\arduino\WString.o
LOAD obj\Release\Comfort.o
LOAD obj\Release\HWInputs.o
LOAD obj\Release\HWOutputs.o
LOAD obj\Release\Lights.o
LOAD obj\Release\Logic.o
LOAD obj\Release\Security.o
LOAD obj\Release\SmartHome.o
LOAD obj\Release\SWInputs.o
LOAD obj\Release\SWOutputs.o
LOAD c:/program files (x86)/atmel/studio/7.0/toolchain/avr8/avr8-gnu-toolchain/bin/../lib/gcc/avr/5.4.0/avr6\libgcc.a
LOAD c:/program files (x86)/atmel/studio/7.0/toolchain/avr8/avr8-gnu-toolchain/bin/../lib/gcc/avr/5.4.0/../../../../avr/lib/avr6\libm.a
START GROUP
LOAD c:/program files (x86)/atmel/studio/7.0/toolchain/avr8/avr8-gnu-toolchain/bin/../lib/gcc/avr/5.4.0/avr6\libgcc.a
LOAD c:/program files (x86)/atmel/studio/7.0/toolchain/avr8/avr8-gnu-toolchain/bin/../lib/gcc/avr/5.4.0/../../../../avr/lib/avr6\libm.a
LOAD c:/program files (x86)/atmel/studio/7.0/toolchain/avr8/avr8-gnu-toolchain/bin/../lib/gcc/avr/5.4.0/../../../../avr/lib/avr6\libc.a
LOAD c:/program files (x86)/atmel/studio/7.0/toolchain/avr8/avr8-gnu-toolchain/bin/../lib/gcc/avr/5.4.0/../../../../avr/lib/avr6\libatmega2560.a
END GROUP
                0x00000000                __TEXT_REGION_ORIGIN__ = DEFINED (__TEXT_REGION_ORIGIN__)?__TEXT_REGION_ORIGIN__:0x0
                [0x00800200]                __DATA_REGION_ORIGIN__ = DEFINED (__DATA_REGION_ORIGIN__)?__DATA_REGION_ORIGIN__:0x800200
                [0x00040000]                __TEXT_REGION_LENGTH__ = DEFINED (__TEXT_REGION_LENGTH__)?__TEXT_REGION_LENGTH__:0x100000
                [0x00002000]                __DATA_REGION_LENGTH__ = DEFINED (__DATA_REGION_LENGTH__)?__DATA_REGION_LENGTH__:0xfe00
                [0x00001000]                __EEPROM_REGION_LENGTH__ = DEFINED (__EEPROM_REGION_LENGTH__)?__EEPROM_REGION_LENGTH__:0x10000
                [0x00000003]                __FUSE_REGION_LENGTH__ = DEFINED (__FUSE_REGION_LENGTH__)?__FUSE_REGION_LENGTH__:0x400
                0x00000400                __LOCK_REGION_LENGTH__ = DEFINED (__LOCK_REGION_LENGTH__)?__LOCK_REGION_LENGTH__:0x400
                0x00000400                __SIGNATURE_REGION_LENGTH__ = DEFINED (__SIGNATURE_REGION_LENGTH__)?__SIGNATURE_REGION_LENGTH__:0x400
                0x00000400                __USER_SIGNATURE_REGION_LENGTH__ = DEFINED (__USER_SIGNATURE_REGION_LENGTH__)?__USER_SIGNATURE_REGION_LENGTH__:0x400

.hash
 *(.hash)

.dynsym
 *(.dynsym)

.dynstr
 *(.dynstr)

.gnu.version
 *(.gnu.version)

.gnu.version_d
 *(.gnu.version_d)

.gnu.version_r
 *(.gnu.version_r)

.rel.init
 *(.rel.init)

.rela.init
 *(.rela.init)

.rel.text
 *(.rel.text)
 *(.rel.text.*)
 *(.rel.gnu.linkonce.t*)

.rela.text
 *(.rela.text)
 *(.rela.text.*)
 *(.rela.gnu.linkonce.t*)

.rel.fini
 *(.rel.fini)

.rela.fini
 *(.rela.fini)

.rel.rodata
 *(.rel.rodata)
 *(.rel.rodata.*)
 *(.rel.gnu.linkonce.r*)

.rela.rodata
 *(.rela.rodata)
 *(.rela.rodata.*)
 *(.rela.gnu.linkonce.r*)

.rel.data
 *(.rel.data)
 *(.rel.data.*)
 *(.rel.gnu.linkonce.d*)

.rela.data
 *(.rela.data)
 *(.rela.data.*)
 *(.rela.gnu.linkonce.d*)

.rel.ctors
 *(.rel.ctors)

.rela.ctors
 *(.rela.ctors)

.rel.dtors
 *(.rel.dtors)

.rela.dtors
 *(.rela.dtors)

.rel.got
 *(.rel.got)

.rela.got
 *(.rela.got)

.rel.bss
 *(.rel.bss)

.rela.bss
 *(.rela.bss)

.rel.plt
 *(.rel.plt)

.rela.plt
 *(.rela.plt)

.text           0x00000000     0x7a26
 *(.vectors)
 .vectors       0x00000000       0xe4 c:/program files (x86)/atmel/studio/7.0/toolchain/avr8/avr8-gnu-toolchain/bin/../lib/gcc/avr/5.4.0/../../../../avr/lib/avr6/crtatmega2560.o
                0x00000000                __vector_default
                0x00000000                __vectors
 *(.vectors)
 *(.progmem.gcc*)
 .progmem.gcc_sw_table
                0x000000e4       0x1c obj\Release\arduino\WInterrupts.o
 .progmem.gcc_sw_table
                0x00000100       0x24 obj\Release\arduino\wiring_analog.o
 .progmem.gcc_sw_table
                0x00000124       0x24 obj\Release\arduino\wiring_digital.o
                0x00000148                . = ALIGN (0x2)
                0x00000148                __trampolines_start = .
 *(.trampolines)
 .trampolines   0x00000148      0x150 linker stubs
 *(.trampolines*)
                0x00000298                __trampolines_end = .
 *libprintf_flt.a:*(.progmem.data)
 *libc.a:*(.progmem.data)
 .progmem.data  0x00000298       0x3b c:/program files (x86)/atmel/studio/7.0/toolchain/avr8/avr8-gnu-toolchain/bin/../lib/gcc/avr/5.4.0/../../../../avr/lib/avr6\libc.a(strtod.o)
 .progmem.data  0x000002d3       0xfa c:/program files (x86)/atmel/studio/7.0/toolchain/avr8/avr8-gnu-toolchain/bin/../lib/gcc/avr/5.4.0/../../../../avr/lib/avr6\libc.a(ftoa_engine.o)
 *(.progmem*)
 .progmem.data  0x000003cd        0x1 obj\Release\arduino\Tone.o
 .progmem.data  0x000003ce      0x120 obj\Release\arduino\wiring_digital.o
                0x000003ce                digital_pin_to_timer_PGM
                0x00000414                digital_pin_to_bit_mask_PGM
                0x0000045a                digital_pin_to_port_PGM
                0x000004a0                port_to_input_PGM
                0x000004ba                port_to_output_PGM
                0x000004d4                port_to_mode_PGM
                0x000004ee                . = ALIGN (0x2)
 *(.jumptables)
 *(.jumptables*)
 *(.lowtext)
 *(.lowtext*)
                0x000004ee                __ctors_start = .
 *(.ctors)
 .ctors         0x000004ee        0x2 obj\Release\arduino\HardwareSerial0.o
 .ctors         0x000004f0        0x2 obj\Release\arduino\HardwareSerial1.o
 .ctors         0x000004f2        0x2 obj\Release\arduino\HardwareSerial2.o
 .ctors         0x000004f4        0x2 obj\Release\arduino\HardwareSerial3.o
 .ctors         0x000004f6        0x2 obj\Release\arduino\Wire.o
 .ctors         0x000004f8        0x2 obj\Release\HWInputs.o
                0x000004fa                __ctors_end = .
                0x000004fa                __dtors_start = .
 *(.dtors)
                0x000004fa                __dtors_end = .
 SORT(*)(.ctors)
 SORT(*)(.dtors)
 *(.init0)
 .init0         0x000004fa        0x0 c:/program files (x86)/atmel/studio/7.0/toolchain/avr8/avr8-gnu-toolchain/bin/../lib/gcc/avr/5.4.0/../../../../avr/lib/avr6/crtatmega2560.o
                0x000004fa                __init
 *(.init0)
 *(.init1)
 *(.init1)
 *(.init2)
 .init2         0x000004fa       0x10 c:/program files (x86)/atmel/studio/7.0/toolchain/avr8/avr8-gnu-toolchain/bin/../lib/gcc/avr/5.4.0/../../../../avr/lib/avr6/crtatmega2560.o
 *(.init2)
 *(.init3)
 *(.init3)
 *(.init4)
 .init4         0x0000050a       0x1a c:/program files (x86)/atmel/studio/7.0/toolchain/avr8/avr8-gnu-toolchain/bin/../lib/gcc/avr/5.4.0/avr6\libgcc.a(_copy_data.o)
                0x0000050a                __do_copy_data
 .init4         0x00000524       0x10 c:/program files (x86)/atmel/studio/7.0/toolchain/avr8/avr8-gnu-toolchain/bin/../lib/gcc/avr/5.4.0/avr6\libgcc.a(_clear_bss.o)
                0x00000524                __do_clear_bss
 *(.init4)
 *(.init5)
 *(.init5)
 *(.init6)
 .init6         0x00000534       0x20 c:/program files (x86)/atmel/studio/7.0/toolchain/avr8/avr8-gnu-toolchain/bin/../lib/gcc/avr/5.4.0/avr6\libgcc.a(_ctors.o)
                0x00000534                __do_global_ctors
 *(.init6)
 *(.init7)
 *(.init7)
 *(.init8)
 *(.init8)
 *(.init9)
 .init9         0x00000554        0x8 c:/program files (x86)/atmel/studio/7.0/toolchain/avr8/avr8-gnu-toolchain/bin/../lib/gcc/avr/5.4.0/../../../../avr/lib/avr6/crtatmega2560.o
 *(.init9)
 *(.text)
 .text          0x0000055c        0x4 c:/program files (x86)/atmel/studio/7.0/toolchain/avr8/avr8-gnu-toolchain/bin/../lib/gcc/avr/5.4.0/../../../../avr/lib/avr6/crtatmega2560.o
                0x0000055c                __vector_38
                0x0000055c                __vector_22
                0x0000055c                __vector_28
                0x0000055c                __vector_32
                0x0000055c                __vector_34
                0x0000055c                __vector_24
                0x0000055c                __vector_12
                0x0000055c                __vector_46
                0x0000055c                __bad_interrupt
                0x0000055c                __vector_31
                0x0000055c                __vector_35
                0x0000055c                __vector_30
                0x0000055c                __vector_45
                0x0000055c                __vector_11
                0x0000055c                __vector_17
                0x0000055c                __vector_19
                0x0000055c                __vector_56
                0x0000055c                __vector_49
                0x0000055c                __vector_41
                0x0000055c                __vector_43
                0x0000055c                __vector_27
                0x0000055c                __vector_33
                0x0000055c                __vector_47
                0x0000055c                __vector_44
                0x0000055c                __vector_9
                0x0000055c                __vector_21
                0x0000055c                __vector_15
                0x0000055c                __vector_29
                0x0000055c                __vector_40
                0x0000055c                __vector_48
                0x0000055c                __vector_14
                0x0000055c                __vector_53
                0x0000055c                __vector_10
                0x0000055c                __vector_50
                0x0000055c                __vector_16
                0x0000055c                __vector_18
                0x0000055c                __vector_20
                0x0000055c                __vector_42
 .text          0x00000560        0x8 obj\Release\arduino\abi.o
                0x00000560                __cxa_pure_virtual
                0x00000564                __cxa_deleted_virtual
 .text          0x00000568        0x0 obj\Release\arduino\CDC.o
 .text          0x00000568      0x266 obj\Release\arduino\dht.o
                0x00000568                _ZN3dht4readEh
                0x000006c0                _ZN3dht6read11Eh
                0x0000071e                _ZN3dht6read22Eh
 .text          0x000007ce      0x324 obj\Release\arduino\HardwareSerial.o
                0x000007ce                _ZN14HardwareSerial9availableEv
                0x000007e6                _ZN14HardwareSerial4peekEv
                0x00000802                _ZN14HardwareSerial4readEv
                0x0000082a                _ZN14HardwareSerial17availableForWriteEv
                0x00000848                _Z14serialEventRunv
                0x000008c2                _ZN14HardwareSerial17_tx_udr_empty_irqEv
                0x00000906                _ZN14HardwareSerial5writeEh
                0x000009a0                _ZN14HardwareSerial5flushEv
                0x000009e4                _ZN14HardwareSerial5beginEmh
                0x00000aae                _ZN14HardwareSerial3endEv
 .text          0x00000af2       0xd4 obj\Release\arduino\HardwareSerial0.o
                0x00000af2                __vector_25
                0x00000b5e                __vector_26
                0x00000bb2                _Z17Serial0_availablev
 .text          0x00000bc6       0xd4 obj\Release\arduino\HardwareSerial1.o
                0x00000bc6                __vector_36
                0x00000c32                __vector_37
                0x00000c86                _Z17Serial1_availablev
 .text          0x00000c9a       0xd4 obj\Release\arduino\HardwareSerial2.o
                0x00000c9a                __vector_51
                0x00000d06                __vector_52
                0x00000d5a                _Z17Serial2_availablev
 .text          0x00000d6e       0xd4 obj\Release\arduino\HardwareSerial3.o
                0x00000d6e                __vector_54
                0x00000dda                __vector_55
                0x00000e2e                _Z17Serial3_availablev
 .text          0x00000e42        0x2 obj\Release\arduino\hooks.o
                0x00000e42                yield
 .text          0x00000e44      0x17e obj\Release\arduino\IPAddress.o
                0x00000e44                _ZNK9IPAddress7printToER5Print
                0x00000ec8                _ZN9IPAddressC2Ev
                0x00000ec8                _ZN9IPAddressC1Ev
                0x00000edc                _ZN9IPAddressC2Ehhhh
                0x00000edc                _ZN9IPAddressC1Ehhhh
                0x00000ef4                _ZN9IPAddressC2Em
                0x00000ef4                _ZN9IPAddressC1Em
                0x00000f08                _ZN9IPAddressC1EPKh
                0x00000f08                _ZN9IPAddressC2EPKh
                0x00000f20                _ZN9IPAddress10fromStringEPKc
                0x00000f86                _ZN9IPAddressaSEPKh
                0x00000f98                _ZN9IPAddressaSEm
                0x00000fa4                _ZNK9IPAddresseqEPKh
 .text          0x00000fc2       0x2c obj\Release\arduino\Key.o
                0x00000fc2                _ZN3KeyC2Ev
                0x00000fc2                _ZN3KeyC1Ev
                0x00000fce                _ZN3KeyC1Ec
                0x00000fce                _ZN3KeyC2Ec
                0x00000fe2                _ZN3Key10key_updateEc8KeyStateb
 .text          0x00000fee      0x6d4 obj\Release\arduino\Keypad.o
                0x00000fee                _ZN6KeypadC2EPcPhS1_hh
                0x00000fee                _ZN6KeypadC1EPcPhS1_hh
                0x000010a8                _ZN6Keypad5beginEPc
                0x000010b4                _ZN6Keypad8scanKeysEv
                0x000012a8                _ZN6Keypad9isPressedEc
                0x000012d0                _ZN6Keypad10findInListEc
                0x000012ec                _ZN6Keypad10findInListEi
                0x0000130c                _ZN6Keypad8getStateEv
                0x00001314                _ZN6Keypad15keyStateChangedEv
                0x0000131a                _ZN6Keypad7numKeysEv
                0x0000131e                _ZN6Keypad15setDebounceTimeEj
                0x0000133a                _ZN6Keypad11setHoldTimeEj
                0x00001346                _ZN6Keypad16addEventListenerEPFvcE
                0x00001352                _ZN6Keypad12transitionToEh8KeyState
                0x0000139a                _ZN6Keypad12nextKeyStateEhb
                0x00001466                _ZN6Keypad10updateListEv
                0x000015f0                _ZN6Keypad7getKeysEv
                0x0000166a                _ZN6Keypad6getKeyEv
                0x000016ac                _ZN6Keypad10waitForKeyEv
 .text          0x000016c2      0x346 obj\Release\arduino\LiquidCrystal_I2C.o
                0x000016c2                _ZN17LiquidCrystal_I2CC2Ehhh
                0x000016c2                _ZN17LiquidCrystal_I2CC1Ehhh
                0x000016da                _ZN17LiquidCrystal_I2C8printstrEPKc
                0x000016de                _ZN17LiquidCrystal_I2C3offEv
                0x000016e0                _ZN17LiquidCrystal_I2C2onEv
                0x000016e2                _ZN17LiquidCrystal_I2C8setDelayEii
                0x000016e4                _ZN17LiquidCrystal_I2C6statusEv
                0x000016e8                _ZN17LiquidCrystal_I2C6keypadEv
                0x000016ec                _ZN17LiquidCrystal_I2C13init_bargraphEh
                0x000016f0                _ZN17LiquidCrystal_I2C21draw_horizontal_graphEhhhh
                0x000016f2                _ZN17LiquidCrystal_I2C19draw_vertical_graphEhhhh
                0x000016f4                _ZN17LiquidCrystal_I2C11setContrastEh
                0x000016f6                _ZN17LiquidCrystal_I2C13expanderWriteEh
                0x00001724                _ZN17LiquidCrystal_I2C11noBacklightEv
                0x0000172e                _ZN17LiquidCrystal_I2C9backlightEv
                0x0000173a                _ZN17LiquidCrystal_I2C12setBacklightEh
                0x00001744                _ZN17LiquidCrystal_I2C11pulseEnableEh
                0x00001774                _ZN17LiquidCrystal_I2C10write4bitsEh
                0x00001790                _ZN17LiquidCrystal_I2C4sendEhh
                0x000017be                _ZN17LiquidCrystal_I2C5clearEv
                0x000017cc                _ZN17LiquidCrystal_I2C4homeEv
                0x000017da                _ZN17LiquidCrystal_I2C9setCursorEhh
                0x00001836                _ZN17LiquidCrystal_I2C9noDisplayEv
                0x00001844                _ZN17LiquidCrystal_I2C7displayEv
                0x00001854                _ZN17LiquidCrystal_I2C8noCursorEv
                0x00001862                _ZN17LiquidCrystal_I2C10cursor_offEv
                0x00001866                _ZN17LiquidCrystal_I2C6cursorEv
                0x00001876                _ZN17LiquidCrystal_I2C9cursor_onEv
                0x0000187a                _ZN17LiquidCrystal_I2C7noBlinkEv
                0x00001888                _ZN17LiquidCrystal_I2C9blink_offEv
                0x0000188c                _ZN17LiquidCrystal_I2C5blinkEv
                0x0000189c                _ZN17LiquidCrystal_I2C8blink_onEv
                0x000018a0                _ZN17LiquidCrystal_I2C17scrollDisplayLeftEv
                0x000018a6                _ZN17LiquidCrystal_I2C18scrollDisplayRightEv
                0x000018ac                _ZN17LiquidCrystal_I2C11leftToRightEv
                0x000018bc                _ZN17LiquidCrystal_I2C11rightToLeftEv
                0x000018ca                _ZN17LiquidCrystal_I2C10autoscrollEv
                0x000018da                _ZN17LiquidCrystal_I2C12noAutoscrollEv
                0x000018e8                _ZN17LiquidCrystal_I2C10createCharEhPh
                0x00001938                _ZN17LiquidCrystal_I2C21load_custom_characterEhPh
                0x0000193c                _ZN17LiquidCrystal_I2C5beginEhhh
                0x000019e4                _ZN17LiquidCrystal_I2C9init_privEv
                0x00001a04                _ZN17LiquidCrystal_I2C4initEv
 .text          0x00001a08        0xa obj\Release\arduino\main.o
                0x00001a08                atexit
                0x00001a0e                initVariant
                0x00001a10                _Z8setupUSBv
 .text          0x00001a12       0x10 obj\Release\arduino\new.o
                0x00001a12                _Znwj
                0x00001a16                _Znaj
                0x00001a1a                _ZdlPv
                0x00001a1e                _ZdaPv
 .text          0x00001a22       0xc4 obj\Release\arduino\Password.o
                0x00001a22                _ZN8PasswordC2EPc
                0x00001a22                _ZN8PasswordC1EPc
                0x00001a2e                _ZN8Password3setEPc
                0x00001a36                _ZN8Password6appendEc
                0x00001a5a                _ZN8Password5resetEv
                0x00001a62                _ZN8Password8evaluateEv
                0x00001a92                _ZN8Password2isEPc
                0x00001abe                _ZN8PasswordaSEPc
                0x00001ac6                _ZN8PasswordeqEPc
                0x00001aca                _ZN8PasswordneEPc
                0x00001ad4                _ZN8PasswordlsEc
 .text          0x00001ae6        0x0 obj\Release\arduino\PluggableUSB.o
 .text          0x00001ae6      0x590 obj\Release\arduino\Print.o
                0x00001ae6                _ZN5Print5writeEPKhj
                0x00001b3a                _ZN5Print5printEPK19__FlashStringHelper
                0x00001b82                _ZN5Print5printERK6String
                0x00001b9e                _ZN5Print5printEPKc
                0x00001ba2                _ZN5Print5printEc
                0x00001bb0                _ZN5Print5printERK9Printable
                0x00001bc4                _ZN5Print7printlnEv
                0x00001bcc                _ZN5Print7printlnEPK19__FlashStringHelper
                0x00001bf0                _ZN5Print7printlnERK6String
                0x00001c14                _ZN5Print7printlnEPKc
                0x00001c38                _ZN5Print7printlnEc
                0x00001c5c                _ZN5Print7printlnERK9Printable
                0x00001c80                _ZN5Print11printNumberEmh
                0x00001d12                _ZN5Print5printEmi
                0x00001d2c                _ZN5Print5printEhi
                0x00001d3a                _ZN5Print7printlnEhi
                0x00001d5e                _ZN5Print5printEji
                0x00001d6a                _ZN5Print7printlnEji
                0x00001d8e                _ZN5Print7printlnEmi
                0x00001db2                _ZN5Print5printEli
                0x00001e42                _ZN5Print5printEii
                0x00001e50                _ZN5Print7printlnEii
                0x00001e74                _ZN5Print7printlnEli
                0x00001e98                _ZN5Print10printFloatEdh
                0x0000204e                _ZN5Print5printEdi
                0x00002052                _ZN5Print7printlnEdi
 .text          0x00002076      0x6c0 obj\Release\arduino\Stream.o
                0x00002076                _ZN6Stream9timedReadEv
                0x000020d6                _ZN6Stream9timedPeekEv
                0x00002136                _ZN6Stream13peekNextDigitE13LookaheadModeb
                0x000021b6                _ZN6Stream10setTimeoutEm
                0x000021c2                _ZN6Stream8parseIntE13LookaheadModec
                0x00002292                _ZN6Stream10parseFloatE13LookaheadModec
                0x000023c0                _ZN6Stream9readBytesEPcj
                0x0000240a                _ZN6Stream14readBytesUntilEcPcj
                0x00002474                _ZN6Stream10readStringEv
                0x000024a8                _ZN6Stream15readStringUntilEc
                0x000024f8                _ZN6Stream9findMultiEPNS_11MultiTargetEi
                0x0000267a                _ZN6Stream4findEPcj
                0x0000267e                _ZN6Stream4findEPc
                0x00002692                _ZN6Stream9findUntilEPcjS0_j
                0x00002706                _ZN6Stream9findUntilEPcS0_
 .text          0x00002736      0x854 obj\Release\arduino\Tone.o
                0x00002736                _Z4tonehjm
                0x00002e2c                _Z12disableTimerh
                0x00002ea0                _Z6noToneh
                0x00002eca                __vector_13
 .text          0x00002f8a        0x0 obj\Release\arduino\USBCore.o
 .text          0x00002f8a      0x4b8 obj\Release\arduino\utility\twi.o
                0x00002f8a                twi_init
                0x00002fc6                twi_disable
                0x00002fe0                twi_setAddress
                0x00002fe8                twi_setFrequency
                0x00003010                twi_readFrom
                0x000030a0                twi_writeTo
                0x0000314c                twi_transmit
                0x0000319c                twi_attachSlaveRxEvent
                0x000031a6                twi_attachSlaveTxEvent
                0x000031b0                twi_reply
                0x000031c0                twi_stop
                0x000031d4                twi_releaseBus
                0x000031e0                __vector_39
 .text          0x00003442      0x3ee obj\Release\arduino\WInterrupts.o
                0x00003444                attachInterrupt
                0x0000352c                detachInterrupt
                0x00003580                __vector_1
                0x000035d6                __vector_2
                0x0000362c                __vector_3
                0x00003682                __vector_4
                0x000036d8                __vector_5
                0x0000372e                __vector_6
                0x00003784                __vector_7
                0x000037da                __vector_8
 .text          0x00003830      0x310 obj\Release\arduino\Wire.o
                0x00003830                _ZN7TwoWire9availableEv
                0x00003840                _ZN7TwoWire4readEv
                0x00003868                _ZN7TwoWire4peekEv
                0x00003886                _ZN7TwoWire5flushEv
                0x00003888                _ZN7TwoWire16onReceiveServiceEPhi
                0x000038dc                _ZN7TwoWire16onRequestServiceEv
                0x000038f4                _ZN7TwoWire5writeEPKhj
                0x0000394e                _ZN7TwoWire5writeEh
                0x000039ac                _ZN7TwoWireC2Ev
                0x000039ac                _ZN7TwoWireC1Ev
                0x000039cc                _ZN7TwoWire5beginEv
                0x000039f0                _ZN7TwoWire5beginEh
                0x00003a00                _ZN7TwoWire5beginEi
                0x00003a04                _ZN7TwoWire3endEv
                0x00003a08                _ZN7TwoWire8setClockEm
                0x00003a10                _ZN7TwoWire17beginTransmissionEh
                0x00003a24                _ZN7TwoWire17beginTransmissionEi
                0x00003a28                _ZN7TwoWire15endTransmissionEh
                0x00003a4e                _ZN7TwoWire11requestFromEhhmhh
                0x00003af6                _ZN7TwoWire11requestFromEhhh
                0x00003b16                _ZN7TwoWire11requestFromEhh
                0x00003b1c                _ZN7TwoWire11requestFromEii
                0x00003b22                _ZN7TwoWire11requestFromEiii
                0x00003b26                _ZN7TwoWire15endTransmissionEv
                0x00003b2c                _ZN7TwoWire9onReceiveEPFviE
                0x00003b36                _ZN7TwoWire9onRequestEPFvvE
 .text          0x00003b40      0x248 obj\Release\arduino\wiring.o
                0x00003b40                __vector_23
                0x00003bd4                millis
                0x00003bec                micros
                0x00003c36                delay
                0x00003cae                delayMicroseconds
                0x00003cc4                init
 .text          0x00003d88      0x1e2 obj\Release\arduino\wiring_analog.o
                0x00003d88                analogReference
                0x00003d8e                analogRead
                0x00003dd8                analogWrite
 .text          0x00003f6a      0x1d4 obj\Release\arduino\wiring_digital.o
                0x00004016                pinMode
                0x0000408e                digitalWrite
                0x000040ec                digitalRead
 .text          0x0000413e      0x1e2 obj\Release\arduino\wiring_pulse.o
                0x0000413e                pulseInLong
                0x00004248                countPulseASM
                0x000042bc                pulseIn
 .text          0x00004320       0xe8 obj\Release\arduino\wiring_shift.o
                0x00004320                shiftIn
                0x00004396                shiftOut
 .text          0x00004408      0x116 obj\Release\arduino\WMath.o
                0x00004408                _Z10randomSeedm
                0x00004418                _Z6randoml
                0x0000444c                _Z6randomll
                0x00004490                _Z3maplllll
                0x00004512                _Z8makeWordj
                0x00004514                _Z8makeWordhh
 .text          0x0000451e     0x128a obj\Release\arduino\WString.o
                0x0000451e                _ZN6StringD2Ev
                0x0000451e                _ZN6StringD1Ev
                0x00004528                _ZN6String10invalidateEv
                0x0000454c                _ZN6String12changeBufferEj
                0x00004580                _ZN6String7reserveEj
                0x000045b8                _ZN6String4copyEPKcj
                0x000045fa                _ZN6StringC2EPKc
                0x000045fa                _ZN6StringC1EPKc
                0x00004624                _ZN6String4copyEPK19__FlashStringHelperj
                0x00004666                _ZN6StringaSERKS_
                0x00004694                _ZN6StringC2ERKS_
                0x00004694                _ZN6StringC1ERKS_
                0x000046a6                _ZN6StringaSEPKc
                0x000046d4                _ZN6StringC1Ec
                0x000046d4                _ZN6StringC2Ec
                0x00004706                _ZN6StringC1Ehh
                0x00004706                _ZN6StringC2Ehh
                0x00004760                _ZN6StringC1Eih
                0x00004760                _ZN6StringC2Eih
                0x000047b8                _ZN6StringC2Ejh
                0x000047b8                _ZN6StringC1Ejh
                0x00004810                _ZN6StringC2Elh
                0x00004810                _ZN6StringC1Elh
                0x0000486a                _ZN6StringC1Emh
                0x0000486a                _ZN6StringC2Emh
                0x000048c4                _ZN6StringC2Efh
                0x000048c4                _ZN6StringC1Efh
                0x00004924                _ZN6StringC1Edh
                0x00004924                _ZN6StringC2Edh
                0x00004984                _ZN6StringaSEPK19__FlashStringHelper
                0x000049b8                _ZN6StringC1EPK19__FlashStringHelper
                0x000049b8                _ZN6StringC2EPK19__FlashStringHelper
                0x000049ca                _ZN6String6concatEPKcj
                0x00004a26                _ZN6String6concatERKS_
                0x00004a34                _ZN6String6concatEPKc
                0x00004a52                _ZN6String6concatEc
                0x00004a7a                _ZN6String6concatEh
                0x00004ad2                _ZN6String6concatEi
                0x00004b34                _ZN6String6concatEj
                0x00004b96                _ZN6String6concatEl
                0x00004bfa                _ZN6String6concatEm
                0x00004c5e                _ZN6String6concatEf
                0x00004cc0                _ZN6String6concatEd
                0x00004d22                _ZN6String6concatEPK19__FlashStringHelper
                0x00004d82                _ZplRK15StringSumHelperRK6String
                0x00004da8                _ZplRK15StringSumHelperPKc
                0x00004dda                _ZplRK15StringSumHelperc
                0x00004df6                _ZplRK15StringSumHelperh
                0x00004e12                _ZplRK15StringSumHelperi
                0x00004e2e                _ZplRK15StringSumHelperj
                0x00004e4a                _ZplRK15StringSumHelperl
                0x00004e66                _ZplRK15StringSumHelperm
                0x00004e82                _ZplRK15StringSumHelperf
                0x00004e9e                _ZplRK15StringSumHelperd
                0x00004eba                _ZplRK15StringSumHelperPK19__FlashStringHelper
                0x00004ed6                _ZNK6String9compareToERKS_
                0x00004f36                _ZNK6String6equalsERKS_
                0x00004f58                _ZNK6String6equalsEPKc
                0x00004f96                _ZNK6StringltERKS_
                0x00004fa4                _ZNK6StringgtERKS_
                0x00004fb6                _ZNK6StringleERKS_
                0x00004fc8                _ZNK6StringgeERKS_
                0x00004fd8                _ZNK6String16equalsIgnoreCaseERKS_
                0x00005046                _ZNK6String10startsWithERKS_j
                0x00005092                _ZNK6String10startsWithERKS_
                0x000050b0                _ZNK6String8endsWithERKS_
                0x000050f0                _ZN6String9setCharAtEjc
                0x0000510a                _ZN6StringixEj
                0x0000512e                _ZNK6StringixEj
                0x00005150                _ZNK6String6charAtEj
                0x00005154                _ZNK6String8getBytesEPhjj
                0x000051b2                _ZNK6String7indexOfEcj
                0x000051ea                _ZNK6String7indexOfEc
                0x000051f2                _ZNK6String7indexOfERKS_j
                0x0000522c                _ZNK6String7indexOfERKS_
                0x00005234                _ZNK6String11lastIndexOfEcj
                0x000052a2                _ZNK6String11lastIndexOfEc
                0x000052b0                _ZNK6String11lastIndexOfERKS_j
                0x0000534c                _ZNK6String11lastIndexOfERKS_
                0x00005360                _ZNK6String9substringEjj
                0x000053ea                _ZN6String7replaceEcc
                0x00005406                _ZN6String7replaceERKS_S1_
                0x000055fa                _ZN6String6removeEjj
                0x00005660                _ZN6String6removeEj
                0x00005668                _ZN6String11toLowerCaseEv
                0x00005690                _ZN6String11toUpperCaseEv
                0x000056b8                _ZN6String4trimEv
                0x00005778                _ZNK6String5toIntEv
                0x0000578e                _ZNK6String8toDoubleEv
                0x000057a4                _ZNK6String7toFloatEv
 .text          0x000057a8       0x88 obj\Release\Comfort.o
                0x000057a8                _Z11ComfortInitv
                0x000057b0                _Z19ComfortMainFunctionv
 .text          0x00005830      0x1c0 obj\Release\HWInputs.o
                0x00005830                _Z12HWReadInputsPh
                0x0000583a                _Z13HWDigitalReadh
                0x00005876                _Z9HWReadDHTPdS_
                0x000058c6                _Z13checkPasswordv
                0x00005974                _Z11keypadEventc
 .text          0x000059f0       0x32 obj\Release\HWOutputs.o
                0x000059f0                _Z7HWPrintPc
                0x000059fa                _Z8HWDPrintd
                0x00005a0a                _Z14HWWriteOutputsPh
                0x00005a1a                _Z13HWDigitalModehh
                0x00005a1e                _Z14HWDigitalWritehh
 .text          0x00005a22       0xc0 obj\Release\Lights.o
                0x00005a22                _Z10LightsInitv
                0x00005a82                _Z18LightsMainFunctionv
 .text          0x00005ae2        0x4 obj\Release\Logic.o
                0x00005ae2                _Z12MainFunctionv
 .text          0x00005ae6       0x6e obj\Release\Security.o
                0x00005ae6                _Z12SecurityInitv
                0x00005b4c                _Z20SecurityMainFunctionv
 .text          0x00005b54       0x22 obj\Release\SmartHome.o
                0x00005b54                setup
                0x00005b72                loop
 .text          0x00005b76       0x5c obj\Release\SWInputs.o
                0x00005b76                SWReadInputs
                0x00005b80                SWDigitalRead
                0x00005ba4                SWReadDHT
 .text          0x00005bd2       0x88 obj\Release\SWOutputs.o
                0x00005bd2                SWPrint
                0x00005bd6                SWDPrint
                0x00005bf8                SWDigitalWrite
                0x00005c1a                SWDigitalMode
                0x00005c3c                SWWriteOutputs
 .text          0x00005c5a        0x0 c:/program files (x86)/atmel/studio/7.0/toolchain/avr8/avr8-gnu-toolchain/bin/../lib/gcc/avr/5.4.0/avr6\libgcc.a(_mulsi3.o)
 .text          0x00005c5a        0x0 c:/program files (x86)/atmel/studio/7.0/toolchain/avr8/avr8-gnu-toolchain/bin/../lib/gcc/avr/5.4.0/avr6\libgcc.a(_udivmodsi4.o)
 .text          0x00005c5a        0x0 c:/program files (x86)/atmel/studio/7.0/toolchain/avr8/avr8-gnu-toolchain/bin/../lib/gcc/avr/5.4.0/avr6\libgcc.a(_divmodsi4.o)
 .text          0x00005c5a        0x0 c:/program files (x86)/atmel/studio/7.0/toolchain/avr8/avr8-gnu-toolchain/bin/../lib/gcc/avr/5.4.0/avr6\libgcc.a(_negsi2.o)
 .text          0x00005c5a        0x0 c:/program files (x86)/atmel/studio/7.0/toolchain/avr8/avr8-gnu-toolchain/bin/../lib/gcc/avr/5.4.0/avr6\libgcc.a(_exit.o)
 .text          0x00005c5a        0x0 c:/program files (x86)/atmel/studio/7.0/toolchain/avr8/avr8-gnu-toolchain/bin/../lib/gcc/avr/5.4.0/avr6\libgcc.a(_tablejump2.o)
 .text          0x00005c5a        0x0 c:/program files (x86)/atmel/studio/7.0/toolchain/avr8/avr8-gnu-toolchain/bin/../lib/gcc/avr/5.4.0/avr6\libgcc.a(_copy_data.o)
 .text          0x00005c5a        0x0 c:/program files (x86)/atmel/studio/7.0/toolchain/avr8/avr8-gnu-toolchain/bin/../lib/gcc/avr/5.4.0/avr6\libgcc.a(_clear_bss.o)
 .text          0x00005c5a        0x0 c:/program files (x86)/atmel/studio/7.0/toolchain/avr8/avr8-gnu-toolchain/bin/../lib/gcc/avr/5.4.0/avr6\libgcc.a(_ctors.o)
 .text          0x00005c5a        0x0 c:/program files (x86)/atmel/studio/7.0/toolchain/avr8/avr8-gnu-toolchain/bin/../lib/gcc/avr/5.4.0/avr6\libgcc.a(_muluhisi3.o)
 .text          0x00005c5a        0x0 c:/program files (x86)/atmel/studio/7.0/toolchain/avr8/avr8-gnu-toolchain/bin/../lib/gcc/avr/5.4.0/avr6\libgcc.a(_umulhisi3.o)
 .text          0x00005c5a        0x0 c:/program files (x86)/atmel/studio/7.0/toolchain/avr8/avr8-gnu-toolchain/bin/../lib/gcc/avr/5.4.0/../../../../avr/lib/avr6\libm.a(addsf3.o)
 .text          0x00005c5a        0x0 c:/program files (x86)/atmel/studio/7.0/toolchain/avr8/avr8-gnu-toolchain/bin/../lib/gcc/avr/5.4.0/../../../../avr/lib/avr6\libm.a(addsf3x.o)
 .text          0x00005c5a        0x0 c:/program files (x86)/atmel/studio/7.0/toolchain/avr8/avr8-gnu-toolchain/bin/../lib/gcc/avr/5.4.0/../../../../avr/lib/avr6\libm.a(cmpsf2.o)
 .text          0x00005c5a        0x0 c:/program files (x86)/atmel/studio/7.0/toolchain/avr8/avr8-gnu-toolchain/bin/../lib/gcc/avr/5.4.0/../../../../avr/lib/avr6\libm.a(divsf3.o)
 .text          0x00005c5a        0x0 c:/program files (x86)/atmel/studio/7.0/toolchain/avr8/avr8-gnu-toolchain/bin/../lib/gcc/avr/5.4.0/../../../../avr/lib/avr6\libm.a(divsf3x.o)
 .text          0x00005c5a        0x0 c:/program files (x86)/atmel/studio/7.0/toolchain/avr8/avr8-gnu-toolchain/bin/../lib/gcc/avr/5.4.0/../../../../avr/lib/avr6\libm.a(fixunssfsi.o)
 .text          0x00005c5a        0x0 c:/program files (x86)/atmel/studio/7.0/toolchain/avr8/avr8-gnu-toolchain/bin/../lib/gcc/avr/5.4.0/../../../../avr/lib/avr6\libm.a(floatsisf.o)
 .text          0x00005c5a        0x0 c:/program files (x86)/atmel/studio/7.0/toolchain/avr8/avr8-gnu-toolchain/bin/../lib/gcc/avr/5.4.0/../../../../avr/lib/avr6\libm.a(fp_cmp.o)
 .text          0x00005c5a        0x0 c:/program files (x86)/atmel/studio/7.0/toolchain/avr8/avr8-gnu-toolchain/bin/../lib/gcc/avr/5.4.0/../../../../avr/lib/avr6\libm.a(fp_inf.o)
 .text          0x00005c5a        0x0 c:/program files (x86)/atmel/studio/7.0/toolchain/avr8/avr8-gnu-toolchain/bin/../lib/gcc/avr/5.4.0/../../../../avr/lib/avr6\libm.a(fp_nan.o)
 .text          0x00005c5a        0x0 c:/program files (x86)/atmel/studio/7.0/toolchain/avr8/avr8-gnu-toolchain/bin/../lib/gcc/avr/5.4.0/../../../../avr/lib/avr6\libm.a(fp_pscA.o)
 .text          0x00005c5a        0x0 c:/program files (x86)/atmel/studio/7.0/toolchain/avr8/avr8-gnu-toolchain/bin/../lib/gcc/avr/5.4.0/../../../../avr/lib/avr6\libm.a(fp_pscB.o)
 .text          0x00005c5a        0x0 c:/program files (x86)/atmel/studio/7.0/toolchain/avr8/avr8-gnu-toolchain/bin/../lib/gcc/avr/5.4.0/../../../../avr/lib/avr6\libm.a(fp_round.o)
 .text          0x00005c5a        0x0 c:/program files (x86)/atmel/studio/7.0/toolchain/avr8/avr8-gnu-toolchain/bin/../lib/gcc/avr/5.4.0/../../../../avr/lib/avr6\libm.a(fp_split3.o)
 .text          0x00005c5a        0x0 c:/program files (x86)/atmel/studio/7.0/toolchain/avr8/avr8-gnu-toolchain/bin/../lib/gcc/avr/5.4.0/../../../../avr/lib/avr6\libm.a(fp_zero.o)
 .text          0x00005c5a        0x0 c:/program files (x86)/atmel/studio/7.0/toolchain/avr8/avr8-gnu-toolchain/bin/../lib/gcc/avr/5.4.0/../../../../avr/lib/avr6\libm.a(gesf2.o)
 .text          0x00005c5a        0x0 c:/program files (x86)/atmel/studio/7.0/toolchain/avr8/avr8-gnu-toolchain/bin/../lib/gcc/avr/5.4.0/../../../../avr/lib/avr6\libm.a(mulsf3.o)
 .text          0x00005c5a        0x0 c:/program files (x86)/atmel/studio/7.0/toolchain/avr8/avr8-gnu-toolchain/bin/../lib/gcc/avr/5.4.0/../../../../avr/lib/avr6\libm.a(mulsf3x.o)
 .text          0x00005c5a        0x0 c:/program files (x86)/atmel/studio/7.0/toolchain/avr8/avr8-gnu-toolchain/bin/../lib/gcc/avr/5.4.0/../../../../avr/lib/avr6\libm.a(unordsf2.o)
 .text          0x00005c5a        0x0 c:/program files (x86)/atmel/studio/7.0/toolchain/avr8/avr8-gnu-toolchain/bin/../lib/gcc/avr/5.4.0/../../../../avr/lib/avr6\libc.a(dtostrf.o)
 .text          0x00005c5a        0x0 c:/program files (x86)/atmel/studio/7.0/toolchain/avr8/avr8-gnu-toolchain/bin/../lib/gcc/avr/5.4.0/../../../../avr/lib/avr6\libc.a(malloc.o)
 .text          0x00005c5a        0x0 c:/program files (x86)/atmel/studio/7.0/toolchain/avr8/avr8-gnu-toolchain/bin/../lib/gcc/avr/5.4.0/../../../../avr/lib/avr6\libc.a(random.o)
 .text          0x00005c5a        0x0 c:/program files (x86)/atmel/studio/7.0/toolchain/avr8/avr8-gnu-toolchain/bin/../lib/gcc/avr/5.4.0/../../../../avr/lib/avr6\libc.a(realloc.o)
 .text          0x00005c5a        0x0 c:/program files (x86)/atmel/studio/7.0/toolchain/avr8/avr8-gnu-toolchain/bin/../lib/gcc/avr/5.4.0/../../../../avr/lib/avr6\libc.a(abort.o)
 .text          0x00005c5a        0x0 c:/program files (x86)/atmel/studio/7.0/toolchain/avr8/avr8-gnu-toolchain/bin/../lib/gcc/avr/5.4.0/../../../../avr/lib/avr6\libc.a(atof.o)
 .text          0x00005c5a        0x0 c:/program files (x86)/atmel/studio/7.0/toolchain/avr8/avr8-gnu-toolchain/bin/../lib/gcc/avr/5.4.0/../../../../avr/lib/avr6\libc.a(atol.o)
 .text          0x00005c5a        0x0 c:/program files (x86)/atmel/studio/7.0/toolchain/avr8/avr8-gnu-toolchain/bin/../lib/gcc/avr/5.4.0/../../../../avr/lib/avr6\libc.a(isspace.o)
 .text          0x00005c5a        0x0 c:/program files (x86)/atmel/studio/7.0/toolchain/avr8/avr8-gnu-toolchain/bin/../lib/gcc/avr/5.4.0/../../../../avr/lib/avr6\libc.a(tolower.o)
 .text          0x00005c5a        0x0 c:/program files (x86)/atmel/studio/7.0/toolchain/avr8/avr8-gnu-toolchain/bin/../lib/gcc/avr/5.4.0/../../../../avr/lib/avr6\libc.a(toupper.o)
 .text          0x00005c5a        0x0 c:/program files (x86)/atmel/studio/7.0/toolchain/avr8/avr8-gnu-toolchain/bin/../lib/gcc/avr/5.4.0/../../../../avr/lib/avr6\libc.a(strcpy_P.o)
 .text          0x00005c5a        0x0 c:/program files (x86)/atmel/studio/7.0/toolchain/avr8/avr8-gnu-toolchain/bin/../lib/gcc/avr/5.4.0/../../../../avr/lib/avr6\libc.a(strlen_P.o)
 .text          0x00005c5a        0x0 c:/program files (x86)/atmel/studio/7.0/toolchain/avr8/avr8-gnu-toolchain/bin/../lib/gcc/avr/5.4.0/../../../../avr/lib/avr6\libc.a(memcmp.o)
 .text          0x00005c5a        0x0 c:/program files (x86)/atmel/studio/7.0/toolchain/avr8/avr8-gnu-toolchain/bin/../lib/gcc/avr/5.4.0/../../../../avr/lib/avr6\libc.a(memcpy.o)
 .text          0x00005c5a        0x0 c:/program files (x86)/atmel/studio/7.0/toolchain/avr8/avr8-gnu-toolchain/bin/../lib/gcc/avr/5.4.0/../../../../avr/lib/avr6\libc.a(memmove.o)
 .text          0x00005c5a        0x0 c:/program files (x86)/atmel/studio/7.0/toolchain/avr8/avr8-gnu-toolchain/bin/../lib/gcc/avr/5.4.0/../../../../avr/lib/avr6\libc.a(strchr.o)
 .text          0x00005c5a        0x0 c:/program files (x86)/atmel/studio/7.0/toolchain/avr8/avr8-gnu-toolchain/bin/../lib/gcc/avr/5.4.0/../../../../avr/lib/avr6\libc.a(strcmp.o)
 .text          0x00005c5a        0x0 c:/program files (x86)/atmel/studio/7.0/toolchain/avr8/avr8-gnu-toolchain/bin/../lib/gcc/avr/5.4.0/../../../../avr/lib/avr6\libc.a(strcpy.o)
 .text          0x00005c5a        0x0 c:/program files (x86)/atmel/studio/7.0/toolchain/avr8/avr8-gnu-toolchain/bin/../lib/gcc/avr/5.4.0/../../../../avr/lib/avr6\libc.a(strncmp.o)
 .text          0x00005c5a        0x0 c:/program files (x86)/atmel/studio/7.0/toolchain/avr8/avr8-gnu-toolchain/bin/../lib/gcc/avr/5.4.0/../../../../avr/lib/avr6\libc.a(strncpy.o)
 .text          0x00005c5a        0x0 c:/program files (x86)/atmel/studio/7.0/toolchain/avr8/avr8-gnu-toolchain/bin/../lib/gcc/avr/5.4.0/../../../../avr/lib/avr6\libc.a(strrchr.o)
 .text          0x00005c5a        0x0 c:/program files (x86)/atmel/studio/7.0/toolchain/avr8/avr8-gnu-toolchain/bin/../lib/gcc/avr/5.4.0/../../../../avr/lib/avr6\libc.a(strstr.o)
 .text          0x00005c5a        0x0 c:/program files (x86)/atmel/studio/7.0/toolchain/avr8/avr8-gnu-toolchain/bin/../lib/gcc/avr/5.4.0/../../../../avr/lib/avr6\libc.a(itoa.o)
 .text          0x00005c5a        0x0 c:/program files (x86)/atmel/studio/7.0/toolchain/avr8/avr8-gnu-toolchain/bin/../lib/gcc/avr/5.4.0/../../../../avr/lib/avr6\libc.a(itoa_ncheck.o)
 .text          0x00005c5a        0x0 c:/program files (x86)/atmel/studio/7.0/toolchain/avr8/avr8-gnu-toolchain/bin/../lib/gcc/avr/5.4.0/../../../../avr/lib/avr6\libc.a(ltoa.o)
 .text          0x00005c5a        0x0 c:/program files (x86)/atmel/studio/7.0/toolchain/avr8/avr8-gnu-toolchain/bin/../lib/gcc/avr/5.4.0/../../../../avr/lib/avr6\libc.a(ltoa_ncheck.o)
 .text          0x00005c5a        0x0 c:/program files (x86)/atmel/studio/7.0/toolchain/avr8/avr8-gnu-toolchain/bin/../lib/gcc/avr/5.4.0/../../../../avr/lib/avr6\libc.a(mulsi10.o)
 .text          0x00005c5a        0x0 c:/program files (x86)/atmel/studio/7.0/toolchain/avr8/avr8-gnu-toolchain/bin/../lib/gcc/avr/5.4.0/../../../../avr/lib/avr6\libc.a(ultoa.o)
 .text          0x00005c5a        0x0 c:/program files (x86)/atmel/studio/7.0/toolchain/avr8/avr8-gnu-toolchain/bin/../lib/gcc/avr/5.4.0/../../../../avr/lib/avr6\libc.a(ultoa_ncheck.o)
 .text          0x00005c5a        0x0 c:/program files (x86)/atmel/studio/7.0/toolchain/avr8/avr8-gnu-toolchain/bin/../lib/gcc/avr/5.4.0/../../../../avr/lib/avr6\libc.a(utoa.o)
 .text          0x00005c5a        0x0 c:/program files (x86)/atmel/studio/7.0/toolchain/avr8/avr8-gnu-toolchain/bin/../lib/gcc/avr/5.4.0/../../../../avr/lib/avr6\libc.a(utoa_ncheck.o)
 .text          0x00005c5a        0x0 c:/program files (x86)/atmel/studio/7.0/toolchain/avr8/avr8-gnu-toolchain/bin/../lib/gcc/avr/5.4.0/../../../../avr/lib/avr6\libc.a(printf.o)
 .text          0x00005c5a        0x0 c:/program files (x86)/atmel/studio/7.0/toolchain/avr8/avr8-gnu-toolchain/bin/../lib/gcc/avr/5.4.0/../../../../avr/lib/avr6\libc.a(puts.o)
 .text          0x00005c5a        0x0 c:/program files (x86)/atmel/studio/7.0/toolchain/avr8/avr8-gnu-toolchain/bin/../lib/gcc/avr/5.4.0/../../../../avr/lib/avr6\libc.a(vfprintf_std.o)
 .text          0x00005c5a        0x0 c:/program files (x86)/atmel/studio/7.0/toolchain/avr8/avr8-gnu-toolchain/bin/../lib/gcc/avr/5.4.0/../../../../avr/lib/avr6\libc.a(dtoa_prf.o)
 .text          0x00005c5a        0x0 c:/program files (x86)/atmel/studio/7.0/toolchain/avr8/avr8-gnu-toolchain/bin/../lib/gcc/avr/5.4.0/../../../../avr/lib/avr6\libc.a(strtod.o)
 .text          0x00005c5a        0x0 c:/program files (x86)/atmel/studio/7.0/toolchain/avr8/avr8-gnu-toolchain/bin/../lib/gcc/avr/5.4.0/../../../../avr/lib/avr6\libc.a(ftoa_engine.o)
 .text          0x00005c5a        0x0 c:/program files (x86)/atmel/studio/7.0/toolchain/avr8/avr8-gnu-toolchain/bin/../lib/gcc/avr/5.4.0/../../../../avr/lib/avr6\libc.a(cty_isfalse.o)
 .text          0x00005c5a        0x0 c:/program files (x86)/atmel/studio/7.0/toolchain/avr8/avr8-gnu-toolchain/bin/../lib/gcc/avr/5.4.0/../../../../avr/lib/avr6\libc.a(strncasecmp_P.o)
 .text          0x00005c5a        0x0 c:/program files (x86)/atmel/studio/7.0/toolchain/avr8/avr8-gnu-toolchain/bin/../lib/gcc/avr/5.4.0/../../../../avr/lib/avr6\libc.a(strnlen_P.o)
 .text          0x00005c5a        0x0 c:/program files (x86)/atmel/studio/7.0/toolchain/avr8/avr8-gnu-toolchain/bin/../lib/gcc/avr/5.4.0/../../../../avr/lib/avr6\libc.a(strnlen.o)
 .text          0x00005c5a        0x0 c:/program files (x86)/atmel/studio/7.0/toolchain/avr8/avr8-gnu-toolchain/bin/../lib/gcc/avr/5.4.0/../../../../avr/lib/avr6\libc.a(strrev.o)
 .text          0x00005c5a        0x0 c:/program files (x86)/atmel/studio/7.0/toolchain/avr8/avr8-gnu-toolchain/bin/../lib/gcc/avr/5.4.0/../../../../avr/lib/avr6\libc.a(fputc.o)
 .text          0x00005c5a        0x0 c:/program files (x86)/atmel/studio/7.0/toolchain/avr8/avr8-gnu-toolchain/bin/../lib/gcc/avr/5.4.0/../../../../avr/lib/avr6\libc.a(iob.o)
 .text          0x00005c5a        0x0 c:/program files (x86)/atmel/studio/7.0/toolchain/avr8/avr8-gnu-toolchain/bin/../lib/gcc/avr/5.4.0/../../../../avr/lib/avr6\libc.a(ultoa_invert.o)
 .text          0x00005c5a        0x0 c:/program files (x86)/atmel/studio/7.0/toolchain/avr8/avr8-gnu-toolchain/bin/../lib/gcc/avr/5.4.0/../../../../avr/lib/avr6\libc.a(errno.o)
 .text          0x00005c5a        0x0 c:/program files (x86)/atmel/studio/7.0/toolchain/avr8/avr8-gnu-toolchain/bin/../lib/gcc/avr/5.4.0/avr6\libgcc.a(_mulshisi3.o)
                0x00005c5a                . = ALIGN (0x2)
 *(.text.*)
 .text._ZN5Print17availableForWriteEv
                0x00005c5a        0x6 obj\Release\arduino\HardwareSerial0.o
                0x00005c5a                _ZN5Print17availableForWriteEv
 .text._ZN5Print5flushEv
                0x00005c60        0x2 obj\Release\arduino\HardwareSerial0.o
                0x00005c60                _ZN5Print5flushEv
 .text.startup  0x00005c62       0x5a obj\Release\arduino\HardwareSerial0.o
 .text.startup  0x00005cbc       0x5a obj\Release\arduino\HardwareSerial1.o
 .text.startup  0x00005d16       0x5a obj\Release\arduino\HardwareSerial2.o
 .text.startup  0x00005d70       0x5a obj\Release\arduino\HardwareSerial3.o
 .text.startup  0x00005dca        0x2 obj\Release\arduino\IPAddress.o
 .text._ZN6Keypad8pin_readEh
                0x00005dcc        0x6 obj\Release\arduino\Keypad.o
                0x00005dcc                _ZN6Keypad8pin_readEh
 .text._ZN6Keypad9pin_writeEhb
                0x00005dd2        0x8 obj\Release\arduino\Keypad.o
                0x00005dd2                _ZN6Keypad9pin_writeEhb
 .text._ZN6Keypad8pin_modeEhh
                0x00005dda        0x8 obj\Release\arduino\Keypad.o
                0x00005dda                _ZN6Keypad8pin_modeEhh
 .text._ZN17LiquidCrystal_I2C7commandEh
                0x00005de2        0x6 obj\Release\arduino\LiquidCrystal_I2C.o
                0x00005de2                _ZN17LiquidCrystal_I2C7commandEh
 .text._ZN17LiquidCrystal_I2C5writeEh
                0x00005de8        0xc obj\Release\arduino\LiquidCrystal_I2C.o
                0x00005de8                _ZN17LiquidCrystal_I2C5writeEh
 .text.startup  0x00005df4       0x1e obj\Release\arduino\main.o
                0x00005df4                main
 .text._ZN5Print5writeEPKc
                0x00005e12       0x2a obj\Release\arduino\Print.o
                0x00005e12                _ZN5Print5writeEPKc
 .text.startup  0x00005e3c        0x8 obj\Release\arduino\Wire.o
 .text.itoa     0x00005e44        0x4 obj\Release\arduino\WString.o
 .text.ltoa     0x00005e48        0x4 obj\Release\arduino\WString.o
 .text.utoa     0x00005e4c        0x4 obj\Release\arduino\WString.o
 .text.ultoa    0x00005e50        0x4 obj\Release\arduino\WString.o
 .text.startup  0x00005e54       0x3e obj\Release\HWInputs.o
 .text.libgcc.mul
                0x00005e92       0x20 c:/program files (x86)/atmel/studio/7.0/toolchain/avr8/avr8-gnu-toolchain/bin/../lib/gcc/avr/5.4.0/avr6\libgcc.a(_mulsi3.o)
                0x00005e92                __mulsi3
 .text.libgcc.div
                0x00005eb2        0x0 c:/program files (x86)/atmel/studio/7.0/toolchain/avr8/avr8-gnu-toolchain/bin/../lib/gcc/avr/5.4.0/avr6\libgcc.a(_mulsi3.o)
 .text.libgcc   0x00005eb2        0x0 c:/program files (x86)/atmel/studio/7.0/toolchain/avr8/avr8-gnu-toolchain/bin/../lib/gcc/avr/5.4.0/avr6\libgcc.a(_mulsi3.o)
 .text.libgcc.prologue
                0x00005eb2        0x0 c:/program files (x86)/atmel/studio/7.0/toolchain/avr8/avr8-gnu-toolchain/bin/../lib/gcc/avr/5.4.0/avr6\libgcc.a(_mulsi3.o)
 .text.libgcc.builtins
                0x00005eb2        0x0 c:/program files (x86)/atmel/studio/7.0/toolchain/avr8/avr8-gnu-toolchain/bin/../lib/gcc/avr/5.4.0/avr6\libgcc.a(_mulsi3.o)
 .text.libgcc.fmul
                0x00005eb2        0x0 c:/program files (x86)/atmel/studio/7.0/toolchain/avr8/avr8-gnu-toolchain/bin/../lib/gcc/avr/5.4.0/avr6\libgcc.a(_mulsi3.o)
 .text.libgcc.fixed
                0x00005eb2        0x0 c:/program files (x86)/atmel/studio/7.0/toolchain/avr8/avr8-gnu-toolchain/bin/../lib/gcc/avr/5.4.0/avr6\libgcc.a(_mulsi3.o)
 .text.libgcc.mul
                0x00005eb2        0x0 c:/program files (x86)/atmel/studio/7.0/toolchain/avr8/avr8-gnu-toolchain/bin/../lib/gcc/avr/5.4.0/avr6\libgcc.a(_udivmodsi4.o)
 .text.libgcc.div
                0x00005eb2       0x44 c:/program files (x86)/atmel/studio/7.0/toolchain/avr8/avr8-gnu-toolchain/bin/../lib/gcc/avr/5.4.0/avr6\libgcc.a(_udivmodsi4.o)
                0x00005eb2                __udivmodsi4
 .text.libgcc   0x00005ef6        0x0 c:/program files (x86)/atmel/studio/7.0/toolchain/avr8/avr8-gnu-toolchain/bin/../lib/gcc/avr/5.4.0/avr6\libgcc.a(_udivmodsi4.o)
 .text.libgcc.prologue
                0x00005ef6        0x0 c:/program files (x86)/atmel/studio/7.0/toolchain/avr8/avr8-gnu-toolchain/bin/../lib/gcc/avr/5.4.0/avr6\libgcc.a(_udivmodsi4.o)
 .text.libgcc.builtins
                0x00005ef6        0x0 c:/program files (x86)/atmel/studio/7.0/toolchain/avr8/avr8-gnu-toolchain/bin/../lib/gcc/avr/5.4.0/avr6\libgcc.a(_udivmodsi4.o)
 .text.libgcc.fmul
                0x00005ef6        0x0 c:/program files (x86)/atmel/studio/7.0/toolchain/avr8/avr8-gnu-toolchain/bin/../lib/gcc/avr/5.4.0/avr6\libgcc.a(_udivmodsi4.o)
 .text.libgcc.fixed
                0x00005ef6        0x0 c:/program files (x86)/atmel/studio/7.0/toolchain/avr8/avr8-gnu-toolchain/bin/../lib/gcc/avr/5.4.0/avr6\libgcc.a(_udivmodsi4.o)
 .text.libgcc.mul
                0x00005ef6        0x0 c:/program files (x86)/atmel/studio/7.0/toolchain/avr8/avr8-gnu-toolchain/bin/../lib/gcc/avr/5.4.0/avr6\libgcc.a(_divmodsi4.o)
 .text.libgcc.div
                0x00005ef6       0x2e c:/program files (x86)/atmel/studio/7.0/toolchain/avr8/avr8-gnu-toolchain/bin/../lib/gcc/avr/5.4.0/avr6\libgcc.a(_divmodsi4.o)
                0x00005ef6                __divmodsi4
 .text.libgcc   0x00005f24        0x0 c:/program files (x86)/atmel/studio/7.0/toolchain/avr8/avr8-gnu-toolchain/bin/../lib/gcc/avr/5.4.0/avr6\libgcc.a(_divmodsi4.o)
 .text.libgcc.prologue
                0x00005f24        0x0 c:/program files (x86)/atmel/studio/7.0/toolchain/avr8/avr8-gnu-toolchain/bin/../lib/gcc/avr/5.4.0/avr6\libgcc.a(_divmodsi4.o)
 .text.libgcc.builtins
                0x00005f24        0x0 c:/program files (x86)/atmel/studio/7.0/toolchain/avr8/avr8-gnu-toolchain/bin/../lib/gcc/avr/5.4.0/avr6\libgcc.a(_divmodsi4.o)
 .text.libgcc.fmul
                0x00005f24        0x0 c:/program files (x86)/atmel/studio/7.0/toolchain/avr8/avr8-gnu-toolchain/bin/../lib/gcc/avr/5.4.0/avr6\libgcc.a(_divmodsi4.o)
 .text.libgcc.fixed
                0x00005f24        0x0 c:/program files (x86)/atmel/studio/7.0/toolchain/avr8/avr8-gnu-toolchain/bin/../lib/gcc/avr/5.4.0/avr6\libgcc.a(_divmodsi4.o)
 .text.libgcc.mul
                0x00005f24        0x0 c:/program files (x86)/atmel/studio/7.0/toolchain/avr8/avr8-gnu-toolchain/bin/../lib/gcc/avr/5.4.0/avr6\libgcc.a(_negsi2.o)
 .text.libgcc.div
                0x00005f24       0x10 c:/program files (x86)/atmel/studio/7.0/toolchain/avr8/avr8-gnu-toolchain/bin/../lib/gcc/avr/5.4.0/avr6\libgcc.a(_negsi2.o)
                0x00005f24                __negsi2
 .text.libgcc   0x00005f34        0x0 c:/program files (x86)/atmel/studio/7.0/toolchain/avr8/avr8-gnu-toolchain/bin/../lib/gcc/avr/5.4.0/avr6\libgcc.a(_negsi2.o)
 .text.libgcc.prologue
                0x00005f34        0x0 c:/program files (x86)/atmel/studio/7.0/toolchain/avr8/avr8-gnu-toolchain/bin/../lib/gcc/avr/5.4.0/avr6\libgcc.a(_negsi2.o)
 .text.libgcc.builtins
                0x00005f34        0x0 c:/program files (x86)/atmel/studio/7.0/toolchain/avr8/avr8-gnu-toolchain/bin/../lib/gcc/avr/5.4.0/avr6\libgcc.a(_negsi2.o)
 .text.libgcc.fmul
                0x00005f34        0x0 c:/program files (x86)/atmel/studio/7.0/toolchain/avr8/avr8-gnu-toolchain/bin/../lib/gcc/avr/5.4.0/avr6\libgcc.a(_negsi2.o)
 .text.libgcc.fixed
                0x00005f34        0x0 c:/program files (x86)/atmel/studio/7.0/toolchain/avr8/avr8-gnu-toolchain/bin/../lib/gcc/avr/5.4.0/avr6\libgcc.a(_negsi2.o)
 .text.libgcc.mul
                0x00005f34        0x0 c:/program files (x86)/atmel/studio/7.0/toolchain/avr8/avr8-gnu-toolchain/bin/../lib/gcc/avr/5.4.0/avr6\libgcc.a(_exit.o)
 .text.libgcc.div
                0x00005f34        0x0 c:/program files (x86)/atmel/studio/7.0/toolchain/avr8/avr8-gnu-toolchain/bin/../lib/gcc/avr/5.4.0/avr6\libgcc.a(_exit.o)
 .text.libgcc   0x00005f34        0x0 c:/program files (x86)/atmel/studio/7.0/toolchain/avr8/avr8-gnu-toolchain/bin/../lib/gcc/avr/5.4.0/avr6\libgcc.a(_exit.o)
 .text.libgcc.prologue
                0x00005f34        0x0 c:/program files (x86)/atmel/studio/7.0/toolchain/avr8/avr8-gnu-toolchain/bin/../lib/gcc/avr/5.4.0/avr6\libgcc.a(_exit.o)
 .text.libgcc.builtins
                0x00005f34        0x0 c:/program files (x86)/atmel/studio/7.0/toolchain/avr8/avr8-gnu-toolchain/bin/../lib/gcc/avr/5.4.0/avr6\libgcc.a(_exit.o)
 .text.libgcc.fmul
                0x00005f34        0x0 c:/program files (x86)/atmel/studio/7.0/toolchain/avr8/avr8-gnu-toolchain/bin/../lib/gcc/avr/5.4.0/avr6\libgcc.a(_exit.o)
 .text.libgcc.fixed
                0x00005f34        0x0 c:/program files (x86)/atmel/studio/7.0/toolchain/avr8/avr8-gnu-toolchain/bin/../lib/gcc/avr/5.4.0/avr6\libgcc.a(_exit.o)
 .text.libgcc.mul
                0x00005f34        0x0 c:/program files (x86)/atmel/studio/7.0/toolchain/avr8/avr8-gnu-toolchain/bin/../lib/gcc/avr/5.4.0/avr6\libgcc.a(_tablejump2.o)
 .text.libgcc.div
                0x00005f34        0x0 c:/program files (x86)/atmel/studio/7.0/toolchain/avr8/avr8-gnu-toolchain/bin/../lib/gcc/avr/5.4.0/avr6\libgcc.a(_tablejump2.o)
 .text.libgcc   0x00005f34       0x10 c:/program files (x86)/atmel/studio/7.0/toolchain/avr8/avr8-gnu-toolchain/bin/../lib/gcc/avr/5.4.0/avr6\libgcc.a(_tablejump2.o)
                0x00005f34                __tablejump2__
 .text.libgcc.prologue
                0x00005f44        0x0 c:/program files (x86)/atmel/studio/7.0/toolchain/avr8/avr8-gnu-toolchain/bin/../lib/gcc/avr/5.4.0/avr6\libgcc.a(_tablejump2.o)
 .text.libgcc.builtins
                0x00005f44        0x0 c:/program files (x86)/atmel/studio/7.0/toolchain/avr8/avr8-gnu-toolchain/bin/../lib/gcc/avr/5.4.0/avr6\libgcc.a(_tablejump2.o)
 .text.libgcc.fmul
                0x00005f44        0x0 c:/program files (x86)/atmel/studio/7.0/toolchain/avr8/avr8-gnu-toolchain/bin/../lib/gcc/avr/5.4.0/avr6\libgcc.a(_tablejump2.o)
 .text.libgcc.fixed
                0x00005f44        0x0 c:/program files (x86)/atmel/studio/7.0/toolchain/avr8/avr8-gnu-toolchain/bin/../lib/gcc/avr/5.4.0/avr6\libgcc.a(_tablejump2.o)
 .text.libgcc.mul
                0x00005f44        0x0 c:/program files (x86)/atmel/studio/7.0/toolchain/avr8/avr8-gnu-toolchain/bin/../lib/gcc/avr/5.4.0/avr6\libgcc.a(_copy_data.o)
 .text.libgcc.div
                0x00005f44        0x0 c:/program files (x86)/atmel/studio/7.0/toolchain/avr8/avr8-gnu-toolchain/bin/../lib/gcc/avr/5.4.0/avr6\libgcc.a(_copy_data.o)
 .text.libgcc   0x00005f44        0x0 c:/program files (x86)/atmel/studio/7.0/toolchain/avr8/avr8-gnu-toolchain/bin/../lib/gcc/avr/5.4.0/avr6\libgcc.a(_copy_data.o)
 .text.libgcc.prologue
                0x00005f44        0x0 c:/program files (x86)/atmel/studio/7.0/toolchain/avr8/avr8-gnu-toolchain/bin/../lib/gcc/avr/5.4.0/avr6\libgcc.a(_copy_data.o)
 .text.libgcc.builtins
                0x00005f44        0x0 c:/program files (x86)/atmel/studio/7.0/toolchain/avr8/avr8-gnu-toolchain/bin/../lib/gcc/avr/5.4.0/avr6\libgcc.a(_copy_data.o)
 .text.libgcc.fmul
                0x00005f44        0x0 c:/program files (x86)/atmel/studio/7.0/toolchain/avr8/avr8-gnu-toolchain/bin/../lib/gcc/avr/5.4.0/avr6\libgcc.a(_copy_data.o)
 .text.libgcc.fixed
                0x00005f44        0x0 c:/program files (x86)/atmel/studio/7.0/toolchain/avr8/avr8-gnu-toolchain/bin/../lib/gcc/avr/5.4.0/avr6\libgcc.a(_copy_data.o)
 .text.libgcc.mul
                0x00005f44        0x0 c:/program files (x86)/atmel/studio/7.0/toolchain/avr8/avr8-gnu-toolchain/bin/../lib/gcc/avr/5.4.0/avr6\libgcc.a(_clear_bss.o)
 .text.libgcc.div
                0x00005f44        0x0 c:/program files (x86)/atmel/studio/7.0/toolchain/avr8/avr8-gnu-toolchain/bin/../lib/gcc/avr/5.4.0/avr6\libgcc.a(_clear_bss.o)
 .text.libgcc   0x00005f44        0x0 c:/program files (x86)/atmel/studio/7.0/toolchain/avr8/avr8-gnu-toolchain/bin/../lib/gcc/avr/5.4.0/avr6\libgcc.a(_clear_bss.o)
 .text.libgcc.prologue
                0x00005f44        0x0 c:/program files (x86)/atmel/studio/7.0/toolchain/avr8/avr8-gnu-toolchain/bin/../lib/gcc/avr/5.4.0/avr6\libgcc.a(_clear_bss.o)
 .text.libgcc.builtins
                0x00005f44        0x0 c:/program files (x86)/atmel/studio/7.0/toolchain/avr8/avr8-gnu-toolchain/bin/../lib/gcc/avr/5.4.0/avr6\libgcc.a(_clear_bss.o)
 .text.libgcc.fmul
                0x00005f44        0x0 c:/program files (x86)/atmel/studio/7.0/toolchain/avr8/avr8-gnu-toolchain/bin/../lib/gcc/avr/5.4.0/avr6\libgcc.a(_clear_bss.o)
 .text.libgcc.fixed
                0x00005f44        0x0 c:/program files (x86)/atmel/studio/7.0/toolchain/avr8/avr8-gnu-toolchain/bin/../lib/gcc/avr/5.4.0/avr6\libgcc.a(_clear_bss.o)
 .text.libgcc.mul
                0x00005f44        0x0 c:/program files (x86)/atmel/studio/7.0/toolchain/avr8/avr8-gnu-toolchain/bin/../lib/gcc/avr/5.4.0/avr6\libgcc.a(_ctors.o)
 .text.libgcc.div
                0x00005f44        0x0 c:/program files (x86)/atmel/studio/7.0/toolchain/avr8/avr8-gnu-toolchain/bin/../lib/gcc/avr/5.4.0/avr6\libgcc.a(_ctors.o)
 .text.libgcc   0x00005f44        0x0 c:/program files (x86)/atmel/studio/7.0/toolchain/avr8/avr8-gnu-toolchain/bin/../lib/gcc/avr/5.4.0/avr6\libgcc.a(_ctors.o)
 .text.libgcc.prologue
                0x00005f44        0x0 c:/program files (x86)/atmel/studio/7.0/toolchain/avr8/avr8-gnu-toolchain/bin/../lib/gcc/avr/5.4.0/avr6\libgcc.a(_ctors.o)
 .text.libgcc.builtins
                0x00005f44        0x0 c:/program files (x86)/atmel/studio/7.0/toolchain/avr8/avr8-gnu-toolchain/bin/../lib/gcc/avr/5.4.0/avr6\libgcc.a(_ctors.o)
 .text.libgcc.fmul
                0x00005f44        0x0 c:/program files (x86)/atmel/studio/7.0/toolchain/avr8/avr8-gnu-toolchain/bin/../lib/gcc/avr/5.4.0/avr6\libgcc.a(_ctors.o)
 .text.libgcc.fixed
                0x00005f44        0x0 c:/program files (x86)/atmel/studio/7.0/toolchain/avr8/avr8-gnu-toolchain/bin/../lib/gcc/avr/5.4.0/avr6\libgcc.a(_ctors.o)
 .text.libgcc.mul
                0x00005f44       0x16 c:/program files (x86)/atmel/studio/7.0/toolchain/avr8/avr8-gnu-toolchain/bin/../lib/gcc/avr/5.4.0/avr6\libgcc.a(_muluhisi3.o)
                0x00005f44                __muluhisi3
 .text.libgcc.div
                0x00005f5a        0x0 c:/program files (x86)/atmel/studio/7.0/toolchain/avr8/avr8-gnu-toolchain/bin/../lib/gcc/avr/5.4.0/avr6\libgcc.a(_muluhisi3.o)
 .text.libgcc   0x00005f5a        0x0 c:/program files (x86)/atmel/studio/7.0/toolchain/avr8/avr8-gnu-toolchain/bin/../lib/gcc/avr/5.4.0/avr6\libgcc.a(_muluhisi3.o)
 .text.libgcc.prologue
                0x00005f5a        0x0 c:/program files (x86)/atmel/studio/7.0/toolchain/avr8/avr8-gnu-toolchain/bin/../lib/gcc/avr/5.4.0/avr6\libgcc.a(_muluhisi3.o)
 .text.libgcc.builtins
                0x00005f5a        0x0 c:/program files (x86)/atmel/studio/7.0/toolchain/avr8/avr8-gnu-toolchain/bin/../lib/gcc/avr/5.4.0/avr6\libgcc.a(_muluhisi3.o)
 .text.libgcc.fmul
                0x00005f5a        0x0 c:/program files (x86)/atmel/studio/7.0/toolchain/avr8/avr8-gnu-toolchain/bin/../lib/gcc/avr/5.4.0/avr6\libgcc.a(_muluhisi3.o)
 .text.libgcc.fixed
                0x00005f5a        0x0 c:/program files (x86)/atmel/studio/7.0/toolchain/avr8/avr8-gnu-toolchain/bin/../lib/gcc/avr/5.4.0/avr6\libgcc.a(_muluhisi3.o)
 .text.libgcc.mul
                0x00005f5a       0x1e c:/program files (x86)/atmel/studio/7.0/toolchain/avr8/avr8-gnu-toolchain/bin/../lib/gcc/avr/5.4.0/avr6\libgcc.a(_umulhisi3.o)
                0x00005f5a                __umulhisi3
 .text.libgcc.div
                0x00005f78        0x0 c:/program files (x86)/atmel/studio/7.0/toolchain/avr8/avr8-gnu-toolchain/bin/../lib/gcc/avr/5.4.0/avr6\libgcc.a(_umulhisi3.o)
 .text.libgcc   0x00005f78        0x0 c:/program files (x86)/atmel/studio/7.0/toolchain/avr8/avr8-gnu-toolchain/bin/../lib/gcc/avr/5.4.0/avr6\libgcc.a(_umulhisi3.o)
 .text.libgcc.prologue
                0x00005f78        0x0 c:/program files (x86)/atmel/studio/7.0/toolchain/avr8/avr8-gnu-toolchain/bin/../lib/gcc/avr/5.4.0/avr6\libgcc.a(_umulhisi3.o)
 .text.libgcc.builtins
                0x00005f78        0x0 c:/program files (x86)/atmel/studio/7.0/toolchain/avr8/avr8-gnu-toolchain/bin/../lib/gcc/avr/5.4.0/avr6\libgcc.a(_umulhisi3.o)
 .text.libgcc.fmul
                0x00005f78        0x0 c:/program files (x86)/atmel/studio/7.0/toolchain/avr8/avr8-gnu-toolchain/bin/../lib/gcc/avr/5.4.0/avr6\libgcc.a(_umulhisi3.o)
 .text.libgcc.fixed
                0x00005f78        0x0 c:/program files (x86)/atmel/studio/7.0/toolchain/avr8/avr8-gnu-toolchain/bin/../lib/gcc/avr/5.4.0/avr6\libgcc.a(_umulhisi3.o)
 .text.avr-libc.fplib
                0x00005f78        0xe c:/program files (x86)/atmel/studio/7.0/toolchain/avr8/avr8-gnu-toolchain/bin/../lib/gcc/avr/5.4.0/../../../../avr/lib/avr6\libm.a(addsf3.o)
                0x00005f78                __subsf3
                0x00005f7a                __addsf3
 .text.avr-libc.fplib
                0x00005f86       0xcc c:/program files (x86)/atmel/studio/7.0/toolchain/avr8/avr8-gnu-toolchain/bin/../lib/gcc/avr/5.4.0/../../../../avr/lib/avr6\libm.a(addsf3x.o)
                0x00005fa8                __addsf3x
 .text.avr-libc.fplib
                0x00006052        0xa c:/program files (x86)/atmel/studio/7.0/toolchain/avr8/avr8-gnu-toolchain/bin/../lib/gcc/avr/5.4.0/../../../../avr/lib/avr6\libm.a(cmpsf2.o)
                0x00006052                __nesf2
                0x00006052                __eqsf2
                0x00006052                __cmpsf2
                0x00006052                __ltsf2
                0x00006052                __lesf2
 .text.avr-libc.fplib
                0x0000605c        0x8 c:/program files (x86)/atmel/studio/7.0/toolchain/avr8/avr8-gnu-toolchain/bin/../lib/gcc/avr/5.4.0/../../../../avr/lib/avr6\libm.a(divsf3.o)
                0x0000605c                __divsf3
 .text.avr-libc.fplib
                0x00006064       0xdc c:/program files (x86)/atmel/studio/7.0/toolchain/avr8/avr8-gnu-toolchain/bin/../lib/gcc/avr/5.4.0/../../../../avr/lib/avr6\libm.a(divsf3x.o)
                0x00006084                __divsf3x
                0x0000608a                __divsf3_pse
 .text.avr-libc.fplib
                0x00006140       0x5e c:/program files (x86)/atmel/studio/7.0/toolchain/avr8/avr8-gnu-toolchain/bin/../lib/gcc/avr/5.4.0/../../../../avr/lib/avr6\libm.a(fixunssfsi.o)
                0x00006140                __fixunssfsi
 .text.avr-libc.fplib
                0x0000619e       0x7a c:/program files (x86)/atmel/studio/7.0/toolchain/avr8/avr8-gnu-toolchain/bin/../lib/gcc/avr/5.4.0/../../../../avr/lib/avr6\libm.a(floatsisf.o)
                0x0000619e                __floatunsisf
                0x000061a2                __floatsisf
 .text.avr-libc.fplib
                0x00006218       0x48 c:/program files (x86)/atmel/studio/7.0/toolchain/avr8/avr8-gnu-toolchain/bin/../lib/gcc/avr/5.4.0/../../../../avr/lib/avr6\libm.a(fp_cmp.o)
                0x00006218                __fp_cmp
 .text.avr-libc.fplib
                0x00006260        0xc c:/program files (x86)/atmel/studio/7.0/toolchain/avr8/avr8-gnu-toolchain/bin/../lib/gcc/avr/5.4.0/../../../../avr/lib/avr6\libm.a(fp_inf.o)
                0x00006260                __fp_inf
 .text.avr-libc.fplib
                0x0000626c        0x6 c:/program files (x86)/atmel/studio/7.0/toolchain/avr8/avr8-gnu-toolchain/bin/../lib/gcc/avr/5.4.0/../../../../avr/lib/avr6\libm.a(fp_nan.o)
                0x0000626c                __fp_nan
 .text.avr-libc.fplib
                0x00006272        0xe c:/program files (x86)/atmel/studio/7.0/toolchain/avr8/avr8-gnu-toolchain/bin/../lib/gcc/avr/5.4.0/../../../../avr/lib/avr6\libm.a(fp_pscA.o)
                0x00006272                __fp_pscA
 .text.avr-libc.fplib
                0x00006280        0xe c:/program files (x86)/atmel/studio/7.0/toolchain/avr8/avr8-gnu-toolchain/bin/../lib/gcc/avr/5.4.0/../../../../avr/lib/avr6\libm.a(fp_pscB.o)
                0x00006280                __fp_pscB
 .text.avr-libc.fplib
                0x0000628e       0x22 c:/program files (x86)/atmel/studio/7.0/toolchain/avr8/avr8-gnu-toolchain/bin/../lib/gcc/avr/5.4.0/../../../../avr/lib/avr6\libm.a(fp_round.o)
                0x0000628e                __fp_round
 .text.avr-libc.fplib
                0x000062b0       0x44 c:/program files (x86)/atmel/studio/7.0/toolchain/avr8/avr8-gnu-toolchain/bin/../lib/gcc/avr/5.4.0/../../../../avr/lib/avr6\libm.a(fp_split3.o)
                0x000062b0                __fp_split3
                0x000062c0                __fp_splitA
 .text.avr-libc.fplib
                0x000062f4        0xe c:/program files (x86)/atmel/studio/7.0/toolchain/avr8/avr8-gnu-toolchain/bin/../lib/gcc/avr/5.4.0/../../../../avr/lib/avr6\libm.a(fp_zero.o)
                0x000062f4                __fp_zero
                0x000062f6                __fp_szero
 .text.avr-libc.fplib
                0x00006302        0xa c:/program files (x86)/atmel/studio/7.0/toolchain/avr8/avr8-gnu-toolchain/bin/../lib/gcc/avr/5.4.0/../../../../avr/lib/avr6\libm.a(gesf2.o)
                0x00006302                __gesf2
                0x00006302                __gtsf2
 .text.avr-libc.fplib
                0x0000630c        0x8 c:/program files (x86)/atmel/studio/7.0/toolchain/avr8/avr8-gnu-toolchain/bin/../lib/gcc/avr/5.4.0/../../../../avr/lib/avr6\libm.a(mulsf3.o)
                0x0000630c                __mulsf3
 .text.avr-libc.fplib
                0x00006314       0xd2 c:/program files (x86)/atmel/studio/7.0/toolchain/avr8/avr8-gnu-toolchain/bin/../lib/gcc/avr/5.4.0/../../../../avr/lib/avr6\libm.a(mulsf3x.o)
                0x00006332                __mulsf3x
                0x00006338                __mulsf3_pse
 .text.avr-libc.fplib
                0x000063e6        0xa c:/program files (x86)/atmel/studio/7.0/toolchain/avr8/avr8-gnu-toolchain/bin/../lib/gcc/avr/5.4.0/../../../../avr/lib/avr6\libm.a(unordsf2.o)
                0x000063e6                __unordsf2
 .text.avr-libc
                0x000063f0       0x40 c:/program files (x86)/atmel/studio/7.0/toolchain/avr8/avr8-gnu-toolchain/bin/../lib/gcc/avr/5.4.0/../../../../avr/lib/avr6\libc.a(dtostrf.o)
                0x000063f0                dtostrf
 .text.avr-libc
                0x00006430      0x242 c:/program files (x86)/atmel/studio/7.0/toolchain/avr8/avr8-gnu-toolchain/bin/../lib/gcc/avr/5.4.0/../../../../avr/lib/avr6\libc.a(malloc.o)
                0x00006430                malloc
                0x00006560                free
 .text.avr-libc
                0x00006672      0x144 c:/program files (x86)/atmel/studio/7.0/toolchain/avr8/avr8-gnu-toolchain/bin/../lib/gcc/avr/5.4.0/../../../../avr/lib/avr6\libc.a(random.o)
                0x00006672                random_r
                0x00006708                random
                0x000067a4                srandom
 .text.avr-libc
                0x000067b6      0x1ca c:/program files (x86)/atmel/studio/7.0/toolchain/avr8/avr8-gnu-toolchain/bin/../lib/gcc/avr/5.4.0/../../../../avr/lib/avr6\libc.a(realloc.o)
                0x000067b6                realloc
 .text.avr-libc
                0x00006980        0xa c:/program files (x86)/atmel/studio/7.0/toolchain/avr8/avr8-gnu-toolchain/bin/../lib/gcc/avr/5.4.0/../../../../avr/lib/avr6\libc.a(abort.o)
                0x00006980                abort
 .text.avr-libc
                0x0000698a        0x8 c:/program files (x86)/atmel/studio/7.0/toolchain/avr8/avr8-gnu-toolchain/bin/../lib/gcc/avr/5.4.0/../../../../avr/lib/avr6\libc.a(atof.o)
                0x0000698a                atof
 .text.avr-libc
                0x00006992       0x4e c:/program files (x86)/atmel/studio/7.0/toolchain/avr8/avr8-gnu-toolchain/bin/../lib/gcc/avr/5.4.0/../../../../avr/lib/avr6\libc.a(atol.o)
                0x00006992                atol
 .text.avr-libc
                0x000069e0       0x12 c:/program files (x86)/atmel/studio/7.0/toolchain/avr8/avr8-gnu-toolchain/bin/../lib/gcc/avr/5.4.0/../../../../avr/lib/avr6\libc.a(isspace.o)
                0x000069e0                isspace
 .text.avr-libc
                0x000069f2       0x10 c:/program files (x86)/atmel/studio/7.0/toolchain/avr8/avr8-gnu-toolchain/bin/../lib/gcc/avr/5.4.0/../../../../avr/lib/avr6\libc.a(tolower.o)
                0x000069f2                tolower
 .text.avr-libc
                0x00006a02       0x10 c:/program files (x86)/atmel/studio/7.0/toolchain/avr8/avr8-gnu-toolchain/bin/../lib/gcc/avr/5.4.0/../../../../avr/lib/avr6\libc.a(toupper.o)
                0x00006a02                toupper
 .text.avr-libc
                0x00006a12        0xe c:/program files (x86)/atmel/studio/7.0/toolchain/avr8/avr8-gnu-toolchain/bin/../lib/gcc/avr/5.4.0/../../../../avr/lib/avr6\libc.a(strcpy_P.o)
                0x00006a12                strcpy_P
 .text.avr-libc
                0x00006a20       0x12 c:/program files (x86)/atmel/studio/7.0/toolchain/avr8/avr8-gnu-toolchain/bin/../lib/gcc/avr/5.4.0/../../../../avr/lib/avr6\libc.a(strlen_P.o)
                0x00006a20                __strlen_P
 .text.avr-libc
                0x00006a32       0x1a c:/program files (x86)/atmel/studio/7.0/toolchain/avr8/avr8-gnu-toolchain/bin/../lib/gcc/avr/5.4.0/../../../../avr/lib/avr6\libc.a(memcmp.o)
                0x00006a32                memcmp
 .text.avr-libc
                0x00006a4c       0x12 c:/program files (x86)/atmel/studio/7.0/toolchain/avr8/avr8-gnu-toolchain/bin/../lib/gcc/avr/5.4.0/../../../../avr/lib/avr6\libc.a(memcpy.o)
                0x00006a4c                memcpy
 .text.avr-libc
                0x00006a5e       0x24 c:/program files (x86)/atmel/studio/7.0/toolchain/avr8/avr8-gnu-toolchain/bin/../lib/gcc/avr/5.4.0/../../../../avr/lib/avr6\libc.a(memmove.o)
                0x00006a5e                memmove
 .text.avr-libc
                0x00006a82       0x16 c:/program files (x86)/atmel/studio/7.0/toolchain/avr8/avr8-gnu-toolchain/bin/../lib/gcc/avr/5.4.0/../../../../avr/lib/avr6\libc.a(strchr.o)
                0x00006a82                strchr
 .text.avr-libc
                0x00006a98       0x12 c:/program files (x86)/atmel/studio/7.0/toolchain/avr8/avr8-gnu-toolchain/bin/../lib/gcc/avr/5.4.0/../../../../avr/lib/avr6\libc.a(strcmp.o)
                0x00006a98                strcmp
 .text.avr-libc
                0x00006aaa        0xe c:/program files (x86)/atmel/studio/7.0/toolchain/avr8/avr8-gnu-toolchain/bin/../lib/gcc/avr/5.4.0/../../../../avr/lib/avr6\libc.a(strcpy.o)
                0x00006aaa                strcpy
 .text.avr-libc
                0x00006ab8       0x1c c:/program files (x86)/atmel/studio/7.0/toolchain/avr8/avr8-gnu-toolchain/bin/../lib/gcc/avr/5.4.0/../../../../avr/lib/avr6\libc.a(strncmp.o)
                0x00006ab8                strncmp
 .text.avr-libc
                0x00006ad4       0x1e c:/program files (x86)/atmel/studio/7.0/toolchain/avr8/avr8-gnu-toolchain/bin/../lib/gcc/avr/5.4.0/../../../../avr/lib/avr6\libc.a(strncpy.o)
                0x00006ad4                strncpy
 .text.avr-libc
                0x00006af2       0x16 c:/program files (x86)/atmel/studio/7.0/toolchain/avr8/avr8-gnu-toolchain/bin/../lib/gcc/avr/5.4.0/../../../../avr/lib/avr6\libc.a(strrchr.o)
                0x00006af2                strrchr
 .text.avr-libc
                0x00006b08       0x34 c:/program files (x86)/atmel/studio/7.0/toolchain/avr8/avr8-gnu-toolchain/bin/../lib/gcc/avr/5.4.0/../../../../avr/lib/avr6\libc.a(strstr.o)
                0x00006b08                strstr
 .text.avr-libc
                0x00006b3c       0x16 c:/program files (x86)/atmel/studio/7.0/toolchain/avr8/avr8-gnu-toolchain/bin/../lib/gcc/avr/5.4.0/../../../../avr/lib/avr6\libc.a(itoa.o)
                0x00006b3c                __itoa
                0x00006b3c                itoa
 .text.avr-libc
                0x00006b52       0x16 c:/program files (x86)/atmel/studio/7.0/toolchain/avr8/avr8-gnu-toolchain/bin/../lib/gcc/avr/5.4.0/../../../../avr/lib/avr6\libc.a(itoa_ncheck.o)
                0x00006b52                __itoa_ncheck
 .text.avr-libc
                0x00006b68       0x16 c:/program files (x86)/atmel/studio/7.0/toolchain/avr8/avr8-gnu-toolchain/bin/../lib/gcc/avr/5.4.0/../../../../avr/lib/avr6\libc.a(ltoa.o)
                0x00006b68                ltoa
                0x00006b68                __ltoa
 .text.avr-libc
                0x00006b7e       0x1e c:/program files (x86)/atmel/studio/7.0/toolchain/avr8/avr8-gnu-toolchain/bin/../lib/gcc/avr/5.4.0/../../../../avr/lib/avr6\libc.a(ltoa_ncheck.o)
                0x00006b7e                __ltoa_ncheck
 .text.avr-libc
                0x00006b9c       0x2a c:/program files (x86)/atmel/studio/7.0/toolchain/avr8/avr8-gnu-toolchain/bin/../lib/gcc/avr/5.4.0/../../../../avr/lib/avr6\libc.a(mulsi10.o)
                0x00006b9c                __mulsi_const_10
 .text.avr-libc
                0x00006bc6       0x16 c:/program files (x86)/atmel/studio/7.0/toolchain/avr8/avr8-gnu-toolchain/bin/../lib/gcc/avr/5.4.0/../../../../avr/lib/avr6\libc.a(ultoa.o)
                0x00006bc6                ultoa
                0x00006bc6                __ultoa
 .text.avr-libc
                0x00006bdc       0x44 c:/program files (x86)/atmel/studio/7.0/toolchain/avr8/avr8-gnu-toolchain/bin/../lib/gcc/avr/5.4.0/../../../../avr/lib/avr6\libc.a(ultoa_ncheck.o)
                0x00006bdc                __ultoa_ncheck
                0x00006bde                __ultoa_common
 .text.avr-libc
                0x00006c20       0x16 c:/program files (x86)/atmel/studio/7.0/toolchain/avr8/avr8-gnu-toolchain/bin/../lib/gcc/avr/5.4.0/../../../../avr/lib/avr6\libc.a(utoa.o)
                0x00006c20                __utoa
                0x00006c20                utoa
 .text.avr-libc
                0x00006c36       0x34 c:/program files (x86)/atmel/studio/7.0/toolchain/avr8/avr8-gnu-toolchain/bin/../lib/gcc/avr/5.4.0/../../../../avr/lib/avr6\libc.a(utoa_ncheck.o)
                0x00006c36                __utoa_ncheck
                0x00006c38                __utoa_common
 .text.avr-libc
                0x00006c6a       0x28 c:/program files (x86)/atmel/studio/7.0/toolchain/avr8/avr8-gnu-toolchain/bin/../lib/gcc/avr/5.4.0/../../../../avr/lib/avr6\libc.a(printf.o)
                0x00006c6a                printf
 .text.avr-libc
                0x00006c92       0x60 c:/program files (x86)/atmel/studio/7.0/toolchain/avr8/avr8-gnu-toolchain/bin/../lib/gcc/avr/5.4.0/../../../../avr/lib/avr6\libc.a(puts.o)
                0x00006c92                puts
 .text.avr-libc
                0x00006cf2      0x414 c:/program files (x86)/atmel/studio/7.0/toolchain/avr8/avr8-gnu-toolchain/bin/../lib/gcc/avr/5.4.0/../../../../avr/lib/avr6\libc.a(vfprintf_std.o)
                0x00006cf2                vfprintf
 .text.avr-libc
                0x00007106      0x2ee c:/program files (x86)/atmel/studio/7.0/toolchain/avr8/avr8-gnu-toolchain/bin/../lib/gcc/avr/5.4.0/../../../../avr/lib/avr6\libc.a(dtoa_prf.o)
                0x00007106                dtoa_prf
 .text.avr-libc
                0x000073f4      0x2b8 c:/program files (x86)/atmel/studio/7.0/toolchain/avr8/avr8-gnu-toolchain/bin/../lib/gcc/avr/5.4.0/../../../../avr/lib/avr6\libc.a(strtod.o)
                0x000073f4                strtod
 .text.avr-libc
                0x000076ac      0x1b0 c:/program files (x86)/atmel/studio/7.0/toolchain/avr8/avr8-gnu-toolchain/bin/../lib/gcc/avr/5.4.0/../../../../avr/lib/avr6\libc.a(ftoa_engine.o)
                0x000076ac                __ftoa_engine
 .text.avr-libc
                0x0000785c        0x6 c:/program files (x86)/atmel/studio/7.0/toolchain/avr8/avr8-gnu-toolchain/bin/../lib/gcc/avr/5.4.0/../../../../avr/lib/avr6\libc.a(cty_isfalse.o)
                0x0000785c                __ctype_isfalse
                0x00007860                __ctype_istrue
 .text.avr-libc
                0x00007862       0x30 c:/program files (x86)/atmel/studio/7.0/toolchain/avr8/avr8-gnu-toolchain/bin/../lib/gcc/avr/5.4.0/../../../../avr/lib/avr6\libc.a(strncasecmp_P.o)
                0x00007862                strncasecmp_P
 .text.avr-libc
                0x00007892       0x16 c:/program files (x86)/atmel/studio/7.0/toolchain/avr8/avr8-gnu-toolchain/bin/../lib/gcc/avr/5.4.0/../../../../avr/lib/avr6\libc.a(strnlen_P.o)
                0x00007892                strnlen_P
 .text.avr-libc
                0x000078a8       0x16 c:/program files (x86)/atmel/studio/7.0/toolchain/avr8/avr8-gnu-toolchain/bin/../lib/gcc/avr/5.4.0/../../../../avr/lib/avr6\libc.a(strnlen.o)
                0x000078a8                strnlen
 .text.avr-libc
                0x000078be       0x20 c:/program files (x86)/atmel/studio/7.0/toolchain/avr8/avr8-gnu-toolchain/bin/../lib/gcc/avr/5.4.0/../../../../avr/lib/avr6\libc.a(strrev.o)
                0x000078be                strrev
 .text.avr-libc
                0x000078de       0x78 c:/program files (x86)/atmel/studio/7.0/toolchain/avr8/avr8-gnu-toolchain/bin/../lib/gcc/avr/5.4.0/../../../../avr/lib/avr6\libc.a(fputc.o)
                0x000078de                fputc
 .text.avr-libc
                0x00007956       0xbc c:/program files (x86)/atmel/studio/7.0/toolchain/avr8/avr8-gnu-toolchain/bin/../lib/gcc/avr/5.4.0/../../../../avr/lib/avr6\libc.a(ultoa_invert.o)
                0x00007956                __ultoa_invert
 .text.libgcc.mul
                0x00007a12       0x10 c:/program files (x86)/atmel/studio/7.0/toolchain/avr8/avr8-gnu-toolchain/bin/../lib/gcc/avr/5.4.0/avr6\libgcc.a(_mulshisi3.o)
                0x00007a12                __mulshisi3
                0x00007a18                __mulohisi3
 .text.libgcc.div
                0x00007a22        0x0 c:/program files (x86)/atmel/studio/7.0/toolchain/avr8/avr8-gnu-toolchain/bin/../lib/gcc/avr/5.4.0/avr6\libgcc.a(_mulshisi3.o)
 .text.libgcc   0x00007a22        0x0 c:/program files (x86)/atmel/studio/7.0/toolchain/avr8/avr8-gnu-toolchain/bin/../lib/gcc/avr/5.4.0/avr6\libgcc.a(_mulshisi3.o)
 .text.libgcc.prologue
                0x00007a22        0x0 c:/program files (x86)/atmel/studio/7.0/toolchain/avr8/avr8-gnu-toolchain/bin/../lib/gcc/avr/5.4.0/avr6\libgcc.a(_mulshisi3.o)
 .text.libgcc.builtins
                0x00007a22        0x0 c:/program files (x86)/atmel/studio/7.0/toolchain/avr8/avr8-gnu-toolchain/bin/../lib/gcc/avr/5.4.0/avr6\libgcc.a(_mulshisi3.o)
 .text.libgcc.fmul
                0x00007a22        0x0 c:/program files (x86)/atmel/studio/7.0/toolchain/avr8/avr8-gnu-toolchain/bin/../lib/gcc/avr/5.4.0/avr6\libgcc.a(_mulshisi3.o)
 .text.libgcc.fixed
                0x00007a22        0x0 c:/program files (x86)/atmel/studio/7.0/toolchain/avr8/avr8-gnu-toolchain/bin/../lib/gcc/avr/5.4.0/avr6\libgcc.a(_mulshisi3.o)
                0x00007a22                . = ALIGN (0x2)
 *(.fini9)
 .fini9         0x00007a22        0x0 c:/program files (x86)/atmel/studio/7.0/toolchain/avr8/avr8-gnu-toolchain/bin/../lib/gcc/avr/5.4.0/avr6\libgcc.a(_exit.o)
                0x00007a22                _exit
                0x00007a22                exit
 *(.fini9)
 *(.fini8)
 *(.fini8)
 *(.fini7)
 *(.fini7)
 *(.fini6)
 *(.fini6)
 *(.fini5)
 *(.fini5)
 *(.fini4)
 *(.fini4)
 *(.fini3)
 *(.fini3)
 *(.fini2)
 *(.fini2)
 *(.fini1)
 *(.fini1)
 *(.fini0)
 .fini0         0x00007a22        0x4 c:/program files (x86)/atmel/studio/7.0/toolchain/avr8/avr8-gnu-toolchain/bin/../lib/gcc/avr/5.4.0/avr6\libgcc.a(_exit.o)
 *(.fini0)
                0x00007a26                _etext = .

.data           0x00800200      0x17e load address 0x00007a26
                0x00800200                PROVIDE (__data_start, .)
 *(.data)
 .data          0x00800200        0x0 c:/program files (x86)/atmel/studio/7.0/toolchain/avr8/avr8-gnu-toolchain/bin/../lib/gcc/avr/5.4.0/../../../../avr/lib/avr6/crtatmega2560.o
 .data          0x00800200        0x0 obj\Release\arduino\abi.o
 .data          0x00800200        0x0 obj\Release\arduino\CDC.o
 .data          0x00800200        0x0 obj\Release\arduino\dht.o
 .data          0x00800200        0x0 obj\Release\arduino\HardwareSerial.o
 .data          0x00800200        0x0 obj\Release\arduino\HardwareSerial0.o
 .data          0x00800200        0x0 obj\Release\arduino\HardwareSerial1.o
 .data          0x00800200        0x0 obj\Release\arduino\HardwareSerial2.o
 .data          0x00800200        0x0 obj\Release\arduino\HardwareSerial3.o
 .data          0x00800200        0x0 obj\Release\arduino\hooks.o
 .data          0x00800200        0x0 obj\Release\arduino\IPAddress.o
 .data          0x00800200        0x0 obj\Release\arduino\Key.o
 .data          0x00800200        0x0 obj\Release\arduino\Keypad.o
 .data          0x00800200        0x0 obj\Release\arduino\LiquidCrystal_I2C.o
 .data          0x00800200        0x0 obj\Release\arduino\main.o
 .data          0x00800200        0x0 obj\Release\arduino\new.o
 .data          0x00800200        0x0 obj\Release\arduino\Password.o
 .data          0x00800200        0x0 obj\Release\arduino\PluggableUSB.o
 .data          0x00800200        0x0 obj\Release\arduino\Print.o
 .data          0x00800200        0x0 obj\Release\arduino\Stream.o
 .data          0x00800200        0x1 obj\Release\arduino\Tone.o
 .data          0x00800201        0x0 obj\Release\arduino\USBCore.o
 .data          0x00800201        0x0 obj\Release\arduino\utility\twi.o
 .data          0x00800201       0x10 obj\Release\arduino\WInterrupts.o
 .data          0x00800211        0x0 obj\Release\arduino\Wire.o
 .data          0x00800211        0x0 obj\Release\arduino\wiring.o
 .data          0x00800211        0x1 obj\Release\arduino\wiring_analog.o
                0x00800211                analog_reference
 .data          0x00800212        0x0 obj\Release\arduino\wiring_digital.o
 .data          0x00800212        0x0 obj\Release\arduino\wiring_pulse.o
 .data          0x00800212        0x0 obj\Release\arduino\wiring_shift.o
 .data          0x00800212        0x0 obj\Release\arduino\WMath.o
 .data          0x00800212        0x0 obj\Release\arduino\WString.o
 .data          0x00800212        0x0 obj\Release\Comfort.o
 .data          0x00800212       0x18 obj\Release\HWInputs.o
                0x00800212                colPins
                0x00800216                rowPins
                0x0080021a                hexaKeys
 .data          0x0080022a        0x0 obj\Release\HWOutputs.o
 .data          0x0080022a        0x0 obj\Release\Lights.o
 .data          0x0080022a        0x0 obj\Release\Logic.o
 .data          0x0080022a        0x1 obj\Release\Security.o
                0x0080022a                buzzer
 .data          0x0080022b        0x0 obj\Release\SmartHome.o
 .data          0x0080022b        0x0 obj\Release\SWInputs.o
 .data          0x0080022b        0x0 obj\Release\SWOutputs.o
 .data          0x0080022b        0x0 c:/program files (x86)/atmel/studio/7.0/toolchain/avr8/avr8-gnu-toolchain/bin/../lib/gcc/avr/5.4.0/avr6\libgcc.a(_mulsi3.o)
 .data          0x0080022b        0x0 c:/program files (x86)/atmel/studio/7.0/toolchain/avr8/avr8-gnu-toolchain/bin/../lib/gcc/avr/5.4.0/avr6\libgcc.a(_udivmodsi4.o)
 .data          0x0080022b        0x0 c:/program files (x86)/atmel/studio/7.0/toolchain/avr8/avr8-gnu-toolchain/bin/../lib/gcc/avr/5.4.0/avr6\libgcc.a(_divmodsi4.o)
 .data          0x0080022b        0x0 c:/program files (x86)/atmel/studio/7.0/toolchain/avr8/avr8-gnu-toolchain/bin/../lib/gcc/avr/5.4.0/avr6\libgcc.a(_negsi2.o)
 .data          0x0080022b        0x0 c:/program files (x86)/atmel/studio/7.0/toolchain/avr8/avr8-gnu-toolchain/bin/../lib/gcc/avr/5.4.0/avr6\libgcc.a(_exit.o)
 .data          0x0080022b        0x0 c:/program files (x86)/atmel/studio/7.0/toolchain/avr8/avr8-gnu-toolchain/bin/../lib/gcc/avr/5.4.0/avr6\libgcc.a(_tablejump2.o)
 .data          0x0080022b        0x0 c:/program files (x86)/atmel/studio/7.0/toolchain/avr8/avr8-gnu-toolchain/bin/../lib/gcc/avr/5.4.0/avr6\libgcc.a(_copy_data.o)
 .data          0x0080022b        0x0 c:/program files (x86)/atmel/studio/7.0/toolchain/avr8/avr8-gnu-toolchain/bin/../lib/gcc/avr/5.4.0/avr6\libgcc.a(_clear_bss.o)
 .data          0x0080022b        0x0 c:/program files (x86)/atmel/studio/7.0/toolchain/avr8/avr8-gnu-toolchain/bin/../lib/gcc/avr/5.4.0/avr6\libgcc.a(_ctors.o)
 .data          0x0080022b        0x0 c:/program files (x86)/atmel/studio/7.0/toolchain/avr8/avr8-gnu-toolchain/bin/../lib/gcc/avr/5.4.0/avr6\libgcc.a(_muluhisi3.o)
 .data          0x0080022b        0x0 c:/program files (x86)/atmel/studio/7.0/toolchain/avr8/avr8-gnu-toolchain/bin/../lib/gcc/avr/5.4.0/avr6\libgcc.a(_umulhisi3.o)
 .data          0x0080022b        0x0 c:/program files (x86)/atmel/studio/7.0/toolchain/avr8/avr8-gnu-toolchain/bin/../lib/gcc/avr/5.4.0/../../../../avr/lib/avr6\libm.a(addsf3.o)
 .data          0x0080022b        0x0 c:/program files (x86)/atmel/studio/7.0/toolchain/avr8/avr8-gnu-toolchain/bin/../lib/gcc/avr/5.4.0/../../../../avr/lib/avr6\libm.a(addsf3x.o)
 .data          0x0080022b        0x0 c:/program files (x86)/atmel/studio/7.0/toolchain/avr8/avr8-gnu-toolchain/bin/../lib/gcc/avr/5.4.0/../../../../avr/lib/avr6\libm.a(cmpsf2.o)
 .data          0x0080022b        0x0 c:/program files (x86)/atmel/studio/7.0/toolchain/avr8/avr8-gnu-toolchain/bin/../lib/gcc/avr/5.4.0/../../../../avr/lib/avr6\libm.a(divsf3.o)
 .data          0x0080022b        0x0 c:/program files (x86)/atmel/studio/7.0/toolchain/avr8/avr8-gnu-toolchain/bin/../lib/gcc/avr/5.4.0/../../../../avr/lib/avr6\libm.a(divsf3x.o)
 .data          0x0080022b        0x0 c:/program files (x86)/atmel/studio/7.0/toolchain/avr8/avr8-gnu-toolchain/bin/../lib/gcc/avr/5.4.0/../../../../avr/lib/avr6\libm.a(fixunssfsi.o)
 .data          0x0080022b        0x0 c:/program files (x86)/atmel/studio/7.0/toolchain/avr8/avr8-gnu-toolchain/bin/../lib/gcc/avr/5.4.0/../../../../avr/lib/avr6\libm.a(floatsisf.o)
 .data          0x0080022b        0x0 c:/program files (x86)/atmel/studio/7.0/toolchain/avr8/avr8-gnu-toolchain/bin/../lib/gcc/avr/5.4.0/../../../../avr/lib/avr6\libm.a(fp_cmp.o)
 .data          0x0080022b        0x0 c:/program files (x86)/atmel/studio/7.0/toolchain/avr8/avr8-gnu-toolchain/bin/../lib/gcc/avr/5.4.0/../../../../avr/lib/avr6\libm.a(fp_inf.o)
 .data          0x0080022b        0x0 c:/program files (x86)/atmel/studio/7.0/toolchain/avr8/avr8-gnu-toolchain/bin/../lib/gcc/avr/5.4.0/../../../../avr/lib/avr6\libm.a(fp_nan.o)
 .data          0x0080022b        0x0 c:/program files (x86)/atmel/studio/7.0/toolchain/avr8/avr8-gnu-toolchain/bin/../lib/gcc/avr/5.4.0/../../../../avr/lib/avr6\libm.a(fp_pscA.o)
 .data          0x0080022b        0x0 c:/program files (x86)/atmel/studio/7.0/toolchain/avr8/avr8-gnu-toolchain/bin/../lib/gcc/avr/5.4.0/../../../../avr/lib/avr6\libm.a(fp_pscB.o)
 .data          0x0080022b        0x0 c:/program files (x86)/atmel/studio/7.0/toolchain/avr8/avr8-gnu-toolchain/bin/../lib/gcc/avr/5.4.0/../../../../avr/lib/avr6\libm.a(fp_round.o)
 .data          0x0080022b        0x0 c:/program files (x86)/atmel/studio/7.0/toolchain/avr8/avr8-gnu-toolchain/bin/../lib/gcc/avr/5.4.0/../../../../avr/lib/avr6\libm.a(fp_split3.o)
 .data          0x0080022b        0x0 c:/program files (x86)/atmel/studio/7.0/toolchain/avr8/avr8-gnu-toolchain/bin/../lib/gcc/avr/5.4.0/../../../../avr/lib/avr6\libm.a(fp_zero.o)
 .data          0x0080022b        0x0 c:/program files (x86)/atmel/studio/7.0/toolchain/avr8/avr8-gnu-toolchain/bin/../lib/gcc/avr/5.4.0/../../../../avr/lib/avr6\libm.a(gesf2.o)
 .data          0x0080022b        0x0 c:/program files (x86)/atmel/studio/7.0/toolchain/avr8/avr8-gnu-toolchain/bin/../lib/gcc/avr/5.4.0/../../../../avr/lib/avr6\libm.a(mulsf3.o)
 .data          0x0080022b        0x0 c:/program files (x86)/atmel/studio/7.0/toolchain/avr8/avr8-gnu-toolchain/bin/../lib/gcc/avr/5.4.0/../../../../avr/lib/avr6\libm.a(mulsf3x.o)