Archive member included to satisfy reference by file (symbol)

c:/program files (x86)/atmel/studio/7.0/toolchain/avr8/avr8-gnu-toolchain/bin/../lib/gcc/avr/5.4.0/avr6\libgcc.a(_mulsi3.o)
                              obj\Release\arduino\WMath.o (__mulsi3)
c:/program files (x86)/atmel/studio/7.0/toolchain/avr8/avr8-gnu-toolchain/bin/../lib/gcc/avr/5.4.0/avr6\libgcc.a(_udivmodqi4.o)
                              obj\Release\arduino\Servo.o (__udivmodqi4)
c:/program files (x86)/atmel/studio/7.0/toolchain/avr8/avr8-gnu-toolchain/bin/../lib/gcc/avr/5.4.0/avr6\libgcc.a(_udivmodsi4.o)
                              obj\Release\arduino\HardwareSerial.o (__udivmodsi4)
c:/program files (x86)/atmel/studio/7.0/toolchain/avr8/avr8-gnu-toolchain/bin/../lib/gcc/avr/5.4.0/avr6\libgcc.a(_divmodsi4.o)
                              obj\Release\arduino\WMath.o (__divmodsi4)
c:/program files (x86)/atmel/studio/7.0/toolchain/avr8/avr8-gnu-toolchain/bin/../lib/gcc/avr/5.4.0/avr6\libgcc.a(_negsi2.o)
                              c:/program files (x86)/atmel/studio/7.0/toolchain/avr8/avr8-gnu-toolchain/bin/../lib/gcc/avr/5.4.0/avr6\libgcc.a(_divmodsi4.o) (__negsi2)
c:/program files (x86)/atmel/studio/7.0/toolchain/avr8/avr8-gnu-toolchain/bin/../lib/gcc/avr/5.4.0/avr6\libgcc.a(_exit.o)
                              c:/program files (x86)/atmel/studio/7.0/toolchain/avr8/avr8-gnu-toolchain/bin/../lib/gcc/avr/5.4.0/../../../../avr/lib/avr6/crtatmega2560.o (exit)
c:/program files (x86)/atmel/studio/7.0/toolchain/avr8/avr8-gnu-toolchain/bin/../lib/gcc/avr/5.4.0/avr6\libgcc.a(_tablejump2.o)
                              obj\Release\arduino\WInterrupts.o (__tablejump2__)
c:/program files (x86)/atmel/studio/7.0/toolchain/avr8/avr8-gnu-toolchain/bin/../lib/gcc/avr/5.4.0/avr6\libgcc.a(_copy_data.o)
                              obj\Release\arduino\HardwareSerial.o (__do_copy_data)
c:/program files (x86)/atmel/studio/7.0/toolchain/avr8/avr8-gnu-toolchain/bin/../lib/gcc/avr/5.4.0/avr6\libgcc.a(_clear_bss.o)
                              obj\Release\arduino\HardwareSerial0.o (__do_clear_bss)
c:/program files (x86)/atmel/studio/7.0/toolchain/avr8/avr8-gnu-toolchain/bin/../lib/gcc/avr/5.4.0/avr6\libgcc.a(_ctors.o)
                              obj\Release\arduino\HardwareSerial0.o (__do_global_ctors)
c:/program files (x86)/atmel/studio/7.0/toolchain/avr8/avr8-gnu-toolchain/bin/../lib/gcc/avr/5.4.0/avr6\libgcc.a(_muluhisi3.o)
                              obj\Release\arduino\Stream.o (__muluhisi3)
c:/program files (x86)/atmel/studio/7.0/toolchain/avr8/avr8-gnu-toolchain/bin/../lib/gcc/avr/5.4.0/avr6\libgcc.a(_umulhisi3.o)
                              c:/program files (x86)/atmel/studio/7.0/toolchain/avr8/avr8-gnu-toolchain/bin/../lib/gcc/avr/5.4.0/avr6\libgcc.a(_muluhisi3.o) (__umulhisi3)
c:/program files (x86)/atmel/studio/7.0/toolchain/avr8/avr8-gnu-toolchain/bin/../lib/gcc/avr/5.4.0/../../../../avr/lib/avr6\libm.a(addsf3.o)
                              obj\Release\arduino\Print.o (__subsf3)
c:/program files (x86)/atmel/studio/7.0/toolchain/avr8/avr8-gnu-toolchain/bin/../lib/gcc/avr/5.4.0/../../../../avr/lib/avr6\libm.a(addsf3x.o)
                              c:/program files (x86)/atmel/studio/7.0/toolchain/avr8/avr8-gnu-toolchain/bin/../lib/gcc/avr/5.4.0/../../../../avr/lib/avr6\libm.a(addsf3.o) (__addsf3x)
c:/program files (x86)/atmel/studio/7.0/toolchain/avr8/avr8-gnu-toolchain/bin/../lib/gcc/avr/5.4.0/../../../../avr/lib/avr6\libm.a(cmpsf2.o)
                              obj\Release\arduino\Print.o (__ltsf2)
c:/program files (x86)/atmel/studio/7.0/toolchain/avr8/avr8-gnu-toolchain/bin/../lib/gcc/avr/5.4.0/../../../../avr/lib/avr6\libm.a(divsf3.o)
                              obj\Release\arduino\Print.o (__divsf3)
c:/program files (x86)/atmel/studio/7.0/toolchain/avr8/avr8-gnu-toolchain/bin/../lib/gcc/avr/5.4.0/../../../../avr/lib/avr6\libm.a(divsf3x.o)
                              c:/program files (x86)/atmel/studio/7.0/toolchain/avr8/avr8-gnu-toolchain/bin/../lib/gcc/avr/5.4.0/../../../../avr/lib/avr6\libm.a(divsf3.o) (__divsf3x)
c:/program files (x86)/atmel/studio/7.0/toolchain/avr8/avr8-gnu-toolchain/bin/../lib/gcc/avr/5.4.0/../../../../avr/lib/avr6\libm.a(fixunssfsi.o)
                              obj\Release\arduino\Print.o (__fixunssfsi)
c:/program files (x86)/atmel/studio/7.0/toolchain/avr8/avr8-gnu-toolchain/bin/../lib/gcc/avr/5.4.0/../../../../avr/lib/avr6\libm.a(floatsisf.o)
                              obj\Release\arduino\dht.o (__floatunsisf)
c:/program files (x86)/atmel/studio/7.0/toolchain/avr8/avr8-gnu-toolchain/bin/../lib/gcc/avr/5.4.0/../../../../avr/lib/avr6\libm.a(fp_cmp.o)
                              c:/program files (x86)/atmel/studio/7.0/toolchain/avr8/avr8-gnu-toolchain/bin/../lib/gcc/avr/5.4.0/../../../../avr/lib/avr6\libm.a(cmpsf2.o) (__fp_cmp)
c:/program files (x86)/atmel/studio/7.0/toolchain/avr8/avr8-gnu-toolchain/bin/../lib/gcc/avr/5.4.0/../../../../avr/lib/avr6\libm.a(fp_inf.o)
[...]
Memory Configuration

Name             Origin             Length             Attributes
text             0x00000000         0x00040000         xr
data             0x00800200         0x00002000         rw !x
eeprom           0x00810000         0x00001000         rw !x
fuse             0x00820000         0x00000003         rw !x
lock             0x00830000         0x00000400         rw !x
signature        0x00840000         0x00000400         rw !x
user_signatures  0x00850000         0x00000400         rw !x
*default*        0x00000000         0xffffffff

Linker script and memory map

Address of section .data set to 0x800200
LOAD c:/program files (x86)/atmel/studio/7.0/toolchain/avr8/avr8-gnu-toolchain/bin/../lib/gcc/avr/5.4.0/../../../../avr/lib/avr6/crtatmega2560.o
LOAD obj\Release\arduino\abi.o
LOAD obj\Release\arduino\CDC.o
LOAD obj\Release\arduino\dht.o
LOAD obj\Release\arduino\HardwareSerial.o
LOAD obj\Release\arduino\HardwareSerial0.o
LOAD obj\Release\arduino\HardwareSerial1.o
LOAD obj\Release\arduino\HardwareSerial2.o
LOAD obj\Release\arduino\HardwareSerial3.o
LOAD obj\Release\arduino\hooks.o
LOAD obj\Release\arduino\IPAddress.o
LOAD obj\Release\arduino\Key.o
LOAD obj\Release\arduino\Keypad.o
LOAD obj\Release\arduino\LiquidCrystal_I2C.o
LOAD obj\Release\arduino\main.o
LOAD obj\Release\arduino\new.o
LOAD obj\Release\arduino\Password.o
LOAD obj\Release\arduino\PluggableUSB.o
LOAD obj\Release\arduino\Print.o
LOAD obj\Release\arduino\Servo.o
LOAD obj\Release\arduino\Stream.o
LOAD obj\Release\arduino\Tone.o
LOAD obj\Release\arduino\USBCore.o
LOAD obj\Release\arduino\utility\twi.o
LOAD obj\Release\arduino\WInterrupts.o
LOAD obj\Release\arduino\Wire.o
LOAD obj\Release\arduino\wiring.o
LOAD obj\Release\arduino\wiring_analog.o
LOAD obj\Release\arduino\wiring_digital.o
LOAD obj\Release\arduino\wiring_pulse.o
LOAD obj\Release\arduino\wiring_shift.o
LOAD obj\Release\arduino\WMath.o
LOAD obj\Release\arduino\WString.o
LOAD obj\Release\Comfort.o
LOAD obj\Release\Doorlock.o
LOAD obj\Release\HWInputs.o
LOAD obj\Release\HWOutputs.o
LOAD obj\Release\Lights.o
LOAD obj\Release\Logic.o
LOAD obj\Release\Security.o
LOAD obj\Release\SmartHome.o
LOAD obj\Release\SWInputs.o
LOAD obj\Release\SWOutputs.o
LOAD obj\Release\WifiConn.o
LOAD c:/program files (x86)/atmel/studio/7.0/toolchain/avr8/avr8-gnu-toolchain/bin/../lib/gcc/avr/5.4.0/avr6\libgcc.a
LOAD c:/program files (x86)/atmel/studio/7.0/toolchain/avr8/avr8-gnu-toolchain/bin/../lib/gcc/avr/5.4.0/../../../../avr/lib/avr6\libm.a
START GROUP
LOAD c:/program files (x86)/atmel/studio/7.0/toolchain/avr8/avr8-gnu-toolchain/bin/../lib/gcc/avr/5.4.0/avr6\libgcc.a
LOAD c:/program files (x86)/atmel/studio/7.0/toolchain/avr8/avr8-gnu-toolchain/bin/../lib/gcc/avr/5.4.0/../../../../avr/lib/avr6\libm.a
LOAD c:/program files (x86)/atmel/studio/7.0/toolchain/avr8/avr8-gnu-toolchain/bin/../lib/gcc/avr/5.4.0/../../../../avr/lib/avr6\libc.a
LOAD c:/program files (x86)/atmel/studio/7.0/toolchain/avr8/avr8-gnu-toolchain/bin/../lib/gcc/avr/5.4.0/../../../../avr/lib/avr6\libatmega2560.a
END GROUP
                0x00000000                __TEXT_REGION_ORIGIN__ = DEFINED (__TEXT_REGION_ORIGIN__)?__TEXT_REGION_ORIGIN__:0x0
                [0x00800200]                __DATA_REGION_ORIGIN__ = DEFINED (__DATA_REGION_ORIGIN__)?__DATA_REGION_ORIGIN__:0x800200
                [0x00040000]                __TEXT_REGION_LENGTH__ = DEFINED (__TEXT_REGION_LENGTH__)?__TEXT_REGION_LENGTH__:0x100000
                [0x00002000]                __DATA_REGION_LENGTH__ = DEFINED (__DATA_REGION_LENGTH__)?__DATA_REGION_LENGTH__:0xfe00
                [0x00001000]                __EEPROM_REGION_LENGTH__ = DEFINED (__EEPROM_REGION_LENGTH__)?__EEPROM_REGION_LENGTH__:0x10000
                [0x00000003]                __FUSE_REGION_LENGTH__ = DEFINED (__FUSE_REGION_LENGTH__)?__FUSE_REGION_LENGTH__:0x400
                0x00000400                __LOCK_REGION_LENGTH__ = DEFINED (__LOCK_REGION_LENGTH__)?__LOCK_REGION_LENGTH__:0x400
                0x00000400                __SIGNATURE_REGION_LENGTH__ = DEFINED (__SIGNATURE_REGION_LENGTH__)?__SIGNATURE_REGION_LENGTH__:0x400
                0x00000400                __USER_SIGNATURE_REGION_LENGTH__ = DEFINED (__USER_SIGNATURE_REGION_LENGTH__)?__USER_SIGNATURE_REGION_LENGTH__:0x400

.hash
 *(.hash)

.dynsym
 *(.dynsym)

.dynstr
 *(.dynstr)

.gnu.version
 *(.gnu.version)

.gnu.version_d
 *(.gnu.version_d)

.gnu.version_r
 *(.gnu.version_r)

.rel.init
 *(.rel.init)

.rela.init
 *(.rela.init)

.rel.text
 *(.rel.text)
 *(.rel.text.*)
 *(.rel.gnu.linkonce.t*)

.rela.text
 *(.rela.text)
 *(.rela.text.*)
 *(.rela.gnu.linkonce.t*)

.rel.fini
 *(.rel.fini)

.rela.fini
 *(.rela.fini)

.rel.rodata
 *(.rel.rodata)
 *(.rel.rodata.*)
 *(.rel.gnu.linkonce.r*)

.rela.rodata
 *(.rela.rodata)
 *(.rela.rodata.*)
 *(.rela.gnu.linkonce.r*)

.rel.data
 *(.rel.data)
 *(.rel.data.*)
 *(.rel.gnu.linkonce.d*)

.rela.data
 *(.rela.data)
 *(.rela.data.*)
 *(.rela.gnu.linkonce.d*)

.rel.ctors
 *(.rel.ctors)

.rela.ctors
 *(.rela.ctors)

.rel.dtors
 *(.rel.dtors)

.rela.dtors
 *(.rela.dtors)

.rel.got
 *(.rel.got)

.rela.got
 *(.rela.got)

.rel.bss
 *(.rel.bss)

.rela.bss
 *(.rela.bss)

.rel.plt
 *(.rel.plt)

.rela.plt
 *(.rela.plt)

.text           0x00000000     0x8a94
 *(.vectors)
 .vectors       0x00000000       0xe4 c:/program files (x86)/atmel/studio/7.0/toolchain/avr8/avr8-gnu-toolchain/bin/../lib/gcc/avr/5.4.0/../../../../avr/lib/avr6/crtatmega2560.o
                0x00000000                __vector_default
                0x00000000                __vectors
 *(.vectors)
 *(.progmem.gcc*)
 .progmem.gcc_sw_table
                0x000000e4       0x1c obj\Release\arduino\WInterrupts.o
 .progmem.gcc_sw_table
                0x00000100       0x24 obj\Release\arduino\wiring_analog.o
 .progmem.gcc_sw_table
                0x00000124       0x24 obj\Release\arduino\wiring_digital.o
                0x00000148                . = ALIGN (0x2)
                0x00000148                __trampolines_start = .
 *(.trampolines)
 .trampolines   0x00000148      0x154 linker stubs
 *(.trampolines*)
                0x0000029c                __trampolines_end = .
 *libprintf_flt.a:*(.progmem.data)
 *libc.a:*(.progmem.data)
 .progmem.data  0x0000029c       0x3b c:/program files (x86)/atmel/studio/7.0/toolchain/avr8/avr8-gnu-toolchain/bin/../lib/gcc/avr/5.4.0/../../../../avr/lib/avr6\libc.a(strtod.o)
 .progmem.data  0x000002d7       0xfa c:/program files (x86)/atmel/studio/7.0/toolchain/avr8/avr8-gnu-toolchain/bin/../lib/gcc/avr/5.4.0/../../../../avr/lib/avr6\libc.a(ftoa_engine.o)
 *(.progmem*)
 .progmem.data  0x000003d1        0x1 obj\Release\arduino\Tone.o
 .progmem.data  0x000003d2      0x120 obj\Release\arduino\wiring_digital.o
                0x000003d2                digital_pin_to_timer_PGM
                0x00000418                digital_pin_to_bit_mask_PGM
                0x0000045e                digital_pin_to_port_PGM
                0x000004a4                port_to_input_PGM
                0x000004be                port_to_output_PGM
                0x000004d8                port_to_mode_PGM
                0x000004f2                . = ALIGN (0x2)
 *(.jumptables)
 *(.jumptables*)
 *(.lowtext)
 *(.lowtext*)
                0x000004f2                __ctors_start = .
 *(.ctors)
 .ctors         0x000004f2        0x2 obj\Release\arduino\HardwareSerial0.o
 .ctors         0x000004f4        0x2 obj\Release\arduino\HardwareSerial1.o
 .ctors         0x000004f6        0x2 obj\Release\arduino\HardwareSerial2.o
 .ctors         0x000004f8        0x2 obj\Release\arduino\HardwareSerial3.o
 .ctors         0x000004fa        0x2 obj\Release\arduino\Wire.o
 .ctors         0x000004fc        0x2 obj\Release\HWInputs.o
                0x000004fe                __ctors_end = .
                0x000004fe                __dtors_start = .
 *(.dtors)
                0x000004fe                __dtors_end = .
 SORT(*)(.ctors)
 SORT(*)(.dtors)
 *(.init0)
 .init0         0x000004fe        0x0 c:/program files (x86)/atmel/studio/7.0/toolchain/avr8/avr8-gnu-toolchain/bin/../lib/gcc/avr/5.4.0/../../../../avr/lib/avr6/crtatmega2560.o
                0x000004fe                __init
 *(.init0)
 *(.init1)
 *(.init1)
 *(.init2)
 .init2         0x000004fe       0x10 c:/program files (x86)/atmel/studio/7.0/toolchain/avr8/avr8-gnu-toolchain/bin/../lib/gcc/avr/5.4.0/../../../../avr/lib/avr6/crtatmega2560.o
 *(.init2)
 *(.init3)
 *(.init3)
 *(.init4)
 .init4         0x0000050e       0x1a c:/program files (x86)/atmel/studio/7.0/toolchain/avr8/avr8-gnu-toolchain/bin/../lib/gcc/avr/5.4.0/avr6\libgcc.a(_copy_data.o)
                0x0000050e                __do_copy_data
 .init4         0x00000528       0x10 c:/program files (x86)/atmel/studio/7.0/toolchain/avr8/avr8-gnu-toolchain/bin/../lib/gcc/avr/5.4.0/avr6\libgcc.a(_clear_bss.o)
                0x00000528                __do_clear_bss
 *(.init4)
 *(.init5)
 *(.init5)
 *(.init6)
 .init6         0x00000538       0x20 c:/program files (x86)/atmel/studio/7.0/toolchain/avr8/avr8-gnu-toolchain/bin/../lib/gcc/avr/5.4.0/avr6\libgcc.a(_ctors.o)
                0x00000538                __do_global_ctors
 *(.init6)
 *(.init7)
 *(.init7)
 *(.init8)
 *(.init8)
 *(.init9)
 .init9         0x00000558        0x8 c:/program files (x86)/atmel/studio/7.0/toolchain/avr8/avr8-gnu-toolchain/bin/../lib/gcc/avr/5.4.0/../../../../avr/lib/avr6/crtatmega2560.o
 *(.init9)
 *(.text)
 .text          0x00000560        0x4 c:/program files (x86)/atmel/studio/7.0/toolchain/avr8/avr8-gnu-toolchain/bin/../lib/gcc/avr/5.4.0/../../../../avr/lib/avr6/crtatmega2560.o
                0x00000560                __vector_38
                0x00000560                __vector_22
                0x00000560                __vector_28
                0x00000560                __vector_34
                0x00000560                __vector_24
                0x00000560                __vector_12
                0x00000560                __vector_46
                0x00000560                __bad_interrupt
                0x00000560                __vector_31
                0x00000560                __vector_35
                0x00000560                __vector_30
                0x00000560                __vector_45
                0x00000560                __vector_11
                0x00000560                __vector_19
                0x00000560                __vector_56
                0x00000560                __vector_49
                0x00000560                __vector_41
                0x00000560                __vector_43
                0x00000560                __vector_27
                0x00000560                __vector_33
                0x00000560                __vector_44
                0x00000560                __vector_9
                0x00000560                __vector_21
                0x00000560                __vector_15
                0x00000560                __vector_29
                0x00000560                __vector_40
                0x00000560                __vector_48
                0x00000560                __vector_14
                0x00000560                __vector_53
                0x00000560                __vector_10
                0x00000560                __vector_50
                0x00000560                __vector_16
                0x00000560                __vector_18
                0x00000560                __vector_20
 .text          0x00000564        0x8 obj\Release\arduino\abi.o
                0x00000564                __cxa_pure_virtual
                0x00000568                __cxa_deleted_virtual
 .text          0x0000056c        0x0 obj\Release\arduino\CDC.o
 .text          0x0000056c      0x266 obj\Release\arduino\dht.o
                0x0000056c                _ZN3dht4readEh
                0x000006c4                _ZN3dht6read11Eh
                0x00000722                _ZN3dht6read22Eh
 .text          0x000007d2      0x324 obj\Release\arduino\HardwareSerial.o
                0x000007d2                _ZN14HardwareSerial9availableEv
                0x000007ea                _ZN14HardwareSerial4peekEv
                0x00000806                _ZN14HardwareSerial4readEv
                0x0000082e                _ZN14HardwareSerial17availableForWriteEv
                0x0000084c                _Z14serialEventRunv
                0x000008c6                _ZN14HardwareSerial17_tx_udr_empty_irqEv
                0x0000090a                _ZN14HardwareSerial5writeEh
                0x000009a4                _ZN14HardwareSerial5flushEv
                0x000009e8                _ZN14HardwareSerial5beginEmh
                0x00000ab2                _ZN14HardwareSerial3endEv
 .text          0x00000af6       0xd4 obj\Release\arduino\HardwareSerial0.o
                0x00000af6                __vector_25
                0x00000b62                __vector_26
                0x00000bb6                _Z17Serial0_availablev
 .text          0x00000bca       0xd4 obj\Release\arduino\HardwareSerial1.o
                0x00000bca                __vector_36
                0x00000c36                __vector_37
                0x00000c8a                _Z17Serial1_availablev
 .text          0x00000c9e       0xd4 obj\Release\arduino\HardwareSerial2.o
                0x00000c9e                __vector_51
                0x00000d0a                __vector_52
                0x00000d5e                _Z17Serial2_availablev
 .text          0x00000d72       0xd4 obj\Release\arduino\HardwareSerial3.o
                0x00000d72                __vector_54
                0x00000dde                __vector_55
                0x00000e32                _Z17Serial3_availablev
 .text          0x00000e46        0x2 obj\Release\arduino\hooks.o
                0x00000e46                yield
 .text          0x00000e48      0x17e obj\Release\arduino\IPAddress.o
                0x00000e48                _ZNK9IPAddress7printToER5Print
                0x00000ecc                _ZN9IPAddressC2Ev
                0x00000ecc                _ZN9IPAddressC1Ev
                0x00000ee0                _ZN9IPAddressC2Ehhhh
                0x00000ee0                _ZN9IPAddressC1Ehhhh
                0x00000ef8                _ZN9IPAddressC2Em
                0x00000ef8                _ZN9IPAddressC1Em
                0x00000f0c                _ZN9IPAddressC1EPKh
                0x00000f0c                _ZN9IPAddressC2EPKh
                0x00000f24                _ZN9IPAddress10fromStringEPKc
                0x00000f8a                _ZN9IPAddressaSEPKh
                0x00000f9c                _ZN9IPAddressaSEm
                0x00000fa8                _ZNK9IPAddresseqEPKh
 .text          0x00000fc6       0x2c obj\Release\arduino\Key.o
                0x00000fc6                _ZN3KeyC2Ev
                0x00000fc6                _ZN3KeyC1Ev
                0x00000fd2                _ZN3KeyC1Ec
                0x00000fd2                _ZN3KeyC2Ec
                0x00000fe6                _ZN3Key10key_updateEc8KeyStateb
 .text          0x00000ff2      0x6d4 obj\Release\arduino\Keypad.o
                0x00000ff2                _ZN6KeypadC2EPcPhS1_hh
                0x00000ff2                _ZN6KeypadC1EPcPhS1_hh
                0x000010ac                _ZN6Keypad5beginEPc
                0x000010b8                _ZN6Keypad8scanKeysEv
                0x000012ac                _ZN6Keypad9isPressedEc
                0x000012d4                _ZN6Keypad10findInListEc
                0x000012f0                _ZN6Keypad10findInListEi
                0x00001310                _ZN6Keypad8getStateEv
                0x00001318                _ZN6Keypad15keyStateChangedEv
                0x0000131e                _ZN6Keypad7numKeysEv
                0x00001322                _ZN6Keypad15setDebounceTimeEj
                0x0000133e                _ZN6Keypad11setHoldTimeEj
                0x0000134a                _ZN6Keypad16addEventListenerEPFvcE
                0x00001356                _ZN6Keypad12transitionToEh8KeyState
                0x0000139e                _ZN6Keypad12nextKeyStateEhb
                0x0000146a                _ZN6Keypad10updateListEv
                0x000015f4                _ZN6Keypad7getKeysEv
                0x0000166e                _ZN6Keypad6getKeyEv
                0x000016b0                _ZN6Keypad10waitForKeyEv
 .text          0x000016c6      0x346 obj\Release\arduino\LiquidCrystal_I2C.o
                0x000016c6                _ZN17LiquidCrystal_I2CC2Ehhh
                0x000016c6                _ZN17LiquidCrystal_I2CC1Ehhh
                0x000016de                _ZN17LiquidCrystal_I2C8printstrEPKc
                0x000016e2                _ZN17LiquidCrystal_I2C3offEv
                0x000016e4                _ZN17LiquidCrystal_I2C2onEv
                0x000016e6                _ZN17LiquidCrystal_I2C8setDelayEii
                0x000016e8                _ZN17LiquidCrystal_I2C6statusEv
                0x000016ec                _ZN17LiquidCrystal_I2C6keypadEv
                0x000016f0                _ZN17LiquidCrystal_I2C13init_bargraphEh
                0x000016f4                _ZN17LiquidCrystal_I2C21draw_horizontal_graphEhhhh
                0x000016f6                _ZN17LiquidCrystal_I2C19draw_vertical_graphEhhhh
                0x000016f8                _ZN17LiquidCrystal_I2C11setContrastEh
                0x000016fa                _ZN17LiquidCrystal_I2C13expanderWriteEh
                0x00001728                _ZN17LiquidCrystal_I2C11noBacklightEv
                0x00001732                _ZN17LiquidCrystal_I2C9backlightEv
                0x0000173e                _ZN17LiquidCrystal_I2C12setBacklightEh
                0x00001748                _ZN17LiquidCrystal_I2C11pulseEnableEh
                0x00001778                _ZN17LiquidCrystal_I2C10write4bitsEh
                0x00001794                _ZN17LiquidCrystal_I2C4sendEhh
                0x000017c2                _ZN17LiquidCrystal_I2C5clearEv
                0x000017d0                _ZN17LiquidCrystal_I2C4homeEv
                0x000017de                _ZN17LiquidCrystal_I2C9setCursorEhh
                0x0000183a                _ZN17LiquidCrystal_I2C9noDisplayEv
                0x00001848                _ZN17LiquidCrystal_I2C7displayEv
                0x00001858                _ZN17LiquidCrystal_I2C8noCursorEv
                0x00001866                _ZN17LiquidCrystal_I2C10cursor_offEv
                0x0000186a                _ZN17LiquidCrystal_I2C6cursorEv
                0x0000187a                _ZN17LiquidCrystal_I2C9cursor_onEv
                0x0000187e                _ZN17LiquidCrystal_I2C7noBlinkEv
                0x0000188c                _ZN17LiquidCrystal_I2C9blink_offEv
                0x00001890                _ZN17LiquidCrystal_I2C5blinkEv
                0x000018a0                _ZN17LiquidCrystal_I2C8blink_onEv
                0x000018a4                _ZN17LiquidCrystal_I2C17scrollDisplayLeftEv
                0x000018aa                _ZN17LiquidCrystal_I2C18scrollDisplayRightEv
                0x000018b0                _ZN17LiquidCrystal_I2C11leftToRightEv
                0x000018c0                _ZN17LiquidCrystal_I2C11rightToLeftEv
                0x000018ce                _ZN17LiquidCrystal_I2C10autoscrollEv
                0x000018de                _ZN17LiquidCrystal_I2C12noAutoscrollEv
                0x000018ec                _ZN17LiquidCrystal_I2C10createCharEhPh
                0x0000193c                _ZN17LiquidCrystal_I2C21load_custom_characterEhPh
                0x00001940                _ZN17LiquidCrystal_I2C5beginEhhh
                0x000019e8                _ZN17LiquidCrystal_I2C9init_privEv
                0x00001a08                _ZN17LiquidCrystal_I2C4initEv
 .text          0x00001a0c        0xa obj\Release\arduino\main.o
                0x00001a0c                atexit
                0x00001a12                initVariant
                0x00001a14                _Z8setupUSBv
 .text          0x00001a16       0x10 obj\Release\arduino\new.o
                0x00001a16                _Znwj
                0x00001a1a                _Znaj
                0x00001a1e                _ZdlPv
                0x00001a22                _ZdaPv
 .text          0x00001a26       0xc4 obj\Release\arduino\Password.o
                0x00001a26                _ZN8PasswordC2EPc
                0x00001a26                _ZN8PasswordC1EPc
                0x00001a32                _ZN8Password3setEPc
                0x00001a3a                _ZN8Password6appendEc
                0x00001a5e                _ZN8Password5resetEv
                0x00001a66                _ZN8Password8evaluateEv
                0x00001a96                _ZN8Password2isEPc
                0x00001ac2                _ZN8PasswordaSEPc
                0x00001aca                _ZN8PasswordeqEPc
                0x00001ace                _ZN8PasswordneEPc
                0x00001ad8                _ZN8PasswordlsEc
 .text          0x00001aea        0x0 obj\Release\arduino\PluggableUSB.o
 .text          0x00001aea      0x590 obj\Release\arduino\Print.o
                0x00001aea                _ZN5Print5writeEPKhj
                0x00001b3e                _ZN5Print5printEPK19__FlashStringHelper
                0x00001b86                _ZN5Print5printERK6String
                0x00001ba2                _ZN5Print5printEPKc
                0x00001ba6                _ZN5Print5printEc
                0x00001bb4                _ZN5Print5printERK9Printable
                0x00001bc8                _ZN5Print7printlnEv
                0x00001bd0                _ZN5Print7printlnEPK19__FlashStringHelper
                0x00001bf4                _ZN5Print7printlnERK6String
                0x00001c18                _ZN5Print7printlnEPKc
                0x00001c3c                _ZN5Print7printlnEc
                0x00001c60                _ZN5Print7printlnERK9Printable
                0x00001c84                _ZN5Print11printNumberEmh
                0x00001d16                _ZN5Print5printEmi
                0x00001d30                _ZN5Print5printEhi
                0x00001d3e                _ZN5Print7printlnEhi
                0x00001d62                _ZN5Print5printEji
                0x00001d6e                _ZN5Print7printlnEji
                0x00001d92                _ZN5Print7printlnEmi
                0x00001db6                _ZN5Print5printEli
                0x00001e46                _ZN5Print5printEii
                0x00001e54                _ZN5Print7printlnEii
                0x00001e78                _ZN5Print7printlnEli
                0x00001e9c                _ZN5Print10printFloatEdh
                0x00002052                _ZN5Print5printEdi
                0x00002056                _ZN5Print7printlnEdi
 .text          0x0000207a      0x724 obj\Release\arduino\Servo.o
                0x00002208                __vector_17
                0x00002264                __vector_32
                0x000022c0                __vector_42
                0x0000231c                __vector_47
                0x00002378                _ZN5ServoC2Ev
                0x00002378                _ZN5ServoC1Ev
                0x000023b0                _ZN5Servo6attachEiii
                0x00002508                _ZN5Servo6attachEi
                0x00002514                _ZN5Servo6detachEv
                0x00002530                _ZN5Servo17writeMicrosecondsEi
                0x000025c0                _ZN5Servo5writeEi
                0x00002678                _ZN5Servo16readMicrosecondsEv
                0x000026b4                _ZN5Servo4readEv
                0x0000277e                _ZN5Servo8attachedEv
 .text          0x0000279e      0x6c0 obj\Release\arduino\Stream.o
                0x0000279e                _ZN6Stream9timedReadEv
                0x000027fe                _ZN6Stream9timedPeekEv
                0x0000285e                _ZN6Stream13peekNextDigitE13LookaheadModeb
                0x000028de                _ZN6Stream10setTimeoutEm
                0x000028ea                _ZN6Stream8parseIntE13LookaheadModec
                0x000029ba                _ZN6Stream10parseFloatE13LookaheadModec
                0x00002ae8                _ZN6Stream9readBytesEPcj
                0x00002b32                _ZN6Stream14readBytesUntilEcPcj
                0x00002b9c                _ZN6Stream10readStringEv
                0x00002bd0                _ZN6Stream15readStringUntilEc
                0x00002c20                _ZN6Stream9findMultiEPNS_11MultiTargetEi
                0x00002da2                _ZN6Stream4findEPcj
                0x00002da6                _ZN6Stream4findEPc
                0x00002dba                _ZN6Stream9findUntilEPcjS0_j
                0x00002e2e                _ZN6Stream9findUntilEPcS0_
 .text          0x00002e5e      0x854 obj\Release\arduino\Tone.o
                0x00002e5e                _Z4tonehjm
                0x00003554                _Z12disableTimerh
                0x000035c8                _Z6noToneh
                0x000035f2                __vector_13
 .text          0x000036b2        0x0 obj\Release\arduino\USBCore.o
 .text          0x000036b2      0x4b8 obj\Release\arduino\utility\twi.o
                0x000036b2                twi_init
                0x000036ee                twi_disable
                0x00003708                twi_setAddress
                0x00003710                twi_setFrequency
                0x00003738                twi_readFrom
                0x000037c8                twi_writeTo
                0x00003874                twi_transmit
                0x000038c4                twi_attachSlaveRxEvent
                0x000038ce                twi_attachSlaveTxEvent
                0x000038d8                twi_reply
                0x000038e8                twi_stop
                0x000038fc                twi_releaseBus
                0x00003908                __vector_39
 .text          0x00003b6a      0x3ee obj\Release\arduino\WInterrupts.o
                0x00003b6c                attachInterrupt
                0x00003c54                detachInterrupt
                0x00003ca8                __vector_1
                0x00003cfe                __vector_2
                0x00003d54                __vector_3
                0x00003daa                __vector_4
                0x00003e00                __vector_5
                0x00003e56                __vector_6
                0x00003eac                __vector_7
                0x00003f02                __vector_8
 .text          0x00003f58      0x310 obj\Release\arduino\Wire.o
                0x00003f58                _ZN7TwoWire9availableEv
                0x00003f68                _ZN7TwoWire4readEv
                0x00003f90                _ZN7TwoWire4peekEv
                0x00003fae                _ZN7TwoWire5flushEv
                0x00003fb0                _ZN7TwoWire16onReceiveServiceEPhi
                0x00004004                _ZN7TwoWire16onRequestServiceEv
                0x0000401c                _ZN7TwoWire5writeEPKhj
                0x00004076                _ZN7TwoWire5writeEh
                0x000040d4                _ZN7TwoWireC2Ev
                0x000040d4                _ZN7TwoWireC1Ev
                0x000040f4                _ZN7TwoWire5beginEv
                0x00004118                _ZN7TwoWire5beginEh
                0x00004128                _ZN7TwoWire5beginEi
                0x0000412c                _ZN7TwoWire3endEv
                0x00004130                _ZN7TwoWire8setClockEm
                0x00004138                _ZN7TwoWire17beginTransmissionEh
                0x0000414c                _ZN7TwoWire17beginTransmissionEi
                0x00004150                _ZN7TwoWire15endTransmissionEh
                0x00004176                _ZN7TwoWire11requestFromEhhmhh
                0x0000421e                _ZN7TwoWire11requestFromEhhh
                0x0000423e                _ZN7TwoWire11requestFromEhh
                0x00004244                _ZN7TwoWire11requestFromEii
                0x0000424a                _ZN7TwoWire11requestFromEiii
                0x0000424e                _ZN7TwoWire15endTransmissionEv
                0x00004254                _ZN7TwoWire9onReceiveEPFviE
                0x0000425e                _ZN7TwoWire9onRequestEPFvvE
 .text          0x00004268      0x248 obj\Release\arduino\wiring.o
                0x00004268                __vector_23
                0x000042fc                millis
                0x00004314                micros
                0x0000435e                delay
                0x000043d6                delayMicroseconds
                0x000043ec                init
 .text          0x000044b0      0x1e2 obj\Release\arduino\wiring_analog.o
                0x000044b0                analogReference
                0x000044b6                analogRead
                0x00004500                analogWrite
 .text          0x00004692      0x1d4 obj\Release\arduino\wiring_digital.o
                0x0000473e                pinMode
                0x000047b6                digitalWrite
                0x00004814                digitalRead
 .text          0x00004866      0x1e2 obj\Release\arduino\wiring_pulse.o
                0x00004866                pulseInLong
                0x00004970                countPulseASM
                0x000049e4                pulseIn
 .text          0x00004a48       0xe8 obj\Release\arduino\wiring_shift.o
                0x00004a48                shiftIn
                0x00004abe                shiftOut
 .text          0x00004b30      0x116 obj\Release\arduino\WMath.o
                0x00004b30                _Z10randomSeedm
                0x00004b40                _Z6randoml
                0x00004b74                _Z6randomll
                0x00004bb8                _Z3maplllll
                0x00004c3a                _Z8makeWordj
                0x00004c3c                _Z8makeWordhh
 .text          0x00004c46     0x128a obj\Release\arduino\WString.o
                0x00004c46                _ZN6StringD2Ev
                0x00004c46                _ZN6StringD1Ev
                0x00004c50                _ZN6String10invalidateEv
                0x00004c74                _ZN6String12changeBufferEj
                0x00004ca8                _ZN6String7reserveEj
                0x00004ce0                _ZN6String4copyEPKcj
                0x00004d22                _ZN6StringC2EPKc
                0x00004d22                _ZN6StringC1EPKc
                0x00004d4c                _ZN6String4copyEPK19__FlashStringHelperj
                0x00004d8e                _ZN6StringaSERKS_
                0x00004dbc                _ZN6StringC2ERKS_
                0x00004dbc                _ZN6StringC1ERKS_
                0x00004dce                _ZN6StringaSEPKc
                0x00004dfc                _ZN6StringC1Ec
                0x00004dfc                _ZN6StringC2Ec
                0x00004e2e                _ZN6StringC1Ehh
                0x00004e2e                _ZN6StringC2Ehh
                0x00004e88                _ZN6StringC1Eih
                0x00004e88                _ZN6StringC2Eih
                0x00004ee0                _ZN6StringC2Ejh
                0x00004ee0                _ZN6StringC1Ejh
                0x00004f38                _ZN6StringC2Elh
                0x00004f38                _ZN6StringC1Elh
                0x00004f92                _ZN6StringC1Emh
                0x00004f92                _ZN6StringC2Emh
                0x00004fec                _ZN6StringC2Efh
                0x00004fec                _ZN6StringC1Efh
                0x0000504c                _ZN6StringC1Edh
                0x0000504c                _ZN6StringC2Edh
                0x000050ac                _ZN6StringaSEPK19__FlashStringHelper
                0x000050e0                _ZN6StringC1EPK19__FlashStringHelper
                0x000050e0                _ZN6StringC2EPK19__FlashStringHelper
                0x000050f2                _ZN6String6concatEPKcj
                0x0000514e                _ZN6String6concatERKS_
                0x0000515c                _ZN6String6concatEPKc
                0x0000517a                _ZN6String6concatEc
                0x000051a2                _ZN6String6concatEh
                0x000051fa                _ZN6String6concatEi
                0x0000525c                _ZN6String6concatEj
                0x000052be                _ZN6String6concatEl
                0x00005322                _ZN6String6concatEm
                0x00005386                _ZN6String6concatEf
                0x000053e8                _ZN6String6concatEd
                0x0000544a                _ZN6String6concatEPK19__FlashStringHelper
                0x000054aa                _ZplRK15StringSumHelperRK6String
                0x000054d0                _ZplRK15StringSumHelperPKc
                0x00005502                _ZplRK15StringSumHelperc
                0x0000551e                _ZplRK15StringSumHelperh
                0x0000553a                _ZplRK15StringSumHelperi
                0x00005556                _ZplRK15StringSumHelperj
                0x00005572                _ZplRK15StringSumHelperl
                0x0000558e                _ZplRK15StringSumHelperm
                0x000055aa                _ZplRK15StringSumHelperf
                0x000055c6                _ZplRK15StringSumHelperd
                0x000055e2                _ZplRK15StringSumHelperPK19__FlashStringHelper
                0x000055fe                _ZNK6String9compareToERKS_
                0x0000565e                _ZNK6String6equalsERKS_
                0x00005680                _ZNK6String6equalsEPKc
                0x000056be                _ZNK6StringltERKS_
                0x000056cc                _ZNK6StringgtERKS_
                0x000056de                _ZNK6StringleERKS_
                0x000056f0                _ZNK6StringgeERKS_
                0x00005700                _ZNK6String16equalsIgnoreCaseERKS_
                0x0000576e                _ZNK6String10startsWithERKS_j
                0x000057ba                _ZNK6String10startsWithERKS_
                0x000057d8                _ZNK6String8endsWithERKS_
                0x00005818                _ZN6String9setCharAtEjc
                0x00005832                _ZN6StringixEj
                0x00005856                _ZNK6StringixEj
                0x00005878                _ZNK6String6charAtEj
                0x0000587c                _ZNK6String8getBytesEPhjj
                0x000058da                _ZNK6String7indexOfEcj
                0x00005912                _ZNK6String7indexOfEc
                0x0000591a                _ZNK6String7indexOfERKS_j
                0x00005954                _ZNK6String7indexOfERKS_
                0x0000595c                _ZNK6String11lastIndexOfEcj
                0x000059ca                _ZNK6String11lastIndexOfEc
                0x000059d8                _ZNK6String11lastIndexOfERKS_j
                0x00005a74                _ZNK6String11lastIndexOfERKS_
                0x00005a88                _ZNK6String9substringEjj
                0x00005b12                _ZN6String7replaceEcc
                0x00005b2e                _ZN6String7replaceERKS_S1_
                0x00005d22                _ZN6String6removeEjj
                0x00005d88                _ZN6String6removeEj
                0x00005d90                _ZN6String11toLowerCaseEv
                0x00005db8                _ZN6String11toUpperCaseEv
                0x00005de0                _ZN6String4trimEv
                0x00005ea0                _ZNK6String5toIntEv
                0x00005eb6                _ZNK6String8toDoubleEv
                0x00005ecc                _ZNK6String7toFloatEv
 .text          0x00005ed0       0x88 obj\Release\Comfort.o
                0x00005ed0                _Z11ComfortInitv
                0x00005ed8                _Z19ComfortMainFunctionv
 .text          0x00005f58       0xc2 obj\Release\Doorlock.o
                0x00005f58                _Z12DoorlockInitv
                0x00005fde                _Z20DoorlockMainFunctionv
 .text          0x0000601a      0x6de obj\Release\HWInputs.o
                0x0000601a                _Z12HWReadInputsPh
                0x00006024                _Z13HWDigitalReadh
                0x00006060                _Z9HWReadDHTPdS_
                0x000060b0                _Z16passwordevaluatePc
                0x000060ea                _Z13checkpasswordv
                0x00006260                _Z15checkpassworddlv
                0x00006486                _Z17unlock_door_eventc
                0x00006522                _Z16motion_detectionv
                0x00006554                _Z8disarmedv
                0x000065a8                _Z5armedv
                0x000065fc                _Z11keypadEventc
 .text          0x000066f8       0x32 obj\Release\HWOutputs.o
                0x000066f8                _Z7HWPrintPc
                0x00006702                _Z8HWDPrintd
                0x00006712                _Z14HWWriteOutputsPh
                0x00006722                _Z13HWDigitalModehh
                0x00006726                _Z14HWDigitalWritehh
 .text          0x0000672a       0xc0 obj\Release\Lights.o
                0x0000672a                _Z10LightsInitv
                0x0000678a                _Z18LightsMainFunctionv
 .text          0x000067ea        0x8 obj\Release\Logic.o
                0x000067ea                _Z12MainFunctionv
 .text          0x000067f2       0xc0 obj\Release\Security.o
                0x000067f2                _Z12SecurityInitv
                0x00006862                _Z20SecurityMainFunctionv
 .text          0x000068b2       0x2a obj\Release\SmartHome.o
                0x000068b2                setup
                0x000068cc                loop
 .text          0x000068dc       0x5c obj\Release\SWInputs.o
                0x000068dc                SWReadInputs
                0x000068e6                SWDigitalRead
                0x0000690a                SWReadDHT
 .text          0x00006938       0x88 obj\Release\SWOutputs.o
                0x00006938                SWPrint
                0x0000693c                SWDPrint
                0x0000695e                SWDigitalWrite
                0x00006980                SWDigitalMode
                0x000069a2                SWWriteOutputs
 .text          0x000069c0      0x2c6 obj\Release\WifiConn.o
                0x000069c0                _Z14infoPgSecurityv
                0x00006a9c                _Z12infoPgLightsv
                0x00006b58                _Z13infoPgConfortv
                0x00006c14                _Z13connectToWifiv
                0x00006c62                _Z10connToWifiv
 .text          0x00006c86        0x0 c:/program files (x86)/atmel/studio/7.0/toolchain/avr8/avr8-gnu-toolchain/bin/../lib/gcc/avr/5.4.0/avr6\libgcc.a(_mulsi3.o)
 .text          0x00006c86        0x0 c:/program files (x86)/atmel/studio/7.0/toolchain/avr8/avr8-gnu-toolchain/bin/../lib/gcc/avr/5.4.0/avr6\libgcc.a(_udivmodqi4.o)
 .text          0x00006c86        0x0 c:/program files (x86)/atmel/studio/7.0/toolchain/avr8/avr8-gnu-toolchain/bin/../lib/gcc/avr/5.4.0/avr6\libgcc.a(_udivmodsi4.o)
 .text          0x00006c86        0x0 c:/program files (x86)/atmel/studio/7.0/toolchain/avr8/avr8-gnu-toolchain/bin/../lib/gcc/avr/5.4.0/avr6\libgcc.a(_divmodsi4.o)
 .text          0x00006c86        0x0 c:/program files (x86)/atmel/studio/7.0/toolchain/avr8/avr8-gnu-toolchain/bin/../lib/gcc/avr/5.4.0/avr6\libgcc.a(_negsi2.o)
 .text          0x00006c86        0x0 c:/program files (x86)/atmel/studio/7.0/toolchain/avr8/avr8-gnu-toolchain/bin/../lib/gcc/avr/5.4.0/avr6\libgcc.a(_exit.o)
 .text          0x00006c86        0x0 c:/program files (x86)/atmel/studio/7.0/toolchain/avr8/avr8-gnu-toolchain/bin/../lib/gcc/avr/5.4.0/avr6\libgcc.a(_tablejump2.o)
 .text          0x00006c86        0x0 c:/program files (x86)/atmel/studio/7.0/toolchain/avr8/avr8-gnu-toolchain/bin/../lib/gcc/avr/5.4.0/avr6\libgcc.a(_copy_data.o)
 .text          0x00006c86        0x0 c:/program files (x86)/atmel/studio/7.0/toolchain/avr8/avr8-gnu-toolchain/bin/../lib/gcc/avr/5.4.0/avr6\libgcc.a(_clear_bss.o)
 .text          0x00006c86        0x0 c:/program files (x86)/atmel/studio/7.0/toolchain/avr8/avr8-gnu-toolchain/bin/../lib/gcc/avr/5.4.0/avr6\libgcc.a(_ctors.o)
 .text          0x00006c86        0x0 c:/program files (x86)/atmel/studio/7.0/toolchain/avr8/avr8-gnu-toolchain/bin/../lib/gcc/avr/5.4.0/avr6\libgcc.a(_muluhisi3.o)
 .text          0x00006c86        0x0 c:/program files (x86)/atmel/studio/7.0/toolchain/avr8/avr8-gnu-toolchain/bin/../lib/gcc/avr/5.4.0/avr6\libgcc.a(_umulhisi3.o)
 .text          0x00006c86        0x0 c:/program files (x86)/atmel/studio/7.0/toolchain/avr8/avr8-gnu-toolchain/bin/../lib/gcc/avr/5.4.0/../../../../avr/lib/avr6\libm.a(addsf3.o)
 .text          0x00006c86        0x0 c:/program files (x86)/atmel/studio/7.0/toolchain/avr8/avr8-gnu-toolchain/bin/../lib/gcc/avr/5.4.0/../../../../avr/lib/avr6\libm.a(addsf3x.o)
 .text          0x00006c86        0x0 c:/program files (x86)/atmel/studio/7.0/toolchain/avr8/avr8-gnu-toolchain/bin/../lib/gcc/avr/5.4.0/../../../../avr/lib/avr6\libm.a(cmpsf2.o)
 .text          0x00006c86        0x0 c:/program files (x86)/atmel/studio/7.0/toolchain/avr8/avr8-gnu-toolchain/bin/../lib/gcc/avr/5.4.0/../../../../avr/lib/avr6\libm.a(divsf3.o)
 .text          0x00006c86        0x0 c:/program files (x86)/atmel/studio/7.0/toolchain/avr8/avr8-gnu-toolchain/bin/../lib/gcc/avr/5.4.0/../../../../avr/lib/avr6\libm.a(divsf3x.o)
 .text          0x00006c86        0x0 c:/program files (x86)/atmel/studio/7.0/toolchain/avr8/avr8-gnu-toolchain/bin/../lib/gcc/avr/5.4.0/../../../../avr/lib/avr6\libm.a(fixunssfsi.o)
 .text          0x00006c86        0x0 c:/program files (x86)/atmel/studio/7.0/toolchain/avr8/avr8-gnu-toolchain/bin/../lib/gcc/avr/5.4.0/../../../../avr/lib/avr6\libm.a(floatsisf.o)
 .text          0x00006c86        0x0 c:/program files (x86)/atmel/studio/7.0/toolchain/avr8/avr8-gnu-toolchain/bin/../lib/gcc/avr/5.4.0/../../../../avr/lib/avr6\libm.a(fp_cmp.o)
 .text          0x00006c86        0x0 c:/program files (x86)/atmel/studio/7.0/toolchain/avr8/avr8-gnu-toolchain/bin/../lib/gcc/avr/5.4.0/../../../../avr/lib/avr6\libm.a(fp_inf.o)
 .text          0x00006c86        0x0 c:/program files (x86)/atmel/studio/7.0/toolchain/avr8/avr8-gnu-toolchain/bin/../lib/gcc/avr/5.4.0/../../../../avr/lib/avr6\libm.a(fp_nan.o)
 .text          0x00006c86        0x0 c:/program files (x86)/atmel/studio/7.0/toolchain/avr8/avr8-gnu-toolchain/bin/../lib/gcc/avr/5.4.0/../../../../avr/lib/avr6\libm.a(fp_pscA.o)
 .text          0x00006c86        0x0 c:/program files (x86)/atmel/studio/7.0/toolchain/avr8/avr8-gnu-toolchain/bin/../lib/gcc/avr/5.4.0/../../../../avr/lib/avr6\libm.a(fp_pscB.o)
 .text          0x00006c86        0x0 c:/program files (x86)/atmel/studio/7.0/toolchain/avr8/avr8-gnu-toolchain/bin/../lib/gcc/avr/5.4.0/../../../../avr/lib/avr6\libm.a(fp_round.o)
 .text          0x00006c86        0x0 c:/program files (x86)/atmel/studio/7.0/toolchain/avr8/avr8-gnu-toolchain/bin/../lib/gcc/avr/5.4.0/../../../../avr/lib/avr6\libm.a(fp_split3.o)
 .text          0x00006c86        0x0 c:/program files (x86)/atmel/studio/7.0/toolchain/avr8/avr8-gnu-toolchain/bin/../lib/gcc/avr/5.4.0/../../../../avr/lib/avr6\libm.a(fp_zero.o)
 .text          0x00006c86        0x0 c:/program files (x86)/atmel/studio/7.0/toolchain/avr8/avr8-gnu-toolchain/bin/../lib/gcc/avr/5.4.0/../../../../avr/lib/avr6\libm.a(gesf2.o)
 .text          0x00006c86        0x0 c:/program files (x86)/atmel/studio/7.0/toolchain/avr8/avr8-gnu-toolchain/bin/../lib/gcc/avr/5.4.0/../../../../avr/lib/avr6\libm.a(mulsf3.o)
 .text          0x00006c86        0x0 c:/program files (x86)/atmel/studio/7.0/toolchain/avr8/avr8-gnu-toolchain/bin/../lib/gcc/avr/5.4.0/../../../../avr/lib/avr6\libm.a(mulsf3x.o)
 .text          0x00006c86        0x0 c:/program files (x86)/atmel/studio/7.0/toolchain/avr8/avr8-gnu-toolchain/bin/../lib/gcc/avr/5.4.0/../../../../avr/lib/avr6\libm.a(unordsf2.o)
 .text          0x00006c86        0x0 c:/program files (x86)/atmel/studio/7.0/toolchain/avr8/avr8-gnu-toolchain/bin/../lib/gcc/avr/5.4.0/../../../../avr/lib/avr6\libc.a(dtostrf.o)
 .text          0x00006c86        0x0 c:/program files (x86)/atmel/studio/7.0/toolchain/avr8/avr8-gnu-toolchain/bin/../lib/gcc/avr/5.4.0/../../../../avr/lib/avr6\libc.a(malloc.o)
 .text          0x00006c86        0x0 c:/program files (x86)/atmel/studio/7.0/toolchain/avr8/avr8-gnu-toolchain/bin/../lib/gcc/avr/5.4.0/../../../../avr/lib/avr6\libc.a(random.o)
 .text          0x00006c86        0x0 c:/program files (x86)/atmel/studio/7.0/toolchain/avr8/avr8-gnu-toolchain/bin/../lib/gcc/avr/5.4.0/../../../../avr/lib/avr6\libc.a(realloc.o)
 .text          0x00006c86        0x0 c:/program files (x86)/atmel/studio/7.0/toolchain/avr8/avr8-gnu-toolchain/bin/../lib/gcc/avr/5.4.0/../../../../avr/lib/avr6\libc.a(abort.o)
 .text          0x00006c86        0x0 c:/program files (x86)/atmel/studio/7.0/toolchain/avr8/avr8-gnu-toolchain/bin/../lib/gcc/avr/5.4.0/../../../../avr/lib/avr6\libc.a(atof.o)
 .text          0x00006c86        0x0 c:/program files (x86)/atmel/studio/7.0/toolchain/avr8/avr8-gnu-toolchain/bin/../lib/gcc/avr/5.4.0/../../../../avr/lib/avr6\libc.a(atol.o)
 .text          0x00006c86        0x0 c:/program files (x86)/atmel/studio/7.0/toolchain/avr8/avr8-gnu-toolchain/bin/../lib/gcc/avr/5.4.0/../../../../avr/lib/avr6\libc.a(isspace.o)
 .text          0x00006c86        0x0 c:/program files (x86)/atmel/studio/7.0/toolchain/avr8/avr8-gnu-toolchain/bin/../lib/gcc/avr/5.4.0/../../../../avr/lib/avr6\libc.a(tolower.o)
 .text          0x00006c86        0x0 c:/program files (x86)/atmel/studio/7.0/toolchain/avr8/avr8-gnu-toolchain/bin/../lib/gcc/avr/5.4.0/../../../../avr/lib/avr6\libc.a(toupper.o)
 .text          0x00006c86        0x0 c:/program files (x86)/atmel/studio/7.0/toolchain/avr8/avr8-gnu-toolchain/bin/../lib/gcc/avr/5.4.0/../../../../avr/lib/avr6\libc.a(strcpy_P.o)
 .text          0x00006c86        0x0 c:/program files (x86)/atmel/studio/7.0/toolchain/avr8/avr8-gnu-toolchain/bin/../lib/gcc/avr/5.4.0/../../../../avr/lib/avr6\libc.a(strlen_P.o)
 .text          0x00006c86        0x0 c:/program files (x86)/atmel/studio/7.0/toolchain/avr8/avr8-gnu-toolchain/bin/../lib/gcc/avr/5.4.0/../../../../avr/lib/avr6\libc.a(memcmp.o)
 .text          0x00006c86        0x0 c:/program files (x86)/atmel/studio/7.0/toolchain/avr8/avr8-gnu-toolchain/bin/../lib/gcc/avr/5.4.0/../../../../avr/lib/avr6\libc.a(memcpy.o)
 .text          0x00006c86        0x0 c:/program files (x86)/atmel/studio/7.0/toolchain/avr8/avr8-gnu-toolchain/bin/../lib/gcc/avr/5.4.0/../../../../avr/lib/avr6\libc.a(memmove.o)
 .text          0x00006c86        0x0 c:/program files (x86)/atmel/studio/7.0/toolchain/avr8/avr8-gnu-toolchain/bin/../lib/gcc/avr/5.4.0/../../../../avr/lib/avr6\libc.a(strchr.o)
 .text          0x00006c86        0x0 c:/program files (x86)/atmel/studio/7.0/toolchain/avr8/avr8-gnu-toolchain/bin/../lib/gcc/avr/5.4.0/../../../../avr/lib/avr6\libc.a(strcmp.o)
 .text          0x00006c86        0x0 c:/program files (x86)/atmel/studio/7.0/toolchain/avr8/avr8-gnu-toolchain/bin/../lib/gcc/avr/5.4.0/../../../../avr/lib/avr6\libc.a(strcpy.o)
 .text          0x00006c86        0x0 c:/program files (x86)/atmel/studio/7.0/toolchain/avr8/avr8-gnu-toolchain/bin/../lib/gcc/avr/5.4.0/../../../../avr/lib/avr6\libc.a(strncmp.o)
 .text          0x00006c86        0x0 c:/program files (x86)/atmel/studio/7.0/toolchain/avr8/avr8-gnu-toolchain/bin/../lib/gcc/avr/5.4.0/../../../../avr/lib/avr6\libc.a(strncpy.o)
 .text          0x00006c86        0x0 c:/program files (x86)/atmel/studio/7.0/toolchain/avr8/avr8-gnu-toolchain/bin/../lib/gcc/avr/5.4.0/../../../../avr/lib/avr6\libc.a(strrchr.o)
 .text          0x00006c86        0x0 c:/program files (x86)/atmel/studio/7.0/toolchain/avr8/avr8-gnu-toolchain/bin/../lib/gcc/avr/5.4.0/../../../../avr/lib/avr6\libc.a(strstr.o)
 .text          0x00006c86        0x0 c:/program files (x86)/atmel/studio/7.0/toolchain/avr8/avr8-gnu-toolchain/bin/../lib/gcc/avr/5.4.0/../../../../avr/lib/avr6\libc.a(itoa.o)
 .text          0x00006c86        0x0 c:/program files (x86)/atmel/studio/7.0/toolchain/avr8/avr8-gnu-toolchain/bin/../lib/gcc/avr/5.4.0/../../../../avr/lib/avr6\libc.a(itoa_ncheck.o)
 .text          0x00006c86        0x0 c:/program files (x86)/atmel/studio/7.0/toolchain/avr8/avr8-gnu-toolchain/bin/../lib/gcc/avr/5.4.0/../../../../avr/lib/avr6\libc.a(ltoa.o)
 .text          0x00006c86        0x0 c:/program files (x86)/atmel/studio/7.0/toolchain/avr8/avr8-gnu-toolchain/bin/../lib/gcc/avr/5.4.0/../../../../avr/lib/avr6\libc.a(ltoa_ncheck.o)
 .text          0x00006c86        0x0 c:/program files (x86)/atmel/studio/7.0/toolchain/avr8/avr8-gnu-toolchain/bin/../lib/gcc/avr/5.4.0/../../../../avr/lib/avr6\libc.a(mulsi10.o)
 .text          0x00006c86        0x0 c:/program files (x86)/atmel/studio/7.0/toolchain/avr8/avr8-gnu-toolchain/bin/../lib/gcc/avr/5.4.0/../../../../avr/lib/avr6\libc.a(ultoa.o)
 .text          0x00006c86        0x0 c:/program files (x86)/atmel/studio/7.0/toolchain/avr8/avr8-gnu-toolchain/bin/../lib/gcc/avr/5.4.0/../../../../avr/lib/avr6\libc.a(ultoa_ncheck.o)
 .text          0x00006c86        0x0 c:/program files (x86)/atmel/studio/7.0/toolchain/avr8/avr8-gnu-toolchain/bin/../lib/gcc/avr/5.4.0/../../../../avr/lib/avr6\libc.a(utoa.o)
 .text          0x00006c86        0x0 c:/program files (x86)/atmel/studio/7.0/toolchain/avr8/avr8-gnu-toolchain/bin/../lib/gcc/avr/5.4.0/../../../../avr/lib/avr6\libc.a(utoa_ncheck.o)
 .text          0x00006c86        0x0 c:/program files (x86)/atmel/studio/7.0/toolchain/avr8/avr8-gnu-toolchain/bin/../lib/gcc/avr/5.4.0/../../../../avr/lib/avr6\libc.a(printf.o)
 .text          0x00006c86        0x0 c:/program files (x86)/atmel/studio/7.0/toolchain/avr8/avr8-gnu-toolchain/bin/../lib/gcc/avr/5.4.0/../../../../avr/lib/avr6\libc.a(puts.o)
 .text          0x00006c86        0x0 c:/program files (x86)/atmel/studio/7.0/toolchain/avr8/avr8-gnu-toolchain/bin/../lib/gcc/avr/5.4.0/../../../../avr/lib/avr6\libc.a(vfprintf_std.o)
 .text          0x00006c86        0x0 c:/program files (x86)/atmel/studio/7.0/toolchain/avr8/avr8-gnu-toolchain/bin/../lib/gcc/avr/5.4.0/../../../../avr/lib/avr6\libc.a(dtoa_prf.o)
 .text          0x00006c86        0x0 c:/program files (x86)/atmel/studio/7.0/toolchain/avr8/avr8-gnu-toolchain/bin/../lib/gcc/avr/5.4.0/../../../../avr/lib/avr6\libc.a(strtod.o)
 .text          0x00006c86        0x0 c:/program files (x86)/atmel/studio/7.0/toolchain/avr8/avr8-gnu-toolchain/bin/../lib/gcc/avr/5.4.0/../../../../avr/lib/avr6\libc.a(ftoa_engine.o)
 .text          0x00006c86        0x0 c:/program files (x86)/atmel/studio/7.0/toolchain/avr8/avr8-gnu-toolchain/bin/../lib/gcc/avr/5.4.0/../../../../avr/lib/avr6\libc.a(cty_isfalse.o)
 .text          0x00006c86        0x0 c:/program files (x86)/atmel/studio/7.0/toolchain/avr8/avr8-gnu-toolchain/bin/../lib/gcc/avr/5.4.0/../../../../avr/lib/avr6\libc.a(strncasecmp_P.o)
 .text          0x00006c86        0x0 c:/program files (x86)/atmel/studio/7.0/toolchain/avr8/avr8-gnu-toolchain/bin/../lib/gcc/avr/5.4.0/../../../../avr/lib/avr6\libc.a(strnlen_P.o)
 .text          0x00006c86        0x0 c:/program files (x86)/atmel/studio/7.0/toolchain/avr8/avr8-gnu-toolchain/bin/../lib/gcc/avr/5.4.0/../../../../avr/lib/avr6\libc.a(strnlen.o)
 .text          0x00006c86        0x0 c:/program files (x86)/atmel/studio/7.0/toolchain/avr8/avr8-gnu-toolchain/bin/../lib/gcc/avr/5.4.0/../../../../avr/lib/avr6\libc.a(strrev.o)
 .text          0x00006c86        0x0 c:/program files (x86)/atmel/studio/7.0/toolchain/avr8/avr8-gnu-toolchain/bin/../lib/gcc/avr/5.4.0/../../../../avr/lib/avr6\libc.a(fputc.o)
 .text          0x00006c86        0x0 c:/program files (x86)/atmel/studio/7.0/toolchain/avr8/avr8-gnu-toolchain/bin/../lib/gcc/avr/5.4.0/../../../../avr/lib/avr6\libc.a(iob.o)
 .text          0x00006c86        0x0 c:/program files (x86)/atmel/studio/7.0/toolchain/avr8/avr8-gnu-toolchain/bin/../lib/gcc/avr/5.4.0/../../../../avr/lib/avr6\libc.a(ultoa_invert.o)
 .text          0x00006c86        0x0 c:/program files (x86)/atmel/studio/7.0/toolchain/avr8/avr8-gnu-toolchain/bin/../lib/gcc/avr/5.4.0/../../../../avr/lib/avr6\libc.a(errno.o)
 .text          0x00006c86        0x0 c:/program files (x86)/atmel/studio/7.0/toolchain/avr8/avr8-gnu-toolchain/bin/../lib/gcc/avr/5.4.0/avr6\libgcc.a(_mulshisi3.o)
                0x00006c86                . = ALIGN (0x2)
 *(.text.*)
 .text._ZN5Print17availableForWriteEv
                0x00006c86        0x6 obj\Release\arduino\HardwareSerial0.o
                0x00006c86                _ZN5Print17availableForWriteEv
 .text._ZN5Print5flushEv
                0x00006c8c        0x2 obj\Release\arduino\HardwareSerial0.o
                0x00006c8c                _ZN5Print5flushEv
 .text.startup  0x00006c8e       0x5a obj\Release\arduino\HardwareSerial0.o
 .text.startup  0x00006ce8       0x5a obj\Release\arduino\HardwareSerial1.o
 .text.startup  0x00006d42       0x5a obj\Release\arduino\HardwareSerial2.o
 .text.startup  0x00006d9c       0x5a obj\Release\arduino\HardwareSerial3.o
 .text.startup  0x00006df6        0x2 obj\Release\arduino\IPAddress.o
 .text._ZN6Keypad8pin_readEh
                0x00006df8        0x6 obj\Release\arduino\Keypad.o
                0x00006df8                _ZN6Keypad8pin_readEh
 .text._ZN6Keypad9pin_writeEhb
                0x00006dfe        0x8 obj\Release\arduino\Keypad.o
                0x00006dfe                _ZN6Keypad9pin_writeEhb
 .text._ZN6Keypad8pin_modeEhh
                0x00006e06        0x8 obj\Release\arduino\Keypad.o
                0x00006e06                _ZN6Keypad8pin_modeEhh
 .text._ZN17LiquidCrystal_I2C7commandEh
                0x00006e0e        0x6 obj\Release\arduino\LiquidCrystal_I2C.o
                0x00006e0e                _ZN17LiquidCrystal_I2C7commandEh
 .text._ZN17LiquidCrystal_I2C5writeEh
                0x00006e14        0xc obj\Release\arduino\LiquidCrystal_I2C.o
                0x00006e14                _ZN17LiquidCrystal_I2C5writeEh
 .text.startup  0x00006e20       0x1e obj\Release\arduino\main.o
                0x00006e20                main
 .text._ZN5Print5writeEPKc
                0x00006e3e       0x2a obj\Release\arduino\Print.o
                0x00006e3e                _ZN5Print5writeEPKc
 .text.startup  0x00006e68        0x8 obj\Release\arduino\Wire.o
 .text.itoa     0x00006e70        0x4 obj\Release\arduino\WString.o
 .text.ltoa     0x00006e74        0x4 obj\Release\arduino\WString.o
 .text.utoa     0x00006e78        0x4 obj\Release\arduino\WString.o
 .text.ultoa    0x00006e7c        0x4 obj\Release\arduino\WString.o
 .text.startup  0x00006e80       0x68 obj\Release\HWInputs.o
 .text.libgcc.mul
                0x00006ee8       0x20 c:/program files (x86)/atmel/studio/7.0/toolchain/avr8/avr8-gnu-toolchain/bin/../lib/gcc/avr/5.4.0/avr6\libgcc.a(_mulsi3.o)
                0x00006ee8                __mulsi3
 .text.libgcc.div
                0x00006f08        0x0 c:/program files (x86)/atmel/studio/7.0/toolchain/avr8/avr8-gnu-toolchain/bin/../lib/gcc/avr/5.4.0/avr6\libgcc.a(_mulsi3.o)
 .text.libgcc   0x00006f08        0x0 c:/program files (x86)/atmel/studio/7.0/toolchain/avr8/avr8-gnu-toolchain/bin/../lib/gcc/avr/5.4.0/avr6\libgcc.a(_mulsi3.o)
 .text.libgcc.prologue
                0x00006f08        0x0 c:/program files (x86)/atmel/studio/7.0/toolchain/avr8/avr8-gnu-toolchain/bin/../lib/gcc/avr/5.4.0/avr6\libgcc.a(_mulsi3.o)
 .text.libgcc.builtins
                0x00006f08        0x0 c:/program files (x86)/atmel/studio/7.0/toolchain/avr8/avr8-gnu-toolchain/bin/../lib/gcc/avr/5.4.0/avr6\libgcc.a(_mulsi3.o)
 .text.libgcc.fmul
                0x00006f08        0x0 c:/program files (x86)/atmel/studio/7.0/toolchain/avr8/avr8-gnu-toolchain/bin/../lib/gcc/avr/5.4.0/avr6\libgcc.a(_mulsi3.o)
 .text.libgcc.fixed
                0x00006f08        0x0 c:/program files (x86)/atmel/studio/7.0/toolchain/avr8/avr8-gnu-toolchain/bin/../lib/gcc/avr/5.4.0/avr6\libgcc.a(_mulsi3.o)
 .text.libgcc.mul
                0x00006f08        0x0 c:/program files (x86)/atmel/studio/7.0/toolchain/avr8/avr8-gnu-toolchain/bin/../lib/gcc/avr/5.4.0/avr6\libgcc.a(_udivmodqi4.o)
 .text.libgcc.div
                0x00006f08       0x18 c:/program files (x86)/atmel/studio/7.0/toolchain/avr8/avr8-gnu-toolchain/bin/../lib/gcc/avr/5.4.0/avr6\libgcc.a(_udivmodqi4.o)
                0x00006f08                __udivmodqi4
 .text.libgcc   0x00006f20        0x0 c:/program files (x86)/atmel/studio/7.0/toolchain/avr8/avr8-gnu-toolchain/bin/../lib/gcc/avr/5.4.0/avr6\libgcc.a(_udivmodqi4.o)
 .text.libgcc.prologue
                0x00006f20        0x0 c:/program files (x86)/atmel/studio/7.0/toolchain/avr8/avr8-gnu-toolchain/bin/../lib/gcc/avr/5.4.0/avr6\libgcc.a(_udivmodqi4.o)
 .text.libgcc.builtins
                0x00006f20        0x0 c:/program files (x86)/atmel/studio/7.0/toolchain/avr8/avr8-gnu-toolchain/bin/../lib/gcc/avr/5.4.0/avr6\libgcc.a(_udivmodqi4.o)
 .text.libgcc.fmul
                0x00006f20        0x0 c:/program files (x86)/atmel/studio/7.0/toolchain/avr8/avr8-gnu-toolchain/bin/../lib/gcc/avr/5.4.0/avr6\libgcc.a(_udivmodqi4.o)
 .text.libgcc.fixed
                0x00006f20        0x0 c:/program files (x86)/atmel/studio/7.0/toolchain/avr8/avr8-gnu-toolchain/bin/../lib/gcc/avr/5.4.0/avr6\libgcc.a(_udivmodqi4.o)
 .text.libgcc.mul
                0x00006f20        0x0 c:/program files (x86)/atmel/studio/7.0/toolchain/avr8/avr8-gnu-toolchain/bin/../lib/gcc/avr/5.4.0/avr6\libgcc.a(_udivmodsi4.o)
 .text.libgcc.div
                0x00006f20       0x44 c:/program files (x86)/atmel/studio/7.0/toolchain/avr8/avr8-gnu-toolchain/bin/../lib/gcc/avr/5.4.0/avr6\libgcc.a(_udivmodsi4.o)
                0x00006f20                __udivmodsi4
 .text.libgcc   0x00006f64        0x0 c:/program files (x86)/atmel/studio/7.0/toolchain/avr8/avr8-gnu-toolchain/bin/../lib/gcc/avr/5.4.0/avr6\libgcc.a(_udivmodsi4.o)
 .text.libgcc.prologue
                0x00006f64        0x0 c:/program files (x86)/atmel/studio/7.0/toolchain/avr8/avr8-gnu-toolchain/bin/../lib/gcc/avr/5.4.0/avr6\libgcc.a(_udivmodsi4.o)
 .text.libgcc.builtins
                0x00006f64        0x0 c:/program files (x86)/atmel/studio/7.0/toolchain/avr8/avr8-gnu-toolchain/bin/../lib/gcc/avr/5.4.0/avr6\libgcc.a(_udivmodsi4.o)
 .text.libgcc.fmul
                0x00006f64        0x0 c:/program files (x86)/atmel/studio/7.0/toolchain/avr8/avr8-gnu-toolchain/bin/../lib/gcc/avr/5.4.0/avr6\libgcc.a(_udivmodsi4.o)
 .text.libgcc.fixed
                0x00006f64        0x0 c:/program files (x86)/atmel/studio/7.0/toolchain/avr8/avr8-gnu-toolchain/bin/../lib/gcc/avr/5.4.0/avr6\libgcc.a(_udivmodsi4.o)
 .text.libgcc.mul
                0x00006f64        0x0 c:/program files (x86)/atmel/studio/7.0/toolchain/avr8/avr8-gnu-toolchain/bin/../lib/gcc/avr/5.4.0/avr6\libgcc.a(_divmodsi4.o)
 .text.libgcc.div
                0x00006f64       0x2e c:/program files (x86)/atmel/studio/7.0/toolchain/avr8/avr8-gnu-toolchain/bin/../lib/gcc/avr/5.4.0/avr6\libgcc.a(_divmodsi4.o)
                0x00006f64                __divmodsi4
 .text.libgcc   0x00006f92        0x0 c:/program files (x86)/atmel/studio/7.0/toolchain/avr8/avr8-gnu-toolchain/bin/../lib/gcc/avr/5.4.0/avr6\libgcc.a(_divmodsi4.o)
 .text.libgcc.prologue
                0x00006f92        0x0 c:/program files (x86)/atmel/studio/7.0/toolchain/avr8/avr8-gnu-toolchain/bin/../lib/gcc/avr/5.4.0/avr6\libgcc.a(_divmodsi4.o)
 .text.libgcc.builtins
                0x00006f92        0x0 c:/program files (x86)/atmel/studio/7.0/toolchain/avr8/avr8-gnu-toolchain/bin/../lib/gcc/avr/5.4.0/avr6\libgcc.a(_divmodsi4.o)
 .text.libgcc.fmul
                0x00006f92        0x0 c:/program files (x86)/atmel/studio/7.0/toolchain/avr8/avr8-gnu-toolchain/bin/../lib/gcc/avr/5.4.0/avr6\libgcc.a(_divmodsi4.o)
 .text.libgcc.fixed
                0x00006f92        0x0 c:/program files (x86)/atmel/studio/7.0/toolchain/avr8/avr8-gnu-toolchain/bin/../lib/gcc/avr/5.4.0/avr6\libgcc.a(_divmodsi4.o)
 .text.libgcc.mul
                0x00006f92        0x0 c:/program files (x86)/atmel/studio/7.0/toolchain/avr8/avr8-gnu-toolchain/bin/../lib/gcc/avr/5.4.0/avr6\libgcc.a(_negsi2.o)
 .text.libgcc.div
                0x00006f92       0x10 c:/program files (x86)/atmel/studio/7.0/toolchain/avr8/avr8-gnu-toolchain/bin/../lib/gcc/avr/5.4.0/avr6\libgcc.a(_negsi2.o)
                0x00006f92                __negsi2
 .text.libgcc   0x00006fa2        0x0 c:/program files (x86)/atmel/studio/7.0/toolchain/avr8/avr8-gnu-toolchain/bin/../lib/gcc/avr/5.4.0/avr6\libgcc.a(_negsi2.o)
 .text.libgcc.prologue
                0x00006fa2        0x0 c:/program files (x86)/atmel/studio/7.0/toolchain/avr8/avr8-gnu-toolchain/bin/../lib/gcc/avr/5.4.0/avr6\libgcc.a(_negsi2.o)
 .text.libgcc.builtins
                0x00006fa2        0x0 c:/program files (x86)/atmel/studio/7.0/toolchain/avr8/avr8-gnu-toolchain/bin/../lib/gcc/avr/5.4.0/avr6\libgcc.a(_negsi2.o)
 .text.libgcc.fmul
                0x00006fa2        0x0 c:/program files (x86)/atmel/studio/7.0/toolchain/avr8/avr8-gnu-toolchain/bin/../lib/gcc/avr/5.4.0/avr6\libgcc.a(_negsi2.o)
 .text.libgcc.fixed
                0x00006fa2        0x0 c:/program files (x86)/atmel/studio/7.0/toolchain/avr8/avr8-gnu-toolchain/bin/../lib/gcc/avr/5.4.0/avr6\libgcc.a(_negsi2.o)
 .text.libgcc.mul
                0x00006fa2        0x0 c:/program files (x86)/atmel/studio/7.0/toolchain/avr8/avr8-gnu-toolchain/bin/../lib/gcc/avr/5.4.0/avr6\libgcc.a(_exit.o)
 .text.libgcc.div
                0x00006fa2        0x0 c:/program files (x86)/atmel/studio/7.0/toolchain/avr8/avr8-gnu-toolchain/bin/../lib/gcc/avr/5.4.0/avr6\libgcc.a(_exit.o)
 .text.libgcc   0x00006fa2        0x0 c:/program files (x86)/atmel/studio/7.0/toolchain/avr8/avr8-gnu-toolchain/bin/../lib/gcc/avr/5.4.0/avr6\libgcc.a(_exit.o)
 .text.libgcc.prologue
                0x00006fa2        0x0 c:/program files (x86)/atmel/studio/7.0/toolchain/avr8/avr8-gnu-toolchain/bin/../lib/gcc/avr/5.4.0/avr6\libgcc.a(_exit.o)
 .text.libgcc.builtins
                0x00006fa2        0x0 c:/program files (x86)/atmel/studio/7.0/toolchain/avr8/avr8-gnu-toolchain/bin/../lib/gcc/avr/5.4.0/avr6\libgcc.a(_exit.o)
 .text.libgcc.fmul
                0x00006fa2        0x0 c:/program files (x86)/atmel/studio/7.0/toolchain/avr8/avr8-gnu-toolchain/bin/../lib/gcc/avr/5.4.0/avr6\libgcc.a(_exit.o)
 .text.libgcc.fixed
                0x00006fa2        0x0 c:/program files (x86)/atmel/studio/7.0/toolchain/avr8/avr8-gnu-toolchain/bin/../lib/gcc/avr/5.4.0/avr6\libgcc.a(_exit.o)
 .text.libgcc.mul
                0x00006fa2        0x0 c:/program files (x86)/atmel/studio/7.0/toolchain/avr8/avr8-gnu-toolchain/bin/../lib/gcc/avr/5.4.0/avr6\libgcc.a(_tablejump2.o)
 .text.libgcc.div
                0x00006fa2        0x0 c:/program files (x86)/atmel/studio/7.0/toolchain/avr8/avr8-gnu-toolchain/bin/../lib/gcc/avr/5.4.0/avr6\libgcc.a(_tablejump2.o)
 .text.libgcc   0x00006fa2       0x10 c:/program files (x86)/atmel/studio/7.0/toolchain/avr8/avr8-gnu-toolchain/bin/../lib/gcc/avr/5.4.0/avr6\libgcc.a(_tablejump2.o)
                0x00006fa2                __tablejump2__
 .text.libgcc.prologue
                0x00006fb2        0x0 c:/program files (x86)/atmel/studio/7.0/toolchain/avr8/avr8-gnu-toolchain/bin/../lib/gcc/avr/5.4.0/avr6\libgcc.a(_tablejump2.o)
 .text.libgcc.builtins
                0x00006fb2        0x0 c:/program files (x86)/atmel/studio/7.0/toolchain/avr8/avr8-gnu-toolchain/bin/../lib/gcc/avr/5.4.0/avr6\libgcc.a(_tablejump2.o)
 .text.libgcc.fmul
                0x00006fb2        0x0 c:/program files (x86)/atmel/studio/7.0/toolchain/avr8/avr8-gnu-toolchain/bin/../lib/gcc/avr/5.4.0/avr6\libgcc.a(_tablejump2.o)
 .text.libgcc.fixed
                0x00006fb2        0x0 c:/program files (x86)/atmel/studio/7.0/toolchain/avr8/avr8-gnu-toolchain/bin/../lib/gcc/avr/5.4.0/avr6\libgcc.a(_tablejump2.o)
 .text.libgcc.mul
                0x00006fb2        0x0 c:/program files (x86)/atmel/studio/7.0/toolchain/avr8/avr8-gnu-toolchain/bin/../lib/gcc/avr/5.4.0/avr6\libgcc.a(_copy_data.o)
 .text.libgcc.div
                0x00006fb2        0x0 c:/program files (x86)/atmel/studio/7.0/toolchain/avr8/avr8-gnu-toolchain/bin/../lib/gcc/avr/5.4.0/avr6\libgcc.a(_copy_data.o)
 .text.libgcc   0x00006fb2        0x0 c:/program files (x86)/atmel/studio/7.0/toolchain/avr8/avr8-gnu-toolchain/bin/../lib/gcc/avr/5.4.0/avr6\libgcc.a(_copy_data.o)
 .text.libgcc.prologue
                0x00006fb2        0x0 c:/program files (x86)/atmel/studio/7.0/toolchain/avr8/avr8-gnu-toolchain/bin/../lib/gcc/avr/5.4.0/avr6\libgcc.a(_copy_data.o)
 .text.libgcc.builtins
                0x00006fb2        0x0 c:/program files (x86)/atmel/studio/7.0/toolchain/avr8/avr8-gnu-toolchain/bin/../lib/gcc/avr/5.4.0/avr6\libgcc.a(_copy_data.o)
 .text.libgcc.fmul
                0x00006fb2        0x0 c:/program files (x86)/atmel/studio/7.0/toolchain/avr8/avr8-gnu-toolchain/bin/../lib/gcc/avr/5.4.0/avr6\libgcc.a(_copy_data.o)
 .text.libgcc.fixed
                0x00006fb2        0x0 c:/program files (x86)/atmel/studio/7.0/toolchain/avr8/avr8-gnu-toolchain/bin/../lib/gcc/avr/5.4.0/avr6\libgcc.a(_copy_data.o)
 .text.libgcc.mul
                0x00006fb2        0x0 c:/program files (x86)/atmel/studio/7.0/toolchain/avr8/avr8-gnu-toolchain/bin/../lib/gcc/avr/5.4.0/avr6\libgcc.a(_clear_bss.o)
 .text.libgcc.div
                0x00006fb2        0x0 c:/program files (x86)/atmel/studio/7.0/toolchain/avr8/avr8-gnu-toolchain/bin/../lib/gcc/avr/5.4.0/avr6\libgcc.a(_clear_bss.o)
 .text.libgcc   0x00006fb2        0x0 c:/program files (x86)/atmel/studio/7.0/toolchain/avr8/avr8-gnu-toolchain/bin/../lib/gcc/avr/5.4.0/avr6\libgcc.a(_clear_bss.o)
 .text.libgcc.prologue
                0x00006fb2        0x0 c:/program files (x86)/atmel/studio/7.0/toolchain/avr8/avr8-gnu-toolchain/bin/../lib/gcc/avr/5.4.0/avr6\libgcc.a(_clear_bss.o)
 .text.libgcc.builtins
                0x00006fb2        0x0 c:/program files (x86)/atmel/studio/7.0/toolchain/avr8/avr8-gnu-toolchain/bin/../lib/gcc/avr/5.4.0/avr6\libgcc.a(_clear_bss.o)
 .text.libgcc.fmul
                0x00006fb2        0x0 c:/program files (x86)/atmel/studio/7.0/toolchain/avr8/avr8-gnu-toolchain/bin/../lib/gcc/avr/5.4.0/avr6\libgcc.a(_clear_bss.o)
 .text.libgcc.fixed
                0x00006fb2        0x0 c:/program files (x86)/atmel/studio/7.0/toolchain/avr8/avr8-gnu-toolchain/bin/../lib/gcc/avr/5.4.0/avr6\libgcc.a(_clear_bss.o)
 .text.libgcc.mul
                0x00006fb2        0x0 c:/program files (x86)/atmel/studio/7.0/toolchain/avr8/avr8-gnu-toolchain/bin/../lib/gcc/avr/5.4.0/avr6\libgcc.a(_ctors.o)
 .text.libgcc.div
                0x00006fb2        0x0 c:/program files (x86)/atmel/studio/7.0/toolchain/avr8/avr8-gnu-toolchain/bin/../lib/gcc/avr/5.4.0/avr6\libgcc.a(_ctors.o)
 .text.libgcc   0x00006fb2        0x0 c:/program files (x86)/atmel/studio/7.0/toolchain/avr8/avr8-gnu-toolchain/bin/../lib/gcc/avr/5.4.0/avr6\libgcc.a(_ctors.o)
 .text.libgcc.prologue
                0x00006fb2        0x0 c:/program files (x86)/atmel/studio/7.0/toolchain/avr8/avr8-gnu-toolchain/bin/../lib/gcc/avr/5.4.0/avr6\libgcc.a(_ctors.o)
 .text.libgcc.builtins
                0x00006fb2        0x0 c:/program files (x86)/atmel/studio/7.0/toolchain/avr8/avr8-gnu-toolchain/bin/../lib/gcc/avr/5.4.0/avr6\libgcc.a(_ctors.o)
 .text.libgcc.fmul
                0x00006fb2        0x0 c:/program files (x86)/atmel/studio/7.0/toolchain/avr8/avr8-gnu-toolchain/bin/../lib/gcc/avr/5.4.0/avr6\libgcc.a(_ctors.o)
 .text.libgcc.fixed
                0x00006fb2        0x0 c:/program files (x86)/atmel/studio/7.0/toolchain/avr8/avr8-gnu-toolchain/bin/../lib/gcc/avr/5.4.0/avr6\libgcc.a(_ctors.o)
 .text.libgcc.mul
                0x00006fb2       0x16 c:/program files (x86)/atmel/studio/7.0/toolchain/avr8/avr8-gnu-toolchain/bin/../lib/gcc/avr/5.4.0/avr6\libgcc.a(_muluhisi3.o)
                0x00006fb2                __muluhisi3
 .text.libgcc.div
                0x00006fc8        0x0 c:/program files (x86)/atmel/studio/7.0/toolchain/avr8/avr8-gnu-toolchain/bin/../lib/gcc/avr/5.4.0/avr6\libgcc.a(_muluhisi3.o)
 .text.libgcc   0x00006fc8        0x0 c:/program files (x86)/atmel/studio/7.0/toolchain/avr8/avr8-gnu-toolchain/bin/../lib/gcc/avr/5.4.0/avr6\libgcc.a(_muluhisi3.o)
 .text.libgcc.prologue
                0x00006fc8        0x0 c:/program files (x86)/atmel/studio/7.0/toolchain/avr8/avr8-gnu-toolchain/bin/../lib/gcc/avr/5.4.0/avr6\libgcc.a(_muluhisi3.o)
 .text.libgcc.builtins
                0x00006fc8        0x0 c:/program files (x86)/atmel/studio/7.0/toolchain/avr8/avr8-gnu-toolchain/bin/../lib/gcc/avr/5.4.0/avr6\libgcc.a(_muluhisi3.o)
 .text.libgcc.fmul
                0x00006fc8        0x0 c:/program files (x86)/atmel/studio/7.0/toolchain/avr8/avr8-gnu-toolchain/bin/../lib/gcc/avr/5.4.0/avr6\libgcc.a(_muluhisi3.o)
 .text.libgcc.fixed
                0x00006fc8        0x0 c:/program files (x86)/atmel/studio/7.0/toolchain/avr8/avr8-gnu-toolchain/bin/../lib/gcc/avr/5.4.0/avr6\libgcc.a(_muluhisi3.o)
 .text.libgcc.mul
                0x00006fc8       0x1e c:/program files (x86)/atmel/studio/7.0/toolchain/avr8/avr8-gnu-toolchain/bin/../lib/gcc/avr/5.4.0/avr6\libgcc.a(_umulhisi3.o)
                0x00006fc8                __umulhisi3
 .text.libgcc.div
                0x00006fe6        0x0 c:/program files (x86)/atmel/studio/7.0/toolchain/avr8/avr8-gnu-toolchain/bin/../lib/gcc/avr/5.4.0/avr6\libgcc.a(_umulhisi3.o)
 .text.libgcc   0x00006fe6        0x0 c:/program files (x86)/atmel/studio/7.0/toolchain/avr8/avr8-gnu-toolchain/bin/../lib/gcc/avr/5.4.0/avr6\libgcc.a(_umulhisi3.o)
 .text.libgcc.prologue
                0x00006fe6        0x0 c:/program files (x86)/atmel/studio/7.0/toolchain/avr8/avr8-gnu-toolchain/bin/../lib/gcc/avr/5.4.0/avr6\libgcc.a(_umulhisi3.o)
 .text.libgcc.builtins
                0x00006fe6        0x0 c:/program files (x86)/atmel/studio/7.0/toolchain/avr8/avr8-gnu-toolchain/bin/../lib/gcc/avr/5.4.0/avr6\libgcc.a(_umulhisi3.o)
 .text.libgcc.fmul
                0x00006fe6        0x0 c:/program files (x86)/atmel/studio/7.0/toolchain/avr8/avr8-gnu-toolchain/bin/../lib/gcc/avr/5.4.0/avr6\libgcc.a(_umulhisi3.o)
 .text.libgcc.fixed
                0x00006fe6        0x0 c:/program files (x86)/atmel/studio/7.0/toolchain/avr8/avr8-gnu-toolchain/bin/../lib/gcc/avr/5.4.0/avr6\libgcc.a(_umulhisi3.o)
 .text.avr-libc.fplib
                0x00006fe6        0xe c:/program files (x86)/atmel/studio/7.0/toolchain/avr8/avr8-gnu-toolchain/bin/../lib/gcc/avr/5.4.0/../../../../avr/lib/avr6\libm.a(addsf3.o)
                0x00006fe6                __subsf3
                0x00006fe8                __addsf3
 .text.avr-libc.fplib
                0x00006ff4       0xcc c:/program files (x86)/atmel/studio/7.0/toolchain/avr8/avr8-gnu-toolchain/bin/../lib/gcc/avr/5.4.0/../../../../avr/lib/avr6\libm.a(addsf3x.o)
                0x00007016                __addsf3x
 .text.avr-libc.fplib
                0x000070c0        0xa c:/program files (x86)/atmel/studio/7.0/toolchain/avr8/avr8-gnu-toolchain/bin/../lib/gcc/avr/5.4.0/../../../../avr/lib/avr6\libm.a(cmpsf2.o)
                0x000070c0                __nesf2
                0x000070c0                __eqsf2
                0x000070c0                __cmpsf2
                0x000070c0                __ltsf2
                0x000070c0                __lesf2
 .text.avr-libc.fplib
                0x000070ca        0x8 c:/program files (x86)/atmel/studio/7.0/toolchain/avr8/avr8-gnu-toolchain/bin/../lib/gcc/avr/5.4.0/../../../../avr/lib/avr6\libm.a(divsf3.o)
                0x000070ca                __divsf3
 .text.avr-libc.fplib
                0x000070d2       0xdc c:/program files (x86)/atmel/studio/7.0/toolchain/avr8/avr8-gnu-toolchain/bin/../lib/gcc/avr/5.4.0/../../../../avr/lib/avr6\libm.a(divsf3x.o)
                0x000070f2                __divsf3x
                0x000070f8                __divsf3_pse
 .text.avr-libc.fplib
                0x000071ae       0x5e c:/program files (x86)/atmel/studio/7.0/toolchain/avr8/avr8-gnu-toolchain/bin/../lib/gcc/avr/5.4.0/../../../../avr/lib/avr6\libm.a(fixunssfsi.o)
                0x000071ae                __fixunssfsi
 .text.avr-libc.fplib
                0x0000720c       0x7a c:/program files (x86)/atmel/studio/7.0/toolchain/avr8/avr8-gnu-toolchain/bin/../lib/gcc/avr/5.4.0/../../../../avr/lib/avr6\libm.a(floatsisf.o)
                0x0000720c                __floatunsisf
                0x00007210                __floatsisf
 .text.avr-libc.fplib
                0x00007286       0x48 c:/program files (x86)/atmel/studio/7.0/toolchain/avr8/avr8-gnu-toolchain/bin/../lib/gcc/avr/5.4.0/../../../../avr/lib/avr6\libm.a(fp_cmp.o)
                0x00007286                __fp_cmp
 .text.avr-libc.fplib
                0x000072ce        0xc c:/program files (x86)/atmel/studio/7.0/toolchain/avr8/avr8-gnu-toolchain/bin/../lib/gcc/avr/5.4.0/../../../../avr/lib/avr6\libm.a(fp_inf.o)
                0x000072ce                __fp_inf
 .text.avr-libc.fplib
                0x000072da        0x6 c:/program files (x86)/atmel/studio/7.0/toolchain/avr8/avr8-gnu-toolchain/bin/../lib/gcc/avr/5.4.0/../../../../avr/lib/avr6\libm.a(fp_nan.o)
                0x000072da                __fp_nan
 .text.avr-libc.fplib
                0x000072e0        0xe c:/program files (x86)/atmel/studio/7.0/toolchain/avr8/avr8-gnu-toolchain/bin/../lib/gcc/avr/5.4.0/../../../../avr/lib/avr6\libm.a(fp_pscA.o)
                0x000072e0                __fp_pscA
 .text.avr-libc.fplib
                0x000072ee        0xe c:/program files (x86)/atmel/studio/7.0/toolchain/avr8/avr8-gnu-toolchain/bin/../lib/gcc/avr/5.4.0/../../../../avr/lib/avr6\libm.a(fp_pscB.o)
                0x000072ee                __fp_pscB
 .text.avr-libc.fplib
                0x000072fc       0x22 c:/program files (x86)/atmel/studio/7.0/toolchain/avr8/avr8-gnu-toolchain/bin/../lib/gcc/avr/5.4.0/../../../../avr/lib/avr6\libm.a(fp_round.o)
                0x000072fc                __fp_round
 .text.avr-libc.fplib
                0x0000731e       0x44 c:/program files (x86)/atmel/studio/7.0/toolchain/avr8/avr8-gnu-toolchain/bin/../lib/gcc/avr/5.4.0/../../../../avr/lib/avr6\libm.a(fp_split3.o)
                0x0000731e                __fp_split3
                0x0000732e                __fp_splitA
 .text.avr-libc.fplib
                0x00007362        0xe c:/program files (x86)/atmel/studio/7.0/toolchain/avr8/avr8-gnu-toolchain/bin/../lib/gcc/avr/5.4.0/../../../../avr/lib/avr6\libm.a(fp_zero.o)
                0x00007362                __fp_zero
                0x00007364                __fp_szero
 .text.avr-libc.fplib
                0x00007370        0xa c:/program files (x86)/atmel/studio/7.0/toolchain/avr8/avr8-gnu-toolchain/bin/../lib/gcc/avr/5.4.0/../../../../avr/lib/avr6\libm.a(gesf2.o)
                0x00007370                __gesf2
                0x00007370                __gtsf2
 .text.avr-libc.fplib
                0x0000737a        0x8 c:/program files (x86)/atmel/studio/7.0/toolchain/avr8/avr8-gnu-toolchain/bin/../lib/gcc/avr/5.4.0/../../../../avr/lib/avr6\libm.a(mulsf3.o)
                0x0000737a                __mulsf3
 .text.avr-libc.fplib
                0x00007382       0xd2 c:/program files (x86)/atmel/studio/7.0/toolchain/avr8/avr8-gnu-toolchain/bin/../lib/gcc/avr/5.4.0/../../../../avr/lib/avr6\libm.a(mulsf3x.o)
                0x000073a0                __mulsf3x
                0x000073a6                __mulsf3_pse
 .text.avr-libc.fplib
                0x00007454        0xa c:/program files (x86)/atmel/studio/7.0/toolchain/avr8/avr8-gnu-toolchain/bin/../lib/gcc/avr/5.4.0/../../../../avr/lib/avr6\libm.a(unordsf2.o)
                0x00007454                __unordsf2
 .text.avr-libc
                0x0000745e       0x40 c:/program files (x86)/atmel/studio/7.0/toolchain/avr8/avr8-gnu-toolchain/bin/../lib/gcc/avr/5.4.0/../../../../avr/lib/avr6\libc.a(dtostrf.o)
                0x0000745e                dtostrf
 .text.avr-libc
                0x0000749e      0x242 c:/program files (x86)/atmel/studio/7.0/toolchain/avr8/avr8-gnu-toolchain/bin/../lib/gcc/avr/5.4.0/../../../../avr/lib/avr6\libc.a(malloc.o)
                0x0000749e                malloc
                0x000075ce                free
 .text.avr-libc
                0x000076e0      0x144 c:/program files (x86)/atmel/studio/7.0/toolchain/avr8/avr8-gnu-toolchain/bin/../lib/gcc/avr/5.4.0/../../../../avr/lib/avr6\libc.a(random.o)
                0x000076e0                random_r
                0x00007776                random
                0x00007812                srandom
 .text.avr-libc
                0x00007824      0x1ca c:/program files (x86)/atmel/studio/7.0/toolchain/avr8/avr8-gnu-toolchain/bin/../lib/gcc/avr/5.4.0/../../../../avr/lib/avr6\libc.a(realloc.o)
                0x00007824                realloc
 .text.avr-libc
                0x000079ee        0xa c:/program files (x86)/atmel/studio/7.0/toolchain/avr8/avr8-gnu-toolchain/bin/../lib/gcc/avr/5.4.0/../../../../avr/lib/avr6\libc.a(abort.o)
                0x000079ee                abort
 .text.avr-libc
                0x000079f8        0x8 c:/program files (x86)/atmel/studio/7.0/toolchain/avr8/avr8-gnu-toolchain/bin/../lib/gcc/avr/5.4.0/../../../../avr/lib/avr6\libc.a(atof.o)
                0x000079f8                atof
 .text.avr-libc
                0x00007a00       0x4e c:/program files (x86)/atmel/studio/7.0/toolchain/avr8/avr8-gnu-toolchain/bin/../lib/gcc/avr/5.4.0/../../../../avr/lib/avr6\libc.a(atol.o)
                0x00007a00                atol
 .text.avr-libc
                0x00007a4e       0x12 c:/program files (x86)/atmel/studio/7.0/toolchain/avr8/avr8-gnu-toolchain/bin/../lib/gcc/avr/5.4.0/../../../../avr/lib/avr6\libc.a(isspace.o)
                0x00007a4e                isspace
 .text.avr-libc
                0x00007a60       0x10 c:/program files (x86)/atmel/studio/7.0/toolchain/avr8/avr8-gnu-toolchain/bin/../lib/gcc/avr/5.4.0/../../../../avr/lib/avr6\libc.a(tolower.o)
                0x00007a60                tolower
 .text.avr-libc
                0x00007a70       0x10 c:/program files (x86)/atmel/studio/7.0/toolchain/avr8/avr8-gnu-toolchain/bin/../lib/gcc/avr/5.4.0/../../../../avr/lib/avr6\libc.a(toupper.o)
                0x00007a70                toupper
 .text.avr-libc
                0x00007a80        0xe c:/program files (x86)/atmel/studio/7.0/toolchain/avr8/avr8-gnu-toolchain/bin/../lib/gcc/avr/5.4.0/../../../../avr/lib/avr6\libc.a(strcpy_P.o)
                0x00007a80                strcpy_P
 .text.avr-libc
                0x00007a8e       0x12 c:/program files (x86)/atmel/studio/7.0/toolchain/avr8/avr8-gnu-toolchain/bin/../lib/gcc/avr/5.4.0/../../../../avr/lib/avr6\libc.a(strlen_P.o)
                0x00007a8e                __strlen_P
 .text.avr-libc
                0x00007aa0       0x1a c:/program files (x86)/atmel/studio/7.0/toolchain/avr8/avr8-gnu-toolchain/bin/../lib/gcc/avr/5.4.0/../../../../avr/lib/avr6\libc.a(memcmp.o)
                0x00007aa0                memcmp
 .text.avr-libc
                0x00007aba       0x12 c:/program files (x86)/atmel/studio/7.0/toolchain/avr8/avr8-gnu-toolchain/bin/../lib/gcc/avr/5.4.0/../../../../avr/lib/avr6\libc.a(memcpy.o)
                0x00007aba                memcpy
 .text.avr-libc
                0x00007acc       0x24 c:/program files (x86)/atmel/studio/7.0/toolchain/avr8/avr8-gnu-toolchain/bin/../lib/gcc/avr/5.4.0/../../../../avr/lib/avr6\libc.a(memmove.o)
                0x00007acc                memmove
 .text.avr-libc
                0x00007af0       0x16 c:/program files (x86)/atmel/studio/7.0/toolchain/avr8/avr8-gnu-toolchain/bin/../lib/gcc/avr/5.4.0/../../../../avr/lib/avr6\libc.a(strchr.o)
                0x00007af0                strchr
 .text.avr-libc
                0x00007b06       0x12 c:/program files (x86)/atmel/studio/7.0/toolchain/avr8/avr8-gnu-toolchain/bin/../lib/gcc/avr/5.4.0/../../../../avr/lib/avr6\libc.a(strcmp.o)
                0x00007b06                strcmp
 .text.avr-libc
                0x00007b18        0xe c:/program files (x86)/atmel/studio/7.0/toolchain/avr8/avr8-gnu-toolchain/bin/../lib/gcc/avr/5.4.0/../../../../avr/lib/avr6\libc.a(strcpy.o)
                0x00007b18                strcpy
 .text.avr-libc
                0x00007b26       0x1c c:/program files (x86)/atmel/studio/7.0/toolchain/avr8/avr8-gnu-toolchain/bin/../lib/gcc/avr/5.4.0/../../../../avr/lib/avr6\libc.a(strncmp.o)
                0x00007b26                strncmp
 .text.avr-libc
                0x00007b42       0x1e c:/program files (x86)/atmel/studio/7.0/toolchain/avr8/avr8-gnu-toolchain/bin/../lib/gcc/avr/5.4.0/../../../../avr/lib/avr6\libc.a(strncpy.o)
                0x00007b42                strncpy
 .text.avr-libc
                0x00007b60       0x16 c:/program files (x86)/atmel/studio/7.0/toolchain/avr8/avr8-gnu-toolchain/bin/../lib/gcc/avr/5.4.0/../../../../avr/lib/avr6\libc.a(strrchr.o)
                0x00007b60                strrchr
 .text.avr-libc
                0x00007b76       0x34 c:/program files (x86)/atmel/studio/7.0/toolchain/avr8/avr8-gnu-toolchain/bin/../lib/gcc/avr/5.4.0/../../../../avr/lib/avr6\libc.a(strstr.o)
                0x00007b76                strstr
 .text.avr-libc
                0x00007baa       0x16 c:/program files (x86)/atmel/studio/7.0/toolchain/avr8/avr8-gnu-toolchain/bin/../lib/gcc/avr/5.4.0/../../../../avr/lib/avr6\libc.a(itoa.o)
                0x00007baa                __itoa
                0x00007baa                itoa
 .text.avr-libc
                0x00007bc0       0x16 c:/program files (x86)/atmel/studio/7.0/toolchain/avr8/avr8-gnu-toolchain/bin/../lib/gcc/avr/5.4.0/../../../../avr/lib/avr6\libc.a(itoa_ncheck.o)
                0x00007bc0                __itoa_ncheck
 .text.avr-libc
                0x00007bd6       0x16 c:/program files (x86)/atmel/studio/7.0/toolchain/avr8/avr8-gnu-toolchain/bin/../lib/gcc/avr/5.4.0/../../../../avr/lib/avr6\libc.a(ltoa.o)
                0x00007bd6                ltoa
                0x00007bd6                __ltoa
 .text.avr-libc
                0x00007bec       0x1e c:/program files (x86)/atmel/studio/7.0/toolchain/avr8/avr8-gnu-toolchain/bin/../lib/gcc/avr/5.4.0/../../../../avr/lib/avr6\libc.a(ltoa_ncheck.o)
                0x00007bec                __ltoa_ncheck
 .text.avr-libc
                0x00007c0a       0x2a c:/program files (x86)/atmel/studio/7.0/toolchain/avr8/avr8-gnu-toolchain/bin/../lib/gcc/avr/5.4.0/../../../../avr/lib/avr6\libc.a(mulsi10.o)
                0x00007c0a                __mulsi_const_10
 .text.avr-libc
                0x00007c34       0x16 c:/program files (x86)/atmel/studio/7.0/toolchain/avr8/avr8-gnu-toolchain/bin/../lib/gcc/avr/5.4.0/../../../../avr/lib/avr6\libc.a(ultoa.o)
                0x00007c34                ultoa
                0x00007c34                __ultoa
 .text.avr-libc
                0x00007c4a       0x44 c:/program files (x86)/atmel/studio/7.0/toolchain/avr8/avr8-gnu-toolchain/bin/../lib/gcc/avr/5.4.0/../../../../avr/lib/avr6\libc.a(ultoa_ncheck.o)
                0x00007c4a                __ultoa_ncheck
                0x00007c4c                __ultoa_common
 .text.avr-libc
                0x00007c8e       0x16 c:/program files (x86)/atmel/studio/7.0/toolchain/avr8/avr8-gnu-toolchain/bin/../lib/gcc/avr/5.4.0/../../../../avr/lib/avr6\libc.a(utoa.o)
                0x00007c8e                __utoa
                0x00007c8e                utoa
 .text.avr-libc
                0x00007ca4       0x34 c:/program files (x86)/atmel/studio/7.0/toolchain/avr8/avr8-gnu-toolchain/bin/../lib/gcc/avr/5.4.0/../../../../avr/lib/avr6\libc.a(utoa_ncheck.o)
                0x00007ca4                __utoa_ncheck
                0x00007ca6                __utoa_common
 .text.avr-libc
                0x00007cd8       0x28 c:/program files (x86)/atmel/studio/7.0/toolchain/avr8/avr8-gnu-toolchain/bin/../lib/gcc/avr/5.4.0/../../../../avr/lib/avr6\libc.a(printf.o)
                0x00007cd8                printf
 .text.avr-libc
                0x00007d00       0x60 c:/program files (x86)/atmel/studio/7.0/toolchain/avr8/avr8-gnu-toolchain/bin/../lib/gcc/avr/5.4.0/../../../../avr/lib/avr6\libc.a(puts.o)
                0x00007d00                puts
 .text.avr-libc
                0x00007d60      0x414 c:/program files (x86)/atmel/studio/7.0/toolchain/avr8/avr8-gnu-toolchain/bin/../lib/gcc/avr/5.4.0/../../../../avr/lib/avr6\libc.a(vfprintf_std.o)
                0x00007d60                vfprintf
 .text.avr-libc
                0x00008174      0x2ee c:/program files (x86)/atmel/studio/7.0/toolchain/avr8/avr8-gnu-toolchain/bin/../lib/gcc/avr/5.4.0/../../../../avr/lib/avr6\libc.a(dtoa_prf.o)
                0x00008174                dtoa_prf
 .text.avr-libc
                0x00008462      0x2b8 c:/program files (x86)/atmel/studio/7.0/toolchain/avr8/avr8-gnu-toolchain/bin/../lib/gcc/avr/5.4.0/../../../../avr/lib/avr6\libc.a(strtod.o)
                0x00008462                strtod
 .text.avr-libc
                0x0000871a      0x1b0 c:/program files (x86)/atmel/studio/7.0/toolchain/avr8/avr8-gnu-toolchain/bin/../lib/gcc/avr/5.4.0/../../../../avr/lib/avr6\libc.a(ftoa_engine.o)
                0x0000871a                __ftoa_engine
 .text.avr-libc
                0x000088ca        0x6 c:/program files (x86)/atmel/studio/7.0/toolchain/avr8/avr8-gnu-toolchain/bin/../lib/gcc/avr/5.4.0/../../../../avr/lib/avr6\libc.a(cty_isfalse.o)
                0x000088ca                __ctype_isfalse
                0x000088ce                __ctype_istrue
 .text.avr-libc
                0x000088d0       0x30 c:/program files (x86)/atmel/studio/7.0/toolchain/avr8/avr8-gnu-toolchain/bin/../lib/gcc/avr/5.4.0/../../../../avr/lib/avr6\libc.a(strncasecmp_P.o)
                0x000088d0                strncasecmp_P
 .text.avr-libc
                0x00008900       0x16 c:/program files (x86)/atmel/studio/7.0/toolchain/avr8/avr8-gnu-toolchain/bin/../lib/gcc/avr/5.4.0/../../../../avr/lib/avr6\libc.a(strnlen_P.o)
                0x00008900                strnlen_P
 .text.avr-libc
                0x00008916       0x16 c:/program files (x86)/atmel/studio/7.0/toolchain/avr8/avr8-gnu-toolchain/bin/../lib/gcc/avr/5.4.0/../../../../avr/lib/avr6\libc.a(strnlen.o)
                0x00008916                strnlen
 .text.avr-libc
                0x0000892c       0x20 c:/program files (x86)/atmel/studio/7.0/toolchain/avr8/avr8-gnu-toolchain/bin/../lib/gcc/avr/5.4.0/../../../../avr/lib/avr6\libc.a(strrev.o)
                0x0000892c                strrev
 .text.avr-libc
                0x0000894c       0x78 c:/program files (x86)/atmel/studio/7.0/toolchain/avr8/avr8-gnu-toolchain/bin/../lib/gcc/avr/5.4.0/../../../../avr/lib/avr6\libc.a(fputc.o)
                0x0000894c                fputc
 .text.avr-libc
                0x000089c4       0xbc c:/program files (x86)/atmel/studio/7.0/toolchain/avr8/avr8-gnu-toolchain/bin/../lib/gcc/avr/5.4.0/../../../../avr/lib/avr6\libc.a(ultoa_invert.o)
                0x000089c4                __ultoa_invert
 .text.libgcc.mul
                0x00008a80       0x10 c:/program files (x86)/atmel/studio/7.0/toolchain/avr8/avr8-gnu-toolchain/bin/../lib/gcc/avr/5.4.0/avr6\libgcc.a(_mulshisi3.o)
                0x00008a80                __mulshisi3
                0x00008a86                __mulohisi3
 .text.libgcc.div
                0x00008a90        0x0 c:/program files (x86)/atmel/studio/7.0/toolchain/avr8/avr8-gnu-toolchain/bin/../lib/gcc/avr/5.4.0/avr6\libgcc.a(_mulshisi3.o)
 .text.libgcc   0x00008a90        0x0 c:/program files (x86)/atmel/studio/7.0/toolchain/avr8/avr8-gnu-toolchain/bin/../lib/gcc/avr/5.4.0/avr6\libgcc.a(_mulshisi3.o)
 .text.libgcc.prologue
                0x00008a90        0x0 c:/program files (x86)/atmel/studio/7.0/toolchain/avr8/avr8-gnu-toolchain/bin/../lib/gcc/avr/5.4.0/avr6\libgcc.a(_mulshisi3.o)
 .text.libgcc.builtins
                0x00008a90        0x0 c:/program files (x86)/atmel/studio/7.0/toolchain/avr8/avr8-gnu-toolchain/bin/../lib/gcc/avr/5.4.0/avr6\libgcc.a(_mulshisi3.o)
 .text.libgcc.fmul
                0x00008a90        0x0 c:/program files (x86)/atmel/studio/7.0/toolchain/avr8/avr8-gnu-toolchain/bin/../lib/gcc/avr/5.4.0/avr6\libgcc.a(_mulshisi3.o)
 .text.libgcc.fixed
                0x00008a90        0x0 c:/program files (x86)/atmel/studio/7.0/toolchain/avr8/avr8-gnu-toolchain/bin/../lib/gcc/avr/5.4.0/avr6\libgcc.a(_mulshisi3.o)
                0x00008a90                . = ALIGN (0x2)
 *(.fini9)
 .fini9         0x00008a90        0x0 c:/program files (x86)/atmel/studio/7.0/toolchain/avr8/avr8-gnu-toolchain/bin/../lib/gcc/avr/5.4.0/avr6\libgcc.a(_exit.o)
                0x00008a90                _exit
                0x00008a90                exit
 *(.fini9)
 *(.fini8)
 *(.fini8)
 *(.fini7)
 *(.fini7)
 *(.fini6)
 *(.fini6)
 *(.fini5)
 *(.fini5)
 *(.fini4)
 *(.fini4)
 *(.fini3)
 *(.fini3)
 *(.fini2)
 *(.fini2)
 *(.fini1)
 *(.fini1)
 *(.fini0)
 .fini0         0x00008a90        0x4 c:/program files (x86)/atmel/studio/7.0/toolchain/avr8/avr8-gnu-toolchain/bin/../lib/gcc/avr/5.4.0/avr6\libgcc.a(_exit.o)
 *(.fini0)
                0x00008a94                _etext = .

.data           0x00800200      0x2e8 load address 0x00008a94
                0x00800200                PROVIDE (__data_start, .)
 *(.data)
 .data          0x00800200        0x0 c:/program files (x86)/atmel/studio/7.0/toolchain/avr8/avr8-gnu-toolchain/bin/../lib/gcc/avr/5.4.0/../../../../avr/lib/avr6/crtatmega2560.o
 .data          0x00800200        0x0 obj\Release\arduino\abi.o
 .data          0x00800200        0x0 obj\Release\arduino\CDC.o
 .data          0x00800200        0x0 obj\Release\arduino\dht.o
 .data          0x00800200        0x0 obj\Release\arduino\HardwareSerial.o
 .data          0x00800200        0x0 obj\Release\arduino\HardwareSerial0.o
 .data          0x00800200        0x0 obj\Release\arduino\HardwareSerial1.o
 .data          0x00800200        0x0 obj\Release\arduino\HardwareSerial2.o
 .data          0x00800200        0x0 obj\Release\arduino\HardwareSerial3.o
 .data          0x00800200        0x0 obj\Release\arduino\hooks.o
 .data          0x00800200        0x0 obj\Release\arduino\IPAddress.o
 .data          0x00800200        0x0 obj\Release\arduino\Key.o
 .data          0x00800200        0x0 obj\Release\arduino\Keypad.o
 .data          0x00800200        0x0 obj\Release\arduino\LiquidCrystal_I2C.o
 .data          0x00800200        0x0 obj\Release\arduino\main.o
 .data          0x00800200        0x0 obj\Release\arduino\new.o
 .data          0x00800200        0x0 obj\Release\arduino\Password.o
 .data          0x00800200        0x0 obj\Release\arduino\PluggableUSB.o
 .data          0x00800200        0x0 obj\Release\arduino\Print.o
 .data          0x00800200        0x0 obj\Release\arduino\Servo.o
 .data          0x00800200        0x0 obj\Release\arduino\Stream.o
 .data          0x00800200        0x1 obj\Release\arduino\Tone.o
 .data          0x00800201        0x0 obj\Release\arduino\USBCore.o
 .data          0x00800201        0x0 obj\Release\arduino\utility\twi.o
 .data          0x00800201       0x10 obj\Release\arduino\WInterrupts.o
 .data          0x00800211        0x0 obj\Release\arduino\Wire.o
 .data          0x00800211        0x0 obj\Release\arduino\wiring.o
 .data          0x00800211        0x1 obj\Release\arduino\wiring_analog.o
                0x00800211                analog_reference
 .data          0x00800212        0x0 obj\Release\arduino\wiring_digital.o
 .data          0x00800212        0x0 obj\Release\arduino\wiring_pulse.o
 .data          0x00800212        0x0 obj\Release\arduino\wiring_shift.o
 .data          0x00800212        0x0 obj\Release\arduino\WMath.o
 .data          0x00800212        0x0 obj\Release\arduino\WString.o
 .data          0x00800212        0x0 obj\Release\Comfort.o
 .data          0x00800212        0x1 obj\Release\Doorlock.o
                0x00800212                doorbuzzer
 .data          0x00800213       0x32 obj\Release\HWInputs.o
                0x00800213                colPins
                0x00800217                rowPins
                0x0080021b                hexaKeys
                0x0080022b                colPinsDl
                0x0080022f                rowPinsDl
                0x00800233                hexaKeysDoorlock
                0x00800243                cnt
 .data          0x00800245        0x0 obj\Release\HWOutputs.o
 .data          0x00800245        0x0 obj\Release\Lights.o
 .data          0x00800245        0x0 obj\Release\Logic.o
 .data          0x00800245        0x3 obj\Release\Security.o
                0x00800245                counter
                0x00800247                buzzer
 .data          0x00800248        0x0 obj\Release\SmartHome.o
 .data          0x00800248        0x0 obj\Release\SWInputs.o
 .data          0x00800248        0x0 obj\Release\SWOutputs.o
 .data          0x00800248       0xa8 obj\Release\WifiConn.o
                0x00800248                pgSecurity
                0x0080027a                pgConfort
                0x008002ab                pgLights
                0x008002db                netwpass
                0x008002ef                continuee
 .data          0x008002f0        0x0 c:/program files (x86)/atmel/studio/7.0/toolchain/avr8/avr8-gnu-toolchain/bin/../lib/gcc/avr/5.4.0/avr6\libgcc.a(_mulsi3.o)
 .data          0x008002f0        0x0 c:/program files (x86)/atmel/studio/7.0/toolchain/avr8/avr8-gnu-toolchain/bin/../lib/gcc/avr/5.4.0/avr6\libgcc.a(_udivmodqi4.o)
 .data          0x008002f0        0x0 c:/program files (x86)/atmel/studio/7.0/toolchain/avr8/avr8-gnu-toolchain/bin/../lib/gcc/avr/5.4.0/avr6\libgcc.a(_udivmodsi4.o)
 .data          0x008002f0        0x0 c:/program files (x86)/atmel/studio/7.0/toolchain/avr8/avr8-gnu-toolchain/bin/../lib/gcc/avr/5.4.0/avr6\libgcc.a(_divmodsi4.o)
 .data          0x008002f0        0x0 c:/program files (x86)/atmel/studio/7.0/toolchain/avr8/avr8-gnu-toolchain/bin/../lib/gcc/avr/5.4.0/avr6\libgcc.a(_negsi2.o)
 .data          0x008002f0        0x0 c:/program files (x86)/atmel/studio/7.0/toolchain/avr8/avr8-gnu-toolchain/bin/../lib/gcc/avr/5.4.0/avr6\libgcc.a(_exit.o)