Archive member included to satisfy reference by file (symbol)

c:/atmel/studio/7.0/toolchain/avr8/avr8-gnu-toolchain/bin/../lib/gcc/avr/5.4.0/avr6\libgcc.a(_mulsi3.o)
                              obj\Debug\arduino\Tone.o (__mulsi3)
c:/atmel/studio/7.0/toolchain/avr8/avr8-gnu-toolchain/bin/../lib/gcc/avr/5.4.0/avr6\libgcc.a(_udivmodsi4.o)
                              obj\Debug\arduino\HardwareSerial.o (__udivmodsi4)
c:/atmel/studio/7.0/toolchain/avr8/avr8-gnu-toolchain/bin/../lib/gcc/avr/5.4.0/avr6\libgcc.a(_divmodsi4.o)
                              obj\Debug\arduino\WMath.o (__divmodsi4)
c:/atmel/studio/7.0/toolchain/avr8/avr8-gnu-toolchain/bin/../lib/gcc/avr/5.4.0/avr6\libgcc.a(_negsi2.o)
                              c:/atmel/studio/7.0/toolchain/avr8/avr8-gnu-toolchain/bin/../lib/gcc/avr/5.4.0/avr6\libgcc.a(_divmodsi4.o) (__negsi2)
c:/atmel/studio/7.0/toolchain/avr8/avr8-gnu-toolchain/bin/../lib/gcc/avr/5.4.0/avr6\libgcc.a(_exit.o)
                              c:/atmel/studio/7.0/toolchain/avr8/avr8-gnu-toolchain/bin/../lib/gcc/avr/5.4.0/../../../../avr/lib/avr6/crtatmega2560.o (exit)
c:/atmel/studio/7.0/toolchain/avr8/avr8-gnu-toolchain/bin/../lib/gcc/avr/5.4.0/avr6\libgcc.a(_tablejump2.o)
                              obj\Debug\arduino\WInterrupts.o (__tablejump2__)
c:/atmel/studio/7.0/toolchain/avr8/avr8-gnu-toolchain/bin/../lib/gcc/avr/5.4.0/avr6\libgcc.a(_copy_data.o)
                              obj\Debug\arduino\CDC.o (__do_copy_data)
c:/atmel/studio/7.0/toolchain/avr8/avr8-gnu-toolchain/bin/../lib/gcc/avr/5.4.0/avr6\libgcc.a(_clear_bss.o)
                              obj\Debug\arduino\HardwareSerial0.o (__do_clear_bss)
c:/atmel/studio/7.0/toolchain/avr8/avr8-gnu-toolchain/bin/../lib/gcc/avr/5.4.0/avr6\libgcc.a(_ctors.o)
                              obj\Debug\arduino\HardwareSerial0.o (__do_global_ctors)
c:/atmel/studio/7.0/toolchain/avr8/avr8-gnu-toolchain/bin/../lib/gcc/avr/5.4.0/avr6\libgcc.a(_muluhisi3.o)
                              c:/atmel/studio/7.0/toolchain/avr8/avr8-gnu-toolchain/bin/../lib/gcc/avr/5.4.0/avr6\libgcc.a(_mulsi3.o) (__muluhisi3)
c:/atmel/studio/7.0/toolchain/avr8/avr8-gnu-toolchain/bin/../lib/gcc/avr/5.4.0/avr6\libgcc.a(_umulhisi3.o)
                              c:/atmel/studio/7.0/toolchain/avr8/avr8-gnu-toolchain/bin/../lib/gcc/avr/5.4.0/avr6\libgcc.a(_muluhisi3.o) (__umulhisi3)
c:/atmel/studio/7.0/toolchain/avr8/avr8-gnu-toolchain/bin/../lib/gcc/avr/5.4.0/../../../../avr/lib/avr6\libm.a(addsf3.o)
                              obj\Debug\arduino\Print.o (__subsf3)
c:/atmel/studio/7.0/toolchain/avr8/avr8-gnu-toolchain/bin/../lib/gcc/avr/5.4.0/../../../../avr/lib/avr6\libm.a(addsf3x.o)
                              c:/atmel/studio/7.0/toolchain/avr8/avr8-gnu-toolchain/bin/../lib/gcc/avr/5.4.0/../../../../avr/lib/avr6\libm.a(addsf3.o) (__addsf3x)
c:/atmel/studio/7.0/toolchain/avr8/avr8-gnu-toolchain/bin/../lib/gcc/avr/5.4.0/../../../../avr/lib/avr6\libm.a(cmpsf2.o)
                              obj\Debug\arduino\Print.o (__ltsf2)
c:/atmel/studio/7.0/toolchain/avr8/avr8-gnu-toolchain/bin/../lib/gcc/avr/5.4.0/../../../../avr/lib/avr6\libm.a(divsf3.o)
                              obj\Debug\arduino\Print.o (__divsf3)
c:/atmel/studio/7.0/toolchain/avr8/avr8-gnu-toolchain/bin/../lib/gcc/avr/5.4.0/../../../../avr/lib/avr6\libm.a(divsf3x.o)
                              c:/atmel/studio/7.0/toolchain/avr8/avr8-gnu-toolchain/bin/../lib/gcc/avr/5.4.0/../../../../avr/lib/avr6\libm.a(divsf3.o) (__divsf3x)
c:/atmel/studio/7.0/toolchain/avr8/avr8-gnu-toolchain/bin/../lib/gcc/avr/5.4.0/../../../../avr/lib/avr6\libm.a(fixunssfsi.o)
                              obj\Debug\arduino\Print.o (__fixunssfsi)
c:/atmel/studio/7.0/toolchain/avr8/avr8-gnu-toolchain/bin/../lib/gcc/avr/5.4.0/../../../../avr/lib/avr6\libm.a(floatsisf.o)
                              obj\Debug\arduino\Print.o (__floatunsisf)
c:/atmel/studio/7.0/toolchain/avr8/avr8-gnu-toolchain/bin/../lib/gcc/avr/5.4.0/../../../../avr/lib/avr6\libm.a(fp_cmp.o)
                              c:/atmel/studio/7.0/toolchain/avr8/avr8-gnu-toolchain/bin/../lib/gcc/avr/5.4.0/../../../../avr/lib/avr6\libm.a(cmpsf2.o) (__fp_cmp)
c:/atmel/studio/7.0/toolchain/avr8/avr8-gnu-toolchain/bin/../lib/gcc/avr/5.4.0/../../../../avr/lib/avr6\libm.a(fp_inf.o)
                              c:/atmel/studio/7.0/toolchain/avr8/avr8-gnu-toolchain/bin/../lib/gcc/avr/5.4.0/../../../../avr/lib/avr6\libm.a(addsf3x.o) (__fp_inf)
c:/atmel/studio/7.0/toolchain/avr8/avr8-gnu-toolchain/bin/../lib/gcc/avr/5.4.0/../../../../avr/lib/avr6\libm.a(fp_nan.o)
                              c:/atmel/studio/7.0/toolchain/avr8/avr8-gnu-toolchain/bin/../lib/gcc/avr/5.4.0/../../../../avr/lib/avr6\libm.a(addsf3x.o) (__fp_nan)
c:/atmel/studio/7.0/toolchain/avr8/avr8-gnu-toolchain/bin/../lib/gcc/avr/5.4.0/../../../../avr/lib/avr6\libm.a(fp_pscA.o)
[...]
Memory Configuration

Name             Origin             Length             Attributes
text             0x00000000         0x00100000         xr
data             0x00800200         0x0000fe00         rw !x
eeprom           0x00810000         0x00010000         rw !x
fuse             0x00820000         0x00000003         rw !x
lock             0x00830000         0x00000400         rw !x
signature        0x00840000         0x00000400         rw !x
user_signatures  0x00850000         0x00000400         rw !x
*default*        0x00000000         0xffffffff

Linker script and memory map

Address of section .data set to 0x800200
LOAD c:/atmel/studio/7.0/toolchain/avr8/avr8-gnu-toolchain/bin/../lib/gcc/avr/5.4.0/../../../../avr/lib/avr6/crtatmega2560.o
LOAD obj\Debug\arduino\abi.o
LOAD obj\Debug\arduino\CDC.o
LOAD obj\Debug\arduino\HardwareSerial.o
LOAD obj\Debug\arduino\HardwareSerial0.o
LOAD obj\Debug\arduino\HardwareSerial1.o
LOAD obj\Debug\arduino\HardwareSerial2.o
LOAD obj\Debug\arduino\HardwareSerial3.o
LOAD obj\Debug\arduino\hooks.o
LOAD obj\Debug\arduino\IPAddress.o
LOAD obj\Debug\arduino\main.o
LOAD obj\Debug\arduino\new.o
LOAD obj\Debug\arduino\PluggableUSB.o
LOAD obj\Debug\arduino\Print.o
LOAD obj\Debug\arduino\Stream.o
LOAD obj\Debug\arduino\Tone.o
LOAD obj\Debug\arduino\USBCore.o
LOAD obj\Debug\arduino\WInterrupts.o
LOAD obj\Debug\arduino\wiring.o
LOAD obj\Debug\arduino\wiring_analog.o
LOAD obj\Debug\arduino\wiring_digital.o
LOAD obj\Debug\arduino\wiring_pulse.o
LOAD obj\Debug\arduino\wiring_shift.o
LOAD obj\Debug\arduino\WMath.o
LOAD obj\Debug\arduino\WString.o
LOAD obj\Debug\HWInputs.o
LOAD obj\Debug\HWOutputs.o
LOAD obj\Debug\Logic.o
LOAD obj\Debug\SmartHome.o
LOAD obj\Debug\SWInputs.o
LOAD obj\Debug\SWOutputs.o
LOAD c:/atmel/studio/7.0/toolchain/avr8/avr8-gnu-toolchain/bin/../lib/gcc/avr/5.4.0/avr6\libgcc.a
LOAD c:/atmel/studio/7.0/toolchain/avr8/avr8-gnu-toolchain/bin/../lib/gcc/avr/5.4.0/../../../../avr/lib/avr6\libm.a
START GROUP
LOAD c:/atmel/studio/7.0/toolchain/avr8/avr8-gnu-toolchain/bin/../lib/gcc/avr/5.4.0/avr6\libgcc.a
LOAD c:/atmel/studio/7.0/toolchain/avr8/avr8-gnu-toolchain/bin/../lib/gcc/avr/5.4.0/../../../../avr/lib/avr6\libm.a
LOAD c:/atmel/studio/7.0/toolchain/avr8/avr8-gnu-toolchain/bin/../lib/gcc/avr/5.4.0/../../../../avr/lib/avr6\libc.a
LOAD c:/atmel/studio/7.0/toolchain/avr8/avr8-gnu-toolchain/bin/../lib/gcc/avr/5.4.0/../../../../avr/lib/avr6\libatmega2560.a
END GROUP
                0x00100000                __TEXT_REGION_LENGTH__ = DEFINED (__TEXT_REGION_LENGTH__)?__TEXT_REGION_LENGTH__:0x100000
                0x0000fe00                __DATA_REGION_LENGTH__ = DEFINED (__DATA_REGION_LENGTH__)?__DATA_REGION_LENGTH__:0xfe00
                0x00010000                __EEPROM_REGION_LENGTH__ = DEFINED (__EEPROM_REGION_LENGTH__)?__EEPROM_REGION_LENGTH__:0x10000
                [0x00000003]                __FUSE_REGION_LENGTH__ = DEFINED (__FUSE_REGION_LENGTH__)?__FUSE_REGION_LENGTH__:0x400
                0x00000400                __LOCK_REGION_LENGTH__ = DEFINED (__LOCK_REGION_LENGTH__)?__LOCK_REGION_LENGTH__:0x400
                0x00000400                __SIGNATURE_REGION_LENGTH__ = DEFINED (__SIGNATURE_REGION_LENGTH__)?__SIGNATURE_REGION_LENGTH__:0x400
                0x00000400                __USER_SIGNATURE_REGION_LENGTH__ = DEFINED (__USER_SIGNATURE_REGION_LENGTH__)?__USER_SIGNATURE_REGION_LENGTH__:0x400

.hash
 *(.hash)

.dynsym
 *(.dynsym)

.dynstr
 *(.dynstr)

.gnu.version
 *(.gnu.version)

.gnu.version_d
 *(.gnu.version_d)

.gnu.version_r
 *(.gnu.version_r)

.rel.init
 *(.rel.init)

.rela.init
 *(.rela.init)

.rel.text
 *(.rel.text)
 *(.rel.text.*)
 *(.rel.gnu.linkonce.t*)

.rela.text
 *(.rela.text)
 *(.rela.text.*)
 *(.rela.gnu.linkonce.t*)

.rel.fini
 *(.rel.fini)

.rela.fini
 *(.rela.fini)

.rel.rodata
 *(.rel.rodata)
 *(.rel.rodata.*)
 *(.rel.gnu.linkonce.r*)

.rela.rodata
 *(.rela.rodata)
 *(.rela.rodata.*)
 *(.rela.gnu.linkonce.r*)

.rel.data
 *(.rel.data)
 *(.rel.data.*)
 *(.rel.gnu.linkonce.d*)

.rela.data
 *(.rela.data)
 *(.rela.data.*)
 *(.rela.gnu.linkonce.d*)

.rel.ctors
 *(.rel.ctors)

.rela.ctors
 *(.rela.ctors)

.rel.dtors
 *(.rel.dtors)

.rela.dtors
 *(.rela.dtors)

.rel.got
 *(.rel.got)

.rela.got
 *(.rela.got)

.rel.bss
 *(.rel.bss)

.rela.bss
 *(.rela.bss)

.rel.plt
 *(.rel.plt)

.rela.plt
 *(.rela.plt)

.text           0x00000000     0xa12e
 *(.vectors)
 .vectors       0x00000000       0xe4 c:/atmel/studio/7.0/toolchain/avr8/avr8-gnu-toolchain/bin/../lib/gcc/avr/5.4.0/../../../../avr/lib/avr6/crtatmega2560.o
                0x00000000                __vector_default
                0x00000000                __vectors
 *(.vectors)
 *(.progmem.gcc*)
 .progmem.gcc_sw_table
                0x000000e4       0x20 obj\Debug\arduino\WInterrupts.o
 .progmem.gcc_sw_table
                0x00000104       0x24 obj\Debug\arduino\wiring_analog.o
 .progmem.gcc_sw_table
                0x00000128       0x24 obj\Debug\arduino\wiring_digital.o
                0x0000014c                . = ALIGN (0x2)
                0x0000014c                __trampolines_start = .
 *(.trampolines)
 .trampolines   0x0000014c      0x120 linker stubs
 *(.trampolines*)
                0x0000026c                __trampolines_end = .
 *libprintf_flt.a:*(.progmem.data)
 *libc.a:*(.progmem.data)
 .progmem.data  0x0000026c       0x3b c:/atmel/studio/7.0/toolchain/avr8/avr8-gnu-toolchain/bin/../lib/gcc/avr/5.4.0/../../../../avr/lib/avr6\libc.a(strtod.o)
 .progmem.data  0x000002a7       0xfa c:/atmel/studio/7.0/toolchain/avr8/avr8-gnu-toolchain/bin/../lib/gcc/avr/5.4.0/../../../../avr/lib/avr6\libc.a(ftoa_engine.o)
 *(.progmem*)
 .progmem.data  0x000003a1        0x1 obj\Debug\arduino\Tone.o
 .progmem.data  0x000003a2       0x5a obj\Debug\arduino\wiring_digital.o
                0x000003a2                port_to_mode_PGM
                0x000003ac                port_to_output_PGM
                0x000003b6                port_to_input_PGM
                0x000003c0                digital_pin_to_port_PGM
                0x000003d4                digital_pin_to_bit_mask_PGM
                0x000003e8                digital_pin_to_timer_PGM
                0x000003fc                . = ALIGN (0x2)
 *(.jumptables)
 *(.jumptables*)
 *(.lowtext)
 *(.lowtext*)
                0x000003fc                __ctors_start = .
 *(.ctors)
 .ctors         0x000003fc        0x2 obj\Debug\arduino\HardwareSerial0.o
 .ctors         0x000003fe        0x2 obj\Debug\arduino\HardwareSerial1.o
 .ctors         0x00000400        0x2 obj\Debug\arduino\HardwareSerial2.o
 .ctors         0x00000402        0x2 obj\Debug\arduino\HardwareSerial3.o
 .ctors         0x00000404        0x2 obj\Debug\arduino\IPAddress.o
                0x00000406                __ctors_end = .
                0x00000406                __dtors_start = .
 *(.dtors)
                0x00000406                __dtors_end = .
 SORT(*)(.ctors)
 SORT(*)(.dtors)
 *(.init0)
 .init0         0x00000406        0x0 c:/atmel/studio/7.0/toolchain/avr8/avr8-gnu-toolchain/bin/../lib/gcc/avr/5.4.0/../../../../avr/lib/avr6/crtatmega2560.o
                0x00000406                __init
 *(.init0)
 *(.init1)
 *(.init1)
 *(.init2)
 .init2         0x00000406       0x10 c:/atmel/studio/7.0/toolchain/avr8/avr8-gnu-toolchain/bin/../lib/gcc/avr/5.4.0/../../../../avr/lib/avr6/crtatmega2560.o
 *(.init2)
 *(.init3)
 *(.init3)
 *(.init4)
 .init4         0x00000416       0x1a c:/atmel/studio/7.0/toolchain/avr8/avr8-gnu-toolchain/bin/../lib/gcc/avr/5.4.0/avr6\libgcc.a(_copy_data.o)
                0x00000416                __do_copy_data
 .init4         0x00000430       0x10 c:/atmel/studio/7.0/toolchain/avr8/avr8-gnu-toolchain/bin/../lib/gcc/avr/5.4.0/avr6\libgcc.a(_clear_bss.o)
                0x00000430                __do_clear_bss
 *(.init4)
 *(.init5)
 *(.init5)
 *(.init6)
 .init6         0x00000440       0x20 c:/atmel/studio/7.0/toolchain/avr8/avr8-gnu-toolchain/bin/../lib/gcc/avr/5.4.0/avr6\libgcc.a(_ctors.o)
                0x00000440                __do_global_ctors
 *(.init6)
 *(.init7)
 *(.init7)
 *(.init8)
 *(.init8)
 *(.init9)
 .init9         0x00000460        0x8 c:/atmel/studio/7.0/toolchain/avr8/avr8-gnu-toolchain/bin/../lib/gcc/avr/5.4.0/../../../../avr/lib/avr6/crtatmega2560.o
 *(.init9)
 *(.text)
 .text          0x00000468        0x4 c:/atmel/studio/7.0/toolchain/avr8/avr8-gnu-toolchain/bin/../lib/gcc/avr/5.4.0/../../../../avr/lib/avr6/crtatmega2560.o
                0x00000468                __vector_38
                0x00000468                __vector_22
                0x00000468                __vector_28
                0x00000468                __vector_32
                0x00000468                __vector_34
                0x00000468                __vector_24
                0x00000468                __vector_12
                0x00000468                __vector_46
                0x00000468                __bad_interrupt
                0x00000468                __vector_31
                0x00000468                __vector_35
                0x00000468                __vector_39
                0x00000468                __vector_30
                0x00000468                __vector_45
                0x00000468                __vector_11
                0x00000468                __vector_17
                0x00000468                __vector_19
                0x00000468                __vector_56
                0x00000468                __vector_49
                0x00000468                __vector_41
                0x00000468                __vector_43
                0x00000468                __vector_27
                0x00000468                __vector_33
                0x00000468                __vector_47
                0x00000468                __vector_44
                0x00000468                __vector_9
                0x00000468                __vector_21
                0x00000468                __vector_15
                0x00000468                __vector_29
                0x00000468                __vector_40
                0x00000468                __vector_48
                0x00000468                __vector_14
                0x00000468                __vector_53
                0x00000468                __vector_10
                0x00000468                __vector_50
                0x00000468                __vector_16
                0x00000468                __vector_18
                0x00000468                __vector_20
                0x00000468                __vector_42
 .text          0x0000046c       0x18 obj\Debug\arduino\abi.o
                0x0000046c                __cxa_pure_virtual
                0x00000478                __cxa_deleted_virtual
 .text          0x00000484        0x0 obj\Debug\arduino\CDC.o
 .text          0x00000484      0x7e0 obj\Debug\arduino\HardwareSerial.o
                0x000004c2                _Z14serialEventRunv
                0x0000056a                _ZN14HardwareSerial17_tx_udr_empty_irqEv
                0x00000636                _ZN14HardwareSerial5beginEmh
                0x000007b8                _ZN14HardwareSerial3endEv
                0x00000876                _ZN14HardwareSerial9availableEv
                0x000008ba                _ZN14HardwareSerial4peekEv
                0x00000914                _ZN14HardwareSerial4readEv
                0x00000988                _ZN14HardwareSerial17availableForWriteEv
                0x000009f2                _ZN14HardwareSerial5flushEv
                0x00000abc                _ZN14HardwareSerial5writeEh
 .text          0x00000c64      0x186 obj\Debug\arduino\HardwareSerial0.o
                0x00000c64                __vector_25
                0x00000cce                __vector_26
                0x00000d38                _Z17Serial0_availablev
 .text          0x00000dea      0x186 obj\Debug\arduino\HardwareSerial1.o
                0x00000dea                __vector_36
                0x00000e54                __vector_37
                0x00000ebe                _Z17Serial1_availablev
 .text          0x00000f70      0x186 obj\Debug\arduino\HardwareSerial2.o
                0x00000f70                __vector_51
                0x00000fda                __vector_52
                0x00001044                _Z17Serial2_availablev
 .text          0x000010f6      0x18a obj\Debug\arduino\HardwareSerial3.o
                0x000010f6                __vector_54
                0x00001160                __vector_55
                0x000011ca                _Z17Serial3_availablev
 .text          0x00001280       0x10 obj\Debug\arduino\hooks.o
                0x00001280                yield
 .text          0x00001290      0x418 obj\Debug\arduino\IPAddress.o
                0x00001290                _ZN9IPAddressC2Ev
                0x00001290                _ZN9IPAddressC1Ev
                0x000012d0                _ZN9IPAddressC2Ehhhh
                0x000012d0                _ZN9IPAddressC1Ehhhh
                0x0000133e                _ZN9IPAddressC1Em
                0x0000133e                _ZN9IPAddressC2Em
                0x00001396                _ZN9IPAddressC1EPKh
                0x00001396                _ZN9IPAddressC2EPKh
                0x000013e4                _ZN9IPAddress10fromStringEPKc
                0x000014cc                _ZN9IPAddressaSEPKh
                0x00001506                _ZN9IPAddressaSEm
                0x0000154a                _ZNK9IPAddresseqEPKh
                0x0000158e                _ZNK9IPAddress7printToER5Print
 .text          0x000016a8       0x64 obj\Debug\arduino\main.o
                0x000016a8                atexit
                0x000016c6                initVariant
                0x000016d6                _Z8setupUSBv
                0x000016e6                main
 .text          0x0000170c       0x8c obj\Debug\arduino\new.o
                0x0000170c                _Znwj
                0x0000172e                _Znaj
                0x00001750                _ZdlPv
                0x00001774                _ZdaPv
 .text          0x00001798        0x0 obj\Debug\arduino\PluggableUSB.o
 .text          0x00001798      0xc96 obj\Debug\arduino\Print.o
                0x00001798                _ZN5Print5writeEPKhj
                0x00001832                _ZN5Print5printEPK19__FlashStringHelper
                0x000018ce                _ZN5Print5printERK6String
                0x00001918                _ZN5Print5printEPKc
                0x00001948                _ZN5Print5printEc
                0x00001980                _ZN5Print5printEhi
                0x000019c4                _ZN5Print5printEii
                0x00001a0c                _ZN5Print5printEji
                0x00001a52                _ZN5Print5printEli
                0x00001b44                _ZN5Print5printEmi
                0x00001bb8                _ZN5Print5printEdi
                0x00001c06                _ZN5Print7printlnEPK19__FlashStringHelper
                0x00001c58                _ZN5Print5printERK9Printable
                0x00001c98                _ZN5Print7printlnEv
                0x00001cbe                _ZN5Print7printlnERK6String
                0x00001d10                _ZN5Print7printlnEPKc
                0x00001d62                _ZN5Print7printlnEc
                0x00001dae                _ZN5Print7printlnEhi
                0x00001e0c                _ZN5Print7printlnEii
                0x00001e6e                _ZN5Print7printlnEji
                0x00001ed0                _ZN5Print7printlnEli
                0x00001f3e                _ZN5Print7printlnEmi
                0x00001fac                _ZN5Print7printlnEdi
                0x0000201a                _ZN5Print7printlnERK9Printable
                0x0000206c                _ZN5Print11printNumberEmh
                0x00002150                _ZN5Print10printFloatEdh
 .text          0x0000242e      0xc34 obj\Debug\arduino\Stream.o
                0x0000242e                _ZN6Stream9timedReadEv
                0x000024d2                _ZN6Stream9timedPeekEv
                0x00002576                _ZN6Stream13peekNextDigitE13LookaheadModeb
                0x0000263e                _ZN6Stream10setTimeoutEm
                0x00002680                _ZN6Stream4findEPc
                0x000026c8                _ZN6Stream4findEPcj
                0x00002712                _ZN6Stream9findUntilEPcS0_
                0x00002768                _ZN6Stream9findUntilEPcjS0_j
                0x00002840                _ZN6Stream8parseIntE13LookaheadModec
                0x00002998                _ZN6Stream10parseFloatE13LookaheadModec
                0x00002b7e                _ZN6Stream9readBytesEPcj
                0x00002bfc                _ZN6Stream14readBytesUntilEcPcj
                0x00002c9a                _ZN6Stream10readStringEv
                0x00002d00                _ZN6Stream15readStringUntilEc
                0x00002d82                _ZN6Stream9findMultiEPNS_11MultiTargetEi
 .text          0x00003062      0xd80 obj\Debug\arduino\Tone.o
                0x000035f8                _Z4tonehjm
                0x00003b84                _Z12disableTimerh
                0x00003c5e                _Z6noToneh
                0x00003cf0                __vector_13
 .text          0x00003de2        0x0 obj\Debug\arduino\USBCore.o
 .text          0x00003de2      0x6b8 obj\Debug\arduino\WInterrupts.o
                0x00003df2                attachInterrupt
                0x00004024                detachInterrupt
                0x0000412a                __vector_1
                0x00004198                __vector_2
                0x00004206                __vector_3
                0x00004274                __vector_4
                0x000042e2                __vector_5
                0x00004350                __vector_6
                0x000043be                __vector_7
                0x0000442c                __vector_8
 .text          0x0000449a      0x4d6 obj\Debug\arduino\wiring.o
                0x0000449a                __vector_23
                0x00004580                millis
                0x000045d8                micros
                0x00004694                delay
                0x00004764                delayMicroseconds
                0x000047b0                init
 .text          0x00004970      0x3c8 obj\Debug\arduino\wiring_analog.o
                0x00004970                analogReference
                0x0000498c                analogRead
                0x00004a5c                analogWrite
 .text          0x00004d38      0x502 obj\Debug\arduino\wiring_digital.o
                0x00004d38                pinMode
                0x00005054                digitalWrite
                0x00005166                digitalRead
 .text          0x0000523a      0x49a obj\Debug\arduino\wiring_pulse.o
                0x0000523a                pulseIn
                0x000053a2                pulseInLong
                0x000055b2                countPulseASM
 .text          0x000056d4      0x15a obj\Debug\arduino\wiring_shift.o
                0x000056d4                shiftIn
                0x00005778                shiftOut
 .text          0x0000582e      0x292 obj\Debug\arduino\WMath.o
                0x0000582e                _Z10randomSeedm
                0x00005872                _Z6randoml
                0x000058cc                _Z6randomll
                0x00005986                _Z3maplllll
                0x00005a74                _Z8makeWordj
                0x00005a92                _Z8makeWordhh
 .text          0x00005ac0     0x24de obj\Debug\arduino\WString.o
                0x00005ac0                _ZN6StringC2EPKc
                0x00005ac0                _ZN6StringC1EPKc
                0x00005b0c                _ZN6StringC1ERKS_
                0x00005b0c                _ZN6StringC2ERKS_
                0x00005b46                _ZN6StringC1EPK19__FlashStringHelper
                0x00005b46                _ZN6StringC2EPK19__FlashStringHelper
                0x00005b80                _ZN6StringC2Ec
                0x00005b80                _ZN6StringC1Ec
                0x00005bc4                _ZN6StringC1Ehh
                0x00005bc4                _ZN6StringC2Ehh
                0x00005c26                _ZN6StringC1Eih
                0x00005c26                _ZN6StringC2Eih
                0x00005c88                _ZN6StringC2Ejh
                0x00005c88                _ZN6StringC1Ejh
                0x00005cea                _ZN6StringC2Elh
                0x00005cea                _ZN6StringC1Elh
                0x00005d54                _ZN6StringC2Emh
                0x00005d54                _ZN6StringC1Emh
                0x00005dbe                _ZN6StringC1Efh
                0x00005dbe                _ZN6StringC2Efh
                0x00005e30                _ZN6StringC2Edh
                0x00005e30                _ZN6StringC1Edh
                0x00005ea2                _ZN6StringD1Ev
                0x00005ea2                _ZN6StringD2Ev
                0x00005ecc                _ZN6String10invalidateEv
                0x00005f2c                _ZN6String7reserveEj
                0x00005fb2                _ZN6String12changeBufferEj
                0x00006020                _ZN6String4copyEPKcj
                0x0000609a                _ZN6String4copyEPK19__FlashStringHelperj
                0x00006114                _ZN6StringaSERKS_
                0x00006184                _ZN6StringaSEPKc
                0x000061d4                _ZN6StringaSEPK19__FlashStringHelper
                0x00006230                _ZN6String6concatERKS_
                0x00006270                _ZN6String6concatEPKcj
                0x00006322                _ZN6String6concatEPKc
                0x00006368                _ZN6String6concatEc
                0x000063a6                _ZN6String6concatEh
                0x00006404                _ZN6String6concatEi
                0x00006462                _ZN6String6concatEj
                0x000064c0                _ZN6String6concatEl
                0x00006528                _ZN6String6concatEm
                0x00006590                _ZN6String6concatEf
                0x00006602                _ZN6String6concatEd
                0x00006674                _ZN6String6concatEPK19__FlashStringHelper
                0x00006736                _ZplRK15StringSumHelperRK6String
                0x0000679c                _ZplRK15StringSumHelperPKc
                0x00006804                _ZplRK15StringSumHelperc
                0x00006854                _ZplRK15StringSumHelperh
                0x000068a4                _ZplRK15StringSumHelperi
                0x000068fa                _ZplRK15StringSumHelperj
                0x00006950                _ZplRK15StringSumHelperl
                0x000069ba                _ZplRK15StringSumHelperm
                0x00006a24                _ZplRK15StringSumHelperf
                0x00006a8e                _ZplRK15StringSumHelperd
                0x00006af8                _ZplRK15StringSumHelperPK19__FlashStringHelper
                0x00006b4e                _ZNK6String9compareToERKS_
                0x00006c12                _ZNK6String6equalsERKS_
                0x00006c66                _ZNK6String6equalsEPKc
                0x00006cf0                _ZNK6StringltERKS_
                0x00006d28                _ZNK6StringgtERKS_
                0x00006d64                _ZNK6StringleERKS_
                0x00006da0                _ZNK6StringgeERKS_
                0x00006dda                _ZNK6String16equalsIgnoreCaseERKS_
                0x00006ec8                _ZNK6String10startsWithERKS_
                0x00006f1a                _ZNK6String10startsWithERKS_j
                0x00006fba                _ZNK6String8endsWithERKS_
                0x00007058                _ZNK6String6charAtEj
                0x00007088                _ZN6String9setCharAtEjc
                0x000070de                _ZN6StringixEj
                0x0000713e                _ZNK6StringixEj
                0x0000719c                _ZNK6String8getBytesEPhjj
                0x00007278                _ZNK6String7indexOfEc
                0x000072a2                _ZNK6String7indexOfEcj
                0x00007330                _ZNK6String7indexOfERKS_
                0x00007364                _ZNK6String7indexOfERKS_j
                0x000073f6                _ZNK6String11lastIndexOfEc
                0x0000742e                _ZNK6String11lastIndexOfEcj
                0x00007500                _ZNK6String11lastIndexOfERKS_
                0x0000754a                _ZNK6String11lastIndexOfERKS_j
                0x00007674                _ZNK6String9substringEjj
                0x00007780                _ZN6String7replaceEcc
                0x000077f4                _ZN6String7replaceERKS_S1_
                0x00007b88                _ZN6String6removeEj
                0x00007bbe                _ZN6String6removeEjj
                0x00007cd6                _ZN6String11toLowerCaseEv
                0x00007d46                _ZN6String11toUpperCaseEv
                0x00007db6                _ZN6String4trimEv
                0x00007ee8                _ZNK6String5toIntEv
                0x00007f2e                _ZNK6String7toFloatEv
                0x00007f58                _ZNK6String8toDoubleEv
 .text          0x00007f9e       0x26 obj\Debug\HWInputs.o
                0x00007f9e                _Z12HWReadInputsPh
 .text          0x00007fc4       0x32 obj\Debug\HWOutputs.o
                0x00007fc4                _Z14HWWriteOutputsPh
 .text          0x00007ff6       0x20 obj\Debug\Logic.o
                0x00007ff6                _Z12MainFunctionv
 .text          0x00008016       0x40 obj\Debug\SmartHome.o
                0x00008016                setup
                0x00008036                loop
 .text          0x00008056       0x26 obj\Debug\SWInputs.o
                0x00008056                SWReadInputs
 .text          0x0000807c       0x48 obj\Debug\SWOutputs.o
                0x0000807c                SWWriteOutputs
 .text          0x000080c4        0x0 c:/atmel/studio/7.0/toolchain/avr8/avr8-gnu-toolchain/bin/../lib/gcc/avr/5.4.0/avr6\libgcc.a(_mulsi3.o)
 .text          0x000080c4        0x0 c:/atmel/studio/7.0/toolchain/avr8/avr8-gnu-toolchain/bin/../lib/gcc/avr/5.4.0/avr6\libgcc.a(_udivmodsi4.o)
 .text          0x000080c4        0x0 c:/atmel/studio/7.0/toolchain/avr8/avr8-gnu-toolchain/bin/../lib/gcc/avr/5.4.0/avr6\libgcc.a(_divmodsi4.o)
 .text          0x000080c4        0x0 c:/atmel/studio/7.0/toolchain/avr8/avr8-gnu-toolchain/bin/../lib/gcc/avr/5.4.0/avr6\libgcc.a(_negsi2.o)
 .text          0x000080c4        0x0 c:/atmel/studio/7.0/toolchain/avr8/avr8-gnu-toolchain/bin/../lib/gcc/avr/5.4.0/avr6\libgcc.a(_exit.o)
 .text          0x000080c4        0x0 c:/atmel/studio/7.0/toolchain/avr8/avr8-gnu-toolchain/bin/../lib/gcc/avr/5.4.0/avr6\libgcc.a(_tablejump2.o)
 .text          0x000080c4        0x0 c:/atmel/studio/7.0/toolchain/avr8/avr8-gnu-toolchain/bin/../lib/gcc/avr/5.4.0/avr6\libgcc.a(_copy_data.o)
 .text          0x000080c4        0x0 c:/atmel/studio/7.0/toolchain/avr8/avr8-gnu-toolchain/bin/../lib/gcc/avr/5.4.0/avr6\libgcc.a(_clear_bss.o)
 .text          0x000080c4        0x0 c:/atmel/studio/7.0/toolchain/avr8/avr8-gnu-toolchain/bin/../lib/gcc/avr/5.4.0/avr6\libgcc.a(_ctors.o)
 .text          0x000080c4        0x0 c:/atmel/studio/7.0/toolchain/avr8/avr8-gnu-toolchain/bin/../lib/gcc/avr/5.4.0/avr6\libgcc.a(_muluhisi3.o)
 .text          0x000080c4        0x0 c:/atmel/studio/7.0/toolchain/avr8/avr8-gnu-toolchain/bin/../lib/gcc/avr/5.4.0/avr6\libgcc.a(_umulhisi3.o)
 .text          0x000080c4        0x0 c:/atmel/studio/7.0/toolchain/avr8/avr8-gnu-toolchain/bin/../lib/gcc/avr/5.4.0/../../../../avr/lib/avr6\libm.a(addsf3.o)
 .text          0x000080c4        0x0 c:/atmel/studio/7.0/toolchain/avr8/avr8-gnu-toolchain/bin/../lib/gcc/avr/5.4.0/../../../../avr/lib/avr6\libm.a(addsf3x.o)
 .text          0x000080c4        0x0 c:/atmel/studio/7.0/toolchain/avr8/avr8-gnu-toolchain/bin/../lib/gcc/avr/5.4.0/../../../../avr/lib/avr6\libm.a(cmpsf2.o)
 .text          0x000080c4        0x0 c:/atmel/studio/7.0/toolchain/avr8/avr8-gnu-toolchain/bin/../lib/gcc/avr/5.4.0/../../../../avr/lib/avr6\libm.a(divsf3.o)
 .text          0x000080c4        0x0 c:/atmel/studio/7.0/toolchain/avr8/avr8-gnu-toolchain/bin/../lib/gcc/avr/5.4.0/../../../../avr/lib/avr6\libm.a(divsf3x.o)
 .text          0x000080c4        0x0 c:/atmel/studio/7.0/toolchain/avr8/avr8-gnu-toolchain/bin/../lib/gcc/avr/5.4.0/../../../../avr/lib/avr6\libm.a(fixunssfsi.o)
 .text          0x000080c4        0x0 c:/atmel/studio/7.0/toolchain/avr8/avr8-gnu-toolchain/bin/../lib/gcc/avr/5.4.0/../../../../avr/lib/avr6\libm.a(floatsisf.o)
 .text          0x000080c4        0x0 c:/atmel/studio/7.0/toolchain/avr8/avr8-gnu-toolchain/bin/../lib/gcc/avr/5.4.0/../../../../avr/lib/avr6\libm.a(fp_cmp.o)
 .text          0x000080c4        0x0 c:/atmel/studio/7.0/toolchain/avr8/avr8-gnu-toolchain/bin/../lib/gcc/avr/5.4.0/../../../../avr/lib/avr6\libm.a(fp_inf.o)
 .text          0x000080c4        0x0 c:/atmel/studio/7.0/toolchain/avr8/avr8-gnu-toolchain/bin/../lib/gcc/avr/5.4.0/../../../../avr/lib/avr6\libm.a(fp_nan.o)
 .text          0x000080c4        0x0 c:/atmel/studio/7.0/toolchain/avr8/avr8-gnu-toolchain/bin/../lib/gcc/avr/5.4.0/../../../../avr/lib/avr6\libm.a(fp_pscA.o)
 .text          0x000080c4        0x0 c:/atmel/studio/7.0/toolchain/avr8/avr8-gnu-toolchain/bin/../lib/gcc/avr/5.4.0/../../../../avr/lib/avr6\libm.a(fp_pscB.o)
 .text          0x000080c4        0x0 c:/atmel/studio/7.0/toolchain/avr8/avr8-gnu-toolchain/bin/../lib/gcc/avr/5.4.0/../../../../avr/lib/avr6\libm.a(fp_round.o)
 .text          0x000080c4        0x0 c:/atmel/studio/7.0/toolchain/avr8/avr8-gnu-toolchain/bin/../lib/gcc/avr/5.4.0/../../../../avr/lib/avr6\libm.a(fp_split3.o)
 .text          0x000080c4        0x0 c:/atmel/studio/7.0/toolchain/avr8/avr8-gnu-toolchain/bin/../lib/gcc/avr/5.4.0/../../../../avr/lib/avr6\libm.a(fp_zero.o)
 .text          0x000080c4        0x0 c:/atmel/studio/7.0/toolchain/avr8/avr8-gnu-toolchain/bin/../lib/gcc/avr/5.4.0/../../../../avr/lib/avr6\libm.a(gesf2.o)
 .text          0x000080c4        0x0 c:/atmel/studio/7.0/toolchain/avr8/avr8-gnu-toolchain/bin/../lib/gcc/avr/5.4.0/../../../../avr/lib/avr6\libm.a(mulsf3.o)
 .text          0x000080c4        0x0 c:/atmel/studio/7.0/toolchain/avr8/avr8-gnu-toolchain/bin/../lib/gcc/avr/5.4.0/../../../../avr/lib/avr6\libm.a(mulsf3x.o)
 .text          0x000080c4        0x0 c:/atmel/studio/7.0/toolchain/avr8/avr8-gnu-toolchain/bin/../lib/gcc/avr/5.4.0/../../../../avr/lib/avr6\libm.a(unordsf2.o)
 .text          0x000080c4        0x0 c:/atmel/studio/7.0/toolchain/avr8/avr8-gnu-toolchain/bin/../lib/gcc/avr/5.4.0/../../../../avr/lib/avr6\libc.a(dtostrf.o)
 .text          0x000080c4        0x0 c:/atmel/studio/7.0/toolchain/avr8/avr8-gnu-toolchain/bin/../lib/gcc/avr/5.4.0/../../../../avr/lib/avr6\libc.a(malloc.o)
 .text          0x000080c4        0x0 c:/atmel/studio/7.0/toolchain/avr8/avr8-gnu-toolchain/bin/../lib/gcc/avr/5.4.0/../../../../avr/lib/avr6\libc.a(random.o)
 .text          0x000080c4        0x0 c:/atmel/studio/7.0/toolchain/avr8/avr8-gnu-toolchain/bin/../lib/gcc/avr/5.4.0/../../../../avr/lib/avr6\libc.a(realloc.o)
 .text          0x000080c4        0x0 c:/atmel/studio/7.0/toolchain/avr8/avr8-gnu-toolchain/bin/../lib/gcc/avr/5.4.0/../../../../avr/lib/avr6\libc.a(abort.o)
 .text          0x000080c4        0x0 c:/atmel/studio/7.0/toolchain/avr8/avr8-gnu-toolchain/bin/../lib/gcc/avr/5.4.0/../../../../avr/lib/avr6\libc.a(atof.o)
 .text          0x000080c4        0x0 c:/atmel/studio/7.0/toolchain/avr8/avr8-gnu-toolchain/bin/../lib/gcc/avr/5.4.0/../../../../avr/lib/avr6\libc.a(atol.o)
 .text          0x000080c4        0x0 c:/atmel/studio/7.0/toolchain/avr8/avr8-gnu-toolchain/bin/../lib/gcc/avr/5.4.0/../../../../avr/lib/avr6\libc.a(isspace.o)
 .text          0x000080c4        0x0 c:/atmel/studio/7.0/toolchain/avr8/avr8-gnu-toolchain/bin/../lib/gcc/avr/5.4.0/../../../../avr/lib/avr6\libc.a(tolower.o)
 .text          0x000080c4        0x0 c:/atmel/studio/7.0/toolchain/avr8/avr8-gnu-toolchain/bin/../lib/gcc/avr/5.4.0/../../../../avr/lib/avr6\libc.a(toupper.o)
 .text          0x000080c4        0x0 c:/atmel/studio/7.0/toolchain/avr8/avr8-gnu-toolchain/bin/../lib/gcc/avr/5.4.0/../../../../avr/lib/avr6\libc.a(strcpy_P.o)
 .text          0x000080c4        0x0 c:/atmel/studio/7.0/toolchain/avr8/avr8-gnu-toolchain/bin/../lib/gcc/avr/5.4.0/../../../../avr/lib/avr6\libc.a(strlen_P.o)
 .text          0x000080c4        0x0 c:/atmel/studio/7.0/toolchain/avr8/avr8-gnu-toolchain/bin/../lib/gcc/avr/5.4.0/../../../../avr/lib/avr6\libc.a(memcmp.o)
 .text          0x000080c4        0x0 c:/atmel/studio/7.0/toolchain/avr8/avr8-gnu-toolchain/bin/../lib/gcc/avr/5.4.0/../../../../avr/lib/avr6\libc.a(memcpy.o)
 .text          0x000080c4        0x0 c:/atmel/studio/7.0/toolchain/avr8/avr8-gnu-toolchain/bin/../lib/gcc/avr/5.4.0/../../../../avr/lib/avr6\libc.a(memmove.o)
 .text          0x000080c4        0x0 c:/atmel/studio/7.0/toolchain/avr8/avr8-gnu-toolchain/bin/../lib/gcc/avr/5.4.0/../../../../avr/lib/avr6\libc.a(strchr.o)
 .text          0x000080c4        0x0 c:/atmel/studio/7.0/toolchain/avr8/avr8-gnu-toolchain/bin/../lib/gcc/avr/5.4.0/../../../../avr/lib/avr6\libc.a(strcmp.o)
 .text          0x000080c4        0x0 c:/atmel/studio/7.0/toolchain/avr8/avr8-gnu-toolchain/bin/../lib/gcc/avr/5.4.0/../../../../avr/lib/avr6\libc.a(strcpy.o)
 .text          0x000080c4        0x0 c:/atmel/studio/7.0/toolchain/avr8/avr8-gnu-toolchain/bin/../lib/gcc/avr/5.4.0/../../../../avr/lib/avr6\libc.a(strlen.o)
 .text          0x000080c4        0x0 c:/atmel/studio/7.0/toolchain/avr8/avr8-gnu-toolchain/bin/../lib/gcc/avr/5.4.0/../../../../avr/lib/avr6\libc.a(strncmp.o)
 .text          0x000080c4        0x0 c:/atmel/studio/7.0/toolchain/avr8/avr8-gnu-toolchain/bin/../lib/gcc/avr/5.4.0/../../../../avr/lib/avr6\libc.a(strncpy.o)
 .text          0x000080c4        0x0 c:/atmel/studio/7.0/toolchain/avr8/avr8-gnu-toolchain/bin/../lib/gcc/avr/5.4.0/../../../../avr/lib/avr6\libc.a(strrchr.o)
 .text          0x000080c4        0x0 c:/atmel/studio/7.0/toolchain/avr8/avr8-gnu-toolchain/bin/../lib/gcc/avr/5.4.0/../../../../avr/lib/avr6\libc.a(strstr.o)
 .text          0x000080c4        0x0 c:/atmel/studio/7.0/toolchain/avr8/avr8-gnu-toolchain/bin/../lib/gcc/avr/5.4.0/../../../../avr/lib/avr6\libc.a(itoa.o)
 .text          0x000080c4        0x0 c:/atmel/studio/7.0/toolchain/avr8/avr8-gnu-toolchain/bin/../lib/gcc/avr/5.4.0/../../../../avr/lib/avr6\libc.a(itoa_ncheck.o)
 .text          0x000080c4        0x0 c:/atmel/studio/7.0/toolchain/avr8/avr8-gnu-toolchain/bin/../lib/gcc/avr/5.4.0/../../../../avr/lib/avr6\libc.a(ltoa.o)
 .text          0x000080c4        0x0 c:/atmel/studio/7.0/toolchain/avr8/avr8-gnu-toolchain/bin/../lib/gcc/avr/5.4.0/../../../../avr/lib/avr6\libc.a(ltoa_ncheck.o)
 .text          0x000080c4        0x0 c:/atmel/studio/7.0/toolchain/avr8/avr8-gnu-toolchain/bin/../lib/gcc/avr/5.4.0/../../../../avr/lib/avr6\libc.a(mulsi10.o)
 .text          0x000080c4        0x0 c:/atmel/studio/7.0/toolchain/avr8/avr8-gnu-toolchain/bin/../lib/gcc/avr/5.4.0/../../../../avr/lib/avr6\libc.a(ultoa.o)
 .text          0x000080c4        0x0 c:/atmel/studio/7.0/toolchain/avr8/avr8-gnu-toolchain/bin/../lib/gcc/avr/5.4.0/../../../../avr/lib/avr6\libc.a(ultoa_ncheck.o)
 .text          0x000080c4        0x0 c:/atmel/studio/7.0/toolchain/avr8/avr8-gnu-toolchain/bin/../lib/gcc/avr/5.4.0/../../../../avr/lib/avr6\libc.a(utoa.o)
 .text          0x000080c4        0x0 c:/atmel/studio/7.0/toolchain/avr8/avr8-gnu-toolchain/bin/../lib/gcc/avr/5.4.0/../../../../avr/lib/avr6\libc.a(utoa_ncheck.o)
 .text          0x000080c4        0x0 c:/atmel/studio/7.0/toolchain/avr8/avr8-gnu-toolchain/bin/../lib/gcc/avr/5.4.0/../../../../avr/lib/avr6\libc.a(printf.o)
 .text          0x000080c4        0x0 c:/atmel/studio/7.0/toolchain/avr8/avr8-gnu-toolchain/bin/../lib/gcc/avr/5.4.0/../../../../avr/lib/avr6\libc.a(vfprintf_std.o)
 .text          0x000080c4        0x0 c:/atmel/studio/7.0/toolchain/avr8/avr8-gnu-toolchain/bin/../lib/gcc/avr/5.4.0/../../../../avr/lib/avr6\libc.a(dtoa_prf.o)
 .text          0x000080c4        0x0 c:/atmel/studio/7.0/toolchain/avr8/avr8-gnu-toolchain/bin/../lib/gcc/avr/5.4.0/../../../../avr/lib/avr6\libc.a(strtod.o)
 .text          0x000080c4        0x0 c:/atmel/studio/7.0/toolchain/avr8/avr8-gnu-toolchain/bin/../lib/gcc/avr/5.4.0/../../../../avr/lib/avr6\libc.a(ftoa_engine.o)
 .text          0x000080c4        0x0 c:/atmel/studio/7.0/toolchain/avr8/avr8-gnu-toolchain/bin/../lib/gcc/avr/5.4.0/../../../../avr/lib/avr6\libc.a(cty_isfalse.o)
 .text          0x000080c4        0x0 c:/atmel/studio/7.0/toolchain/avr8/avr8-gnu-toolchain/bin/../lib/gcc/avr/5.4.0/../../../../avr/lib/avr6\libc.a(strncasecmp_P.o)
 .text          0x000080c4        0x0 c:/atmel/studio/7.0/toolchain/avr8/avr8-gnu-toolchain/bin/../lib/gcc/avr/5.4.0/../../../../avr/lib/avr6\libc.a(strnlen_P.o)
 .text          0x000080c4        0x0 c:/atmel/studio/7.0/toolchain/avr8/avr8-gnu-toolchain/bin/../lib/gcc/avr/5.4.0/../../../../avr/lib/avr6\libc.a(strnlen.o)
 .text          0x000080c4        0x0 c:/atmel/studio/7.0/toolchain/avr8/avr8-gnu-toolchain/bin/../lib/gcc/avr/5.4.0/../../../../avr/lib/avr6\libc.a(strrev.o)
 .text          0x000080c4        0x0 c:/atmel/studio/7.0/toolchain/avr8/avr8-gnu-toolchain/bin/../lib/gcc/avr/5.4.0/../../../../avr/lib/avr6\libc.a(fputc.o)
 .text          0x000080c4        0x0 c:/atmel/studio/7.0/toolchain/avr8/avr8-gnu-toolchain/bin/../lib/gcc/avr/5.4.0/../../../../avr/lib/avr6\libc.a(iob.o)
 .text          0x000080c4        0x0 c:/atmel/studio/7.0/toolchain/avr8/avr8-gnu-toolchain/bin/../lib/gcc/avr/5.4.0/../../../../avr/lib/avr6\libc.a(ultoa_invert.o)
 .text          0x000080c4        0x0 c:/atmel/studio/7.0/toolchain/avr8/avr8-gnu-toolchain/bin/../lib/gcc/avr/5.4.0/../../../../avr/lib/avr6\libc.a(errno.o)
 .text          0x000080c4        0x0 c:/atmel/studio/7.0/toolchain/avr8/avr8-gnu-toolchain/bin/../lib/gcc/avr/5.4.0/avr6\libgcc.a(_mulshisi3.o)
                0x000080c4                . = ALIGN (0x2)
 *(.text.*)
 .text._ZN5PrintC2Ev
                0x000080c4       0x34 obj\Debug\arduino\HardwareSerial0.o
                0x000080c4                _ZN5PrintC2Ev
                0x000080c4                _ZN5PrintC1Ev
 .text._ZN5Print17availableForWriteEv
                0x000080f8       0x1e obj\Debug\arduino\HardwareSerial0.o
                0x000080f8                _ZN5Print17availableForWriteEv
 .text._ZN5Print5flushEv
                0x00008116       0x1c obj\Debug\arduino\HardwareSerial0.o
                0x00008116                _ZN5Print5flushEv
 .text._ZN6StreamC2Ev
                0x00008132       0x48 obj\Debug\arduino\HardwareSerial0.o
                0x00008132                _ZN6StreamC1Ev
                0x00008132                _ZN6StreamC2Ev
 .text._ZN14HardwareSerialC2EPVhS1_S1_S1_S1_S1_
                0x0000817a       0xe6 obj\Debug\arduino\HardwareSerial0.o
                0x0000817a                _ZN14HardwareSerialC2EPVhS1_S1_S1_S1_S1_
                0x0000817a                _ZN14HardwareSerialC1EPVhS1_S1_S1_S1_S1_
 .text._ZN14HardwareSerial16_rx_complete_irqEv
                0x00008260       0xac obj\Debug\arduino\HardwareSerial0.o
                0x00008260                _ZN14HardwareSerial16_rx_complete_irqEv
 .text._ZN9PrintableC2Ev
                0x0000830c       0x2a obj\Debug\arduino\IPAddress.o
                0x0000830c                _ZN9PrintableC1Ev
                0x0000830c                _ZN9PrintableC2Ev
 .text._ZNK6String6lengthEv
                0x00008336       0x24 obj\Debug\arduino\Print.o
                0x00008336                _ZNK6String6lengthEv
 .text._ZNK6String5c_strEv
                0x0000835a       0x24 obj\Debug\arduino\Print.o
                0x0000835a                _ZNK6String5c_strEv
 .text._ZN5Print5writeEPKc
                0x0000837e       0x62 obj\Debug\arduino\Print.o
                0x0000837e                _ZN5Print5writeEPKc
 .text._ZN5Print5writeEPKcj
                0x000083e0       0x4c obj\Debug\arduino\Print.o
                0x000083e0                _ZN5Print5writeEPKcj
 .text._ZN6StringpLEc
                0x0000842c       0x2a obj\Debug\arduino\Stream.o
                0x0000842c                _ZN6StringpLEc
 .text.itoa     0x00008456       0x3c obj\Debug\arduino\WString.o
 .text.ltoa     0x00008492       0x4e obj\Debug\arduino\WString.o
 .text.utoa     0x000084e0       0x3c obj\Debug\arduino\WString.o
 .text.ultoa    0x0000851c       0x4e obj\Debug\arduino\WString.o
 .text._ZN6String4initEv
                0x0000856a       0x3a obj\Debug\arduino\WString.o
                0x0000856a                _ZN6String4initEv
 .text._ZN14HardwareSerial5beginEm
                0x000085a4       0x44 obj\Debug\SmartHome.o
                0x000085a4                _ZN14HardwareSerial5beginEm
 .text.libgcc.mul
                0x000085e8       0x20 c:/atmel/studio/7.0/toolchain/avr8/avr8-gnu-toolchain/bin/../lib/gcc/avr/5.4.0/avr6\libgcc.a(_mulsi3.o)
                0x000085e8                __mulsi3
 .text.libgcc.div
                0x00008608        0x0 c:/atmel/studio/7.0/toolchain/avr8/avr8-gnu-toolchain/bin/../lib/gcc/avr/5.4.0/avr6\libgcc.a(_mulsi3.o)
 .text.libgcc   0x00008608        0x0 c:/atmel/studio/7.0/toolchain/avr8/avr8-gnu-toolchain/bin/../lib/gcc/avr/5.4.0/avr6\libgcc.a(_mulsi3.o)
 .text.libgcc.prologue
                0x00008608        0x0 c:/atmel/studio/7.0/toolchain/avr8/avr8-gnu-toolchain/bin/../lib/gcc/avr/5.4.0/avr6\libgcc.a(_mulsi3.o)
 .text.libgcc.builtins
                0x00008608        0x0 c:/atmel/studio/7.0/toolchain/avr8/avr8-gnu-toolchain/bin/../lib/gcc/avr/5.4.0/avr6\libgcc.a(_mulsi3.o)
 .text.libgcc.fmul
                0x00008608        0x0 c:/atmel/studio/7.0/toolchain/avr8/avr8-gnu-toolchain/bin/../lib/gcc/avr/5.4.0/avr6\libgcc.a(_mulsi3.o)
 .text.libgcc.fixed
                0x00008608        0x0 c:/atmel/studio/7.0/toolchain/avr8/avr8-gnu-toolchain/bin/../lib/gcc/avr/5.4.0/avr6\libgcc.a(_mulsi3.o)
 .text.libgcc.mul
                0x00008608        0x0 c:/atmel/studio/7.0/toolchain/avr8/avr8-gnu-toolchain/bin/../lib/gcc/avr/5.4.0/avr6\libgcc.a(_udivmodsi4.o)
 .text.libgcc.div
                0x00008608       0x44 c:/atmel/studio/7.0/toolchain/avr8/avr8-gnu-toolchain/bin/../lib/gcc/avr/5.4.0/avr6\libgcc.a(_udivmodsi4.o)
                0x00008608                __udivmodsi4
 .text.libgcc   0x0000864c        0x0 c:/atmel/studio/7.0/toolchain/avr8/avr8-gnu-toolchain/bin/../lib/gcc/avr/5.4.0/avr6\libgcc.a(_udivmodsi4.o)
 .text.libgcc.prologue
                0x0000864c        0x0 c:/atmel/studio/7.0/toolchain/avr8/avr8-gnu-toolchain/bin/../lib/gcc/avr/5.4.0/avr6\libgcc.a(_udivmodsi4.o)
 .text.libgcc.builtins
                0x0000864c        0x0 c:/atmel/studio/7.0/toolchain/avr8/avr8-gnu-toolchain/bin/../lib/gcc/avr/5.4.0/avr6\libgcc.a(_udivmodsi4.o)
 .text.libgcc.fmul
                0x0000864c        0x0 c:/atmel/studio/7.0/toolchain/avr8/avr8-gnu-toolchain/bin/../lib/gcc/avr/5.4.0/avr6\libgcc.a(_udivmodsi4.o)
 .text.libgcc.fixed
                0x0000864c        0x0 c:/atmel/studio/7.0/toolchain/avr8/avr8-gnu-toolchain/bin/../lib/gcc/avr/5.4.0/avr6\libgcc.a(_udivmodsi4.o)
 .text.libgcc.mul
                0x0000864c        0x0 c:/atmel/studio/7.0/toolchain/avr8/avr8-gnu-toolchain/bin/../lib/gcc/avr/5.4.0/avr6\libgcc.a(_divmodsi4.o)
 .text.libgcc.div
                0x0000864c       0x2e c:/atmel/studio/7.0/toolchain/avr8/avr8-gnu-toolchain/bin/../lib/gcc/avr/5.4.0/avr6\libgcc.a(_divmodsi4.o)
                0x0000864c                __divmodsi4
 .text.libgcc   0x0000867a        0x0 c:/atmel/studio/7.0/toolchain/avr8/avr8-gnu-toolchain/bin/../lib/gcc/avr/5.4.0/avr6\libgcc.a(_divmodsi4.o)
 .text.libgcc.prologue
                0x0000867a        0x0 c:/atmel/studio/7.0/toolchain/avr8/avr8-gnu-toolchain/bin/../lib/gcc/avr/5.4.0/avr6\libgcc.a(_divmodsi4.o)
 .text.libgcc.builtins
                0x0000867a        0x0 c:/atmel/studio/7.0/toolchain/avr8/avr8-gnu-toolchain/bin/../lib/gcc/avr/5.4.0/avr6\libgcc.a(_divmodsi4.o)
 .text.libgcc.fmul
                0x0000867a        0x0 c:/atmel/studio/7.0/toolchain/avr8/avr8-gnu-toolchain/bin/../lib/gcc/avr/5.4.0/avr6\libgcc.a(_divmodsi4.o)
 .text.libgcc.fixed
                0x0000867a        0x0 c:/atmel/studio/7.0/toolchain/avr8/avr8-gnu-toolchain/bin/../lib/gcc/avr/5.4.0/avr6\libgcc.a(_divmodsi4.o)
 .text.libgcc.mul
                0x0000867a        0x0 c:/atmel/studio/7.0/toolchain/avr8/avr8-gnu-toolchain/bin/../lib/gcc/avr/5.4.0/avr6\libgcc.a(_negsi2.o)
 .text.libgcc.div
                0x0000867a       0x10 c:/atmel/studio/7.0/toolchain/avr8/avr8-gnu-toolchain/bin/../lib/gcc/avr/5.4.0/avr6\libgcc.a(_negsi2.o)
                0x0000867a                __negsi2
 .text.libgcc   0x0000868a        0x0 c:/atmel/studio/7.0/toolchain/avr8/avr8-gnu-toolchain/bin/../lib/gcc/avr/5.4.0/avr6\libgcc.a(_negsi2.o)
 .text.libgcc.prologue
                0x0000868a        0x0 c:/atmel/studio/7.0/toolchain/avr8/avr8-gnu-toolchain/bin/../lib/gcc/avr/5.4.0/avr6\libgcc.a(_negsi2.o)
 .text.libgcc.builtins
                0x0000868a        0x0 c:/atmel/studio/7.0/toolchain/avr8/avr8-gnu-toolchain/bin/../lib/gcc/avr/5.4.0/avr6\libgcc.a(_negsi2.o)
 .text.libgcc.fmul
                0x0000868a        0x0 c:/atmel/studio/7.0/toolchain/avr8/avr8-gnu-toolchain/bin/../lib/gcc/avr/5.4.0/avr6\libgcc.a(_negsi2.o)
 .text.libgcc.fixed
                0x0000868a        0x0 c:/atmel/studio/7.0/toolchain/avr8/avr8-gnu-toolchain/bin/../lib/gcc/avr/5.4.0/avr6\libgcc.a(_negsi2.o)
 .text.libgcc.mul
                0x0000868a        0x0 c:/atmel/studio/7.0/toolchain/avr8/avr8-gnu-toolchain/bin/../lib/gcc/avr/5.4.0/avr6\libgcc.a(_exit.o)
 .text.libgcc.div
                0x0000868a        0x0 c:/atmel/studio/7.0/toolchain/avr8/avr8-gnu-toolchain/bin/../lib/gcc/avr/5.4.0/avr6\libgcc.a(_exit.o)
 .text.libgcc   0x0000868a        0x0 c:/atmel/studio/7.0/toolchain/avr8/avr8-gnu-toolchain/bin/../lib/gcc/avr/5.4.0/avr6\libgcc.a(_exit.o)
 .text.libgcc.prologue
                0x0000868a        0x0 c:/atmel/studio/7.0/toolchain/avr8/avr8-gnu-toolchain/bin/../lib/gcc/avr/5.4.0/avr6\libgcc.a(_exit.o)
 .text.libgcc.builtins
                0x0000868a        0x0 c:/atmel/studio/7.0/toolchain/avr8/avr8-gnu-toolchain/bin/../lib/gcc/avr/5.4.0/avr6\libgcc.a(_exit.o)
 .text.libgcc.fmul
                0x0000868a        0x0 c:/atmel/studio/7.0/toolchain/avr8/avr8-gnu-toolchain/bin/../lib/gcc/avr/5.4.0/avr6\libgcc.a(_exit.o)
 .text.libgcc.fixed
                0x0000868a        0x0 c:/atmel/studio/7.0/toolchain/avr8/avr8-gnu-toolchain/bin/../lib/gcc/avr/5.4.0/avr6\libgcc.a(_exit.o)
 .text.libgcc.mul
                0x0000868a        0x0 c:/atmel/studio/7.0/toolchain/avr8/avr8-gnu-toolchain/bin/../lib/gcc/avr/5.4.0/avr6\libgcc.a(_tablejump2.o)
 .text.libgcc.div
                0x0000868a        0x0 c:/atmel/studio/7.0/toolchain/avr8/avr8-gnu-toolchain/bin/../lib/gcc/avr/5.4.0/avr6\libgcc.a(_tablejump2.o)
 .text.libgcc   0x0000868a       0x10 c:/atmel/studio/7.0/toolchain/avr8/avr8-gnu-toolchain/bin/../lib/gcc/avr/5.4.0/avr6\libgcc.a(_tablejump2.o)
                0x0000868a                __tablejump2__
 .text.libgcc.prologue
                0x0000869a        0x0 c:/atmel/studio/7.0/toolchain/avr8/avr8-gnu-toolchain/bin/../lib/gcc/avr/5.4.0/avr6\libgcc.a(_tablejump2.o)
 .text.libgcc.builtins
                0x0000869a        0x0 c:/atmel/studio/7.0/toolchain/avr8/avr8-gnu-toolchain/bin/../lib/gcc/avr/5.4.0/avr6\libgcc.a(_tablejump2.o)
 .text.libgcc.fmul
                0x0000869a        0x0 c:/atmel/studio/7.0/toolchain/avr8/avr8-gnu-toolchain/bin/../lib/gcc/avr/5.4.0/avr6\libgcc.a(_tablejump2.o)
 .text.libgcc.fixed
                0x0000869a        0x0 c:/atmel/studio/7.0/toolchain/avr8/avr8-gnu-toolchain/bin/../lib/gcc/avr/5.4.0/avr6\libgcc.a(_tablejump2.o)
 .text.libgcc.mul
                0x0000869a        0x0 c:/atmel/studio/7.0/toolchain/avr8/avr8-gnu-toolchain/bin/../lib/gcc/avr/5.4.0/avr6\libgcc.a(_copy_data.o)
 .text.libgcc.div
                0x0000869a        0x0 c:/atmel/studio/7.0/toolchain/avr8/avr8-gnu-toolchain/bin/../lib/gcc/avr/5.4.0/avr6\libgcc.a(_copy_data.o)
 .text.libgcc   0x0000869a        0x0 c:/atmel/studio/7.0/toolchain/avr8/avr8-gnu-toolchain/bin/../lib/gcc/avr/5.4.0/avr6\libgcc.a(_copy_data.o)
 .text.libgcc.prologue
                0x0000869a        0x0 c:/atmel/studio/7.0/toolchain/avr8/avr8-gnu-toolchain/bin/../lib/gcc/avr/5.4.0/avr6\libgcc.a(_copy_data.o)
 .text.libgcc.builtins
                0x0000869a        0x0 c:/atmel/studio/7.0/toolchain/avr8/avr8-gnu-toolchain/bin/../lib/gcc/avr/5.4.0/avr6\libgcc.a(_copy_data.o)
 .text.libgcc.fmul
                0x0000869a        0x0 c:/atmel/studio/7.0/toolchain/avr8/avr8-gnu-toolchain/bin/../lib/gcc/avr/5.4.0/avr6\libgcc.a(_copy_data.o)
 .text.libgcc.fixed
                0x0000869a        0x0 c:/atmel/studio/7.0/toolchain/avr8/avr8-gnu-toolchain/bin/../lib/gcc/avr/5.4.0/avr6\libgcc.a(_copy_data.o)
 .text.libgcc.mul
                0x0000869a        0x0 c:/atmel/studio/7.0/toolchain/avr8/avr8-gnu-toolchain/bin/../lib/gcc/avr/5.4.0/avr6\libgcc.a(_clear_bss.o)
 .text.libgcc.div
                0x0000869a        0x0 c:/atmel/studio/7.0/toolchain/avr8/avr8-gnu-toolchain/bin/../lib/gcc/avr/5.4.0/avr6\libgcc.a(_clear_bss.o)
 .text.libgcc   0x0000869a        0x0 c:/atmel/studio/7.0/toolchain/avr8/avr8-gnu-toolchain/bin/../lib/gcc/avr/5.4.0/avr6\libgcc.a(_clear_bss.o)
 .text.libgcc.prologue
                0x0000869a        0x0 c:/atmel/studio/7.0/toolchain/avr8/avr8-gnu-toolchain/bin/../lib/gcc/avr/5.4.0/avr6\libgcc.a(_clear_bss.o)
 .text.libgcc.builtins
                0x0000869a        0x0 c:/atmel/studio/7.0/toolchain/avr8/avr8-gnu-toolchain/bin/../lib/gcc/avr/5.4.0/avr6\libgcc.a(_clear_bss.o)
 .text.libgcc.fmul
                0x0000869a        0x0 c:/atmel/studio/7.0/toolchain/avr8/avr8-gnu-toolchain/bin/../lib/gcc/avr/5.4.0/avr6\libgcc.a(_clear_bss.o)
 .text.libgcc.fixed
                0x0000869a        0x0 c:/atmel/studio/7.0/toolchain/avr8/avr8-gnu-toolchain/bin/../lib/gcc/avr/5.4.0/avr6\libgcc.a(_clear_bss.o)
 .text.libgcc.mul
                0x0000869a        0x0 c:/atmel/studio/7.0/toolchain/avr8/avr8-gnu-toolchain/bin/../lib/gcc/avr/5.4.0/avr6\libgcc.a(_ctors.o)
 .text.libgcc.div
                0x0000869a        0x0 c:/atmel/studio/7.0/toolchain/avr8/avr8-gnu-toolchain/bin/../lib/gcc/avr/5.4.0/avr6\libgcc.a(_ctors.o)
 .text.libgcc   0x0000869a        0x0 c:/atmel/studio/7.0/toolchain/avr8/avr8-gnu-toolchain/bin/../lib/gcc/avr/5.4.0/avr6\libgcc.a(_ctors.o)
 .text.libgcc.prologue
                0x0000869a        0x0 c:/atmel/studio/7.0/toolchain/avr8/avr8-gnu-toolchain/bin/../lib/gcc/avr/5.4.0/avr6\libgcc.a(_ctors.o)
 .text.libgcc.builtins
                0x0000869a        0x0 c:/atmel/studio/7.0/toolchain/avr8/avr8-gnu-toolchain/bin/../lib/gcc/avr/5.4.0/avr6\libgcc.a(_ctors.o)
 .text.libgcc.fmul
                0x0000869a        0x0 c:/atmel/studio/7.0/toolchain/avr8/avr8-gnu-toolchain/bin/../lib/gcc/avr/5.4.0/avr6\libgcc.a(_ctors.o)
 .text.libgcc.fixed
                0x0000869a        0x0 c:/atmel/studio/7.0/toolchain/avr8/avr8-gnu-toolchain/bin/../lib/gcc/avr/5.4.0/avr6\libgcc.a(_ctors.o)
 .text.libgcc.mul
                0x0000869a       0x16 c:/atmel/studio/7.0/toolchain/avr8/avr8-gnu-toolchain/bin/../lib/gcc/avr/5.4.0/avr6\libgcc.a(_muluhisi3.o)
                0x0000869a                __muluhisi3
 .text.libgcc.div
                0x000086b0        0x0 c:/atmel/studio/7.0/toolchain/avr8/avr8-gnu-toolchain/bin/../lib/gcc/avr/5.4.0/avr6\libgcc.a(_muluhisi3.o)
 .text.libgcc   0x000086b0        0x0 c:/atmel/studio/7.0/toolchain/avr8/avr8-gnu-toolchain/bin/../lib/gcc/avr/5.4.0/avr6\libgcc.a(_muluhisi3.o)
 .text.libgcc.prologue
                0x000086b0        0x0 c:/atmel/studio/7.0/toolchain/avr8/avr8-gnu-toolchain/bin/../lib/gcc/avr/5.4.0/avr6\libgcc.a(_muluhisi3.o)
 .text.libgcc.builtins
                0x000086b0        0x0 c:/atmel/studio/7.0/toolchain/avr8/avr8-gnu-toolchain/bin/../lib/gcc/avr/5.4.0/avr6\libgcc.a(_muluhisi3.o)
 .text.libgcc.fmul
                0x000086b0        0x0 c:/atmel/studio/7.0/toolchain/avr8/avr8-gnu-toolchain/bin/../lib/gcc/avr/5.4.0/avr6\libgcc.a(_muluhisi3.o)
 .text.libgcc.fixed
                0x000086b0        0x0 c:/atmel/studio/7.0/toolchain/avr8/avr8-gnu-toolchain/bin/../lib/gcc/avr/5.4.0/avr6\libgcc.a(_muluhisi3.o)
 .text.libgcc.mul
                0x000086b0       0x1e c:/atmel/studio/7.0/toolchain/avr8/avr8-gnu-toolchain/bin/../lib/gcc/avr/5.4.0/avr6\libgcc.a(_umulhisi3.o)
                0x000086b0                __umulhisi3
 .text.libgcc.div
                0x000086ce        0x0 c:/atmel/studio/7.0/toolchain/avr8/avr8-gnu-toolchain/bin/../lib/gcc/avr/5.4.0/avr6\libgcc.a(_umulhisi3.o)
 .text.libgcc   0x000086ce        0x0 c:/atmel/studio/7.0/toolchain/avr8/avr8-gnu-toolchain/bin/../lib/gcc/avr/5.4.0/avr6\libgcc.a(_umulhisi3.o)
 .text.libgcc.prologue
                0x000086ce        0x0 c:/atmel/studio/7.0/toolchain/avr8/avr8-gnu-toolchain/bin/../lib/gcc/avr/5.4.0/avr6\libgcc.a(_umulhisi3.o)
 .text.libgcc.builtins
                0x000086ce        0x0 c:/atmel/studio/7.0/toolchain/avr8/avr8-gnu-toolchain/bin/../lib/gcc/avr/5.4.0/avr6\libgcc.a(_umulhisi3.o)
 .text.libgcc.fmul
                0x000086ce        0x0 c:/atmel/studio/7.0/toolchain/avr8/avr8-gnu-toolchain/bin/../lib/gcc/avr/5.4.0/avr6\libgcc.a(_umulhisi3.o)
 .text.libgcc.fixed
                0x000086ce        0x0 c:/atmel/studio/7.0/toolchain/avr8/avr8-gnu-toolchain/bin/../lib/gcc/avr/5.4.0/avr6\libgcc.a(_umulhisi3.o)
 .text.avr-libc.fplib
                0x000086ce        0xe c:/atmel/studio/7.0/toolchain/avr8/avr8-gnu-toolchain/bin/../lib/gcc/avr/5.4.0/../../../../avr/lib/avr6\libm.a(addsf3.o)
                0x000086ce                __subsf3
                0x000086d0                __addsf3
 .text.avr-libc.fplib
                0x000086dc       0xcc c:/atmel/studio/7.0/toolchain/avr8/avr8-gnu-toolchain/bin/../lib/gcc/avr/5.4.0/../../../../avr/lib/avr6\libm.a(addsf3x.o)
                0x000086fe                __addsf3x
 .text.avr-libc.fplib
                0x000087a8        0xa c:/atmel/studio/7.0/toolchain/avr8/avr8-gnu-toolchain/bin/../lib/gcc/avr/5.4.0/../../../../avr/lib/avr6\libm.a(cmpsf2.o)
                0x000087a8                __nesf2
                0x000087a8                __eqsf2
                0x000087a8                __cmpsf2
                0x000087a8                __ltsf2
                0x000087a8                __lesf2
 .text.avr-libc.fplib
                0x000087b2        0x8 c:/atmel/studio/7.0/toolchain/avr8/avr8-gnu-toolchain/bin/../lib/gcc/avr/5.4.0/../../../../avr/lib/avr6\libm.a(divsf3.o)
                0x000087b2                __divsf3
 .text.avr-libc.fplib
                0x000087ba       0xdc c:/atmel/studio/7.0/toolchain/avr8/avr8-gnu-toolchain/bin/../lib/gcc/avr/5.4.0/../../../../avr/lib/avr6\libm.a(divsf3x.o)
                0x000087da                __divsf3x
                0x000087e0                __divsf3_pse
 .text.avr-libc.fplib
                0x00008896       0x5e c:/atmel/studio/7.0/toolchain/avr8/avr8-gnu-toolchain/bin/../lib/gcc/avr/5.4.0/../../../../avr/lib/avr6\libm.a(fixunssfsi.o)
                0x00008896                __fixunssfsi
 .text.avr-libc.fplib
                0x000088f4       0x7a c:/atmel/studio/7.0/toolchain/avr8/avr8-gnu-toolchain/bin/../lib/gcc/avr/5.4.0/../../../../avr/lib/avr6\libm.a(floatsisf.o)
                0x000088f4                __floatunsisf
                0x000088f8                __floatsisf
 .text.avr-libc.fplib
                0x0000896e       0x48 c:/atmel/studio/7.0/toolchain/avr8/avr8-gnu-toolchain/bin/../lib/gcc/avr/5.4.0/../../../../avr/lib/avr6\libm.a(fp_cmp.o)
                0x0000896e                __fp_cmp
 .text.avr-libc.fplib
                0x000089b6        0xc c:/atmel/studio/7.0/toolchain/avr8/avr8-gnu-toolchain/bin/../lib/gcc/avr/5.4.0/../../../../avr/lib/avr6\libm.a(fp_inf.o)
                0x000089b6                __fp_inf
 .text.avr-libc.fplib
                0x000089c2        0x6 c:/atmel/studio/7.0/toolchain/avr8/avr8-gnu-toolchain/bin/../lib/gcc/avr/5.4.0/../../../../avr/lib/avr6\libm.a(fp_nan.o)
                0x000089c2                __fp_nan
 .text.avr-libc.fplib
                0x000089c8        0xe c:/atmel/studio/7.0/toolchain/avr8/avr8-gnu-toolchain/bin/../lib/gcc/avr/5.4.0/../../../../avr/lib/avr6\libm.a(fp_pscA.o)
                0x000089c8                __fp_pscA
 .text.avr-libc.fplib
                0x000089d6        0xe c:/atmel/studio/7.0/toolchain/avr8/avr8-gnu-toolchain/bin/../lib/gcc/avr/5.4.0/../../../../avr/lib/avr6\libm.a(fp_pscB.o)
                0x000089d6                __fp_pscB
 .text.avr-libc.fplib
                0x000089e4       0x22 c:/atmel/studio/7.0/toolchain/avr8/avr8-gnu-toolchain/bin/../lib/gcc/avr/5.4.0/../../../../avr/lib/avr6\libm.a(fp_round.o)
                0x000089e4                __fp_round
 .text.avr-libc.fplib
                0x00008a06       0x44 c:/atmel/studio/7.0/toolchain/avr8/avr8-gnu-toolchain/bin/../lib/gcc/avr/5.4.0/../../../../avr/lib/avr6\libm.a(fp_split3.o)
                0x00008a06                __fp_split3
                0x00008a16                __fp_splitA
 .text.avr-libc.fplib
                0x00008a4a        0xe c:/atmel/studio/7.0/toolchain/avr8/avr8-gnu-toolchain/bin/../lib/gcc/avr/5.4.0/../../../../avr/lib/avr6\libm.a(fp_zero.o)
                0x00008a4a                __fp_zero
                0x00008a4c                __fp_szero
 .text.avr-libc.fplib
                0x00008a58        0xa c:/atmel/studio/7.0/toolchain/avr8/avr8-gnu-toolchain/bin/../lib/gcc/avr/5.4.0/../../../../avr/lib/avr6\libm.a(gesf2.o)
                0x00008a58                __gesf2
                0x00008a58                __gtsf2
 .text.avr-libc.fplib
                0x00008a62        0x8 c:/atmel/studio/7.0/toolchain/avr8/avr8-gnu-toolchain/bin/../lib/gcc/avr/5.4.0/../../../../avr/lib/avr6\libm.a(mulsf3.o)
                0x00008a62                __mulsf3
 .text.avr-libc.fplib
                0x00008a6a       0xd2 c:/atmel/studio/7.0/toolchain/avr8/avr8-gnu-toolchain/bin/../lib/gcc/avr/5.4.0/../../../../avr/lib/avr6\libm.a(mulsf3x.o)
                0x00008a88                __mulsf3x
                0x00008a8e                __mulsf3_pse
 .text.avr-libc.fplib
                0x00008b3c        0xa c:/atmel/studio/7.0/toolchain/avr8/avr8-gnu-toolchain/bin/../lib/gcc/avr/5.4.0/../../../../avr/lib/avr6\libm.a(unordsf2.o)
                0x00008b3c                __unordsf2
 .text.avr-libc
                0x00008b46       0x40 c:/atmel/studio/7.0/toolchain/avr8/avr8-gnu-toolchain/bin/../lib/gcc/avr/5.4.0/../../../../avr/lib/avr6\libc.a(dtostrf.o)
                0x00008b46                dtostrf
 .text.avr-libc
                0x00008b86      0x242 c:/atmel/studio/7.0/toolchain/avr8/avr8-gnu-toolchain/bin/../lib/gcc/avr/5.4.0/../../../../avr/lib/avr6\libc.a(malloc.o)
                0x00008b86                malloc
                0x00008cb6                free
 .text.avr-libc
                0x00008dc8      0x144 c:/atmel/studio/7.0/toolchain/avr8/avr8-gnu-toolchain/bin/../lib/gcc/avr/5.4.0/../../../../avr/lib/avr6\libc.a(random.o)
                0x00008dc8                random_r
                0x00008e5e                random
                0x00008efa                srandom
 .text.avr-libc
                0x00008f0c      0x1ca c:/atmel/studio/7.0/toolchain/avr8/avr8-gnu-toolchain/bin/../lib/gcc/avr/5.4.0/../../../../avr/lib/avr6\libc.a(realloc.o)
                0x00008f0c                realloc
 .text.avr-libc
                0x000090d6        0xa c:/atmel/studio/7.0/toolchain/avr8/avr8-gnu-toolchain/bin/../lib/gcc/avr/5.4.0/../../../../avr/lib/avr6\libc.a(abort.o)
                0x000090d6                abort
 .text.avr-libc
                0x000090e0        0x8 c:/atmel/studio/7.0/toolchain/avr8/avr8-gnu-toolchain/bin/../lib/gcc/avr/5.4.0/../../../../avr/lib/avr6\libc.a(atof.o)
                0x000090e0                atof
 .text.avr-libc
                0x000090e8       0x4e c:/atmel/studio/7.0/toolchain/avr8/avr8-gnu-toolchain/bin/../lib/gcc/avr/5.4.0/../../../../avr/lib/avr6\libc.a(atol.o)
                0x000090e8                atol
 .text.avr-libc
                0x00009136       0x12 c:/atmel/studio/7.0/toolchain/avr8/avr8-gnu-toolchain/bin/../lib/gcc/avr/5.4.0/../../../../avr/lib/avr6\libc.a(isspace.o)
                0x00009136                isspace
 .text.avr-libc
                0x00009148       0x10 c:/atmel/studio/7.0/toolchain/avr8/avr8-gnu-toolchain/bin/../lib/gcc/avr/5.4.0/../../../../avr/lib/avr6\libc.a(tolower.o)
                0x00009148                tolower
 .text.avr-libc
                0x00009158       0x10 c:/atmel/studio/7.0/toolchain/avr8/avr8-gnu-toolchain/bin/../lib/gcc/avr/5.4.0/../../../../avr/lib/avr6\libc.a(toupper.o)
                0x00009158                toupper
 .text.avr-libc
                0x00009168        0xe c:/atmel/studio/7.0/toolchain/avr8/avr8-gnu-toolchain/bin/../lib/gcc/avr/5.4.0/../../../../avr/lib/avr6\libc.a(strcpy_P.o)
                0x00009168                strcpy_P
 .text.avr-libc
                0x00009176       0x12 c:/atmel/studio/7.0/toolchain/avr8/avr8-gnu-toolchain/bin/../lib/gcc/avr/5.4.0/../../../../avr/lib/avr6\libc.a(strlen_P.o)
                0x00009176                __strlen_P
 .text.avr-libc
                0x00009188       0x1a c:/atmel/studio/7.0/toolchain/avr8/avr8-gnu-toolchain/bin/../lib/gcc/avr/5.4.0/../../../../avr/lib/avr6\libc.a(memcmp.o)
                0x00009188                memcmp
 .text.avr-libc
                0x000091a2       0x12 c:/atmel/studio/7.0/toolchain/avr8/avr8-gnu-toolchain/bin/../lib/gcc/avr/5.4.0/../../../../avr/lib/avr6\libc.a(memcpy.o)
                0x000091a2                memcpy
 .text.avr-libc
                0x000091b4       0x24 c:/atmel/studio/7.0/toolchain/avr8/avr8-gnu-toolchain/bin/../lib/gcc/avr/5.4.0/../../../../avr/lib/avr6\libc.a(memmove.o)
                0x000091b4                memmove
 .text.avr-libc
                0x000091d8       0x16 c:/atmel/studio/7.0/toolchain/avr8/avr8-gnu-toolchain/bin/../lib/gcc/avr/5.4.0/../../../../avr/lib/avr6\libc.a(strchr.o)
                0x000091d8                strchr
 .text.avr-libc
                0x000091ee       0x12 c:/atmel/studio/7.0/toolchain/avr8/avr8-gnu-toolchain/bin/../lib/gcc/avr/5.4.0/../../../../avr/lib/avr6\libc.a(strcmp.o)
                0x000091ee                strcmp
 .text.avr-libc
                0x00009200        0xe c:/atmel/studio/7.0/toolchain/avr8/avr8-gnu-toolchain/bin/../lib/gcc/avr/5.4.0/../../../../avr/lib/avr6\libc.a(strcpy.o)
                0x00009200                strcpy
 .text.avr-libc
                0x0000920e       0x12 c:/atmel/studio/7.0/toolchain/avr8/avr8-gnu-toolchain/bin/../lib/gcc/avr/5.4.0/../../../../avr/lib/avr6\libc.a(strlen.o)
                0x0000920e                strlen
 .text.avr-libc
                0x00009220       0x1c c:/atmel/studio/7.0/toolchain/avr8/avr8-gnu-toolchain/bin/../lib/gcc/avr/5.4.0/../../../../avr/lib/avr6\libc.a(strncmp.o)
                0x00009220                strncmp
 .text.avr-libc
                0x0000923c       0x1e c:/atmel/studio/7.0/toolchain/avr8/avr8-gnu-toolchain/bin/../lib/gcc/avr/5.4.0/../../../../avr/lib/avr6\libc.a(strncpy.o)
                0x0000923c                strncpy
 .text.avr-libc
                0x0000925a       0x16 c:/atmel/studio/7.0/toolchain/avr8/avr8-gnu-toolchain/bin/../lib/gcc/avr/5.4.0/../../../../avr/lib/avr6\libc.a(strrchr.o)
                0x0000925a                strrchr
 .text.avr-libc
                0x00009270       0x34 c:/atmel/studio/7.0/toolchain/avr8/avr8-gnu-toolchain/bin/../lib/gcc/avr/5.4.0/../../../../avr/lib/avr6\libc.a(strstr.o)
                0x00009270                strstr
 .text.avr-libc
                0x000092a4       0x16 c:/atmel/studio/7.0/toolchain/avr8/avr8-gnu-toolchain/bin/../lib/gcc/avr/5.4.0/../../../../avr/lib/avr6\libc.a(itoa.o)
                0x000092a4                __itoa
                0x000092a4                itoa
 .text.avr-libc
                0x000092ba       0x16 c:/atmel/studio/7.0/toolchain/avr8/avr8-gnu-toolchain/bin/../lib/gcc/avr/5.4.0/../../../../avr/lib/avr6\libc.a(itoa_ncheck.o)
                0x000092ba                __itoa_ncheck
 .text.avr-libc
                0x000092d0       0x16 c:/atmel/studio/7.0/toolchain/avr8/avr8-gnu-toolchain/bin/../lib/gcc/avr/5.4.0/../../../../avr/lib/avr6\libc.a(ltoa.o)
                0x000092d0                ltoa
                0x000092d0                __ltoa
 .text.avr-libc
                0x000092e6       0x1e c:/atmel/studio/7.0/toolchain/avr8/avr8-gnu-toolchain/bin/../lib/gcc/avr/5.4.0/../../../../avr/lib/avr6\libc.a(ltoa_ncheck.o)
                0x000092e6                __ltoa_ncheck
 .text.avr-libc
                0x00009304       0x2a c:/atmel/studio/7.0/toolchain/avr8/avr8-gnu-toolchain/bin/../lib/gcc/avr/5.4.0/../../../../avr/lib/avr6\libc.a(mulsi10.o)
                0x00009304                __mulsi_const_10
 .text.avr-libc
                0x0000932e       0x16 c:/atmel/studio/7.0/toolchain/avr8/avr8-gnu-toolchain/bin/../lib/gcc/avr/5.4.0/../../../../avr/lib/avr6\libc.a(ultoa.o)
                0x0000932e                ultoa
                0x0000932e                __ultoa
 .text.avr-libc
                0x00009344       0x44 c:/atmel/studio/7.0/toolchain/avr8/avr8-gnu-toolchain/bin/../lib/gcc/avr/5.4.0/../../../../avr/lib/avr6\libc.a(ultoa_ncheck.o)
                0x00009344                __ultoa_ncheck
                0x00009346                __ultoa_common
 .text.avr-libc
                0x00009388       0x16 c:/atmel/studio/7.0/toolchain/avr8/avr8-gnu-toolchain/bin/../lib/gcc/avr/5.4.0/../../../../avr/lib/avr6\libc.a(utoa.o)
                0x00009388                __utoa
                0x00009388                utoa
 .text.avr-libc
                0x0000939e       0x34 c:/atmel/studio/7.0/toolchain/avr8/avr8-gnu-toolchain/bin/../lib/gcc/avr/5.4.0/../../../../avr/lib/avr6\libc.a(utoa_ncheck.o)
                0x0000939e                __utoa_ncheck
                0x000093a0                __utoa_common
 .text.avr-libc
                0x000093d2       0x28 c:/atmel/studio/7.0/toolchain/avr8/avr8-gnu-toolchain/bin/../lib/gcc/avr/5.4.0/../../../../avr/lib/avr6\libc.a(printf.o)
                0x000093d2                printf
 .text.avr-libc
                0x000093fa      0x414 c:/atmel/studio/7.0/toolchain/avr8/avr8-gnu-toolchain/bin/../lib/gcc/avr/5.4.0/../../../../avr/lib/avr6\libc.a(vfprintf_std.o)
                0x000093fa                vfprintf
 .text.avr-libc
                0x0000980e      0x2ee c:/atmel/studio/7.0/toolchain/avr8/avr8-gnu-toolchain/bin/../lib/gcc/avr/5.4.0/../../../../avr/lib/avr6\libc.a(dtoa_prf.o)
                0x0000980e                dtoa_prf
 .text.avr-libc
                0x00009afc      0x2b8 c:/atmel/studio/7.0/toolchain/avr8/avr8-gnu-toolchain/bin/../lib/gcc/avr/5.4.0/../../../../avr/lib/avr6\libc.a(strtod.o)
                0x00009afc                strtod
 .text.avr-libc
                0x00009db4      0x1b0 c:/atmel/studio/7.0/toolchain/avr8/avr8-gnu-toolchain/bin/../lib/gcc/avr/5.4.0/../../../../avr/lib/avr6\libc.a(ftoa_engine.o)
                0x00009db4                __ftoa_engine
 .text.avr-libc
                0x00009f64        0x6 c:/atmel/studio/7.0/toolchain/avr8/avr8-gnu-toolchain/bin/../lib/gcc/avr/5.4.0/../../../../avr/lib/avr6\libc.a(cty_isfalse.o)
                0x00009f64                __ctype_isfalse
                0x00009f68                __ctype_istrue
 .text.avr-libc
                0x00009f6a       0x30 c:/atmel/studio/7.0/toolchain/avr8/avr8-gnu-toolchain/bin/../lib/gcc/avr/5.4.0/../../../../avr/lib/avr6\libc.a(strncasecmp_P.o)
                0x00009f6a                strncasecmp_P
 .text.avr-libc
                0x00009f9a       0x16 c:/atmel/studio/7.0/toolchain/avr8/avr8-gnu-toolchain/bin/../lib/gcc/avr/5.4.0/../../../../avr/lib/avr6\libc.a(strnlen_P.o)
                0x00009f9a                strnlen_P
 .text.avr-libc
                0x00009fb0       0x16 c:/atmel/studio/7.0/toolchain/avr8/avr8-gnu-toolchain/bin/../lib/gcc/avr/5.4.0/../../../../avr/lib/avr6\libc.a(strnlen.o)
                0x00009fb0                strnlen
 .text.avr-libc
                0x00009fc6       0x20 c:/atmel/studio/7.0/toolchain/avr8/avr8-gnu-toolchain/bin/../lib/gcc/avr/5.4.0/../../../../avr/lib/avr6\libc.a(strrev.o)
                0x00009fc6                strrev
 .text.avr-libc
                0x00009fe6       0x78 c:/atmel/studio/7.0/toolchain/avr8/avr8-gnu-toolchain/bin/../lib/gcc/avr/5.4.0/../../../../avr/lib/avr6\libc.a(fputc.o)
                0x00009fe6                fputc
 .text.avr-libc
                0x0000a05e       0xbc c:/atmel/studio/7.0/toolchain/avr8/avr8-gnu-toolchain/bin/../lib/gcc/avr/5.4.0/../../../../avr/lib/avr6\libc.a(ultoa_invert.o)
                0x0000a05e                __ultoa_invert
 .text.libgcc.mul
                0x0000a11a       0x10 c:/atmel/studio/7.0/toolchain/avr8/avr8-gnu-toolchain/bin/../lib/gcc/avr/5.4.0/avr6\libgcc.a(_mulshisi3.o)
                0x0000a11a                __mulshisi3
                0x0000a120                __mulohisi3
 .text.libgcc.div
                0x0000a12a        0x0 c:/atmel/studio/7.0/toolchain/avr8/avr8-gnu-toolchain/bin/../lib/gcc/avr/5.4.0/avr6\libgcc.a(_mulshisi3.o)
 .text.libgcc   0x0000a12a        0x0 c:/atmel/studio/7.0/toolchain/avr8/avr8-gnu-toolchain/bin/../lib/gcc/avr/5.4.0/avr6\libgcc.a(_mulshisi3.o)
 .text.libgcc.prologue
                0x0000a12a        0x0 c:/atmel/studio/7.0/toolchain/avr8/avr8-gnu-toolchain/bin/../lib/gcc/avr/5.4.0/avr6\libgcc.a(_mulshisi3.o)
 .text.libgcc.builtins
                0x0000a12a        0x0 c:/atmel/studio/7.0/toolchain/avr8/avr8-gnu-toolchain/bin/../lib/gcc/avr/5.4.0/avr6\libgcc.a(_mulshisi3.o)
 .text.libgcc.fmul
                0x0000a12a        0x0 c:/atmel/studio/7.0/toolchain/avr8/avr8-gnu-toolchain/bin/../lib/gcc/avr/5.4.0/avr6\libgcc.a(_mulshisi3.o)
 .text.libgcc.fixed
                0x0000a12a        0x0 c:/atmel/studio/7.0/toolchain/avr8/avr8-gnu-toolchain/bin/../lib/gcc/avr/5.4.0/avr6\libgcc.a(_mulshisi3.o)
                0x0000a12a                . = ALIGN (0x2)
 *(.fini9)
 .fini9         0x0000a12a        0x0 c:/atmel/studio/7.0/toolchain/avr8/avr8-gnu-toolchain/bin/../lib/gcc/avr/5.4.0/avr6\libgcc.a(_exit.o)
                0x0000a12a                _exit
                0x0000a12a                exit
 *(.fini9)
 *(.fini8)
 *(.fini8)
 *(.fini7)
 *(.fini7)
 *(.fini6)
 *(.fini6)
 *(.fini5)
 *(.fini5)
 *(.fini4)
 *(.fini4)
 *(.fini3)
 *(.fini3)
 *(.fini2)
 *(.fini2)
 *(.fini1)
 *(.fini1)
 *(.fini0)
 .fini0         0x0000a12a        0x4 c:/atmel/studio/7.0/toolchain/avr8/avr8-gnu-toolchain/bin/../lib/gcc/avr/5.4.0/avr6\libgcc.a(_exit.o)
 *(.fini0)
                0x0000a12e                _etext = .

.data           0x00800200      0x1a2 load address 0x0000a12e
                0x00800200                PROVIDE (__data_start, .)
 *(.data)
 .data          0x00800200        0x0 c:/atmel/studio/7.0/toolchain/avr8/avr8-gnu-toolchain/bin/../lib/gcc/avr/5.4.0/../../../../avr/lib/avr6/crtatmega2560.o
 .data          0x00800200        0x0 obj\Debug\arduino\abi.o
 .data          0x00800200        0x0 obj\Debug\arduino\CDC.o
 .data          0x00800200        0x0 obj\Debug\arduino\HardwareSerial.o
 .data          0x00800200        0x0 obj\Debug\arduino\HardwareSerial0.o
 .data          0x00800200        0x0 obj\Debug\arduino\HardwareSerial1.o
 .data          0x00800200        0x0 obj\Debug\arduino\HardwareSerial2.o
 .data          0x00800200        0x0 obj\Debug\arduino\HardwareSerial3.o
 .data          0x00800200        0x0 obj\Debug\arduino\hooks.o
 .data          0x00800200        0x0 obj\Debug\arduino\IPAddress.o
 .data          0x00800200        0x0 obj\Debug\arduino\main.o
 .data          0x00800200        0x0 obj\Debug\arduino\new.o
 .data          0x00800200        0x0 obj\Debug\arduino\PluggableUSB.o
 .data          0x00800200        0x0 obj\Debug\arduino\Print.o
 .data          0x00800200        0x0 obj\Debug\arduino\Stream.o
 .data          0x00800200        0x1 obj\Debug\arduino\Tone.o
 .data          0x00800201        0x0 obj\Debug\arduino\USBCore.o
 .data          0x00800201       0x10 obj\Debug\arduino\WInterrupts.o
 .data          0x00800211        0x0 obj\Debug\arduino\wiring.o
 .data          0x00800211        0x1 obj\Debug\arduino\wiring_analog.o
                0x00800211                analog_reference
 .data          0x00800212        0x0 obj\Debug\arduino\wiring_digital.o
 .data          0x00800212        0x0 obj\Debug\arduino\wiring_pulse.o
 .data          0x00800212        0x0 obj\Debug\arduino\wiring_shift.o
 .data          0x00800212        0x0 obj\Debug\arduino\WMath.o
 .data          0x00800212        0x0 obj\Debug\arduino\WString.o
 .data          0x00800212        0x0 obj\Debug\HWInputs.o
 .data          0x00800212        0x0 obj\Debug\HWOutputs.o
 .data          0x00800212        0x0 obj\Debug\Logic.o
 .data          0x00800212        0x0 obj\Debug\SmartHome.o
 .data          0x00800212        0x0 obj\Debug\SWInputs.o
 .data          0x00800212        0x0 obj\Debug\SWOutputs.o
 .data          0x00800212        0x0 c:/atmel/studio/7.0/toolchain/avr8/avr8-gnu-toolchain/bin/../lib/gcc/avr/5.4.0/avr6\libgcc.a(_mulsi3.o)
 .data          0x00800212        0x0 c:/atmel/studio/7.0/toolchain/avr8/avr8-gnu-toolchain/bin/../lib/gcc/avr/5.4.0/avr6\libgcc.a(_udivmodsi4.o)
 .data          0x00800212        0x0 c:/atmel/studio/7.0/toolchain/avr8/avr8-gnu-toolchain/bin/../lib/gcc/avr/5.4.0/avr6\libgcc.a(_divmodsi4.o)
 .data          0x00800212        0x0 c:/atmel/studio/7.0/toolchain/avr8/avr8-gnu-toolchain/bin/../lib/gcc/avr/5.4.0/avr6\libgcc.a(_negsi2.o)
 .data          0x00800212        0x0 c:/atmel/studio/7.0/toolchain/avr8/avr8-gnu-toolchain/bin/../lib/gcc/avr/5.4.0/avr6\libgcc.a(_exit.o)
 .data          0x00800212        0x0 c:/atmel/studio/7.0/toolchain/avr8/avr8-gnu-toolchain/bin/../lib/gcc/avr/5.4.0/avr6\libgcc.a(_tablejump2.o)
 .data          0x00800212        0x0 c:/atmel/studio/7.0/toolchain/avr8/avr8-gnu-toolchain/bin/../lib/gcc/avr/5.4.0/avr6\libgcc.a(_copy_data.o)
 .data          0x00800212        0x0 c:/atmel/studio/7.0/toolchain/avr8/avr8-gnu-toolchain/bin/../lib/gcc/avr/5.4.0/avr6\libgcc.a(_clear_bss.o)
 .data          0x00800212        0x0 c:/atmel/studio/7.0/toolchain/avr8/avr8-gnu-toolchain/bin/../lib/gcc/avr/5.4.0/avr6\libgcc.a(_ctors.o)
 .data          0x00800212        0x0 c:/atmel/studio/7.0/toolchain/avr8/avr8-gnu-toolchain/bin/../lib/gcc/avr/5.4.0/avr6\libgcc.a(_muluhisi3.o)
 .data          0x00800212        0x0 c:/atmel/studio/7.0/toolchain/avr8/avr8-gnu-toolchain/bin/../lib/gcc/avr/5.4.0/avr6\libgcc.a(_umulhisi3.o)
 .data          0x00800212        0x0 c:/atmel/studio/7.0/toolchain/avr8/avr8-gnu-toolchain/bin/../lib/gcc/avr/5.4.0/../../../../avr/lib/avr6\libm.a(addsf3.o)
 .data          0x00800212        0x0 c:/atmel/studio/7.0/toolchain/avr8/avr8-gnu-toolchain/bin/../lib/gcc/avr/5.4.0/../../../../avr/lib/avr6\libm.a(addsf3x.o)
 .data          0x00800212        0x0 c:/atmel/studio/7.0/toolchain/avr8/avr8-gnu-toolchain/bin/../lib/gcc/avr/5.4.0/../../../../avr/lib/avr6\libm.a(cmpsf2.o)
 .data          0x00800212        0x0 c:/atmel/studio/7.0/toolchain/avr8/avr8-gnu-toolchain/bin/../lib/gcc/avr/5.4.0/../../../../avr/lib/avr6\libm.a(divsf3.o)
 .data          0x00800212        0x0 c:/atmel/studio/7.0/toolchain/avr8/avr8-gnu-toolchain/bin/../lib/gcc/avr/5.4.0/../../../../avr/lib/avr6\libm.a(divsf3x.o)
 .data          0x00800212        0x0 c:/atmel/studio/7.0/toolchain/avr8/avr8-gnu-toolchain/bin/../lib/gcc/avr/5.4.0/../../../../avr/lib/avr6\libm.a(fixunssfsi.o)
 .data          0x00800212        0x0 c:/atmel/studio/7.0/toolchain/avr8/avr8-gnu-toolchain/bin/../lib/gcc/avr/5.4.0/../../../../avr/lib/avr6\libm.a(floatsisf.o)
 .data          0x00800212        0x0 c:/atmel/studio/7.0/toolchain/avr8/avr8-gnu-toolchain/bin/../lib/gcc/avr/5.4.0/../../../../avr/lib/avr6\libm.a(fp_cmp.o)
 .data          0x00800212        0x0 c:/atmel/studio/7.0/toolchain/avr8/avr8-gnu-toolchain/bin/../lib/gcc/avr/5.4.0/../../../../avr/lib/avr6\libm.a(fp_inf.o)
 .data          0x00800212        0x0 c:/atmel/studio/7.0/toolchain/avr8/avr8-gnu-toolchain/bin/../lib/gcc/avr/5.4.0/../../../../avr/lib/avr6\libm.a(fp_nan.o)
 .data          0x00800212        0x0 c:/atmel/studio/7.0/toolchain/avr8/avr8-gnu-toolchain/bin/../lib/gcc/avr/5.4.0/../../../../avr/lib/avr6\libm.a(fp_pscA.o)
 .data          0x00800212        0x0 c:/atmel/studio/7.0/toolchain/avr8/avr8-gnu-toolchain/bin/../lib/gcc/avr/5.4.0/../../../../avr/lib/avr6\libm.a(fp_pscB.o)
 .data          0x00800212        0x0 c:/atmel/studio/7.0/toolchain/avr8/avr8-gnu-toolchain/bin/../lib/gcc/avr/5.4.0/../../../../avr/lib/avr6\libm.a(fp_round.o)
 .data          0x00800212        0x0 c:/atmel/studio/7.0/toolchain/avr8/avr8-gnu-toolchain/bin/../lib/gcc/avr/5.4.0/../../../../avr/lib/avr6\libm.a(fp_split3.o)
 .data          0x00800212        0x0 c:/atmel/studio/7.0/toolchain/avr8/avr8-gnu-toolchain/bin/../lib/gcc/avr/5.4.0/../../../../avr/lib/avr6\libm.a(fp_zero.o)
 .data          0x00800212        0x0 c:/atmel/studio/7.0/toolchain/avr8/avr8-gnu-toolchain/bin/../lib/gcc/avr/5.4.0/../../../../avr/lib/avr6\libm.a(gesf2.o)
 .data          0x00800212        0x0 c:/atmel/studio/7.0/toolchain/avr8/avr8-gnu-toolchain/bin/../lib/gcc/avr/5.4.0/../../../../avr/lib/avr6\libm.a(mulsf3.o)
 .data          0x00800212        0x0 c:/atmel/studio/7.0/toolchain/avr8/avr8-gnu-toolchain/bin/../lib/gcc/avr/5.4.0/../../../../avr/lib/avr6\libm.a(mulsf3x.o)
 .data          0x00800212        0x0 c:/atmel/studio/7.0/toolchain/avr8/avr8-gnu-toolchain/bin/../lib/gcc/avr/5.4.0/../../../../avr/lib/avr6\libm.a(unordsf2.o)
 .data          0x00800212        0x0 c:/atmel/studio/7.0/toolchain/avr8/avr8-gnu-toolchain/bin/../lib/gcc/avr/5.4.0/../../../../avr/lib/avr6\libc.a(dtostrf.o)
 .data          0x00800212        0x6 c:/atmel/studio/7.0/toolchain/avr8/avr8-gnu-toolchain/bin/../lib/gcc/avr/5.4.0/../../../../avr/lib/avr6\libc.a(malloc.o)
                0x00800212                __malloc_heap_end
                0x00800214                __malloc_heap_start
                0x00800216                __malloc_margin
 .data          0x00800218        0x4 c:/atmel/studio/7.0/toolchain/avr8/avr8-gnu-toolchain/bin/../lib/gcc/avr/5.4.0/../../../../avr/lib/avr6\libc.a(random.o)
 .data          0x0080021c        0x0 c:/atmel/studio/7.0/toolchain/avr8/avr8-gnu-toolchain/bin/../lib/gcc/avr/5.4.0/../../../../avr/lib/avr6\libc.a(realloc.o)
 .data          0x0080021c        0x0 c:/atmel/studio/7.0/toolchain/avr8/avr8-gnu-toolchain/bin/../lib/gcc/avr/5.4.0/../../../../avr/lib/avr6\libc.a(abort.o)
 .data          0x0080021c        0x0 c:/atmel/studio/7.0/toolchain/avr8/avr8-gnu-toolchain/bin/../lib/gcc/avr/5.4.0/../../../../avr/lib/avr6\libc.a(atof.o)
 .data          0x0080021c        0x0 c:/atmel/studio/7.0/toolchain/avr8/avr8-gnu-toolchain/bin/../lib/gcc/avr/5.4.0/../../../../avr/lib/avr6\libc.a(atol.o)
 .data          0x0080021c        0x0 c:/atmel/studio/7.0/toolchain/avr8/avr8-gnu-toolchain/bin/../lib/gcc/avr/5.4.0/../../../../avr/lib/avr6\libc.a(isspace.o)
 .data          0x0080021c        0x0 c:/atmel/studio/7.0/toolchain/avr8/avr8-gnu-toolchain/bin/../lib/gcc/avr/5.4.0/../../../../avr/lib/avr6\libc.a(tolower.o)
 .data          0x0080021c        0x0 c:/atmel/studio/7.0/toolchain/avr8/avr8-gnu-toolchain/bin/../lib/gcc/avr/5.4.0/../../../../avr/lib/avr6\libc.a(toupper.o)
 .data          0x0080021c        0x0 c:/atmel/studio/7.0/toolchain/avr8/avr8-gnu-toolchain/bin/../lib/gcc/avr/5.4.0/../../../../avr/lib/avr6\libc.a(strcpy_P.o)
 .data          0x0080021c        0x0 c:/atmel/studio/7.0/toolchain/avr8/avr8-gnu-toolchain/bin/../lib/gcc/avr/5.4.0/../../../../avr/lib/avr6\libc.a(strlen_P.o)
 .data          0x0080021c        0x0 c:/atmel/studio/7.0/toolchain/avr8/avr8-gnu-toolchain/bin/../lib/gcc/avr/5.4.0/../../../../avr/lib/avr6\libc.a(memcmp.o)
 .data          0x0080021c        0x0 c:/atmel/studio/7.0/toolchain/avr8/avr8-gnu-toolchain/bin/../lib/gcc/avr/5.4.0/../../../../avr/lib/avr6\libc.a(memcpy.o)
 .data          0x0080021c        0x0 c:/atmel/studio/7.0/toolchain/avr8/avr8-gnu-toolchain/bin/../lib/gcc/avr/5.4.0/../../../../avr/lib/avr6\libc.a(memmove.o)
 .data          0x0080021c        0x0 c:/atmel/studio/7.0/toolchain/avr8/avr8-gnu-toolchain/bin/../lib/gcc/avr/5.4.0/../../../../avr/lib/avr6\libc.a(strchr.o)
 .data          0x0080021c        0x0 c:/atmel/studio/7.0/toolchain/avr8/avr8-gnu-toolchain/bin/../lib/gcc/avr/5.4.0/../../../../avr/lib/avr6\libc.a(strcmp.o)
 .data          0x0080021c        0x0 c:/atmel/studio/7.0/toolchain/avr8/avr8-gnu-toolchain/bin/../lib/gcc/avr/5.4.0/../../../../avr/lib/avr6\libc.a(strcpy.o)
 .data          0x0080021c        0x0 c:/atmel/studio/7.0/toolchain/avr8/avr8-gnu-toolchain/bin/../lib/gcc/avr/5.4.0/../../../../avr/lib/avr6\libc.a(strlen.o)
 .data          0x0080021c        0x0 c:/atmel/studio/7.0/toolchain/avr8/avr8-gnu-toolchain/bin/../lib/gcc/avr/5.4.0/../../../../avr/lib/avr6\libc.a(strncmp.o)
 .data          0x0080021c        0x0 c:/atmel/studio/7.0/toolchain/avr8/avr8-gnu-toolchain/bin/../lib/gcc/avr/5.4.0/../../../../avr/lib/avr6\libc.a(strncpy.o)
 .data          0x0080021c        0x0 c:/atmel/studio/7.0/toolchain/avr8/avr8-gnu-toolchain/bin/../lib/gcc/avr/5.4.0/../../../../avr/lib/avr6\libc.a(strrchr.o)
 .data          0x0080021c        0x0 c:/atmel/studio/7.0/toolchain/avr8/avr8-gnu-toolchain/bin/../lib/gcc/avr/5.4.0/../../../../avr/lib/avr6\libc.a(strstr.o)
 .data          0x0080021c        0x0 c:/atmel/studio/7.0/toolchain/avr8/avr8-gnu-toolchain/bin/../lib/gcc/avr/5.4.0/../../../../avr/lib/avr6\libc.a(itoa.o)
 .data          0x0080021c        0x0 c:/atmel/studio/7.0/toolchain/avr8/avr8-gnu-toolchain/bin/../lib/gcc/avr/5.4.0/../../../../avr/lib/avr6\libc.a(itoa_ncheck.o)
 .data          0x0080021c        0x0 c:/atmel/studio/7.0/toolchain/avr8/avr8-gnu-toolchain/bin/../lib/gcc/avr/5.4.0/../../../../avr/lib/avr6\libc.a(ltoa.o)
 .data          0x0080021c        0x0 c:/atmel/studio/7.0/toolchain/avr8/avr8-gnu-toolchain/bin/../lib/gcc/avr/5.4.0/../../../../avr/lib/avr6\libc.a(ltoa_ncheck.o)
 .data          0x0080021c        0x0 c:/atmel/studio/7.0/toolchain/avr8/avr8-gnu-toolchain/bin/../lib/gcc/avr/5.4.0/../../../../avr/lib/avr6\libc.a(mulsi10.o)
 .data          0x0080021c        0x0 c:/atmel/studio/7.0/toolchain/avr8/avr8-gnu-toolchain/bin/../lib/gcc/avr/5.4.0/../../../../avr/lib/avr6\libc.a(ultoa.o)
 .data          0x0080021c        0x0 c:/atmel/studio/7.0/toolchain/avr8/avr8-gnu-toolchain/bin/../lib/gcc/avr/5.4.0/../../../../avr/lib/avr6\libc.a(ultoa_ncheck.o)
 .data          0x0080021c        0x0 c:/atmel/studio/7.0/toolchain/avr8/avr8-gnu-toolchain/bin/../lib/gcc/avr/5.4.0/../../../../avr/lib/avr6\libc.a(utoa.o)
 .data          0x0080021c        0x0 c:/atmel/studio/7.0/toolchain/avr8/avr8-gnu-toolchain/bin/../lib/gcc/avr/5.4.0/../../../../avr/lib/avr6\libc.a(utoa_ncheck.o)
 .data          0x0080021c        0x0 c:/atmel/studio/7.0/toolchain/avr8/avr8-gnu-toolchain/bin/../lib/gcc/avr/5.4.0/../../../../avr/lib/avr6\libc.a(printf.o)
 .data          0x0080021c        0x0 c:/atmel/studio/7.0/toolchain/avr8/avr8-gnu-toolchain/bin/../lib/gcc/avr/5.4.0/../../../../avr/lib/avr6\libc.a(vfprintf_std.o)
 .data          0x0080021c        0x0 c:/atmel/studio/7.0/toolchain/avr8/avr8-gnu-toolchain/bin/../lib/gcc/avr/5.4.0/../../../../avr/lib/avr6\libc.a(dtoa_prf.o)
 .data          0x0080021c        0x0 c:/atmel/studio/7.0/toolchain/avr8/avr8-gnu-toolchain/bin/../lib/gcc/avr/5.4.0/../../../../avr/lib/avr6\libc.a(strtod.o)
 .data          0x0080021c        0x0 c:/atmel/studio/7.0/toolchain/avr8/avr8-gnu-toolchain/bin/../lib/gcc/avr/5.4.0/../../../../avr/lib/avr6\libc.a(ftoa_engine.o)
 .data          0x0080021c        0x0 c:/atmel/studio/7.0/toolchain/avr8/avr8-gnu-toolchain/bin/../lib/gcc/avr/5.4.0/../../../../avr/lib/avr6\libc.a(cty_isfalse.o)
 .data          0x0080021c        0x0 c:/atmel/studio/7.0/toolchain/avr8/avr8-gnu-toolchain/bin/../lib/gcc/avr/5.4.0/../../../../avr/lib/avr6\libc.a(strncasecmp_P.o)
 .data          0x0080021c        0x0 c:/atmel/studio/7.0/toolchain/avr8/avr8-gnu-toolchain/bin/../lib/gcc/avr/5.4.0/../../../../avr/lib/avr6\libc.a(strnlen_P.o)
 .data          0x0080021c        0x0 c:/atmel/studio/7.0/toolchain/avr8/avr8-gnu-toolchain/bin/../lib/gcc/avr/5.4.0/../../../../avr/lib/avr6\libc.a(strnlen.o)
 .data          0x0080021c        0x0 c:/atmel/studio/7.0/toolchain/avr8/avr8-gnu-toolchain/bin/../lib/gcc/avr/5.4.0/../../../../avr/lib/avr6\libc.a(strrev.o)
 .data          0x0080021c        0x0 c:/atmel/studio/7.0/toolchain/avr8/avr8-gnu-toolchain/bin/../lib/gcc/avr/5.4.0/../../../../avr/lib/avr6\libc.a(fputc.o)
 .data          0x0080021c        0x0 c:/atmel/studio/7.0/toolchain/avr8/avr8-gnu-toolchain/bin/../lib/gcc/avr/5.4.0/../../../../avr/lib/avr6\libc.a(iob.o)
 .data          0x0080021c        0x0 c:/atmel/studio/7.0/toolchain/avr8/avr8-gnu-toolchain/bin/../lib/gcc/avr/5.4.0/../../../../avr/lib/avr6\libc.a(ultoa_invert.o)
 .data          0x0080021c        0x0 c:/atmel/studio/7.0/toolchain/avr8/avr8-gnu-toolchain/bin/../lib/gcc/avr/5.4.0/../../../../avr/lib/avr6\libc.a(errno.o)
 .data          0x0080021c        0x0 c:/atmel/studio/7.0/toolchain/avr8/avr8-gnu-toolchain/bin/../lib/gcc/avr/5.4.0/avr6\libgcc.a(_mulshisi3.o)
 *(.data*)
 *(.gnu.linkonce.d*)
 *(.rodata)
 .rodata        0x0080021c        0xe obj\Debug\arduino\CDC.o
 .rodata        0x0080022a        0xe obj\Debug\arduino\HardwareSerial.o
 .rodata        0x00800238        0xe obj\Debug\arduino\HardwareSerial0.o
 .rodata        0x00800246        0xe obj\Debug\arduino\HardwareSerial1.o
 .rodata        0x00800254        0xe obj\Debug\arduino\HardwareSerial2.o
 .rodata        0x00800262        0xe obj\Debug\arduino\HardwareSerial3.o
 .rodata        0x00800270        0xe obj\Debug\arduino\IPAddress.o
 .rodata        0x0080027e        0xe obj\Debug\arduino\main.o
 .rodata        0x0080028c        0xe obj\Debug\arduino\PluggableUSB.o
 .rodata        0x0080029a       0x1d obj\Debug\arduino\Print.o
 .rodata        0x008002b7        0xf obj\Debug\arduino\Stream.o
 .rodata        0x008002c6        0xe obj\Debug\arduino\Tone.o
 .rodata        0x008002d4        0xe obj\Debug\arduino\USBCore.o
 .rodata        0x008002e2        0xe obj\Debug\arduino\WInterrupts.o
 .rodata        0x008002f0        0xe obj\Debug\arduino\wiring.o
 .rodata        0x008002fe        0xe obj\Debug\arduino\wiring_analog.o
 .rodata        0x0080030c        0xe obj\Debug\arduino\wiring_digital.o
 .rodata        0x0080031a        0xe obj\Debug\arduino\wiring_pulse.o
 .rodata        0x00800328        0xe obj\Debug\arduino\wiring_shift.o
 .rodata        0x00800336        0x1 obj\Debug\arduino\WString.o
 .rodata        0x00800337        0xe obj\Debug\HWOutputs.o
 .rodata        0x00800345        0xe obj\Debug\Logic.o
 .rodata        0x00800353        0xe obj\Debug\SmartHome.o
 .rodata        0x00800361        0x4 obj\Debug\SWOutputs.o
 *(.rodata*)
 .rodata._ZTV14HardwareSerial
                0x00800365       0x12 obj\Debug\arduino\HardwareSerial.o
                0x00800365                _ZTV14HardwareSerial
 .rodata._ZTV6Stream
                0x00800377       0x12 obj\Debug\arduino\HardwareSerial0.o
                0x00800377                _ZTV6Stream
 .rodata._ZTV9IPAddress
                0x00800389        0x6 obj\Debug\arduino\IPAddress.o
                0x00800389                _ZTV9IPAddress
 .rodata._ZTV9Printable
                0x0080038f        0x6 obj\Debug\arduino\IPAddress.o
                0x0080038f                _ZTV9Printable
 .rodata._ZTV5Print
                0x00800395        0xc obj\Debug\arduino\Print.o
                0x00800395                _ZTV5Print
 *(.gnu.linkonce.r*)
                0x008003a2                . = ALIGN (0x2)
 *fill*         0x008003a1        0x1 
                0x008003a2                _edata = .
                0x008003a2                PROVIDE (__data_end, .)

.bss            0x008003a2      0x2bb
                0x008003a2                PROVIDE (__bss_start, .)
 *(.bss)
 .bss           0x008003a2        0x0 c:/atmel/studio/7.0/toolchain/avr8/avr8-gnu-toolchain/bin/../lib/gcc/avr/5.4.0/../../../../avr/lib/avr6/crtatmega2560.o
 .bss           0x008003a2        0x0 obj\Debug\arduino\abi.o
 .bss           0x008003a2        0x0 obj\Debug\arduino\CDC.o
 .bss           0x008003a2        0x0 obj\Debug\arduino\HardwareSerial.o
 .bss           0x008003a2       0x9d obj\Debug\arduino\HardwareSerial0.o
                0x008003a2                Serial
 .bss           0x0080043f       0x9d obj\Debug\arduino\HardwareSerial1.o
                0x0080043f                Serial1
 .bss           0x008004dc       0x9d obj\Debug\arduino\HardwareSerial2.o
                0x008004dc                Serial2
 .bss           0x00800579       0x9d obj\Debug\arduino\HardwareSerial3.o
                0x00800579                Serial3
 .bss           0x00800616        0x0 obj\Debug\arduino\hooks.o
 .bss           0x00800616        0x6 obj\Debug\arduino\IPAddress.o
 .bss           0x0080061c        0x0 obj\Debug\arduino\main.o
 .bss           0x0080061c        0x0 obj\Debug\arduino\new.o
 .bss           0x0080061c        0x0 obj\Debug\arduino\PluggableUSB.o
 .bss           0x0080061c        0x0 obj\Debug\arduino\Print.o
 .bss           0x0080061c        0x0 obj\Debug\arduino\Stream.o
 .bss           0x0080061c       0x2a obj\Debug\arduino\Tone.o
                0x0080061c                timer0_toggle_count
                0x00800620                timer0_pin_port
                0x00800622                timer0_pin_mask
                0x00800623                timer1_toggle_count
                0x00800627                timer1_pin_port
                0x00800629                timer1_pin_mask
                0x0080062a                timer2_toggle_count
                0x0080062e                timer2_pin_port
                0x00800630                timer2_pin_mask
                0x00800631                timer3_toggle_count
                0x00800635                timer3_pin_port
                0x00800637                timer3_pin_mask
                0x00800638                timer4_toggle_count
                0x0080063c                timer4_pin_port
                0x0080063e                timer4_pin_mask
                0x0080063f                timer5_toggle_count
                0x00800643                timer5_pin_port
                0x00800645                timer5_pin_mask
 .bss           0x00800646        0x0 obj\Debug\arduino\USBCore.o
 .bss           0x00800646        0x0 obj\Debug\arduino\WInterrupts.o
 .bss           0x00800646        0x9 obj\Debug\arduino\wiring.o
                0x00800646                timer0_overflow_count
                0x0080064a                timer0_millis
 .bss           0x0080064f        0x0 obj\Debug\arduino\wiring_analog.o
 .bss           0x0080064f        0x0 obj\Debug\arduino\wiring_digital.o
 .bss           0x0080064f        0x0 obj\Debug\arduino\wiring_pulse.o
 .bss           0x0080064f        0x0 obj\Debug\arduino\wiring_shift.o
 .bss           0x0080064f        0x0 obj\Debug\arduino\WMath.o
 .bss           0x0080064f        0x1 obj\Debug\arduino\WString.o
 .bss           0x00800650        0x0 obj\Debug\HWInputs.o
 .bss           0x00800650        0x0 obj\Debug\HWOutputs.o
 .bss           0x00800650        0x1 obj\Debug\Logic.o
                0x00800650                input
 .bss           0x00800651        0x0 obj\Debug\SmartHome.o
 .bss           0x00800651        0x0 obj\Debug\SWInputs.o
 .bss           0x00800651        0x0 obj\Debug\SWOutputs.o
 .bss           0x00800651        0x0 c:/atmel/studio/7.0/toolchain/avr8/avr8-gnu-toolchain/bin/../lib/gcc/avr/5.4.0/avr6\libgcc.a(_mulsi3.o)
 .bss           0x00800651        0x0 c:/atmel/studio/7.0/toolchain/avr8/avr8-gnu-toolchain/bin/../lib/gcc/avr/5.4.0/avr6\libgcc.a(_udivmodsi4.o)
 .bss           0x00800651        0x0 c:/atmel/studio/7.0/toolchain/avr8/avr8-gnu-toolchain/bin/../lib/gcc/avr/5.4.0/avr6\libgcc.a(_divmodsi4.o)
 .bss           0x00800651        0x0 c:/atmel/studio/7.0/toolchain/avr8/avr8-gnu-toolchain/bin/../lib/gcc/avr/5.4.0/avr6\libgcc.a(_negsi2.o)
 .bss           0x00800651        0x0 c:/atmel/studio/7.0/toolchain/avr8/avr8-gnu-toolchain/bin/../lib/gcc/avr/5.4.0/avr6\libgcc.a(_exit.o)
 .bss           0x00800651        0x0 c:/atmel/studio/7.0/toolchain/avr8/avr8-gnu-toolchain/bin/../lib/gcc/avr/5.4.0/avr6\libgcc.a(_tablejump2.o)
 .bss           0x00800651        0x0 c:/atmel/studio/7.0/toolchain/avr8/avr8-gnu-toolchain/bin/../lib/gcc/avr/5.4.0/avr6\libgcc.a(_copy_data.o)
 .bss           0x00800651        0x0 c:/atmel/studio/7.0/toolchain/avr8/avr8-gnu-toolchain/bin/../lib/gcc/avr/5.4.0/avr6\libgcc.a(_clear_bss.o)
 .bss           0x00800651        0x0 c:/atmel/studio/7.0/toolchain/avr8/avr8-gnu-toolchain/bin/../lib/gcc/avr/5.4.0/avr6\libgcc.a(_ctors.o)
 .bss           0x00800651        0x0 c:/atmel/studio/7.0/toolchain/avr8/avr8-gnu-toolchain/bin/../lib/gcc/avr/5.4.0/avr6\libgcc.a(_muluhisi3.o)
 .bss           0x00800651        0x0 c:/atmel/studio/7.0/toolchain/avr8/avr8-gnu-toolchain/bin/../lib/gcc/avr/5.4.0/avr6\libgcc.a(_umulhisi3.o)
 .bss           0x00800651        0x0 c:/atmel/studio/7.0/toolchain/avr8/avr8-gnu-toolchain/bin/../lib/gcc/avr/5.4.0/../../../../avr/lib/avr6\libm.a(addsf3.o)
 .bss           0x00800651        0x0 c:/atmel/studio/7.0/toolchain/avr8/avr8-gnu-toolchain/bin/../lib/gcc/avr/5.4.0/../../../../avr/lib/avr6\libm.a(addsf3x.o)
 .bss           0x00800651        0x0 c:/atmel/studio/7.0/toolchain/avr8/avr8-gnu-toolchain/bin/../lib/gcc/avr/5.4.0/../../../../avr/lib/avr6\libm.a(cmpsf2.o)
 .bss           0x00800651        0x0 c:/atmel/studio/7.0/toolchain/avr8/avr8-gnu-toolchain/bin/../lib/gcc/avr/5.4.0/../../../../avr/lib/avr6\libm.a(divsf3.o)
 .bss           0x00800651        0x0 c:/atmel/studio/7.0/toolchain/avr8/avr8-gnu-toolchain/bin/../lib/gcc/avr/5.4.0/../../../../avr/lib/avr6\libm.a(divsf3x.o)